============================================================
Job ID:           55054
Nodo asignado:    n003
Workers asignados: 32
============================================================
=== Campana PARALELA | size=400 | hilos: 32 | params: (por defecto) ===
=== Instancias: 60 | corridas objetivo: 1200 | ya hechas: 0 | pendientes: 1200 ===
=== Maestro: /home/jose.osnayo/PFC_VRPTW/Experiments/results/master_gh400.csv (SOBRESCRIBE, se guarda corrida a corrida) ===
[1/1200] CLASSIC C1_4_1 run4 -> veh=40 dist=7152.06 cpu=28.7382s valid=1
[2/1200] CLASSIC C1_4_1 run10 -> veh=40 dist=7152.06 cpu=28.8175s valid=1
[3/1200] CLASSIC C1_4_1 run7 -> veh=40 dist=7152.06 cpu=28.8027s valid=1
[4/1200] CLASSIC C1_4_1 run5 -> veh=40 dist=7152.06 cpu=28.9367s valid=1
[5/1200] CLASSIC C1_4_1 run6 -> veh=40 dist=7152.06 cpu=28.9442s valid=1
[6/1200] CLASSIC C1_4_1 run2 -> veh=40 dist=7152.06 cpu=29.0308s valid=1
[7/1200] CLASSIC C1_4_1 run1 -> veh=40 dist=7152.06 cpu=29.0628s valid=1
[8/1200] CLASSIC C1_4_1 run9 -> veh=40 dist=7152.06 cpu=29.1286s valid=1
[9/1200] CLASSIC C1_4_1 run8 -> veh=40 dist=7152.06 cpu=29.116s valid=1
[10/1200] CLASSIC C1_4_1 run3 -> veh=40 dist=7152.06 cpu=29.2834s valid=1
[11/1200] QLEARNING C1_4_1 run1 -> veh=40 dist=7152.06 cpu=31.6909s valid=1
[12/1200] QLEARNING C1_4_1 run9 -> veh=40 dist=7152.06 cpu=31.8509s valid=1
[13/1200] QLEARNING C1_4_1 run7 -> veh=40 dist=7152.06 cpu=31.9555s valid=1
[14/1200] QLEARNING C1_4_1 run4 -> veh=40 dist=7152.06 cpu=32.2799s valid=1
[15/1200] QLEARNING C1_4_1 run6 -> veh=40 dist=7152.06 cpu=32.3349s valid=1
[16/1200] QLEARNING C1_4_1 run5 -> veh=40 dist=7152.06 cpu=32.3513s valid=1
[17/1200] QLEARNING C1_4_1 run2 -> veh=40 dist=7152.06 cpu=32.5019s valid=1
[18/1200] QLEARNING C1_4_1 run3 -> veh=40 dist=7152.06 cpu=32.5414s valid=1
[19/1200] QLEARNING C1_4_1 run10 -> veh=40 dist=7152.06 cpu=32.8549s valid=1
[20/1200] QLEARNING C1_4_1 run8 -> veh=40 dist=7152.06 cpu=32.8687s valid=1
[21/1200] CLASSIC C1_4_2 run7 -> veh=37 dist=7713.29 cpu=41.2808s valid=1
[22/1200] CLASSIC C1_4_2 run1 -> veh=37 dist=7615.97 cpu=41.7183s valid=1
[23/1200] CLASSIC C1_4_2 run5 -> veh=37 dist=7422.64 cpu=41.9657s valid=1
[24/1200] CLASSIC C1_4_2 run8 -> veh=37 dist=7643.92 cpu=42.0057s valid=1
[25/1200] CLASSIC C1_4_2 run3 -> veh=37 dist=7593.5 cpu=42.08s valid=1
[26/1200] CLASSIC C1_4_2 run6 -> veh=37 dist=7557.71 cpu=42.1512s valid=1
[27/1200] CLASSIC C1_4_2 run10 -> veh=37 dist=7676.2 cpu=42.2824s valid=1
[28/1200] CLASSIC C1_4_2 run4 -> veh=37 dist=7761.81 cpu=43.1499s valid=1
[29/1200] CLASSIC C1_4_2 run2 -> veh=38 dist=7418.33 cpu=43.2263s valid=1
[30/1200] CLASSIC C1_4_2 run9 -> veh=38 dist=7348.35 cpu=43.3427s valid=1
[31/1200] QLEARNING C1_4_2 run1 -> veh=37 dist=7505.1 cpu=50.887s valid=1
[32/1200] QLEARNING C1_4_2 run2 -> veh=37 dist=7457.3 cpu=50.8257s valid=1
[33/1200] CLASSIC C1_4_3 run2 -> veh=36 dist=7813.01 cpu=48.8587s valid=1
[34/1200] CLASSIC C1_4_3 run9 -> veh=36 dist=7701.97 cpu=46.3965s valid=1
[35/1200] CLASSIC C1_4_3 run1 -> veh=36 dist=7571.51 cpu=51.0509s valid=1
[36/1200] CLASSIC C1_4_3 run8 -> veh=36 dist=7621.04 cpu=48.1967s valid=1
[37/1200] CLASSIC C1_4_3 run5 -> veh=36 dist=7744.18 cpu=48.7816s valid=1
[38/1200] QLEARNING C1_4_2 run3 -> veh=37 dist=7513.01 cpu=52.2834s valid=1
[39/1200] CLASSIC C1_4_3 run6 -> veh=36 dist=7623.2 cpu=48.931s valid=1
[40/1200] CLASSIC C1_4_3 run3 -> veh=36 dist=7682.79 cpu=49.5585s valid=1
[41/1200] QLEARNING C1_4_2 run4 -> veh=37 dist=7992.89 cpu=52.5352s valid=1
[42/1200] QLEARNING C1_4_2 run6 -> veh=37 dist=7523.66 cpu=53.2138s valid=1
[43/1200] QLEARNING C1_4_2 run10 -> veh=37 dist=7548.79 cpu=53.0464s valid=1
[44/1200] QLEARNING C1_4_2 run9 -> veh=37 dist=7540.53 cpu=53.1612s valid=1
[45/1200] CLASSIC C1_4_3 run4 -> veh=36 dist=7952.71 cpu=50.4154s valid=1
[46/1200] QLEARNING C1_4_2 run5 -> veh=37 dist=7593.21 cpu=53.596s valid=1
[47/1200] QLEARNING C1_4_2 run8 -> veh=38 dist=7234.52 cpu=53.3716s valid=1
[48/1200] QLEARNING C1_4_2 run7 -> veh=37 dist=7577.25 cpu=53.6839s valid=1
[49/1200] CLASSIC C1_4_3 run10 -> veh=36 dist=7548.97 cpu=50.8505s valid=1
[50/1200] CLASSIC C1_4_3 run7 -> veh=36 dist=7552.97 cpu=52.2308s valid=1
[51/1200] QLEARNING C1_4_3 run1 -> veh=36 dist=7461.24 cpu=52.189s valid=1
[52/1200] QLEARNING C1_4_3 run8 -> veh=36 dist=7532.16 cpu=43.1844s valid=1
[53/1200] QLEARNING C1_4_3 run10 -> veh=36 dist=7449.78 cpu=43.8209s valid=1
[54/1200] QLEARNING C1_4_3 run2 -> veh=36 dist=7340.68 cpu=54.1978s valid=1
[55/1200] QLEARNING C1_4_3 run9 -> veh=36 dist=7484.42 cpu=45.8194s valid=1
[56/1200] QLEARNING C1_4_3 run3 -> veh=36 dist=7405.8 cpu=47.7387s valid=1
[57/1200] QLEARNING C1_4_3 run7 -> veh=36 dist=7430.69 cpu=46.9777s valid=1
[58/1200] QLEARNING C1_4_3 run4 -> veh=36 dist=7481.93 cpu=49.392s valid=1
[59/1200] QLEARNING C1_4_3 run5 -> veh=36 dist=7440.31 cpu=50.1732s valid=1
[60/1200] CLASSIC C1_4_4 run2 -> veh=36 dist=7643.25 cpu=53.0697s valid=1
[61/1200] QLEARNING C1_4_3 run6 -> veh=36 dist=7415.59 cpu=54.6044s valid=1
[62/1200] CLASSIC C1_4_4 run1 -> veh=36 dist=7624.63 cpu=56.5548s valid=1
[63/1200] CLASSIC C1_4_4 run3 -> veh=36 dist=7425.79 cpu=56.0359s valid=1
[64/1200] CLASSIC C1_4_4 run4 -> veh=36 dist=7425.82 cpu=56.9161s valid=1
[65/1200] CLASSIC C1_4_5 run1 -> veh=40 dist=7152.06 cpu=30.3646s valid=1
[66/1200] CLASSIC C1_4_5 run2 -> veh=40 dist=7152.06 cpu=29.9806s valid=1
[67/1200] CLASSIC C1_4_5 run3 -> veh=40 dist=7152.06 cpu=29.9368s valid=1
[68/1200] CLASSIC C1_4_5 run4 -> veh=40 dist=7152.06 cpu=30.3268s valid=1
[69/1200] CLASSIC C1_4_5 run5 -> veh=40 dist=7152.06 cpu=30.484s valid=1
[70/1200] CLASSIC C1_4_5 run6 -> veh=40 dist=7152.06 cpu=30.7377s valid=1
[71/1200] CLASSIC C1_4_5 run7 -> veh=40 dist=7152.06 cpu=30.2231s valid=1
[72/1200] CLASSIC C1_4_5 run9 -> veh=40 dist=7152.06 cpu=29.7705s valid=1
[73/1200] CLASSIC C1_4_5 run8 -> veh=40 dist=7152.06 cpu=30.2125s valid=1
[74/1200] CLASSIC C1_4_5 run10 -> veh=40 dist=7152.06 cpu=30.2486s valid=1
[75/1200] QLEARNING C1_4_5 run1 -> veh=40 dist=7152.06 cpu=34.4962s valid=1
[76/1200] QLEARNING C1_4_4 run4 -> veh=36 dist=7189.62 cpu=44.6721s valid=1
[77/1200] QLEARNING C1_4_4 run8 -> veh=36 dist=7153.01 cpu=44.9855s valid=1
[78/1200] QLEARNING C1_4_4 run7 -> veh=36 dist=7196.19 cpu=45.3136s valid=1
[79/1200] QLEARNING C1_4_4 run3 -> veh=36 dist=7230.21 cpu=46.39s valid=1
[80/1200] QLEARNING C1_4_4 run6 -> veh=36 dist=7211.74 cpu=45.642s valid=1
[81/1200] QLEARNING C1_4_5 run2 -> veh=40 dist=7152.06 cpu=34.1853s valid=1
[82/1200] QLEARNING C1_4_4 run1 -> veh=36 dist=7149.37 cpu=49.3779s valid=1
[83/1200] QLEARNING C1_4_5 run3 -> veh=40 dist=7152.06 cpu=34.4848s valid=1
[84/1200] CLASSIC C1_4_4 run5 -> veh=36 dist=7458.39 cpu=53.1612s valid=1
[85/1200] QLEARNING C1_4_4 run9 -> veh=36 dist=7177.79 cpu=49.0369s valid=1
[86/1200] CLASSIC C1_4_4 run7 -> veh=36 dist=7618.36 cpu=51.5107s valid=1
[87/1200] QLEARNING C1_4_4 run5 -> veh=36 dist=7142.57 cpu=50.6679s valid=1
[88/1200] CLASSIC C1_4_4 run9 -> veh=36 dist=7609.99 cpu=52.9275s valid=1
[89/1200] CLASSIC C1_4_4 run8 -> veh=36 dist=7721.66 cpu=53.1284s valid=1
[90/1200] QLEARNING C1_4_5 run4 -> veh=40 dist=7152.06 cpu=33.9617s valid=1
[91/1200] CLASSIC C1_4_4 run6 -> veh=36 dist=7459.85 cpu=54.9628s valid=1
[92/1200] QLEARNING C1_4_4 run10 -> veh=36 dist=7034.77 cpu=52.1953s valid=1
[93/1200] CLASSIC C1_4_4 run10 -> veh=36 dist=7661.84 cpu=55.3175s valid=1
[94/1200] QLEARNING C1_4_4 run2 -> veh=36 dist=7106.75 cpu=60.7339s valid=1
[95/1200] QLEARNING C1_4_5 run5 -> veh=40 dist=7152.06 cpu=35.1925s valid=1
[96/1200] QLEARNING C1_4_5 run6 -> veh=40 dist=7152.06 cpu=34.9119s valid=1
[97/1200] QLEARNING C1_4_5 run7 -> veh=40 dist=7152.06 cpu=35.2593s valid=1
[98/1200] QLEARNING C1_4_5 run8 -> veh=40 dist=7152.06 cpu=35.0461s valid=1
[99/1200] CLASSIC C1_4_6 run1 -> veh=40 dist=7153.45 cpu=32.1684s valid=1
[100/1200] CLASSIC C1_4_6 run2 -> veh=40 dist=7153.45 cpu=32.1469s valid=1
[101/1200] QLEARNING C1_4_5 run9 -> veh=40 dist=7152.06 cpu=35.2751s valid=1
[102/1200] CLASSIC C1_4_6 run3 -> veh=40 dist=7153.45 cpu=31.8986s valid=1
[103/1200] CLASSIC C1_4_6 run4 -> veh=40 dist=7153.45 cpu=31.8215s valid=1
[104/1200] CLASSIC C1_4_6 run5 -> veh=40 dist=7153.45 cpu=31.6891s valid=1
[105/1200] QLEARNING C1_4_5 run10 -> veh=40 dist=7152.06 cpu=35.6035s valid=1
[106/1200] CLASSIC C1_4_6 run6 -> veh=40 dist=7153.45 cpu=31.8779s valid=1
[107/1200] CLASSIC C1_4_6 run8 -> veh=40 dist=7153.45 cpu=31.2588s valid=1
[108/1200] CLASSIC C1_4_6 run7 -> veh=40 dist=7153.69 cpu=31.736s valid=1
[109/1200] CLASSIC C1_4_6 run9 -> veh=40 dist=7153.45 cpu=31.8602s valid=1
[110/1200] CLASSIC C1_4_6 run10 -> veh=40 dist=7153.45 cpu=32.234s valid=1
[111/1200] CLASSIC C1_4_7 run3 -> veh=40 dist=7374.07 cpu=29.1904s valid=1
[112/1200] CLASSIC C1_4_7 run1 -> veh=40 dist=7225.29 cpu=30.4301s valid=1
[113/1200] CLASSIC C1_4_7 run2 -> veh=40 dist=7149.55 cpu=30.3641s valid=1
[114/1200] QLEARNING C1_4_6 run1 -> veh=40 dist=7153.45 cpu=37.6653s valid=1
[115/1200] CLASSIC C1_4_7 run4 -> veh=40 dist=7165.51 cpu=30.7075s valid=1
[116/1200] QLEARNING C1_4_6 run2 -> veh=40 dist=7153.45 cpu=38.0258s valid=1
[117/1200] CLASSIC C1_4_7 run5 -> veh=40 dist=7339.21 cpu=29.6429s valid=1
[118/1200] QLEARNING C1_4_6 run3 -> veh=40 dist=7153.45 cpu=36.4693s valid=1
[119/1200] QLEARNING C1_4_6 run5 -> veh=40 dist=7153.45 cpu=36.0538s valid=1
[120/1200] QLEARNING C1_4_6 run4 -> veh=40 dist=7153.45 cpu=37.003s valid=1
[121/1200] QLEARNING C1_4_6 run7 -> veh=40 dist=7153.45 cpu=36.2657s valid=1
[122/1200] QLEARNING C1_4_6 run6 -> veh=40 dist=7153.45 cpu=36.9629s valid=1
[123/1200] QLEARNING C1_4_6 run8 -> veh=40 dist=7153.45 cpu=36.9914s valid=1
[124/1200] QLEARNING C1_4_6 run9 -> veh=40 dist=7153.45 cpu=37.4339s valid=1
[125/1200] QLEARNING C1_4_6 run10 -> veh=40 dist=7153.45 cpu=37.7203s valid=1
[126/1200] CLASSIC C1_4_7 run6 -> veh=40 dist=7166.37 cpu=31.0337s valid=1
[127/1200] CLASSIC C1_4_7 run7 -> veh=40 dist=7149.49 cpu=31.6506s valid=1
[128/1200] CLASSIC C1_4_7 run8 -> veh=40 dist=7149.55 cpu=31.6142s valid=1
[129/1200] CLASSIC C1_4_7 run10 -> veh=40 dist=7342.39 cpu=29.6155s valid=1
[130/1200] CLASSIC C1_4_7 run9 -> veh=40 dist=7163.63 cpu=30.6972s valid=1
[131/1200] QLEARNING C1_4_7 run1 -> veh=40 dist=7149.73 cpu=39.0635s valid=1
[132/1200] QLEARNING C1_4_7 run5 -> veh=40 dist=7149.73 cpu=38.1466s valid=1
[133/1200] QLEARNING C1_4_7 run2 -> veh=40 dist=7151.09 cpu=39.7715s valid=1
[134/1200] QLEARNING C1_4_7 run4 -> veh=40 dist=7149.49 cpu=39.9576s valid=1
[135/1200] QLEARNING C1_4_7 run3 -> veh=40 dist=7149.49 cpu=40.2452s valid=1
[136/1200] QLEARNING C1_4_7 run7 -> veh=40 dist=7149.49 cpu=39.6012s valid=1
[137/1200] QLEARNING C1_4_7 run6 -> veh=40 dist=7149.49 cpu=40.6733s valid=1
[138/1200] CLASSIC C1_4_8 run2 -> veh=39 dist=7314.23 cpu=31.7328s valid=1
[139/1200] CLASSIC C1_4_8 run1 -> veh=39 dist=7382.1 cpu=34.1402s valid=1
[140/1200] QLEARNING C1_4_7 run8 -> veh=40 dist=7149.73 cpu=40.7513s valid=1
[141/1200] CLASSIC C1_4_8 run3 -> veh=39 dist=7391.84 cpu=32.3411s valid=1
[142/1200] CLASSIC C1_4_8 run8 -> veh=39 dist=7538.11 cpu=30.2618s valid=1
[143/1200] CLASSIC C1_4_8 run7 -> veh=39 dist=7463.06 cpu=30.7241s valid=1
[144/1200] CLASSIC C1_4_8 run5 -> veh=39 dist=7240.38 cpu=33.2226s valid=1
[145/1200] CLASSIC C1_4_8 run4 -> veh=39 dist=7175.9 cpu=33.7748s valid=1
[146/1200] CLASSIC C1_4_8 run9 -> veh=39 dist=7376.02 cpu=32.0253s valid=1
[147/1200] QLEARNING C1_4_7 run9 -> veh=40 dist=7149.43 cpu=40.1664s valid=1
[148/1200] QLEARNING C1_4_7 run10 -> veh=40 dist=7149.79 cpu=40.2814s valid=1
[149/1200] CLASSIC C1_4_8 run6 -> veh=39 dist=7146.46 cpu=34.3895s valid=1
[150/1200] CLASSIC C1_4_8 run10 -> veh=39 dist=7284.14 cpu=32.7458s valid=1
[151/1200] CLASSIC C1_4_9 run2 -> veh=38 dist=8209.58 cpu=27.2918s valid=1
[152/1200] QLEARNING C1_4_8 run5 -> veh=39 dist=7157.5 cpu=39.3705s valid=1
[153/1200] CLASSIC C1_4_9 run5 -> veh=38 dist=8407.56 cpu=18.8239s valid=1
[154/1200] QLEARNING C1_4_8 run2 -> veh=38 dist=7330.16 cpu=42.322s valid=1
[155/1200] CLASSIC C1_4_9 run9 -> veh=37 dist=8123.21 cpu=18.3909s valid=1
[156/1200] QLEARNING C1_4_8 run1 -> veh=39 dist=7179.77 cpu=42.9159s valid=1
[157/1200] CLASSIC C1_4_9 run1 -> veh=37 dist=8082.37 cpu=30.9272s valid=1
[158/1200] QLEARNING C1_4_8 run3 -> veh=39 dist=7142.12 cpu=42.7748s valid=1
[159/1200] QLEARNING C1_4_8 run7 -> veh=39 dist=7230.12 cpu=40.1071s valid=1
[160/1200] QLEARNING C1_4_8 run4 -> veh=39 dist=7197.42 cpu=44.103s valid=1
[161/1200] QLEARNING C1_4_8 run6 -> veh=39 dist=7193.06 cpu=43.5747s valid=1
[162/1200] CLASSIC C1_4_9 run3 -> veh=37 dist=8015.45 cpu=28.0378s valid=1
[163/1200] QLEARNING C1_4_8 run8 -> veh=39 dist=7175.84 cpu=44.2524s valid=1
[164/1200] CLASSIC C1_4_9 run7 -> veh=37 dist=7474.81 cpu=26.9596s valid=1
[165/1200] QLEARNING C1_4_8 run9 -> veh=39 dist=7194.61 cpu=43.8083s valid=1
[166/1200] CLASSIC C1_4_9 run4 -> veh=37 dist=7607.87 cpu=29.0534s valid=1
[167/1200] QLEARNING C1_4_8 run10 -> veh=39 dist=7140.32 cpu=44.8333s valid=1
[168/1200] CLASSIC C1_4_9 run8 -> veh=38 dist=7619.36 cpu=30.7412s valid=1
[169/1200] CLASSIC C1_4_9 run10 -> veh=37 dist=7688.09 cpu=30.2172s valid=1
[170/1200] CLASSIC C1_4_9 run6 -> veh=37 dist=7656.36 cpu=32.1849s valid=1
[171/1200] CLASSIC C1_4_10 run5 -> veh=37 dist=8285.62 cpu=21.3146s valid=1
[172/1200] QLEARNING C1_4_9 run4 -> veh=37 dist=7365.97 cpu=34.5527s valid=1
[173/1200] QLEARNING C1_4_9 run1 -> veh=37 dist=7473.09 cpu=39.8258s valid=1
[174/1200] QLEARNING C1_4_9 run2 -> veh=37 dist=7251.85 cpu=40.1105s valid=1
[175/1200] QLEARNING C1_4_9 run3 -> veh=37 dist=7410.69 cpu=38.7796s valid=1
[176/1200] CLASSIC C1_4_10 run2 -> veh=37 dist=7378.95 cpu=34.9704s valid=1
[177/1200] QLEARNING C1_4_9 run5 -> veh=37 dist=7381.9 cpu=38.7701s valid=1
[178/1200] CLASSIC C1_4_10 run1 -> veh=37 dist=7345.3 cpu=37.748s valid=1
[179/1200] QLEARNING C1_4_9 run10 -> veh=37 dist=7530.89 cpu=39.7836s valid=1
[180/1200] QLEARNING C1_4_9 run7 -> veh=37 dist=7431.25 cpu=40.8174s valid=1
[181/1200] QLEARNING C1_4_9 run6 -> veh=37 dist=7378.94 cpu=41.705s valid=1
[182/1200] QLEARNING C1_4_9 run8 -> veh=37 dist=7730.87 cpu=41.291s valid=1
[183/1200] QLEARNING C1_4_9 run9 -> veh=37 dist=7426.78 cpu=42.7202s valid=1
[184/1200] CLASSIC C1_4_10 run3 -> veh=37 dist=7653.11 cpu=37.6591s valid=1
[185/1200] CLASSIC C1_4_10 run6 -> veh=37 dist=7574.18 cpu=35.0463s valid=1
[186/1200] CLASSIC C1_4_10 run8 -> veh=37 dist=7736.92 cpu=40.8156s valid=1
[187/1200] CLASSIC C1_4_10 run9 -> veh=37 dist=7323.84 cpu=42.9525s valid=1
[188/1200] CLASSIC C1_4_10 run7 -> veh=37 dist=7440.12 cpu=45.723s valid=1
[189/1200] CLASSIC C1_4_10 run4 -> veh=37 dist=7324.04 cpu=47.7502s valid=1
[190/1200] CLASSIC C1_4_10 run10 -> veh=37 dist=7478.32 cpu=45.5045s valid=1
[191/1200] QLEARNING C1_4_10 run8 -> veh=37 dist=7099.24 cpu=43.064s valid=1
[192/1200] CLASSIC C2_4_1 run2 -> veh=13 dist=4360.18 cpu=39.4969s valid=1
[193/1200] QLEARNING C1_4_10 run3 -> veh=37 dist=7133.52 cpu=48.9513s valid=1
[194/1200] QLEARNING C1_4_10 run2 -> veh=37 dist=7055.07 cpu=51.0357s valid=1
[195/1200] CLASSIC C2_4_1 run1 -> veh=12 dist=4124.66 cpu=41.6436s valid=1
[196/1200] QLEARNING C1_4_10 run1 -> veh=37 dist=7033.88 cpu=55.2035s valid=1
[197/1200] QLEARNING C1_4_10 run4 -> veh=37 dist=7044.28 cpu=52.8127s valid=1
[198/1200] QLEARNING C1_4_10 run5 -> veh=37 dist=7014.67 cpu=52.3061s valid=1
[199/1200] QLEARNING C1_4_10 run6 -> veh=37 dist=7104.96 cpu=52.749s valid=1
[200/1200] CLASSIC C2_4_1 run3 -> veh=12 dist=4122.26 cpu=40.4696s valid=1
[201/1200] QLEARNING C1_4_10 run7 -> veh=37 dist=7105.75 cpu=53.4535s valid=1
[202/1200] QLEARNING C1_4_10 run9 -> veh=37 dist=7081.66 cpu=51.6376s valid=1
[203/1200] CLASSIC C2_4_1 run4 -> veh=12 dist=4122.34 cpu=41.3612s valid=1
[204/1200] CLASSIC C2_4_1 run7 -> veh=13 dist=4301.59 cpu=39.3551s valid=1
[205/1200] QLEARNING C1_4_10 run10 -> veh=37 dist=7018.4 cpu=51.9844s valid=1
[206/1200] CLASSIC C2_4_1 run6 -> veh=13 dist=4281.37 cpu=39.8233s valid=1
[207/1200] CLASSIC C2_4_1 run9 -> veh=13 dist=4293.02 cpu=39.2817s valid=1
[208/1200] CLASSIC C2_4_1 run5 -> veh=12 dist=4128.62 cpu=41.1455s valid=1
[209/1200] CLASSIC C2_4_1 run8 -> veh=13 dist=4319.08 cpu=39.5689s valid=1
[210/1200] CLASSIC C2_4_1 run10 -> veh=12 dist=4119.06 cpu=41.3242s valid=1
[211/1200] QLEARNING C2_4_1 run3 -> veh=12 dist=4122.26 cpu=43.4835s valid=1
[212/1200] QLEARNING C2_4_1 run1 -> veh=12 dist=4119.53 cpu=44.1476s valid=1
[213/1200] QLEARNING C2_4_1 run2 -> veh=12 dist=4119.53 cpu=43.9574s valid=1
[214/1200] QLEARNING C2_4_1 run4 -> veh=12 dist=4116.33 cpu=43.816s valid=1
[215/1200] QLEARNING C2_4_1 run5 -> veh=12 dist=4116.33 cpu=43.3845s valid=1
[216/1200] QLEARNING C2_4_1 run6 -> veh=12 dist=4119.53 cpu=43.8889s valid=1
[217/1200] QLEARNING C2_4_1 run7 -> veh=12 dist=4119.53 cpu=44.4154s valid=1
[218/1200] QLEARNING C2_4_1 run8 -> veh=12 dist=4119.53 cpu=43.8469s valid=1
[219/1200] QLEARNING C2_4_1 run9 -> veh=12 dist=4122.15 cpu=44.1135s valid=1
[220/1200] QLEARNING C2_4_1 run10 -> veh=12 dist=4119.53 cpu=44.148s valid=1
[221/1200] CLASSIC C2_4_2 run1 -> veh=12 dist=4043.56 cpu=89.6881s valid=1
[222/1200] CLASSIC C2_4_2 run2 -> veh=12 dist=4046.84 cpu=90.3293s valid=1
[223/1200] CLASSIC C2_4_2 run3 -> veh=12 dist=4044.98 cpu=90.1225s valid=1
[224/1200] CLASSIC C2_4_2 run4 -> veh=12 dist=4020.17 cpu=89.928s valid=1
[225/1200] CLASSIC C2_4_2 run5 -> veh=12 dist=4043.17 cpu=89.8765s valid=1
[226/1200] CLASSIC C2_4_2 run6 -> veh=12 dist=4028.4 cpu=89.6568s valid=1
[227/1200] CLASSIC C2_4_2 run7 -> veh=12 dist=4062.63 cpu=90.5876s valid=1
[228/1200] CLASSIC C2_4_2 run8 -> veh=12 dist=4037.48 cpu=89.957s valid=1
[229/1200] CLASSIC C2_4_2 run9 -> veh=12 dist=3995.43 cpu=89.9283s valid=1
[230/1200] CLASSIC C2_4_2 run10 -> veh=12 dist=4068.98 cpu=91.5649s valid=1
[231/1200] QLEARNING C2_4_2 run2 -> veh=12 dist=3976.9 cpu=99.1821s valid=1
[232/1200] QLEARNING C2_4_2 run4 -> veh=12 dist=3983.74 cpu=98.7903s valid=1
[233/1200] QLEARNING C2_4_2 run1 -> veh=12 dist=3978.9 cpu=100.145s valid=1
[234/1200] QLEARNING C2_4_2 run5 -> veh=12 dist=3974.47 cpu=98.4636s valid=1
[235/1200] QLEARNING C2_4_2 run3 -> veh=12 dist=3961.43 cpu=99.702s valid=1
[236/1200] QLEARNING C2_4_2 run9 -> veh=12 dist=3975.5 cpu=98.9477s valid=1
[237/1200] QLEARNING C2_4_2 run6 -> veh=12 dist=3990.15 cpu=99.9057s valid=1
[238/1200] QLEARNING C2_4_2 run8 -> veh=12 dist=3969.8 cpu=99.5529s valid=1
[239/1200] QLEARNING C2_4_2 run7 -> veh=12 dist=3975.46 cpu=100.215s valid=1
[240/1200] QLEARNING C2_4_2 run10 -> veh=12 dist=3956.39 cpu=100.466s valid=1
[241/1200] CLASSIC C2_4_3 run1 -> veh=12 dist=3942.44 cpu=131.683s valid=1
[242/1200] CLASSIC C2_4_3 run2 -> veh=12 dist=3950.54 cpu=130.892s valid=1
[243/1200] CLASSIC C2_4_3 run7 -> veh=12 dist=3900.54 cpu=128.513s valid=1
[244/1200] CLASSIC C2_4_3 run3 -> veh=12 dist=3867.43 cpu=132.356s valid=1
[245/1200] CLASSIC C2_4_3 run4 -> veh=12 dist=3934.65 cpu=132.423s valid=1
[246/1200] CLASSIC C2_4_3 run5 -> veh=12 dist=3907.66 cpu=134.094s valid=1
[247/1200] CLASSIC C2_4_3 run6 -> veh=12 dist=3904.17 cpu=135.882s valid=1
[248/1200] CLASSIC C2_4_3 run9 -> veh=12 dist=3950.46 cpu=132.251s valid=1
[249/1200] CLASSIC C2_4_3 run8 -> veh=12 dist=3943.09 cpu=133.746s valid=1
[250/1200] CLASSIC C2_4_3 run10 -> veh=12 dist=3918.8 cpu=130.385s valid=1
[251/1200] QLEARNING C2_4_3 run2 -> veh=12 dist=3849.01 cpu=137.005s valid=1
[252/1200] QLEARNING C2_4_3 run1 -> veh=12 dist=3843.67 cpu=139.684s valid=1
[253/1200] CLASSIC C2_4_5 run1 -> veh=12 dist=4129.36 cpu=53.1149s valid=1
[254/1200] CLASSIC C2_4_5 run2 -> veh=13 dist=4253.61 cpu=53.4376s valid=1
[255/1200] QLEARNING C2_4_3 run4 -> veh=12 dist=3788.07 cpu=139.127s valid=1
[256/1200] QLEARNING C2_4_3 run3 -> veh=12 dist=3835.04 cpu=141.242s valid=1
[257/1200] CLASSIC C2_4_5 run3 -> veh=13 dist=4340.31 cpu=52.0847s valid=1
[258/1200] CLASSIC C2_4_5 run4 -> veh=13 dist=4296.43 cpu=53.2611s valid=1
[259/1200] QLEARNING C2_4_3 run5 -> veh=12 dist=3874.83 cpu=140.623s valid=1
[260/1200] QLEARNING C2_4_3 run6 -> veh=12 dist=3840.06 cpu=140s valid=1
[261/1200] QLEARNING C2_4_3 run7 -> veh=12 dist=3842.37 cpu=139.171s valid=1
[262/1200] QLEARNING C2_4_3 run9 -> veh=12 dist=3831.99 cpu=137.29s valid=1
[263/1200] QLEARNING C2_4_3 run8 -> veh=12 dist=3851.7 cpu=139.386s valid=1
[264/1200] QLEARNING C2_4_3 run10 -> veh=12 dist=3826.51 cpu=135.954s valid=1
[265/1200] CLASSIC C2_4_4 run2 -> veh=12 dist=3682.19 cpu=166.145s valid=1
[266/1200] CLASSIC C2_4_4 run1 -> veh=12 dist=3846.28 cpu=168.862s valid=1
[267/1200] CLASSIC C2_4_5 run5 -> veh=13 dist=4328.66 cpu=53.3259s valid=1
[268/1200] CLASSIC C2_4_5 run6 -> veh=13 dist=4316.45 cpu=53.011s valid=1
[269/1200] QLEARNING C2_4_4 run1 -> veh=12 dist=3700.26 cpu=159.649s valid=1
[270/1200] CLASSIC C2_4_4 run6 -> veh=12 dist=3734.34 cpu=166.813s valid=1
[271/1200] CLASSIC C2_4_5 run7 -> veh=13 dist=4372.54 cpu=52.1717s valid=1
[272/1200] QLEARNING C2_4_4 run2 -> veh=12 dist=3655.62 cpu=162.84s valid=1
[273/1200] CLASSIC C2_4_4 run5 -> veh=12 dist=3687.6 cpu=167.661s valid=1
[274/1200] CLASSIC C2_4_4 run3 -> veh=12 dist=3927.49 cpu=169.802s valid=1
[275/1200] CLASSIC C2_4_4 run7 -> veh=12 dist=3714.49 cpu=168.709s valid=1
[276/1200] CLASSIC C2_4_4 run9 -> veh=12 dist=3784.95 cpu=166.086s valid=1
[277/1200] CLASSIC C2_4_4 run8 -> veh=12 dist=3782.19 cpu=166.858s valid=1
[278/1200] CLASSIC C2_4_4 run10 -> veh=12 dist=3720.68 cpu=167.448s valid=1
[279/1200] CLASSIC C2_4_5 run8 -> veh=13 dist=4291.19 cpu=54.295s valid=1
[280/1200] CLASSIC C2_4_4 run4 -> veh=12 dist=3624.77 cpu=170.995s valid=1
[281/1200] CLASSIC C2_4_5 run9 -> veh=13 dist=4208.94 cpu=52.6429s valid=1
[282/1200] CLASSIC C2_4_5 run10 -> veh=13 dist=4339.72 cpu=53.3573s valid=1
[283/1200] QLEARNING C2_4_5 run4 -> veh=13 dist=4106.53 cpu=55.5957s valid=1
[284/1200] QLEARNING C2_4_5 run1 -> veh=13 dist=4127.64 cpu=56.6193s valid=1
[285/1200] QLEARNING C2_4_5 run3 -> veh=13 dist=4153.15 cpu=56.4844s valid=1
[286/1200] QLEARNING C2_4_5 run5 -> veh=13 dist=4140.89 cpu=56.0778s valid=1
[287/1200] QLEARNING C2_4_5 run2 -> veh=13 dist=4183.22 cpu=57.0219s valid=1
[288/1200] QLEARNING C2_4_5 run6 -> veh=13 dist=4144.22 cpu=56.6208s valid=1
[289/1200] QLEARNING C2_4_4 run4 -> veh=12 dist=3666.82 cpu=151.833s valid=1
[290/1200] QLEARNING C2_4_4 run5 -> veh=12 dist=3647.12 cpu=152.174s valid=1
[291/1200] QLEARNING C2_4_4 run3 -> veh=12 dist=3656.4 cpu=161.356s valid=1
[292/1200] QLEARNING C2_4_4 run7 -> veh=12 dist=3671.57 cpu=152.646s valid=1
[293/1200] QLEARNING C2_4_4 run6 -> veh=12 dist=3637.67 cpu=158.489s valid=1
[294/1200] QLEARNING C2_4_4 run8 -> veh=12 dist=3700.93 cpu=158.21s valid=1
[295/1200] QLEARNING C2_4_4 run10 -> veh=12 dist=3667.79 cpu=155.227s valid=1
[296/1200] QLEARNING C2_4_4 run9 -> veh=12 dist=3708.76 cpu=159.198s valid=1
[297/1200] QLEARNING C2_4_5 run7 -> veh=12 dist=4113.68 cpu=55.1956s valid=1
[298/1200] QLEARNING C2_4_5 run8 -> veh=12 dist=4097.12 cpu=55.5825s valid=1
[299/1200] QLEARNING C2_4_5 run9 -> veh=13 dist=4138.86 cpu=56.0932s valid=1
[300/1200] QLEARNING C2_4_5 run10 -> veh=12 dist=4085.72 cpu=54.9494s valid=1
[301/1200] CLASSIC C2_4_6 run1 -> veh=12 dist=3963.53 cpu=70.0225s valid=1
[302/1200] CLASSIC C2_4_6 run5 -> veh=12 dist=4046.06 cpu=71.6808s valid=1
[303/1200] QLEARNING C2_4_6 run1 -> veh=12 dist=4153.09 cpu=69.4322s valid=1
[304/1200] CLASSIC C2_4_6 run4 -> veh=12 dist=3992.67 cpu=73.338s valid=1
[305/1200] CLASSIC C2_4_6 run2 -> veh=12 dist=4113.32 cpu=73.8199s valid=1
[306/1200] CLASSIC C2_4_6 run8 -> veh=12 dist=3992.9 cpu=71.6885s valid=1
[307/1200] CLASSIC C2_4_6 run6 -> veh=12 dist=4115.74 cpu=72.2247s valid=1
[308/1200] QLEARNING C2_4_6 run3 -> veh=12 dist=4036.5 cpu=70.4034s valid=1
[309/1200] QLEARNING C2_4_6 run2 -> veh=12 dist=4042.43 cpu=70.4537s valid=1
[310/1200] CLASSIC C2_4_6 run7 -> veh=13 dist=4242.2 cpu=73.7245s valid=1
[311/1200] CLASSIC C2_4_6 run10 -> veh=12 dist=4009.82 cpu=72.3493s valid=1
[312/1200] CLASSIC C2_4_6 run3 -> veh=12 dist=4140.7 cpu=75.7835s valid=1
[313/1200] CLASSIC C2_4_6 run9 -> veh=13 dist=4244.54 cpu=74.5058s valid=1
[314/1200] QLEARNING C2_4_6 run4 -> veh=12 dist=3985.9 cpu=72.0812s valid=1
[315/1200] QLEARNING C2_4_6 run7 -> veh=12 dist=4067.13 cpu=67.9813s valid=1
[316/1200] QLEARNING C2_4_6 run5 -> veh=12 dist=4000.97 cpu=70.316s valid=1
[317/1200] QLEARNING C2_4_6 run9 -> veh=12 dist=4089.59 cpu=69.9992s valid=1
[318/1200] QLEARNING C2_4_6 run6 -> veh=12 dist=4049.13 cpu=71.2713s valid=1
[319/1200] QLEARNING C2_4_6 run10 -> veh=12 dist=3961.68 cpu=70.8051s valid=1
[320/1200] QLEARNING C2_4_6 run8 -> veh=12 dist=4011 cpu=73.7452s valid=1
[321/1200] CLASSIC C2_4_7 run1 -> veh=13 dist=4156.65 cpu=80.8929s valid=1
[322/1200] CLASSIC C2_4_7 run2 -> veh=12 dist=3954.49 cpu=80.9868s valid=1
[323/1200] CLASSIC C2_4_7 run4 -> veh=12 dist=4103.11 cpu=79.6548s valid=1
[324/1200] CLASSIC C2_4_7 run3 -> veh=13 dist=4163.76 cpu=82.7511s valid=1
[325/1200] CLASSIC C2_4_7 run5 -> veh=13 dist=4216.83 cpu=79.4573s valid=1
[326/1200] CLASSIC C2_4_7 run7 -> veh=12 dist=4255.98 cpu=76.6077s valid=1
[327/1200] CLASSIC C2_4_7 run6 -> veh=13 dist=4221.87 cpu=80.783s valid=1
[328/1200] CLASSIC C2_4_7 run9 -> veh=12 dist=4282.69 cpu=73.7016s valid=1
[329/1200] CLASSIC C2_4_7 run8 -> veh=12 dist=4107.3 cpu=80.7085s valid=1
[330/1200] QLEARNING C2_4_7 run1 -> veh=12 dist=4030.05 cpu=77.5375s valid=1
[331/1200] CLASSIC C2_4_7 run10 -> veh=12 dist=3988.94 cpu=79.2693s valid=1
[332/1200] QLEARNING C2_4_7 run2 -> veh=12 dist=4013.66 cpu=80.6333s valid=1
[333/1200] QLEARNING C2_4_7 run3 -> veh=12 dist=4060.31 cpu=76.3787s valid=1
[334/1200] QLEARNING C2_4_7 run4 -> veh=12 dist=4044.78 cpu=77.2306s valid=1
[335/1200] QLEARNING C2_4_7 run8 -> veh=12 dist=4121.46 cpu=76.7553s valid=1
[336/1200] QLEARNING C2_4_7 run9 -> veh=12 dist=4007.39 cpu=77.7089s valid=1
[337/1200] QLEARNING C2_4_7 run5 -> veh=12 dist=4098.23 cpu=79.2113s valid=1
[338/1200] QLEARNING C2_4_7 run7 -> veh=12 dist=4115.7 cpu=79.2542s valid=1
[339/1200] QLEARNING C2_4_7 run6 -> veh=12 dist=4137.53 cpu=79.5227s valid=1
[340/1200] QLEARNING C2_4_7 run10 -> veh=12 dist=3970.81 cpu=79.4656s valid=1
[341/1200] CLASSIC C2_4_8 run6 -> veh=12 dist=3947.35 cpu=76.0668s valid=1
[342/1200] CLASSIC C2_4_8 run4 -> veh=12 dist=4093.03 cpu=80.0024s valid=1
[343/1200] CLASSIC C2_4_8 run1 -> veh=12 dist=3892.28 cpu=82.6687s valid=1
[344/1200] CLASSIC C2_4_8 run3 -> veh=12 dist=3966.51 cpu=81.9531s valid=1
[345/1200] QLEARNING C2_4_8 run1 -> veh=12 dist=3921.11 cpu=77.7454s valid=1
[346/1200] CLASSIC C2_4_8 run5 -> veh=12 dist=4008.79 cpu=83.3489s valid=1
[347/1200] CLASSIC C2_4_8 run2 -> veh=12 dist=4033.8 cpu=85.4857s valid=1
[348/1200] QLEARNING C2_4_8 run2 -> veh=12 dist=3899.23 cpu=77.1518s valid=1
[349/1200] CLASSIC C2_4_8 run7 -> veh=12 dist=4049.87 cpu=83.4598s valid=1
[350/1200] CLASSIC C2_4_8 run8 -> veh=12 dist=3942.61 cpu=84.0524s valid=1
[351/1200] CLASSIC C2_4_8 run9 -> veh=12 dist=3930.87 cpu=84.8837s valid=1
[352/1200] CLASSIC C2_4_8 run10 -> veh=12 dist=3975.22 cpu=85.1578s valid=1
[353/1200] QLEARNING C2_4_8 run3 -> veh=12 dist=3892.73 cpu=76.3704s valid=1
[354/1200] QLEARNING C2_4_8 run4 -> veh=12 dist=4075.02 cpu=78.6165s valid=1
[355/1200] QLEARNING C2_4_8 run5 -> veh=12 dist=3932.76 cpu=80.6812s valid=1
[356/1200] QLEARNING C2_4_8 run6 -> veh=12 dist=3947.69 cpu=79.814s valid=1
[357/1200] QLEARNING C2_4_8 run7 -> veh=12 dist=3918.81 cpu=77.3939s valid=1
[358/1200] QLEARNING C2_4_8 run8 -> veh=12 dist=3946.04 cpu=79.2486s valid=1
[359/1200] QLEARNING C2_4_8 run10 -> veh=12 dist=3874.59 cpu=77.2229s valid=1
[360/1200] QLEARNING C2_4_8 run9 -> veh=12 dist=3878.35 cpu=79.6269s valid=1
[361/1200] CLASSIC C2_4_9 run1 -> veh=12 dist=4326.09 cpu=97.5939s valid=1
[362/1200] CLASSIC C2_4_9 run2 -> veh=12 dist=4055.03 cpu=96.2043s valid=1
[363/1200] CLASSIC C2_4_9 run4 -> veh=12 dist=4158.27 cpu=95.006s valid=1
[364/1200] CLASSIC C2_4_9 run3 -> veh=13 dist=4030.49 cpu=100.33s valid=1
[365/1200] QLEARNING C2_4_9 run2 -> veh=12 dist=4168.16 cpu=88.1754s valid=1
[366/1200] CLASSIC C2_4_9 run5 -> veh=13 dist=4005.69 cpu=101.257s valid=1
[367/1200] QLEARNING C2_4_9 run1 -> veh=12 dist=4207.65 cpu=92.6393s valid=1
[368/1200] CLASSIC C2_4_9 run6 -> veh=13 dist=4117.74 cpu=96.6468s valid=1
[369/1200] QLEARNING C2_4_9 run4 -> veh=12 dist=4054.69 cpu=91.8731s valid=1
[370/1200] QLEARNING C2_4_9 run5 -> veh=13 dist=3990.07 cpu=90.7422s valid=1
[371/1200] QLEARNING C2_4_9 run3 -> veh=12 dist=3996.78 cpu=94.4534s valid=1
[372/1200] QLEARNING C2_4_9 run7 -> veh=12 dist=4027.38 cpu=89.9784s valid=1
[373/1200] CLASSIC C2_4_9 run10 -> veh=13 dist=4003.28 cpu=97.5588s valid=1
[374/1200] CLASSIC C2_4_9 run8 -> veh=13 dist=4222.55 cpu=99.1973s valid=1
[375/1200] CLASSIC C2_4_9 run9 -> veh=13 dist=4141.31 cpu=99.1728s valid=1
[376/1200] CLASSIC C2_4_9 run7 -> veh=13 dist=3911.23 cpu=100.898s valid=1
[377/1200] QLEARNING C2_4_9 run6 -> veh=12 dist=4006.69 cpu=94.5567s valid=1
[378/1200] QLEARNING C2_4_9 run10 -> veh=12 dist=4095.71 cpu=91.4142s valid=1
[379/1200] QLEARNING C2_4_9 run9 -> veh=13 dist=3954.3 cpu=92.2601s valid=1
[380/1200] QLEARNING C2_4_9 run8 -> veh=12 dist=4003.35 cpu=95.403s valid=1
[381/1200] CLASSIC C2_4_10 run1 -> veh=12 dist=3938.68 cpu=103.439s valid=1
[382/1200] CLASSIC C2_4_10 run3 -> veh=12 dist=3916.34 cpu=103.569s valid=1
[383/1200] CLASSIC C2_4_10 run4 -> veh=12 dist=3918.6 cpu=102.754s valid=1
[384/1200] CLASSIC C2_4_10 run2 -> veh=12 dist=3925.94 cpu=106.606s valid=1
[385/1200] CLASSIC R1_4_1 run2 -> veh=40 dist=11217.5 cpu=23.9724s valid=1
[386/1200] CLASSIC R1_4_1 run1 -> veh=40 dist=11351.4 cpu=24.1384s valid=1
[387/1200] CLASSIC R1_4_1 run3 -> veh=40 dist=11294 cpu=24.1615s valid=1
[388/1200] CLASSIC R1_4_1 run4 -> veh=40 dist=11058.5 cpu=23.6741s valid=1
[389/1200] CLASSIC R1_4_1 run5 -> veh=40 dist=10854 cpu=23.7481s valid=1
[390/1200] CLASSIC R1_4_1 run7 -> veh=40 dist=11300.5 cpu=23.829s valid=1
[391/1200] CLASSIC R1_4_1 run8 -> veh=40 dist=11382 cpu=23.7637s valid=1
[392/1200] CLASSIC R1_4_1 run6 -> veh=40 dist=10691.5 cpu=24.4691s valid=1
[393/1200] CLASSIC R1_4_1 run9 -> veh=40 dist=11161.7 cpu=23.7995s valid=1
[394/1200] CLASSIC R1_4_1 run10 -> veh=40 dist=11205.1 cpu=23.895s valid=1
[395/1200] QLEARNING R1_4_1 run1 -> veh=40 dist=10957.3 cpu=28.962s valid=1
[396/1200] CLASSIC C2_4_10 run5 -> veh=12 dist=3770.45 cpu=101.861s valid=1
[397/1200] CLASSIC C2_4_10 run6 -> veh=12 dist=3743.33 cpu=96.6642s valid=1
[398/1200] QLEARNING R1_4_1 run2 -> veh=40 dist=11042.2 cpu=29.6122s valid=1
[399/1200] CLASSIC C2_4_10 run7 -> veh=12 dist=3820.08 cpu=99.8488s valid=1
[400/1200] CLASSIC C2_4_10 run8 -> veh=12 dist=4058.05 cpu=99.0447s valid=1
[401/1200] QLEARNING C2_4_10 run1 -> veh=12 dist=3827.95 cpu=95.5997s valid=1
[402/1200] QLEARNING C2_4_10 run2 -> veh=12 dist=3844.33 cpu=94.515s valid=1
[403/1200] CLASSIC C2_4_10 run9 -> veh=12 dist=3950.27 cpu=99.7049s valid=1
[404/1200] QLEARNING R1_4_1 run3 -> veh=40 dist=11003.4 cpu=29.1823s valid=1
[405/1200] CLASSIC C2_4_10 run10 -> veh=12 dist=3802.07 cpu=103.304s valid=1
[406/1200] QLEARNING R1_4_1 run4 -> veh=40 dist=11009.9 cpu=29.7427s valid=1
[407/1200] QLEARNING R1_4_1 run5 -> veh=40 dist=10983 cpu=29.8211s valid=1
[408/1200] QLEARNING R1_4_1 run6 -> veh=40 dist=10950.3 cpu=29.5164s valid=1
[409/1200] QLEARNING R1_4_1 run7 -> veh=40 dist=10995.5 cpu=29.3026s valid=1
[410/1200] QLEARNING R1_4_1 run8 -> veh=40 dist=10958.4 cpu=29.8175s valid=1
[411/1200] QLEARNING R1_4_1 run9 -> veh=40 dist=10900.6 cpu=30.1125s valid=1
[412/1200] QLEARNING R1_4_1 run10 -> veh=40 dist=11069.1 cpu=29.5525s valid=1
[413/1200] CLASSIC R1_4_2 run2 -> veh=36 dist=10780.9 cpu=35.1907s valid=1
[414/1200] QLEARNING C2_4_10 run3 -> veh=12 dist=3887.81 cpu=93.519s valid=1
[415/1200] CLASSIC R1_4_2 run3 -> veh=36 dist=10353.2 cpu=37.7725s valid=1
[416/1200] CLASSIC R1_4_2 run1 -> veh=36 dist=10499.2 cpu=39.0816s valid=1
[417/1200] CLASSIC R1_4_2 run5 -> veh=36 dist=10444.6 cpu=38.3467s valid=1
[418/1200] CLASSIC R1_4_2 run4 -> veh=36 dist=10723.1 cpu=39.5056s valid=1
[419/1200] QLEARNING C2_4_10 run4 -> veh=12 dist=3842.77 cpu=95.1298s valid=1
[420/1200] CLASSIC R1_4_2 run6 -> veh=36 dist=10524.4 cpu=39.5297s valid=1
[421/1200] QLEARNING C2_4_10 run5 -> veh=12 dist=3784.21 cpu=94.0803s valid=1
[422/1200] QLEARNING C2_4_10 run6 -> veh=12 dist=3863.41 cpu=92.8401s valid=1
[423/1200] CLASSIC R1_4_2 run7 -> veh=36 dist=10577.8 cpu=36.9857s valid=1
[424/1200] CLASSIC R1_4_2 run9 -> veh=36 dist=10471.7 cpu=37.4789s valid=1
[425/1200] CLASSIC R1_4_2 run8 -> veh=36 dist=10617.9 cpu=37.9804s valid=1
[426/1200] CLASSIC R1_4_2 run10 -> veh=36 dist=10213.8 cpu=38.3623s valid=1
[427/1200] QLEARNING R1_4_2 run2 -> veh=36 dist=10415.8 cpu=43.698s valid=1
[428/1200] QLEARNING C2_4_10 run7 -> veh=12 dist=3813.97 cpu=93.5563s valid=1
[429/1200] QLEARNING R1_4_2 run3 -> veh=36 dist=10122.6 cpu=44.6566s valid=1
[430/1200] QLEARNING R1_4_2 run5 -> veh=36 dist=10557.2 cpu=44.3019s valid=1
[431/1200] QLEARNING C2_4_10 run8 -> veh=12 dist=3837.93 cpu=93.1189s valid=1
[432/1200] QLEARNING R1_4_2 run1 -> veh=36 dist=10317.5 cpu=46.9428s valid=1
[433/1200] QLEARNING R1_4_2 run4 -> veh=36 dist=10311.6 cpu=45.2012s valid=1
[434/1200] QLEARNING R1_4_2 run6 -> veh=36 dist=10271 cpu=43.133s valid=1
[435/1200] QLEARNING C2_4_10 run9 -> veh=12 dist=3804.18 cpu=96.2301s valid=1
[436/1200] QLEARNING C2_4_10 run10 -> veh=12 dist=3832.44 cpu=95.8858s valid=1
[437/1200] QLEARNING R1_4_2 run7 -> veh=36 dist=10267.4 cpu=43.8145s valid=1
[438/1200] CLASSIC R1_4_3 run2 -> veh=36 dist=8783.16 cpu=42.8506s valid=1
[439/1200] QLEARNING R1_4_2 run9 -> veh=36 dist=10196.8 cpu=45.4678s valid=1
[440/1200] CLASSIC R1_4_3 run4 -> veh=36 dist=9063.86 cpu=41.9515s valid=1
[441/1200] QLEARNING R1_4_2 run8 -> veh=36 dist=10319.3 cpu=46.3725s valid=1
[442/1200] CLASSIC R1_4_3 run3 -> veh=36 dist=8980.38 cpu=43.1244s valid=1
[443/1200] CLASSIC R1_4_3 run1 -> veh=36 dist=8768.6 cpu=45.1785s valid=1
[444/1200] QLEARNING R1_4_2 run10 -> veh=36 dist=10397.5 cpu=47.212s valid=1
[445/1200] CLASSIC R1_4_3 run5 -> veh=36 dist=8945.57 cpu=43.2766s valid=1
[446/1200] CLASSIC R1_4_3 run6 -> veh=36 dist=8917.73 cpu=41.9361s valid=1
[447/1200] CLASSIC R1_4_3 run7 -> veh=36 dist=8760.66 cpu=42.7065s valid=1
[448/1200] CLASSIC R1_4_3 run8 -> veh=36 dist=8850.23 cpu=43.0323s valid=1
[449/1200] CLASSIC R1_4_3 run9 -> veh=36 dist=8943.35 cpu=42.6097s valid=1
[450/1200] CLASSIC R1_4_3 run10 -> veh=36 dist=8939.56 cpu=42.5709s valid=1
[451/1200] QLEARNING R1_4_3 run1 -> veh=36 dist=8626.69 cpu=42.5476s valid=1
[452/1200] QLEARNING R1_4_3 run7 -> veh=36 dist=8805.75 cpu=40.8142s valid=1
[453/1200] QLEARNING R1_4_3 run2 -> veh=36 dist=8643.47 cpu=47.491s valid=1
[454/1200] QLEARNING R1_4_3 run3 -> veh=36 dist=8801.08 cpu=47.0899s valid=1
[455/1200] QLEARNING R1_4_3 run5 -> veh=36 dist=8658.41 cpu=49.2529s valid=1
[456/1200] QLEARNING R1_4_3 run6 -> veh=36 dist=8762.42 cpu=47.8103s valid=1
[457/1200] QLEARNING R1_4_3 run8 -> veh=36 dist=8606.1 cpu=45.3067s valid=1
[458/1200] QLEARNING R1_4_3 run4 -> veh=36 dist=8748.21 cpu=56.5611s valid=1
[459/1200] CLASSIC R1_4_5 run1 -> veh=36 dist=11249.2 cpu=21.1747s valid=1
[460/1200] CLASSIC R1_4_5 run2 -> veh=37 dist=10172 cpu=24.0385s valid=1
[461/1200] CLASSIC R1_4_5 run3 -> veh=37 dist=10108.7 cpu=24.2782s valid=1
[462/1200] QLEARNING R1_4_3 run9 -> veh=36 dist=8675.89 cpu=48.2069s valid=1
[463/1200] QLEARNING R1_4_3 run10 -> veh=36 dist=8658.39 cpu=48.9338s valid=1
[464/1200] CLASSIC R1_4_5 run4 -> veh=36 dist=12443.1 cpu=23.6549s valid=1
[465/1200] CLASSIC R1_4_5 run7 -> veh=36 dist=10526.2 cpu=18.4354s valid=1
[466/1200] CLASSIC R1_4_5 run5 -> veh=37 dist=10037.9 cpu=23.4948s valid=1
[467/1200] CLASSIC R1_4_5 run6 -> veh=37 dist=9446.45 cpu=24.3303s valid=1
[468/1200] CLASSIC R1_4_5 run8 -> veh=36 dist=11638.5 cpu=21.7175s valid=1
[469/1200] CLASSIC R1_4_5 run9 -> veh=37 dist=9974.15 cpu=24.43s valid=1
[470/1200] CLASSIC R1_4_5 run10 -> veh=37 dist=10134.1 cpu=24.2084s valid=1
[471/1200] CLASSIC R1_4_4 run2 -> veh=36 dist=8127.46 cpu=66.9739s valid=1
[472/1200] CLASSIC R1_4_4 run4 -> veh=36 dist=8153.86 cpu=69.3376s valid=1
[473/1200] CLASSIC R1_4_4 run5 -> veh=36 dist=8027.67 cpu=69.3717s valid=1
[474/1200] CLASSIC R1_4_4 run1 -> veh=36 dist=8289.9 cpu=70.5656s valid=1
[475/1200] CLASSIC R1_4_4 run3 -> veh=36 dist=8354.78 cpu=70.1444s valid=1
[476/1200] QLEARNING R1_4_5 run1 -> veh=37 dist=9794.04 cpu=29.6487s valid=1
[477/1200] CLASSIC R1_4_4 run6 -> veh=36 dist=8459.94 cpu=70.2589s valid=1
[478/1200] CLASSIC R1_4_4 run8 -> veh=36 dist=8232.52 cpu=66.8315s valid=1
[479/1200] QLEARNING R1_4_4 run1 -> veh=36 dist=8019.26 cpu=63.8719s valid=1
[480/1200] QLEARNING R1_4_4 run3 -> veh=36 dist=8078.69 cpu=63.3422s valid=1
[481/1200] QLEARNING R1_4_4 run4 -> veh=36 dist=8048.14 cpu=64.3597s valid=1
[482/1200] QLEARNING R1_4_4 run8 -> veh=36 dist=8040.01 cpu=56.7924s valid=1
[483/1200] CLASSIC R1_4_4 run9 -> veh=36 dist=8063.16 cpu=68.8887s valid=1
[484/1200] QLEARNING R1_4_5 run2 -> veh=37 dist=9689.2 cpu=30.0177s valid=1
[485/1200] CLASSIC R1_4_4 run7 -> veh=36 dist=8290.49 cpu=70.0184s valid=1
[486/1200] QLEARNING R1_4_4 run9 -> veh=36 dist=8021.98 cpu=56.6269s valid=1
[487/1200] QLEARNING R1_4_5 run3 -> veh=37 dist=9790.51 cpu=29.9895s valid=1
[488/1200] QLEARNING R1_4_5 run4 -> veh=37 dist=9617.09 cpu=29.701s valid=1
[489/1200] QLEARNING R1_4_4 run2 -> veh=36 dist=8049.21 cpu=68.0414s valid=1
[490/1200] QLEARNING R1_4_5 run5 -> veh=36 dist=10795.9 cpu=29.7311s valid=1
[491/1200] QLEARNING R1_4_5 run6 -> veh=37 dist=9843.16 cpu=29.3127s valid=1
[492/1200] QLEARNING R1_4_5 run7 -> veh=36 dist=10875.1 cpu=28.8864s valid=1
[493/1200] CLASSIC R1_4_4 run10 -> veh=36 dist=8395.87 cpu=71.7798s valid=1
[494/1200] QLEARNING R1_4_4 run6 -> veh=36 dist=8100.09 cpu=67.9489s valid=1
[495/1200] QLEARNING R1_4_4 run5 -> veh=36 dist=8060.73 cpu=70.9661s valid=1
[496/1200] QLEARNING R1_4_5 run8 -> veh=37 dist=9773.35 cpu=29.8313s valid=1
[497/1200] QLEARNING R1_4_5 run9 -> veh=37 dist=9760.78 cpu=29.7412s valid=1
[498/1200] QLEARNING R1_4_5 run10 -> veh=37 dist=9721.89 cpu=29.6662s valid=1
[499/1200] QLEARNING R1_4_4 run7 -> veh=36 dist=8015.28 cpu=70.454s valid=1
[500/1200] CLASSIC R1_4_6 run1 -> veh=36 dist=9660.53 cpu=30.5898s valid=1
[501/1200] QLEARNING R1_4_4 run10 -> veh=36 dist=7948.46 cpu=68.4481s valid=1
[502/1200] CLASSIC R1_4_6 run3 -> veh=36 dist=9635.87 cpu=26.4086s valid=1
[503/1200] CLASSIC R1_4_6 run2 -> veh=36 dist=9990 cpu=31.6685s valid=1
[504/1200] CLASSIC R1_4_6 run6 -> veh=36 dist=9734.64 cpu=25.9484s valid=1
[505/1200] CLASSIC R1_4_6 run5 -> veh=36 dist=9659.13 cpu=28.7445s valid=1
[506/1200] CLASSIC R1_4_6 run7 -> veh=36 dist=9716.6 cpu=29.0158s valid=1
[507/1200] CLASSIC R1_4_6 run4 -> veh=36 dist=9700.27 cpu=29.5364s valid=1
[508/1200] CLASSIC R1_4_6 run8 -> veh=36 dist=9742.96 cpu=28.721s valid=1
[509/1200] CLASSIC R1_4_6 run9 -> veh=36 dist=9853.03 cpu=31.2624s valid=1
[510/1200] CLASSIC R1_4_6 run10 -> veh=36 dist=9828.97 cpu=32.3625s valid=1
[511/1200] QLEARNING R1_4_6 run1 -> veh=36 dist=9366 cpu=33.0657s valid=1
[512/1200] QLEARNING R1_4_6 run2 -> veh=36 dist=9411.58 cpu=33.6305s valid=1
[513/1200] QLEARNING R1_4_6 run5 -> veh=36 dist=9463.37 cpu=31.5601s valid=1
[514/1200] QLEARNING R1_4_6 run4 -> veh=36 dist=9514.69 cpu=33.2509s valid=1
[515/1200] QLEARNING R1_4_6 run8 -> veh=36 dist=9374.51 cpu=36.3385s valid=1
[516/1200] QLEARNING R1_4_6 run3 -> veh=36 dist=9511.31 cpu=38.9227s valid=1
[517/1200] QLEARNING R1_4_6 run6 -> veh=36 dist=9198.37 cpu=38.551s valid=1
[518/1200] QLEARNING R1_4_6 run9 -> veh=36 dist=9445.43 cpu=38.6416s valid=1
[519/1200] QLEARNING R1_4_6 run7 -> veh=36 dist=9360.36 cpu=39.9232s valid=1
[520/1200] QLEARNING R1_4_6 run10 -> veh=36 dist=9462.92 cpu=43.7645s valid=1
[521/1200] CLASSIC R1_4_7 run1 -> veh=36 dist=8382.68 cpu=44.71s valid=1
[522/1200] CLASSIC R1_4_7 run5 -> veh=36 dist=8469.92 cpu=44.6901s valid=1
[523/1200] CLASSIC R1_4_7 run3 -> veh=36 dist=8613.11 cpu=46.4467s valid=1
[524/1200] CLASSIC R1_4_7 run2 -> veh=36 dist=8281 cpu=47.7452s valid=1
[525/1200] CLASSIC R1_4_7 run7 -> veh=36 dist=8218.11 cpu=44.7751s valid=1
[526/1200] CLASSIC R1_4_7 run4 -> veh=36 dist=8536.48 cpu=46.137s valid=1
[527/1200] CLASSIC R1_4_7 run6 -> veh=36 dist=8880.36 cpu=47.8776s valid=1
[528/1200] CLASSIC R1_4_7 run8 -> veh=36 dist=8729.75 cpu=47.5733s valid=1
[529/1200] CLASSIC R1_4_7 run9 -> veh=36 dist=8606.78 cpu=46.5848s valid=1
[530/1200] QLEARNING R1_4_7 run1 -> veh=36 dist=8346.1 cpu=43.4491s valid=1
[531/1200] CLASSIC R1_4_7 run10 -> veh=36 dist=8810.31 cpu=47.6322s valid=1
[532/1200] QLEARNING R1_4_7 run3 -> veh=36 dist=8396.89 cpu=47.376s valid=1
[533/1200] QLEARNING R1_4_7 run2 -> veh=36 dist=8499.6 cpu=53.5736s valid=1
[534/1200] QLEARNING R1_4_7 run6 -> veh=36 dist=8384.72 cpu=44.8589s valid=1
[535/1200] QLEARNING R1_4_7 run4 -> veh=36 dist=8395.58 cpu=47.8337s valid=1
[536/1200] CLASSIC R1_4_9 run3 -> veh=36 dist=10741.4 cpu=12.1658s valid=1
[537/1200] QLEARNING R1_4_7 run9 -> veh=36 dist=8328.76 cpu=45.4193s valid=1
[538/1200] QLEARNING R1_4_7 run5 -> veh=36 dist=8421.16 cpu=50.1264s valid=1
[539/1200] CLASSIC R1_4_9 run1 -> veh=36 dist=10078.6 cpu=16.5166s valid=1
[540/1200] QLEARNING R1_4_7 run10 -> veh=36 dist=8456.86 cpu=48.1404s valid=1
[541/1200] CLASSIC R1_4_9 run4 -> veh=36 dist=10149.8 cpu=14.2405s valid=1
[542/1200] QLEARNING R1_4_7 run7 -> veh=36 dist=8448.38 cpu=51.8936s valid=1
[543/1200] QLEARNING R1_4_7 run8 -> veh=36 dist=8295.57 cpu=53.4839s valid=1
[544/1200] CLASSIC R1_4_9 run5 -> veh=36 dist=10241.1 cpu=16.4896s valid=1
[545/1200] CLASSIC R1_4_9 run2 -> veh=36 dist=10251.3 cpu=27.5247s valid=1
[546/1200] CLASSIC R1_4_9 run7 -> veh=36 dist=10852.9 cpu=17.9607s valid=1
[547/1200] CLASSIC R1_4_9 run8 -> veh=36 dist=10056.2 cpu=18.0858s valid=1
[548/1200] CLASSIC R1_4_9 run9 -> veh=36 dist=10996.3 cpu=17.026s valid=1
[549/1200] CLASSIC R1_4_9 run6 -> veh=36 dist=10450 cpu=20.938s valid=1
[550/1200] CLASSIC R1_4_9 run10 -> veh=36 dist=10270.4 cpu=24.5896s valid=1
[551/1200] QLEARNING R1_4_9 run1 -> veh=36 dist=10119 cpu=28.1113s valid=1
[552/1200] CLASSIC R1_4_8 run1 -> veh=36 dist=8013.08 cpu=71.6333s valid=1
[553/1200] CLASSIC R1_4_8 run2 -> veh=36 dist=8008.29 cpu=70.6591s valid=1
[554/1200] QLEARNING R1_4_9 run3 -> veh=36 dist=10124.4 cpu=26.8413s valid=1
[555/1200] QLEARNING R1_4_9 run2 -> veh=36 dist=10567.9 cpu=29.2312s valid=1
[556/1200] QLEARNING R1_4_9 run4 -> veh=36 dist=9835.66 cpu=27.0677s valid=1
[557/1200] CLASSIC R1_4_8 run4 -> veh=36 dist=8345.24 cpu=72.0016s valid=1
[558/1200] CLASSIC R1_4_8 run3 -> veh=36 dist=8133.98 cpu=73.2801s valid=1
[559/1200] QLEARNING R1_4_8 run1 -> veh=36 dist=7968.08 cpu=65.4507s valid=1
[560/1200] CLASSIC R1_4_8 run5 -> veh=36 dist=8322.56 cpu=74.4897s valid=1
[561/1200] CLASSIC R1_4_8 run6 -> veh=36 dist=7784.71 cpu=74.2108s valid=1
[562/1200] QLEARNING R1_4_9 run5 -> veh=36 dist=10097.7 cpu=29.4377s valid=1
[563/1200] CLASSIC R1_4_8 run7 -> veh=36 dist=7941.84 cpu=70.7366s valid=1
[564/1200] CLASSIC R1_4_8 run9 -> veh=36 dist=7913.66 cpu=69.7896s valid=1
[565/1200] QLEARNING R1_4_8 run2 -> veh=36 dist=7974.02 cpu=63.6366s valid=1
[566/1200] CLASSIC R1_4_8 run8 -> veh=36 dist=7957.72 cpu=72.2144s valid=1
[567/1200] QLEARNING R1_4_9 run6 -> veh=36 dist=10134.8 cpu=27.7156s valid=1
[568/1200] CLASSIC R1_4_10 run1 -> veh=36 dist=9318.81 cpu=23.6829s valid=1
[569/1200] QLEARNING R1_4_9 run7 -> veh=36 dist=9965.97 cpu=28.1968s valid=1
[570/1200] QLEARNING R1_4_8 run4 -> veh=36 dist=7945.34 cpu=62.2448s valid=1
[571/1200] QLEARNING R1_4_8 run7 -> veh=36 dist=8007.53 cpu=61.3994s valid=1
[572/1200] QLEARNING R1_4_9 run8 -> veh=36 dist=10307.1 cpu=27.9463s valid=1
[573/1200] CLASSIC R1_4_8 run10 -> veh=36 dist=8255.87 cpu=72.1816s valid=1
[574/1200] QLEARNING R1_4_9 run9 -> veh=36 dist=10355.9 cpu=26.1891s valid=1
[575/1200] QLEARNING R1_4_9 run10 -> veh=36 dist=10320 cpu=26.8981s valid=1
[576/1200] QLEARNING R1_4_8 run6 -> veh=36 dist=7860.08 cpu=63.9018s valid=1
[577/1200] QLEARNING R1_4_8 run3 -> veh=36 dist=7956.65 cpu=68.3607s valid=1
[578/1200] QLEARNING R1_4_8 run10 -> veh=36 dist=8014.28 cpu=63.5239s valid=1
[579/1200] CLASSIC R1_4_10 run2 -> veh=36 dist=9093.48 cpu=22.8616s valid=1
[580/1200] QLEARNING R1_4_8 run5 -> veh=36 dist=7906.9 cpu=67.6222s valid=1
[581/1200] QLEARNING R1_4_8 run8 -> veh=36 dist=8055.41 cpu=68.6933s valid=1
[582/1200] CLASSIC R1_4_10 run3 -> veh=36 dist=9607.96 cpu=23.2379s valid=1
[583/1200] CLASSIC R1_4_10 run4 -> veh=36 dist=9522.22 cpu=23.5362s valid=1
[584/1200] QLEARNING R1_4_8 run9 -> veh=36 dist=7982.48 cpu=70.6453s valid=1
[585/1200] CLASSIC R1_4_10 run5 -> veh=36 dist=9398.5 cpu=23.9238s valid=1
[586/1200] CLASSIC R1_4_10 run8 -> veh=36 dist=9532.33 cpu=22.1302s valid=1
[587/1200] CLASSIC R1_4_10 run6 -> veh=36 dist=9532.27 cpu=24.134s valid=1
[588/1200] CLASSIC R1_4_10 run7 -> veh=36 dist=9564.89 cpu=23.4462s valid=1
[589/1200] CLASSIC R1_4_10 run10 -> veh=36 dist=9637.8 cpu=22.2716s valid=1
[590/1200] CLASSIC R1_4_10 run9 -> veh=36 dist=9408.16 cpu=24.4049s valid=1
[591/1200] QLEARNING R1_4_10 run2 -> veh=36 dist=9054.59 cpu=31.4673s valid=1
[592/1200] QLEARNING R1_4_10 run5 -> veh=36 dist=8892.92 cpu=29.7511s valid=1
[593/1200] QLEARNING R1_4_10 run3 -> veh=36 dist=9165.04 cpu=31.6703s valid=1
[594/1200] QLEARNING R1_4_10 run7 -> veh=36 dist=9106.59 cpu=29.9527s valid=1
[595/1200] QLEARNING R1_4_10 run4 -> veh=36 dist=9221.65 cpu=32.4269s valid=1
[596/1200] QLEARNING R1_4_10 run6 -> veh=36 dist=9149.17 cpu=31.7547s valid=1
[597/1200] QLEARNING R1_4_10 run1 -> veh=36 dist=9028 cpu=35.8621s valid=1
[598/1200] QLEARNING R1_4_10 run9 -> veh=36 dist=9040.19 cpu=31.3047s valid=1
[599/1200] QLEARNING R1_4_10 run8 -> veh=36 dist=9063.06 cpu=32.5547s valid=1
[600/1200] QLEARNING R1_4_10 run10 -> veh=36 dist=9147.57 cpu=33.8577s valid=1
[601/1200] CLASSIC R2_4_1 run1 -> veh=8 dist=9821.69 cpu=53.5838s valid=1
[602/1200] CLASSIC R2_4_1 run4 -> veh=8 dist=9948.67 cpu=53.2129s valid=1
[603/1200] CLASSIC R2_4_1 run2 -> veh=8 dist=9649.74 cpu=54.0971s valid=1
[604/1200] CLASSIC R2_4_1 run5 -> veh=8 dist=9773.56 cpu=53.4506s valid=1
[605/1200] CLASSIC R2_4_1 run6 -> veh=8 dist=9928.83 cpu=53.302s valid=1
[606/1200] CLASSIC R2_4_1 run3 -> veh=8 dist=9697.07 cpu=54.5792s valid=1
[607/1200] CLASSIC R2_4_1 run9 -> veh=8 dist=9982.52 cpu=53.4154s valid=1
[608/1200] CLASSIC R2_4_1 run8 -> veh=8 dist=9690.86 cpu=54.3303s valid=1
[609/1200] CLASSIC R2_4_1 run7 -> veh=8 dist=9502.89 cpu=54.9532s valid=1
[610/1200] CLASSIC R2_4_1 run10 -> veh=8 dist=9983 cpu=53.4485s valid=1
[611/1200] QLEARNING R2_4_1 run1 -> veh=9 dist=9149.83 cpu=54.1536s valid=1
[612/1200] QLEARNING R2_4_1 run2 -> veh=8 dist=9662.9 cpu=55.014s valid=1
[613/1200] QLEARNING R2_4_1 run3 -> veh=8 dist=9620.3 cpu=54.7931s valid=1
[614/1200] QLEARNING R2_4_1 run4 -> veh=8 dist=9917.06 cpu=54.8702s valid=1
[615/1200] QLEARNING R2_4_1 run6 -> veh=8 dist=10055.5 cpu=54.4018s valid=1
[616/1200] QLEARNING R2_4_1 run5 -> veh=8 dist=9670.78 cpu=55.9021s valid=1
[617/1200] QLEARNING R2_4_1 run8 -> veh=8 dist=9714.78 cpu=54.2597s valid=1
[618/1200] QLEARNING R2_4_1 run7 -> veh=8 dist=9687.63 cpu=55.3601s valid=1
[619/1200] QLEARNING R2_4_1 run10 -> veh=9 dist=9170.09 cpu=54.2389s valid=1
[620/1200] QLEARNING R2_4_1 run9 -> veh=8 dist=9608.27 cpu=55.565s valid=1
[621/1200] CLASSIC R2_4_2 run1 -> veh=8 dist=8014.29 cpu=115.357s valid=1
[622/1200] CLASSIC R2_4_2 run2 -> veh=8 dist=7978.19 cpu=118.104s valid=1
[623/1200] CLASSIC R2_4_2 run3 -> veh=8 dist=8261.29 cpu=114.503s valid=1
[624/1200] CLASSIC R2_4_2 run4 -> veh=8 dist=8003.35 cpu=117.484s valid=1
[625/1200] CLASSIC R2_4_2 run9 -> veh=8 dist=8179.04 cpu=116.686s valid=1
[626/1200] CLASSIC R2_4_2 run6 -> veh=8 dist=8053.91 cpu=120.155s valid=1
[627/1200] CLASSIC R2_4_2 run8 -> veh=8 dist=8025.81 cpu=119.229s valid=1
[628/1200] CLASSIC R2_4_2 run7 -> veh=8 dist=7822.17 cpu=120.346s valid=1
[629/1200] CLASSIC R2_4_2 run10 -> veh=8 dist=7861.82 cpu=122.177s valid=1
[630/1200] CLASSIC R2_4_2 run5 -> veh=8 dist=7809.67 cpu=126.113s valid=1
[631/1200] QLEARNING R2_4_2 run2 -> veh=8 dist=7897.35 cpu=131.063s valid=1
[632/1200] QLEARNING R2_4_2 run1 -> veh=8 dist=7907.67 cpu=133.416s valid=1
[633/1200] QLEARNING R2_4_2 run7 -> veh=8 dist=7875.39 cpu=132.768s valid=1
[634/1200] QLEARNING R2_4_2 run4 -> veh=8 dist=7925.11 cpu=133.483s valid=1
[635/1200] QLEARNING R2_4_2 run3 -> veh=8 dist=7859.09 cpu=134.287s valid=1
[636/1200] QLEARNING R2_4_2 run10 -> veh=8 dist=7860.66 cpu=131.934s valid=1
[637/1200] QLEARNING R2_4_2 run6 -> veh=8 dist=7971.53 cpu=135.057s valid=1
[638/1200] QLEARNING R2_4_2 run5 -> veh=8 dist=7855.68 cpu=135.091s valid=1
[639/1200] QLEARNING R2_4_2 run8 -> veh=8 dist=7852.84 cpu=134.406s valid=1
[640/1200] QLEARNING R2_4_2 run9 -> veh=8 dist=7927.55 cpu=134.201s valid=1
[641/1200] CLASSIC R2_4_3 run3 -> veh=8 dist=6535.75 cpu=176.211s valid=1
[642/1200] CLASSIC R2_4_3 run1 -> veh=8 dist=6207.63 cpu=179.607s valid=1
[643/1200] CLASSIC R2_4_3 run2 -> veh=8 dist=6356.68 cpu=180.433s valid=1
[644/1200] CLASSIC R2_4_3 run4 -> veh=8 dist=6364.49 cpu=183.37s valid=1
[645/1200] CLASSIC R2_4_3 run6 -> veh=8 dist=6223.98 cpu=179.324s valid=1
[646/1200] CLASSIC R2_4_3 run5 -> veh=8 dist=6451.09 cpu=183.394s valid=1
[647/1200] CLASSIC R2_4_3 run10 -> veh=8 dist=6546.55 cpu=178.569s valid=1
[648/1200] CLASSIC R2_4_3 run9 -> veh=8 dist=6227.82 cpu=180.035s valid=1
[649/1200] CLASSIC R2_4_3 run7 -> veh=8 dist=6152.62 cpu=183.278s valid=1
[650/1200] CLASSIC R2_4_3 run8 -> veh=8 dist=6146.16 cpu=184.676s valid=1
[651/1200] QLEARNING R2_4_3 run1 -> veh=8 dist=6200.17 cpu=190.974s valid=1
[652/1200] QLEARNING R2_4_3 run2 -> veh=8 dist=6215.31 cpu=191.849s valid=1
[653/1200] QLEARNING R2_4_3 run3 -> veh=8 dist=6165.88 cpu=189.005s valid=1
[654/1200] QLEARNING R2_4_3 run4 -> veh=8 dist=6199.29 cpu=189.314s valid=1
[655/1200] CLASSIC R2_4_5 run1 -> veh=8 dist=7314.95 cpu=74.3398s valid=1
[656/1200] CLASSIC R2_4_5 run2 -> veh=8 dist=7582.6 cpu=74.737s valid=1
[657/1200] QLEARNING R2_4_3 run6 -> veh=8 dist=6164.07 cpu=184.408s valid=1
[658/1200] QLEARNING R2_4_3 run5 -> veh=8 dist=6137.96 cpu=191.968s valid=1
[659/1200] CLASSIC R2_4_5 run4 -> veh=8 dist=7340.68 cpu=74.5028s valid=1
[660/1200] CLASSIC R2_4_5 run3 -> veh=8 dist=7376.18 cpu=77.1554s valid=1
[661/1200] QLEARNING R2_4_3 run9 -> veh=8 dist=6116.37 cpu=191.481s valid=1
[662/1200] QLEARNING R2_4_3 run8 -> veh=8 dist=6187.64 cpu=193.049s valid=1
[663/1200] QLEARNING R2_4_3 run7 -> veh=8 dist=6207.8 cpu=194.227s valid=1
[664/1200] QLEARNING R2_4_3 run10 -> veh=8 dist=6223.14 cpu=198.769s valid=1
[665/1200] CLASSIC R2_4_5 run5 -> veh=8 dist=7521.81 cpu=75.4044s valid=1
[666/1200] CLASSIC R2_4_5 run6 -> veh=8 dist=7420.08 cpu=75.7446s valid=1
[667/1200] CLASSIC R2_4_5 run8 -> veh=8 dist=7653.42 cpu=73.5224s valid=1
[668/1200] CLASSIC R2_4_5 run9 -> veh=8 dist=7688.33 cpu=73.0565s valid=1
[669/1200] CLASSIC R2_4_5 run7 -> veh=8 dist=7283.43 cpu=80.2924s valid=1
[670/1200] CLASSIC R2_4_5 run10 -> veh=8 dist=7705.35 cpu=73.1011s valid=1
[671/1200] QLEARNING R2_4_5 run1 -> veh=8 dist=7512.33 cpu=73.6464s valid=1
[672/1200] QLEARNING R2_4_5 run2 -> veh=8 dist=7467.15 cpu=73.3893s valid=1
[673/1200] QLEARNING R2_4_5 run3 -> veh=8 dist=7535.18 cpu=73.1146s valid=1
[674/1200] QLEARNING R2_4_5 run5 -> veh=8 dist=7579.37 cpu=73.0317s valid=1
[675/1200] QLEARNING R2_4_5 run4 -> veh=8 dist=7393.74 cpu=73.6807s valid=1
[676/1200] QLEARNING R2_4_4 run2 -> veh=8 dist=4407.75 cpu=224.406s valid=1
[677/1200] QLEARNING R2_4_5 run6 -> veh=8 dist=7408.57 cpu=74.6695s valid=1
[678/1200] QLEARNING R2_4_4 run1 -> veh=8 dist=4454.82 cpu=234.62s valid=1
[679/1200] CLASSIC R2_4_4 run1 -> veh=8 dist=4413.11 cpu=283.43s valid=1
[680/1200] CLASSIC R2_4_4 run3 -> veh=8 dist=4497.41 cpu=281.247s valid=1
[681/1200] CLASSIC R2_4_4 run4 -> veh=8 dist=4648.57 cpu=281.791s valid=1
[682/1200] CLASSIC R2_4_4 run2 -> veh=8 dist=4451.74 cpu=293.051s valid=1
[683/1200] QLEARNING R2_4_4 run3 -> veh=8 dist=4415.72 cpu=220.087s valid=1
[684/1200] CLASSIC R2_4_4 run6 -> veh=8 dist=4436.1 cpu=276.194s valid=1
[685/1200] CLASSIC R2_4_4 run8 -> veh=8 dist=4702.27 cpu=275.664s valid=1
[686/1200] QLEARNING R2_4_5 run7 -> veh=8 dist=7427.43 cpu=73.0638s valid=1
[687/1200] CLASSIC R2_4_4 run5 -> veh=8 dist=4597.49 cpu=281.209s valid=1
[688/1200] CLASSIC R2_4_4 run7 -> veh=8 dist=4559.2 cpu=281.814s valid=1
[689/1200] QLEARNING R2_4_4 run7 -> veh=8 dist=4437.22 cpu=224.462s valid=1
[690/1200] QLEARNING R2_4_4 run4 -> veh=8 dist=4445.58 cpu=233.323s valid=1
[691/1200] CLASSIC R2_4_4 run10 -> veh=8 dist=4611.81 cpu=282.281s valid=1
[692/1200] QLEARNING R2_4_5 run8 -> veh=8 dist=7520.13 cpu=72.7998s valid=1
[693/1200] QLEARNING R2_4_4 run6 -> veh=8 dist=4494.4 cpu=228.379s valid=1
[694/1200] CLASSIC R2_4_4 run9 -> veh=8 dist=4490.22 cpu=283.863s valid=1
[695/1200] QLEARNING R2_4_5 run9 -> veh=8 dist=7561.47 cpu=73.8206s valid=1
[696/1200] QLEARNING R2_4_4 run10 -> veh=8 dist=4452.58 cpu=227.17s valid=1
[697/1200] QLEARNING R2_4_5 run10 -> veh=8 dist=7479.3 cpu=74.4748s valid=1
[698/1200] QLEARNING R2_4_4 run9 -> veh=8 dist=4467.78 cpu=229.286s valid=1
[699/1200] QLEARNING R2_4_4 run5 -> veh=8 dist=4469.39 cpu=237.281s valid=1
[700/1200] QLEARNING R2_4_4 run8 -> veh=8 dist=4502.22 cpu=231.645s valid=1
[701/1200] CLASSIC R2_4_6 run2 -> veh=8 dist=6607.24 cpu=144.616s valid=1
[702/1200] CLASSIC R2_4_6 run1 -> veh=8 dist=6377.94 cpu=147.982s valid=1
[703/1200] CLASSIC R2_4_6 run4 -> veh=8 dist=6546.42 cpu=145.151s valid=1
[704/1200] CLASSIC R2_4_6 run6 -> veh=8 dist=6836.03 cpu=143.161s valid=1
[705/1200] CLASSIC R2_4_6 run3 -> veh=8 dist=6469.7 cpu=148.242s valid=1
[706/1200] CLASSIC R2_4_6 run8 -> veh=8 dist=6516.09 cpu=144.784s valid=1
[707/1200] CLASSIC R2_4_6 run7 -> veh=8 dist=6433.14 cpu=148.9s valid=1
[708/1200] CLASSIC R2_4_6 run5 -> veh=8 dist=6329.18 cpu=151.501s valid=1
[709/1200] CLASSIC R2_4_6 run9 -> veh=8 dist=6505.14 cpu=149.604s valid=1
[710/1200] CLASSIC R2_4_6 run10 -> veh=8 dist=6285.11 cpu=152.959s valid=1
[711/1200] QLEARNING R2_4_6 run1 -> veh=8 dist=6399.01 cpu=148.355s valid=1
[712/1200] QLEARNING R2_4_6 run2 -> veh=8 dist=6440.71 cpu=147.138s valid=1
[713/1200] QLEARNING R2_4_6 run4 -> veh=8 dist=6477.23 cpu=150.671s valid=1
[714/1200] QLEARNING R2_4_6 run3 -> veh=8 dist=6440.87 cpu=150.903s valid=1
[715/1200] QLEARNING R2_4_6 run5 -> veh=8 dist=6413.09 cpu=150.561s valid=1
[716/1200] QLEARNING R2_4_6 run6 -> veh=8 dist=6356.89 cpu=147.611s valid=1
[717/1200] QLEARNING R2_4_6 run7 -> veh=8 dist=6477.02 cpu=147.362s valid=1
[718/1200] QLEARNING R2_4_6 run9 -> veh=8 dist=6450.48 cpu=148.608s valid=1
[719/1200] QLEARNING R2_4_6 run10 -> veh=8 dist=6474.67 cpu=148.969s valid=1
[720/1200] QLEARNING R2_4_6 run8 -> veh=8 dist=6424.77 cpu=152.79s valid=1
[721/1200] QLEARNING R2_4_7 run1 -> veh=8 dist=5233.89 cpu=192.985s valid=1
[722/1200] QLEARNING R2_4_7 run2 -> veh=8 dist=5289.41 cpu=198.073s valid=1
[723/1200] CLASSIC R2_4_7 run7 -> veh=8 dist=5542.4 cpu=208.576s valid=1
[724/1200] CLASSIC R2_4_7 run1 -> veh=8 dist=5280.92 cpu=216.538s valid=1
[725/1200] CLASSIC R2_4_7 run4 -> veh=8 dist=5315.94 cpu=214.781s valid=1
[726/1200] CLASSIC R2_4_7 run10 -> veh=8 dist=5299.82 cpu=213.54s valid=1
[727/1200] CLASSIC R2_4_7 run5 -> veh=8 dist=5255.61 cpu=216.742s valid=1
[728/1200] CLASSIC R2_4_7 run9 -> veh=8 dist=5223.85 cpu=214.873s valid=1
[729/1200] CLASSIC R2_4_7 run6 -> veh=8 dist=5543.1 cpu=218.663s valid=1
[730/1200] CLASSIC R2_4_7 run2 -> veh=8 dist=5241.23 cpu=222.132s valid=1
[731/1200] CLASSIC R2_4_7 run3 -> veh=8 dist=5255.77 cpu=220.88s valid=1
[732/1200] CLASSIC R2_4_7 run8 -> veh=8 dist=5281.35 cpu=219.67s valid=1
[733/1200] QLEARNING R2_4_7 run3 -> veh=8 dist=5282.9 cpu=192.717s valid=1
[734/1200] QLEARNING R2_4_7 run6 -> veh=8 dist=5281.06 cpu=195.516s valid=1
[735/1200] QLEARNING R2_4_7 run4 -> veh=8 dist=5277.3 cpu=202.68s valid=1
[736/1200] QLEARNING R2_4_7 run5 -> veh=8 dist=5295.73 cpu=201.892s valid=1
[737/1200] QLEARNING R2_4_7 run7 -> veh=8 dist=5286.84 cpu=202.295s valid=1
[738/1200] QLEARNING R2_4_7 run8 -> veh=8 dist=5270.31 cpu=200.355s valid=1
[739/1200] QLEARNING R2_4_7 run10 -> veh=8 dist=5242.27 cpu=199.61s valid=1
[740/1200] QLEARNING R2_4_7 run9 -> veh=8 dist=5295.15 cpu=201.116s valid=1
[741/1200] CLASSIC R2_4_9 run3 -> veh=8 dist=6906.8 cpu=96.1891s valid=1
[742/1200] CLASSIC R2_4_9 run1 -> veh=8 dist=6844.2 cpu=97.116s valid=1
[743/1200] CLASSIC R2_4_9 run2 -> veh=8 dist=6662.3 cpu=99.152s valid=1
[744/1200] CLASSIC R2_4_9 run4 -> veh=8 dist=6605.92 cpu=97.1066s valid=1
[745/1200] CLASSIC R2_4_9 run5 -> veh=8 dist=6810.55 cpu=95.4116s valid=1
[746/1200] CLASSIC R2_4_9 run6 -> veh=8 dist=6752.33 cpu=96.3331s valid=1
[747/1200] CLASSIC R2_4_9 run7 -> veh=8 dist=6676.63 cpu=96.5683s valid=1
[748/1200] CLASSIC R2_4_9 run8 -> veh=8 dist=6877 cpu=95.1874s valid=1
[749/1200] QLEARNING R2_4_9 run2 -> veh=8 dist=6718.61 cpu=89.843s valid=1
[750/1200] CLASSIC R2_4_9 run9 -> veh=8 dist=6888.59 cpu=95.3345s valid=1
[751/1200] QLEARNING R2_4_9 run1 -> veh=8 dist=6583.35 cpu=92.5089s valid=1
[752/1200] CLASSIC R2_4_9 run10 -> veh=8 dist=6746.97 cpu=96.1869s valid=1
[753/1200] QLEARNING R2_4_8 run1 -> veh=8 dist=4127.66 cpu=241.233s valid=1
[754/1200] QLEARNING R2_4_8 run2 -> veh=8 dist=4154.33 cpu=245.737s valid=1
[755/1200] QLEARNING R2_4_9 run4 -> veh=8 dist=6614.91 cpu=90.1277s valid=1
[756/1200] QLEARNING R2_4_9 run3 -> veh=8 dist=6737.06 cpu=91.4194s valid=1
[757/1200] CLASSIC R2_4_8 run1 -> veh=8 dist=4122.65 cpu=307.963s valid=1
[758/1200] CLASSIC R2_4_8 run2 -> veh=8 dist=4361.43 cpu=304.26s valid=1
[759/1200] QLEARNING R2_4_9 run5 -> veh=8 dist=6656.75 cpu=90.6292s valid=1
[760/1200] QLEARNING R2_4_9 run6 -> veh=8 dist=6708.12 cpu=90.365s valid=1
[761/1200] CLASSIC R2_4_8 run3 -> veh=8 dist=4147.8 cpu=306.848s valid=1
[762/1200] CLASSIC R2_4_8 run4 -> veh=8 dist=4149.46 cpu=307.11s valid=1
[763/1200] QLEARNING R2_4_8 run3 -> veh=8 dist=4170.91 cpu=232.481s valid=1
[764/1200] CLASSIC R2_4_8 run5 -> veh=8 dist=4256.16 cpu=310.964s valid=1
[765/1200] CLASSIC R2_4_8 run6 -> veh=8 dist=4186.8 cpu=311.64s valid=1
[766/1200] CLASSIC R2_4_8 run7 -> veh=8 dist=4241.83 cpu=302.22s valid=1
[767/1200] QLEARNING R2_4_8 run4 -> veh=8 dist=4209.9 cpu=235.752s valid=1
[768/1200] QLEARNING R2_4_8 run6 -> veh=8 dist=4177.32 cpu=229.462s valid=1
[769/1200] CLASSIC R2_4_8 run9 -> veh=8 dist=4142.68 cpu=305.382s valid=1
[770/1200] CLASSIC R2_4_8 run8 -> veh=8 dist=4160.69 cpu=306.226s valid=1
[771/1200] QLEARNING R2_4_8 run5 -> veh=8 dist=4181.27 cpu=234.894s valid=1
[772/1200] CLASSIC R2_4_8 run10 -> veh=8 dist=4218.47 cpu=300.742s valid=1
[773/1200] QLEARNING R2_4_8 run10 -> veh=8 dist=4228.86 cpu=230.773s valid=1
[774/1200] QLEARNING R2_4_9 run7 -> veh=8 dist=6692.2 cpu=88.7719s valid=1
[775/1200] QLEARNING R2_4_8 run7 -> veh=8 dist=4172.1 cpu=241.337s valid=1
[776/1200] QLEARNING R2_4_8 run8 -> veh=8 dist=4109.48 cpu=240.032s valid=1
[777/1200] QLEARNING R2_4_8 run9 -> veh=8 dist=4171.7 cpu=240.418s valid=1
[778/1200] CLASSIC RC1_4_1 run1 -> veh=37 dist=9001.13 cpu=21.201s valid=1
[779/1200] CLASSIC RC1_4_1 run2 -> veh=37 dist=9107.84 cpu=21.3354s valid=1
[780/1200] QLEARNING R2_4_9 run8 -> veh=8 dist=6700 cpu=89.7798s valid=1
[781/1200] CLASSIC RC1_4_1 run3 -> veh=37 dist=9028.75 cpu=21.2001s valid=1
[782/1200] CLASSIC RC1_4_1 run4 -> veh=37 dist=9086.27 cpu=21.466s valid=1
[783/1200] QLEARNING R2_4_9 run9 -> veh=8 dist=6616.49 cpu=88.1198s valid=1
[784/1200] QLEARNING R2_4_9 run10 -> veh=8 dist=6661.02 cpu=89.3584s valid=1
[785/1200] CLASSIC RC1_4_1 run5 -> veh=37 dist=9024.91 cpu=21.4735s valid=1
[786/1200] CLASSIC RC1_4_1 run6 -> veh=37 dist=9271.16 cpu=20.7398s valid=1
[787/1200] CLASSIC RC1_4_1 run7 -> veh=37 dist=9132.71 cpu=20.698s valid=1
[788/1200] CLASSIC RC1_4_1 run8 -> veh=37 dist=9073.47 cpu=21.2221s valid=1
[789/1200] CLASSIC RC1_4_1 run9 -> veh=37 dist=9123.55 cpu=21.74s valid=1
[790/1200] CLASSIC RC1_4_1 run10 -> veh=37 dist=9113.92 cpu=21.3027s valid=1
[791/1200] QLEARNING RC1_4_1 run3 -> veh=36 dist=9530.75 cpu=31.2755s valid=1
[792/1200] QLEARNING RC1_4_1 run1 -> veh=37 dist=9003.91 cpu=32.0512s valid=1
[793/1200] QLEARNING RC1_4_1 run2 -> veh=37 dist=8949.6 cpu=32.0237s valid=1
[794/1200] QLEARNING RC1_4_1 run5 -> veh=37 dist=8994.66 cpu=31.35s valid=1
[795/1200] QLEARNING RC1_4_1 run4 -> veh=37 dist=9010.65 cpu=32.3284s valid=1
[796/1200] QLEARNING RC1_4_1 run6 -> veh=37 dist=8987.5 cpu=31.4067s valid=1
[797/1200] QLEARNING RC1_4_1 run7 -> veh=37 dist=8968.88 cpu=32.0299s valid=1
[798/1200] CLASSIC R2_4_10 run4 -> veh=8 dist=6258.7 cpu=120.229s valid=1
[799/1200] CLASSIC RC1_4_2 run1 -> veh=36 dist=9302.71 cpu=25.2327s valid=1
[800/1200] CLASSIC RC1_4_2 run2 -> veh=36 dist=9217.14 cpu=17.6099s valid=1
[801/1200] CLASSIC R2_4_10 run2 -> veh=8 dist=6055.88 cpu=122.231s valid=1
[802/1200] CLASSIC R2_4_10 run3 -> veh=8 dist=6074.42 cpu=122.289s valid=1
[803/1200] QLEARNING RC1_4_1 run8 -> veh=37 dist=9008.26 cpu=32.2112s valid=1
[804/1200] CLASSIC R2_4_10 run1 -> veh=8 dist=6106.35 cpu=125.842s valid=1
[805/1200] CLASSIC R2_4_10 run5 -> veh=8 dist=5973.28 cpu=120.8s valid=1
[806/1200] QLEARNING RC1_4_1 run9 -> veh=37 dist=8933.41 cpu=32.1794s valid=1
[807/1200] QLEARNING RC1_4_1 run10 -> veh=37 dist=8930.89 cpu=32.2342s valid=1
[808/1200] CLASSIC R2_4_10 run6 -> veh=8 dist=6219.87 cpu=119.997s valid=1
[809/1200] QLEARNING R2_4_10 run2 -> veh=8 dist=6128.62 cpu=105.527s valid=1
[810/1200] QLEARNING R2_4_10 run1 -> veh=8 dist=6123.54 cpu=108.181s valid=1
[811/1200] CLASSIC RC1_4_2 run10 -> veh=36 dist=9967.34 cpu=16.6058s valid=1
[812/1200] CLASSIC RC1_4_2 run6 -> veh=36 dist=9362.73 cpu=23.6559s valid=1
[813/1200] CLASSIC RC1_4_2 run5 -> veh=36 dist=9408.86 cpu=24.7419s valid=1
[814/1200] QLEARNING R2_4_10 run3 -> veh=8 dist=6057.75 cpu=104.842s valid=1
[815/1200] CLASSIC RC1_4_2 run4 -> veh=36 dist=9191.23 cpu=24.9631s valid=1
[816/1200] CLASSIC RC1_4_2 run3 -> veh=36 dist=9305.44 cpu=26.1976s valid=1
[817/1200] CLASSIC R2_4_10 run8 -> veh=8 dist=6316.47 cpu=119.977s valid=1
[818/1200] CLASSIC RC1_4_2 run8 -> veh=36 dist=9301.01 cpu=27.0022s valid=1
[819/1200] CLASSIC R2_4_10 run10 -> veh=8 dist=5991.7 cpu=121.151s valid=1
[820/1200] CLASSIC R2_4_10 run9 -> veh=8 dist=6010.53 cpu=122.127s valid=1
[821/1200] CLASSIC R2_4_10 run7 -> veh=8 dist=6080.38 cpu=124.74s valid=1
[822/1200] CLASSIC RC1_4_2 run7 -> veh=36 dist=9567.85 cpu=33.1913s valid=1
[823/1200] QLEARNING R2_4_10 run4 -> veh=8 dist=6147.92 cpu=106.784s valid=1
[824/1200] QLEARNING RC1_4_2 run6 -> veh=36 dist=8917.13 cpu=28.1693s valid=1
[825/1200] QLEARNING R2_4_10 run5 -> veh=8 dist=6117.9 cpu=107.268s valid=1
[826/1200] CLASSIC RC1_4_2 run9 -> veh=36 dist=8956.9 cpu=36.058s valid=1
[827/1200] QLEARNING RC1_4_2 run8 -> veh=36 dist=9194.08 cpu=29.7237s valid=1
[828/1200] CLASSIC RC1_4_3 run3 -> veh=36 dist=9086.24 cpu=19.4738s valid=1
[829/1200] QLEARNING R2_4_10 run6 -> veh=8 dist=6157.2 cpu=106.827s valid=1
[830/1200] QLEARNING RC1_4_2 run3 -> veh=36 dist=9279.41 cpu=38.0842s valid=1
[831/1200] QLEARNING RC1_4_2 run4 -> veh=36 dist=8952.78 cpu=38.3412s valid=1
[832/1200] QLEARNING R2_4_10 run8 -> veh=8 dist=6090.29 cpu=108.015s valid=1
[833/1200] QLEARNING RC1_4_2 run2 -> veh=36 dist=9033.43 cpu=39.7989s valid=1
[834/1200] QLEARNING R2_4_10 run7 -> veh=8 dist=6199.03 cpu=108.649s valid=1
[835/1200] QLEARNING R2_4_10 run9 -> veh=8 dist=6090.71 cpu=106.754s valid=1
[836/1200] QLEARNING RC1_4_2 run1 -> veh=36 dist=9180.07 cpu=41.4515s valid=1
[837/1200] QLEARNING RC1_4_2 run7 -> veh=36 dist=9075.45 cpu=38.5536s valid=1
[838/1200] CLASSIC RC1_4_3 run2 -> veh=36 dist=8645.11 cpu=29.6271s valid=1
[839/1200] CLASSIC RC1_4_3 run4 -> veh=36 dist=8815.56 cpu=25.395s valid=1
[840/1200] CLASSIC RC1_4_3 run7 -> veh=36 dist=8911.42 cpu=26.3473s valid=1
[841/1200] QLEARNING RC1_4_2 run10 -> veh=36 dist=9025.8 cpu=36.6766s valid=1
[842/1200] CLASSIC RC1_4_3 run9 -> veh=36 dist=8848.09 cpu=22.7725s valid=1
[843/1200] QLEARNING R2_4_10 run10 -> veh=8 dist=6142.88 cpu=107.545s valid=1
[844/1200] CLASSIC RC1_4_3 run6 -> veh=36 dist=8924.03 cpu=28.4037s valid=1
[845/1200] QLEARNING RC1_4_2 run9 -> veh=36 dist=8987.26 cpu=41.967s valid=1
[846/1200] CLASSIC RC1_4_3 run10 -> veh=36 dist=8716.79 cpu=25.0386s valid=1
[847/1200] QLEARNING RC1_4_2 run5 -> veh=36 dist=8959.04 cpu=46.0149s valid=1
[848/1200] CLASSIC RC1_4_3 run5 -> veh=36 dist=8792.76 cpu=30.4108s valid=1
[849/1200] CLASSIC RC1_4_3 run1 -> veh=36 dist=8541.74 cpu=38.8894s valid=1
[850/1200] CLASSIC RC1_4_3 run8 -> veh=36 dist=8970.78 cpu=33.2528s valid=1
[851/1200] QLEARNING RC1_4_3 run3 -> veh=36 dist=8592.68 cpu=27.8184s valid=1
[852/1200] QLEARNING RC1_4_3 run2 -> veh=36 dist=8667.69 cpu=29.8247s valid=1
[853/1200] QLEARNING RC1_4_3 run4 -> veh=36 dist=8505.16 cpu=30.5492s valid=1
[854/1200] QLEARNING RC1_4_3 run6 -> veh=36 dist=8696.58 cpu=29.5975s valid=1
[855/1200] QLEARNING RC1_4_3 run1 -> veh=36 dist=8415.38 cpu=35.561s valid=1
[856/1200] QLEARNING RC1_4_3 run5 -> veh=36 dist=8958.92 cpu=33.7549s valid=1
[857/1200] QLEARNING RC1_4_3 run7 -> veh=36 dist=8558.91 cpu=31.4523s valid=1
[858/1200] QLEARNING RC1_4_3 run8 -> veh=36 dist=8672.37 cpu=33.3336s valid=1
[859/1200] QLEARNING RC1_4_3 run9 -> veh=36 dist=8529.37 cpu=33.8868s valid=1
[860/1200] CLASSIC RC1_4_4 run4 -> veh=36 dist=9071.59 cpu=30.1514s valid=1
[861/1200] QLEARNING RC1_4_3 run10 -> veh=36 dist=8805.84 cpu=35.8313s valid=1
[862/1200] CLASSIC RC1_4_4 run9 -> veh=36 dist=9285.43 cpu=30.0851s valid=1
[863/1200] CLASSIC RC1_4_5 run5 -> veh=36 dist=10273.3 cpu=16.955s valid=1
[864/1200] CLASSIC RC1_4_5 run1 -> veh=37 dist=8984.66 cpu=26.4726s valid=1
[865/1200] CLASSIC RC1_4_4 run1 -> veh=36 dist=8843.54 cpu=38.5019s valid=1
[866/1200] CLASSIC RC1_4_4 run6 -> veh=36 dist=8594.16 cpu=36.4889s valid=1
[867/1200] CLASSIC RC1_4_4 run2 -> veh=36 dist=8692.32 cpu=38.9821s valid=1
[868/1200] CLASSIC RC1_4_4 run5 -> veh=36 dist=9195.01 cpu=37.8895s valid=1
[869/1200] CLASSIC RC1_4_4 run8 -> veh=36 dist=9004.81 cpu=37.2318s valid=1
[870/1200] CLASSIC RC1_4_4 run7 -> veh=36 dist=9098.18 cpu=38.2523s valid=1
[871/1200] CLASSIC RC1_4_5 run2 -> veh=37 dist=9058.17 cpu=26.5716s valid=1
[872/1200] CLASSIC RC1_4_4 run10 -> veh=36 dist=8899.71 cpu=36.9735s valid=1
[873/1200] CLASSIC RC1_4_5 run3 -> veh=37 dist=8910.8 cpu=26.6651s valid=1
[874/1200] CLASSIC RC1_4_5 run4 -> veh=37 dist=8957.71 cpu=26.1631s valid=1
[875/1200] CLASSIC RC1_4_4 run3 -> veh=36 dist=9004.22 cpu=42.744s valid=1
[876/1200] QLEARNING RC1_4_4 run2 -> veh=36 dist=8444.13 cpu=37.943s valid=1
[877/1200] QLEARNING RC1_4_4 run7 -> veh=36 dist=8537.26 cpu=35.218s valid=1
[878/1200] QLEARNING RC1_4_4 run6 -> veh=36 dist=8439.09 cpu=37.6849s valid=1
[879/1200] QLEARNING RC1_4_4 run1 -> veh=36 dist=8632.63 cpu=41.4553s valid=1
[880/1200] QLEARNING RC1_4_4 run4 -> veh=36 dist=8560.01 cpu=39.4012s valid=1
[881/1200] QLEARNING RC1_4_4 run5 -> veh=36 dist=8334.64 cpu=39.2086s valid=1
[882/1200] CLASSIC RC1_4_5 run6 -> veh=37 dist=9052.99 cpu=25.9812s valid=1
[883/1200] CLASSIC RC1_4_5 run7 -> veh=37 dist=8958 cpu=26.665s valid=1
[884/1200] QLEARNING RC1_4_4 run8 -> veh=36 dist=8284.98 cpu=39.8692s valid=1
[885/1200] QLEARNING RC1_4_4 run3 -> veh=36 dist=8503.14 cpu=42.652s valid=1
[886/1200] CLASSIC RC1_4_5 run8 -> veh=37 dist=9082.12 cpu=26.2802s valid=1
[887/1200] CLASSIC RC1_4_5 run10 -> veh=36 dist=9363.3 cpu=22.8037s valid=1
[888/1200] CLASSIC RC1_4_5 run9 -> veh=37 dist=9107.04 cpu=26.3353s valid=1
[889/1200] QLEARNING RC1_4_4 run10 -> veh=36 dist=8575.42 cpu=44.7498s valid=1
[890/1200] QLEARNING RC1_4_4 run9 -> veh=36 dist=8518.84 cpu=45.7342s valid=1
[891/1200] CLASSIC RC1_4_6 run3 -> veh=36 dist=9999.2 cpu=18.057s valid=1
[892/1200] QLEARNING RC1_4_5 run7 -> veh=36 dist=9736.63 cpu=25.0659s valid=1
[893/1200] QLEARNING RC1_4_5 run2 -> veh=36 dist=9543.66 cpu=31.7963s valid=1
[894/1200] CLASSIC RC1_4_6 run2 -> veh=37 dist=8963.89 cpu=23.0008s valid=1
[895/1200] CLASSIC RC1_4_6 run1 -> veh=37 dist=9000.22 cpu=23.5681s valid=1
[896/1200] CLASSIC RC1_4_6 run4 -> veh=37 dist=8916.21 cpu=22.8103s valid=1
[897/1200] QLEARNING RC1_4_5 run1 -> veh=37 dist=8854.12 cpu=36.0413s valid=1
[898/1200] CLASSIC RC1_4_6 run6 -> veh=37 dist=9034.28 cpu=23.1612s valid=1
[899/1200] CLASSIC RC1_4_6 run7 -> veh=37 dist=8965.37 cpu=22.8152s valid=1
[900/1200] CLASSIC RC1_4_6 run5 -> veh=37 dist=8970.46 cpu=24.139s valid=1
[901/1200] CLASSIC RC1_4_6 run9 -> veh=37 dist=8829.06 cpu=23.1808s valid=1
[902/1200] CLASSIC RC1_4_6 run8 -> veh=37 dist=8951.19 cpu=24.198s valid=1
[903/1200] QLEARNING RC1_4_5 run3 -> veh=37 dist=8769.27 cpu=35.6849s valid=1
[904/1200] QLEARNING RC1_4_5 run4 -> veh=37 dist=8777.16 cpu=35.9396s valid=1
[905/1200] CLASSIC RC1_4_6 run10 -> veh=37 dist=9068.98 cpu=24.0995s valid=1
[906/1200] QLEARNING RC1_4_5 run8 -> veh=36 dist=10347.6 cpu=32.2548s valid=1
[907/1200] QLEARNING RC1_4_5 run5 -> veh=37 dist=8871.41 cpu=36.3427s valid=1
[908/1200] QLEARNING RC1_4_5 run6 -> veh=37 dist=8773.35 cpu=36.0645s valid=1
[909/1200] QLEARNING RC1_4_5 run10 -> veh=37 dist=8915.58 cpu=35.1173s valid=1
[910/1200] QLEARNING RC1_4_5 run9 -> veh=37 dist=8774.03 cpu=36.0142s valid=1
[911/1200] QLEARNING RC1_4_6 run2 -> veh=36 dist=9852.8 cpu=33.2113s valid=1
[912/1200] QLEARNING RC1_4_6 run5 -> veh=36 dist=9321.26 cpu=30.9919s valid=1
[913/1200] QLEARNING RC1_4_6 run8 -> veh=36 dist=9518.05 cpu=30.0901s valid=1
[914/1200] QLEARNING RC1_4_6 run3 -> veh=37 dist=8846.77 cpu=34.9491s valid=1
[915/1200] QLEARNING RC1_4_6 run1 -> veh=37 dist=8852.71 cpu=35.8928s valid=1
[916/1200] QLEARNING RC1_4_6 run4 -> veh=37 dist=8879.22 cpu=35.5896s valid=1
[917/1200] QLEARNING RC1_4_6 run7 -> veh=37 dist=8798.3 cpu=34.3516s valid=1
[918/1200] QLEARNING RC1_4_6 run6 -> veh=37 dist=8797.13 cpu=35.1487s valid=1
[919/1200] CLASSIC RC1_4_7 run1 -> veh=37 dist=8710.04 cpu=29.9341s valid=1
[920/1200] QLEARNING RC1_4_6 run9 -> veh=37 dist=8736.68 cpu=34.706s valid=1
[921/1200] CLASSIC RC1_4_7 run2 -> veh=37 dist=8956.18 cpu=29.9421s valid=1
[922/1200] QLEARNING RC1_4_6 run10 -> veh=37 dist=8809.64 cpu=35.3715s valid=1
[923/1200] CLASSIC RC1_4_8 run2 -> veh=36 dist=9691.21 cpu=13.2483s valid=1
[924/1200] CLASSIC RC1_4_7 run3 -> veh=37 dist=8933.81 cpu=30.1097s valid=1
[925/1200] CLASSIC RC1_4_8 run7 -> veh=36 dist=10080.6 cpu=9.97115s valid=1
[926/1200] CLASSIC RC1_4_7 run6 -> veh=37 dist=8982.22 cpu=29.2246s valid=1
[927/1200] CLASSIC RC1_4_7 run4 -> veh=37 dist=8857.17 cpu=30.2028s valid=1
[928/1200] CLASSIC RC1_4_7 run5 -> veh=37 dist=8788.97 cpu=30.1247s valid=1
[929/1200] CLASSIC RC1_4_7 run7 -> veh=37 dist=8729.58 cpu=30.1073s valid=1
[930/1200] CLASSIC RC1_4_7 run8 -> veh=37 dist=8821.09 cpu=30.3484s valid=1
[931/1200] CLASSIC RC1_4_7 run10 -> veh=36 dist=10071.3 cpu=28.7036s valid=1
[932/1200] CLASSIC RC1_4_7 run9 -> veh=37 dist=8909.24 cpu=30.1404s valid=1
[933/1200] CLASSIC RC1_4_8 run8 -> veh=36 dist=10821.9 cpu=14.4131s valid=1
[934/1200] CLASSIC RC1_4_8 run10 -> veh=36 dist=10935.8 cpu=14.7438s valid=1
[935/1200] QLEARNING RC1_4_7 run4 -> veh=36 dist=9928.23 cpu=32.194s valid=1
[936/1200] QLEARNING RC1_4_7 run2 -> veh=36 dist=9912.78 cpu=35.0177s valid=1
[937/1200] QLEARNING RC1_4_7 run1 -> veh=37 dist=8599.2 cpu=38.56s valid=1
[938/1200] QLEARNING RC1_4_7 run7 -> veh=36 dist=9298.02 cpu=35.3987s valid=1
[939/1200] QLEARNING RC1_4_7 run3 -> veh=37 dist=8725.14 cpu=39.834s valid=1
[940/1200] QLEARNING RC1_4_7 run5 -> veh=37 dist=8603.38 cpu=38.7603s valid=1
[941/1200] QLEARNING RC1_4_7 run6 -> veh=37 dist=8687.78 cpu=39.2122s valid=1
[942/1200] QLEARNING RC1_4_7 run8 -> veh=37 dist=8581.45 cpu=39.5907s valid=1
[943/1200] CLASSIC RC1_4_8 run1 -> veh=37 dist=8766.92 cpu=35.8579s valid=1
[944/1200] QLEARNING RC1_4_7 run9 -> veh=37 dist=8661.1 cpu=38.5697s valid=1
[945/1200] QLEARNING RC1_4_8 run3 -> veh=36 dist=9821.77 cpu=26.2465s valid=1
[946/1200] QLEARNING RC1_4_7 run10 -> veh=37 dist=8493.81 cpu=39.0026s valid=1
[947/1200] QLEARNING RC1_4_8 run2 -> veh=36 dist=9208.4 cpu=28.4696s valid=1
[948/1200] QLEARNING RC1_4_8 run4 -> veh=36 dist=9229.61 cpu=28.1284s valid=1
[949/1200] CLASSIC RC1_4_8 run4 -> veh=37 dist=8550.73 cpu=35.3458s valid=1
[950/1200] CLASSIC RC1_4_8 run3 -> veh=37 dist=8702.34 cpu=36.0924s valid=1
[951/1200] CLASSIC RC1_4_8 run5 -> veh=37 dist=8533.88 cpu=35.097s valid=1
[952/1200] CLASSIC RC1_4_9 run2 -> veh=36 dist=9900.1 cpu=21.6792s valid=1
[953/1200] QLEARNING RC1_4_8 run1 -> veh=36 dist=9095.4 cpu=31.561s valid=1
[954/1200] CLASSIC RC1_4_9 run3 -> veh=36 dist=9941.29 cpu=22.4392s valid=1
[955/1200] CLASSIC RC1_4_8 run6 -> veh=37 dist=8486.53 cpu=36.2758s valid=1
[956/1200] CLASSIC RC1_4_8 run9 -> veh=37 dist=8676.57 cpu=35.904s valid=1
[957/1200] CLASSIC RC1_4_9 run8 -> veh=36 dist=10264 cpu=18.5345s valid=1
[958/1200] CLASSIC RC1_4_9 run9 -> veh=36 dist=9794.34 cpu=17.3978s valid=1
[959/1200] QLEARNING RC1_4_8 run10 -> veh=36 dist=9377.42 cpu=31.7864s valid=1
[960/1200] CLASSIC RC1_4_10 run3 -> veh=36 dist=9892.59 cpu=10.8764s valid=1
[961/1200] QLEARNING RC1_4_9 run6 -> veh=36 dist=9776.51 cpu=15.2641s valid=1
[962/1200] CLASSIC RC1_4_9 run1 -> veh=37 dist=8697.05 cpu=33.4194s valid=1
[963/1200] CLASSIC RC1_4_10 run1 -> veh=36 dist=10061.9 cpu=12.7618s valid=1
[964/1200] CLASSIC RC1_4_9 run4 -> veh=36 dist=10333.5 cpu=32.8893s valid=1
[965/1200] CLASSIC RC1_4_9 run6 -> veh=36 dist=9388.65 cpu=30.0712s valid=1
[966/1200] CLASSIC RC1_4_10 run6 -> veh=36 dist=10344.9 cpu=12.2228s valid=1
[967/1200] CLASSIC RC1_4_10 run5 -> veh=36 dist=10106.3 cpu=13.3313s valid=1
[968/1200] CLASSIC RC1_4_9 run5 -> veh=37 dist=8559.72 cpu=34.0914s valid=1
[969/1200] QLEARNING RC1_4_8 run6 -> veh=37 dist=8398.14 cpu=43.6961s valid=1
[970/1200] QLEARNING RC1_4_8 run5 -> veh=37 dist=8544.93 cpu=44.0782s valid=1
[971/1200] CLASSIC RC1_4_10 run7 -> veh=36 dist=10479.7 cpu=14.0049s valid=1
[972/1200] CLASSIC RC1_4_10 run4 -> veh=36 dist=9643.96 cpu=16.7537s valid=1
[973/1200] QLEARNING RC1_4_8 run8 -> veh=36 dist=9873.59 cpu=40.2454s valid=1
[974/1200] CLASSIC RC1_4_10 run9 -> veh=36 dist=9900.72 cpu=12.8795s valid=1
[975/1200] CLASSIC RC1_4_9 run7 -> veh=36 dist=9680.26 cpu=32.4913s valid=1
[976/1200] CLASSIC RC1_4_10 run2 -> veh=36 dist=9402.49 cpu=17.4487s valid=1
[977/1200] CLASSIC RC1_4_10 run8 -> veh=36 dist=9688.14 cpu=13.6324s valid=1
[978/1200] QLEARNING RC1_4_8 run9 -> veh=36 dist=9170.01 cpu=40.6022s valid=1
[979/1200] QLEARNING RC1_4_9 run4 -> veh=36 dist=9450.05 cpu=24.584s valid=1
[980/1200] QLEARNING RC1_4_8 run7 -> veh=37 dist=8505.46 cpu=44.4961s valid=1
[981/1200] CLASSIC RC1_4_9 run10 -> veh=37 dist=8696.4 cpu=33.4958s valid=1
[982/1200] QLEARNING RC1_4_9 run8 -> veh=36 dist=9171.81 cpu=27.1722s valid=1
[983/1200] CLASSIC RC1_4_10 run10 -> veh=36 dist=10353.9 cpu=18.256s valid=1
[984/1200] QLEARNING RC1_4_9 run3 -> veh=36 dist=9250.19 cpu=33.9496s valid=1
[985/1200] QLEARNING RC1_4_9 run5 -> veh=36 dist=10079.6 cpu=35.2314s valid=1
[986/1200] QLEARNING RC1_4_9 run2 -> veh=36 dist=9752.3 cpu=39.1263s valid=1
[987/1200] QLEARNING RC1_4_9 run1 -> veh=36 dist=8655.65 cpu=40.2384s valid=1
[988/1200] QLEARNING RC1_4_10 run5 -> veh=36 dist=10035.4 cpu=23.3925s valid=1
[989/1200] QLEARNING RC1_4_10 run1 -> veh=36 dist=10176 cpu=27.1663s valid=1
[990/1200] QLEARNING RC1_4_9 run7 -> veh=37 dist=8455.84 cpu=41.631s valid=1
[991/1200] QLEARNING RC1_4_10 run6 -> veh=36 dist=9287.16 cpu=25.9708s valid=1
[992/1200] QLEARNING RC1_4_9 run9 -> veh=36 dist=9063.38 cpu=41.8733s valid=1
[993/1200] QLEARNING RC1_4_10 run3 -> veh=36 dist=8817.6 cpu=29.5055s valid=1
[994/1200] QLEARNING RC1_4_10 run4 -> veh=36 dist=9465.48 cpu=29.3422s valid=1
[995/1200] QLEARNING RC1_4_10 run9 -> veh=36 dist=9254.91 cpu=27.3042s valid=1
[996/1200] QLEARNING RC1_4_9 run10 -> veh=37 dist=8469.35 cpu=42.3331s valid=1
[997/1200] QLEARNING RC1_4_10 run2 -> veh=36 dist=9356.26 cpu=31.6769s valid=1
[998/1200] QLEARNING RC1_4_10 run10 -> veh=36 dist=9551.87 cpu=29.8862s valid=1
[999/1200] QLEARNING RC1_4_10 run7 -> veh=36 dist=8817.59 cpu=35.0013s valid=1
[1000/1200] QLEARNING RC1_4_10 run8 -> veh=36 dist=8998 cpu=40.0788s valid=1
[1001/1200] CLASSIC RC2_4_1 run2 -> veh=12 dist=6934.64 cpu=44.6021s valid=1
[1002/1200] CLASSIC RC2_4_1 run3 -> veh=12 dist=7057.65 cpu=44.5495s valid=1
[1003/1200] CLASSIC RC2_4_1 run8 -> veh=12 dist=6984.57 cpu=43.979s valid=1
[1004/1200] CLASSIC RC2_4_1 run6 -> veh=12 dist=6940.5 cpu=44.1825s valid=1
[1005/1200] CLASSIC RC2_4_1 run5 -> veh=12 dist=7102.73 cpu=44.4406s valid=1
[1006/1200] CLASSIC RC2_4_1 run1 -> veh=12 dist=6842.71 cpu=45.0117s valid=1
[1007/1200] CLASSIC RC2_4_1 run7 -> veh=12 dist=7003.53 cpu=44.2778s valid=1
[1008/1200] CLASSIC RC2_4_1 run4 -> veh=12 dist=6823.01 cpu=44.9311s valid=1
[1009/1200] CLASSIC RC2_4_1 run10 -> veh=12 dist=6993.21 cpu=45.3924s valid=1
[1010/1200] CLASSIC RC2_4_1 run9 -> veh=12 dist=6658.36 cpu=49.3935s valid=1
[1011/1200] QLEARNING RC2_4_1 run1 -> veh=12 dist=6804.75 cpu=49.4142s valid=1
[1012/1200] QLEARNING RC2_4_1 run2 -> veh=12 dist=6869.09 cpu=48.0469s valid=1
[1013/1200] QLEARNING RC2_4_1 run4 -> veh=12 dist=6917.97 cpu=47.4071s valid=1
[1014/1200] QLEARNING RC2_4_1 run3 -> veh=12 dist=6852.08 cpu=50.0935s valid=1
[1015/1200] QLEARNING RC2_4_1 run5 -> veh=12 dist=6964.99 cpu=50.1521s valid=1
[1016/1200] QLEARNING RC2_4_1 run6 -> veh=12 dist=6844.35 cpu=48.9266s valid=1
[1017/1200] QLEARNING RC2_4_1 run7 -> veh=12 dist=6897.73 cpu=49.7982s valid=1
[1018/1200] QLEARNING RC2_4_1 run8 -> veh=12 dist=6867.75 cpu=50.0801s valid=1
[1019/1200] QLEARNING RC2_4_1 run9 -> veh=12 dist=6889.41 cpu=49.687s valid=1
[1020/1200] QLEARNING RC2_4_1 run10 -> veh=12 dist=6969.63 cpu=49.6707s valid=1
[1021/1200] CLASSIC RC2_4_2 run1 -> veh=11 dist=6131.59 cpu=92.1809s valid=1
[1022/1200] CLASSIC RC2_4_2 run2 -> veh=11 dist=6014.84 cpu=93.3009s valid=1
[1023/1200] CLASSIC RC2_4_2 run3 -> veh=11 dist=5883.98 cpu=93.6042s valid=1
[1024/1200] CLASSIC RC2_4_2 run4 -> veh=10 dist=6373.21 cpu=92.6597s valid=1
[1025/1200] CLASSIC RC2_4_2 run8 -> veh=11 dist=6330.64 cpu=92.2077s valid=1
[1026/1200] CLASSIC RC2_4_2 run5 -> veh=11 dist=6004.99 cpu=94.6357s valid=1
[1027/1200] CLASSIC RC2_4_2 run6 -> veh=11 dist=5891.95 cpu=95.4888s valid=1
[1028/1200] CLASSIC RC2_4_2 run7 -> veh=11 dist=5956.54 cpu=96.7574s valid=1
[1029/1200] CLASSIC RC2_4_2 run10 -> veh=11 dist=6075.59 cpu=93.134s valid=1
[1030/1200] CLASSIC RC2_4_2 run9 -> veh=11 dist=5868.49 cpu=97.2711s valid=1
[1031/1200] QLEARNING RC2_4_2 run1 -> veh=11 dist=5995.31 cpu=106.826s valid=1
[1032/1200] QLEARNING RC2_4_2 run2 -> veh=11 dist=5850.04 cpu=110.477s valid=1
[1033/1200] QLEARNING RC2_4_2 run6 -> veh=11 dist=5956.23 cpu=109.843s valid=1
[1034/1200] QLEARNING RC2_4_2 run4 -> veh=11 dist=5856.11 cpu=111.172s valid=1
[1035/1200] QLEARNING RC2_4_2 run8 -> veh=11 dist=5842.34 cpu=110.853s valid=1
[1036/1200] QLEARNING RC2_4_2 run9 -> veh=11 dist=5980.9 cpu=111.129s valid=1
[1037/1200] QLEARNING RC2_4_2 run10 -> veh=10 dist=6232.69 cpu=111.051s valid=1
[1038/1200] QLEARNING RC2_4_2 run3 -> veh=11 dist=5914.34 cpu=111.915s valid=1
[1039/1200] QLEARNING RC2_4_2 run5 -> veh=11 dist=5804.35 cpu=111.728s valid=1
[1040/1200] QLEARNING RC2_4_2 run7 -> veh=10 dist=6153.02 cpu=112.272s valid=1
[1041/1200] CLASSIC RC2_4_3 run4 -> veh=8 dist=5577.15 cpu=149.663s valid=1
[1042/1200] CLASSIC RC2_4_3 run1 -> veh=8 dist=5211.58 cpu=155.593s valid=1
[1043/1200] CLASSIC RC2_4_3 run2 -> veh=8 dist=5381.45 cpu=152.091s valid=1
[1044/1200] CLASSIC RC2_4_3 run3 -> veh=8 dist=5289.42 cpu=162.484s valid=1
[1045/1200] CLASSIC RC2_4_3 run8 -> veh=8 dist=5172.89 cpu=155.209s valid=1
[1046/1200] CLASSIC RC2_4_3 run5 -> veh=8 dist=5158.81 cpu=159.932s valid=1
[1047/1200] CLASSIC RC2_4_3 run6 -> veh=8 dist=5154.18 cpu=160.828s valid=1
[1048/1200] CLASSIC RC2_4_3 run7 -> veh=8 dist=5281.47 cpu=162.908s valid=1
[1049/1200] CLASSIC RC2_4_3 run10 -> veh=8 dist=5850.18 cpu=159.152s valid=1
[1050/1200] CLASSIC RC2_4_3 run9 -> veh=8 dist=5105.56 cpu=161.736s valid=1
[1051/1200] QLEARNING RC2_4_3 run1 -> veh=8 dist=5260.52 cpu=176.868s valid=1
[1052/1200] QLEARNING RC2_4_3 run2 -> veh=8 dist=5242.69 cpu=175.672s valid=1
[1053/1200] QLEARNING RC2_4_3 run4 -> veh=8 dist=5241.25 cpu=176.738s valid=1
[1054/1200] QLEARNING RC2_4_3 run7 -> veh=9 dist=4983 cpu=176.189s valid=1
[1055/1200] QLEARNING RC2_4_3 run6 -> veh=8 dist=5321.61 cpu=177.013s valid=1
[1056/1200] QLEARNING RC2_4_3 run3 -> veh=8 dist=5191.81 cpu=181.907s valid=1
[1057/1200] QLEARNING RC2_4_3 run10 -> veh=9 dist=5060.48 cpu=173.697s valid=1
[1058/1200] QLEARNING RC2_4_3 run8 -> veh=9 dist=4933.6 cpu=176.843s valid=1
[1059/1200] QLEARNING RC2_4_3 run5 -> veh=8 dist=5293.59 cpu=180.653s valid=1
[1060/1200] CLASSIC RC2_4_5 run1 -> veh=10 dist=6201.14 cpu=76.0001s valid=1
[1061/1200] CLASSIC RC2_4_5 run2 -> veh=10 dist=6122.47 cpu=75.0631s valid=1
[1062/1200] QLEARNING RC2_4_3 run9 -> veh=8 dist=5191.86 cpu=182.171s valid=1
[1063/1200] CLASSIC RC2_4_5 run3 -> veh=10 dist=6225.78 cpu=76.206s valid=1
[1064/1200] CLASSIC RC2_4_5 run4 -> veh=10 dist=6222.32 cpu=75.8043s valid=1
[1065/1200] CLASSIC RC2_4_4 run2 -> veh=8 dist=3877.74 cpu=233.057s valid=1
[1066/1200] CLASSIC RC2_4_5 run7 -> veh=10 dist=6276.4 cpu=74.698s valid=1
[1067/1200] CLASSIC RC2_4_5 run8 -> veh=10 dist=6362.82 cpu=74.0091s valid=1
[1068/1200] CLASSIC RC2_4_4 run1 -> veh=8 dist=3703.66 cpu=247.299s valid=1
[1069/1200] CLASSIC RC2_4_5 run10 -> veh=10 dist=6161.81 cpu=74.8172s valid=1
[1070/1200] CLASSIC RC2_4_5 run6 -> veh=10 dist=6043.04 cpu=77.1365s valid=1
[1071/1200] CLASSIC RC2_4_4 run3 -> veh=8 dist=4000.57 cpu=231.907s valid=1
[1072/1200] CLASSIC RC2_4_5 run9 -> veh=10 dist=6178.38 cpu=75.6589s valid=1
[1073/1200] CLASSIC RC2_4_5 run5 -> veh=10 dist=5930.11 cpu=83.2854s valid=1
[1074/1200] QLEARNING RC2_4_5 run1 -> veh=10 dist=6101.6 cpu=79.6918s valid=1
[1075/1200] QLEARNING RC2_4_5 run2 -> veh=10 dist=6172.42 cpu=78.9094s valid=1
[1076/1200] QLEARNING RC2_4_4 run1 -> veh=8 dist=3738.23 cpu=222.987s valid=1
[1077/1200] QLEARNING RC2_4_5 run3 -> veh=10 dist=6038.25 cpu=80.8099s valid=1
[1078/1200] QLEARNING RC2_4_4 run2 -> veh=8 dist=3798.48 cpu=224.517s valid=1
[1079/1200] QLEARNING RC2_4_5 run4 -> veh=10 dist=6149.5 cpu=80.651s valid=1
[1080/1200] CLASSIC RC2_4_4 run6 -> veh=8 dist=3920.32 cpu=237.229s valid=1
[1081/1200] QLEARNING RC2_4_5 run5 -> veh=10 dist=6172.35 cpu=79.6295s valid=1
[1082/1200] CLASSIC RC2_4_4 run7 -> veh=8 dist=3798.08 cpu=242.869s valid=1
[1083/1200] CLASSIC RC2_4_4 run8 -> veh=8 dist=3808.09 cpu=243.114s valid=1
[1084/1200] QLEARNING RC2_4_5 run6 -> veh=10 dist=6113.67 cpu=79.429s valid=1
[1085/1200] CLASSIC RC2_4_4 run9 -> veh=8 dist=3827.07 cpu=246.23s valid=1
[1086/1200] CLASSIC RC2_4_4 run10 -> veh=8 dist=3839.1 cpu=247.895s valid=1
[1087/1200] CLASSIC RC2_4_4 run5 -> veh=8 dist=3777.27 cpu=256.565s valid=1
[1088/1200] CLASSIC RC2_4_4 run4 -> veh=8 dist=3732.14 cpu=268.68s valid=1
[1089/1200] QLEARNING RC2_4_4 run3 -> veh=8 dist=3829.74 cpu=215.763s valid=1
[1090/1200] QLEARNING RC2_4_4 run4 -> veh=8 dist=3838.87 cpu=215.832s valid=1
[1091/1200] QLEARNING RC2_4_4 run5 -> veh=8 dist=3742.22 cpu=218.257s valid=1
[1092/1200] QLEARNING RC2_4_4 run9 -> veh=8 dist=3714.94 cpu=209.711s valid=1
[1093/1200] QLEARNING RC2_4_4 run6 -> veh=8 dist=3824.45 cpu=213.205s valid=1
[1094/1200] QLEARNING RC2_4_4 run8 -> veh=8 dist=3789.21 cpu=212.987s valid=1
[1095/1200] QLEARNING RC2_4_4 run7 -> veh=8 dist=3700.24 cpu=214.813s valid=1
[1096/1200] QLEARNING RC2_4_5 run7 -> veh=10 dist=6172.26 cpu=78.7365s valid=1
[1097/1200] QLEARNING RC2_4_4 run10 -> veh=8 dist=3830.03 cpu=214.222s valid=1
[1098/1200] CLASSIC RC2_4_6 run2 -> veh=9 dist=6087.73 cpu=70.8995s valid=1
[1099/1200] CLASSIC RC2_4_6 run1 -> veh=9 dist=6094.8 cpu=72.0295s valid=1
[1100/1200] CLASSIC RC2_4_6 run4 -> veh=9 dist=6218.03 cpu=71.4569s valid=1
[1101/1200] CLASSIC RC2_4_6 run3 -> veh=9 dist=6032.96 cpu=73.6757s valid=1
[1102/1200] QLEARNING RC2_4_5 run9 -> veh=10 dist=5908.56 cpu=78.1052s valid=1
[1103/1200] QLEARNING RC2_4_5 run8 -> veh=10 dist=6071.38 cpu=78.6531s valid=1
[1104/1200] CLASSIC RC2_4_6 run6 -> veh=9 dist=6288.02 cpu=71.1603s valid=1
[1105/1200] CLASSIC RC2_4_6 run5 -> veh=9 dist=6224.19 cpu=73.0861s valid=1
[1106/1200] QLEARNING RC2_4_5 run10 -> veh=10 dist=6094.8 cpu=78.3962s valid=1
[1107/1200] CLASSIC RC2_4_6 run7 -> veh=9 dist=6145.61 cpu=72.6063s valid=1
[1108/1200] CLASSIC RC2_4_6 run8 -> veh=9 dist=5793.35 cpu=72.2081s valid=1
[1109/1200] CLASSIC RC2_4_6 run9 -> veh=9 dist=6259.89 cpu=72.3007s valid=1
[1110/1200] CLASSIC RC2_4_6 run10 -> veh=9 dist=6141.41 cpu=71.4245s valid=1
[1111/1200] QLEARNING RC2_4_6 run1 -> veh=9 dist=5847 cpu=75.1473s valid=1
[1112/1200] QLEARNING RC2_4_6 run2 -> veh=9 dist=5951.01 cpu=75.1251s valid=1
[1113/1200] QLEARNING RC2_4_6 run3 -> veh=9 dist=6055.66 cpu=73.7706s valid=1
[1114/1200] QLEARNING RC2_4_6 run4 -> veh=9 dist=6141.24 cpu=75.1976s valid=1
[1115/1200] QLEARNING RC2_4_6 run5 -> veh=9 dist=6136.13 cpu=75.0155s valid=1
[1116/1200] QLEARNING RC2_4_6 run6 -> veh=9 dist=5751.01 cpu=75.7867s valid=1
[1117/1200] QLEARNING RC2_4_6 run7 -> veh=9 dist=6088.92 cpu=75.5046s valid=1
[1118/1200] QLEARNING RC2_4_6 run8 -> veh=9 dist=6100.49 cpu=74.7535s valid=1
[1119/1200] QLEARNING RC2_4_6 run9 -> veh=9 dist=6067.86 cpu=74.8664s valid=1
[1120/1200] QLEARNING RC2_4_6 run10 -> veh=9 dist=6027.69 cpu=75.2775s valid=1
[1121/1200] CLASSIC RC2_4_7 run1 -> veh=8 dist=5970.76 cpu=97.4184s valid=1
[1122/1200] CLASSIC RC2_4_7 run2 -> veh=8 dist=5817.9 cpu=97.4778s valid=1
[1123/1200] CLASSIC RC2_4_7 run3 -> veh=8 dist=5919.55 cpu=96.8916s valid=1
[1124/1200] CLASSIC RC2_4_7 run4 -> veh=8 dist=5828.49 cpu=94.7178s valid=1
[1125/1200] CLASSIC RC2_4_7 run6 -> veh=8 dist=6050.79 cpu=97.1287s valid=1
[1126/1200] CLASSIC RC2_4_7 run7 -> veh=8 dist=6017.94 cpu=96.4509s valid=1
[1127/1200] CLASSIC RC2_4_7 run5 -> veh=8 dist=5928.84 cpu=98.969s valid=1
[1128/1200] CLASSIC RC2_4_7 run8 -> veh=8 dist=5921.58 cpu=95.1145s valid=1
[1129/1200] CLASSIC RC2_4_7 run9 -> veh=8 dist=6020.57 cpu=95.7627s valid=1
[1130/1200] CLASSIC RC2_4_7 run10 -> veh=8 dist=6042.27 cpu=96.9185s valid=1
[1131/1200] QLEARNING RC2_4_7 run2 -> veh=8 dist=5810.81 cpu=100.316s valid=1
[1132/1200] QLEARNING RC2_4_7 run1 -> veh=8 dist=5799.71 cpu=101.132s valid=1
[1133/1200] QLEARNING RC2_4_7 run3 -> veh=8 dist=5805.88 cpu=101.155s valid=1
[1134/1200] QLEARNING RC2_4_7 run5 -> veh=8 dist=5881.17 cpu=100.096s valid=1
[1135/1200] QLEARNING RC2_4_7 run4 -> veh=8 dist=6031.24 cpu=100.447s valid=1
[1136/1200] QLEARNING RC2_4_7 run6 -> veh=8 dist=5944.3 cpu=101.465s valid=1
[1137/1200] QLEARNING RC2_4_7 run7 -> veh=8 dist=5798.62 cpu=101.492s valid=1
[1138/1200] QLEARNING RC2_4_7 run9 -> veh=9 dist=5581.62 cpu=98.3389s valid=1
[1139/1200] QLEARNING RC2_4_7 run8 -> veh=8 dist=5688.35 cpu=102.287s valid=1
[1140/1200] QLEARNING RC2_4_7 run10 -> veh=8 dist=5855.18 cpu=101.978s valid=1
[1141/1200] CLASSIC RC2_4_8 run1 -> veh=8 dist=5160.13 cpu=120.493s valid=1
[1142/1200] CLASSIC RC2_4_8 run2 -> veh=8 dist=5003.37 cpu=121.75s valid=1
[1143/1200] CLASSIC RC2_4_8 run3 -> veh=8 dist=5115.63 cpu=121.427s valid=1
[1144/1200] CLASSIC RC2_4_8 run4 -> veh=8 dist=5247.35 cpu=118.947s valid=1
[1145/1200] CLASSIC RC2_4_8 run7 -> veh=8 dist=5388.81 cpu=116.945s valid=1
[1146/1200] CLASSIC RC2_4_8 run5 -> veh=8 dist=5111.83 cpu=122.857s valid=1
[1147/1200] CLASSIC RC2_4_8 run6 -> veh=8 dist=4941.12 cpu=124.22s valid=1
[1148/1200] CLASSIC RC2_4_8 run10 -> veh=8 dist=5303.7 cpu=119.13s valid=1
[1149/1200] CLASSIC RC2_4_8 run9 -> veh=8 dist=5149.15 cpu=120.801s valid=1
[1150/1200] CLASSIC RC2_4_8 run8 -> veh=8 dist=5123.62 cpu=126.374s valid=1
[1151/1200] QLEARNING RC2_4_8 run1 -> veh=8 dist=5104.93 cpu=120.264s valid=1
[1152/1200] QLEARNING RC2_4_8 run2 -> veh=8 dist=5150.38 cpu=119.897s valid=1
[1153/1200] QLEARNING RC2_4_8 run3 -> veh=8 dist=5218.5 cpu=121.212s valid=1
[1154/1200] QLEARNING RC2_4_8 run5 -> veh=8 dist=5168.06 cpu=120.249s valid=1
[1155/1200] QLEARNING RC2_4_8 run4 -> veh=8 dist=5203.41 cpu=123.477s valid=1
[1156/1200] QLEARNING RC2_4_8 run6 -> veh=8 dist=5071.06 cpu=121.124s valid=1
[1157/1200] QLEARNING RC2_4_8 run7 -> veh=8 dist=5139.19 cpu=121.295s valid=1
[1158/1200] QLEARNING RC2_4_8 run8 -> veh=8 dist=5184.9 cpu=122.01s valid=1
[1159/1200] QLEARNING RC2_4_8 run9 -> veh=8 dist=5100.47 cpu=121.606s valid=1
[1160/1200] QLEARNING RC2_4_8 run10 -> veh=8 dist=5063.11 cpu=121.349s valid=1
[1161/1200] CLASSIC RC2_4_9 run1 -> veh=8 dist=5013.27 cpu=123.757s valid=1
[1162/1200] CLASSIC RC2_4_9 run2 -> veh=8 dist=5132.64 cpu=119.382s valid=1
[1163/1200] CLASSIC RC2_4_9 run4 -> veh=8 dist=4992.29 cpu=121.423s valid=1
[1164/1200] CLASSIC RC2_4_9 run5 -> veh=8 dist=5171.28 cpu=119.753s valid=1
[1165/1200] CLASSIC RC2_4_9 run3 -> veh=8 dist=5143.97 cpu=124.378s valid=1
[1166/1200] CLASSIC RC2_4_9 run7 -> veh=8 dist=5121.1 cpu=122.072s valid=1
[1167/1200] CLASSIC RC2_4_9 run9 -> veh=8 dist=4927.96 cpu=120.874s valid=1
[1168/1200] CLASSIC RC2_4_9 run6 -> veh=8 dist=4703.48 cpu=126.757s valid=1
[1169/1200] QLEARNING RC2_4_9 run1 -> veh=8 dist=4873.4 cpu=123.18s valid=1
[1170/1200] CLASSIC RC2_4_9 run10 -> veh=8 dist=4648.03 cpu=127.291s valid=1
[1171/1200] QLEARNING RC2_4_9 run2 -> veh=8 dist=4882.05 cpu=123.355s valid=1
[1172/1200] CLASSIC RC2_4_9 run8 -> veh=8 dist=4770.83 cpu=135.503s valid=1
[1173/1200] QLEARNING RC2_4_9 run4 -> veh=8 dist=4893.58 cpu=113.768s valid=1
[1174/1200] QLEARNING RC2_4_9 run3 -> veh=8 dist=4870.8 cpu=123.41s valid=1
[1175/1200] QLEARNING RC2_4_9 run5 -> veh=8 dist=4913.35 cpu=122.6s valid=1
[1176/1200] QLEARNING RC2_4_9 run6 -> veh=8 dist=4961.79 cpu=121.079s valid=1
[1177/1200] QLEARNING RC2_4_9 run7 -> veh=8 dist=4850.8 cpu=119.615s valid=1
[1178/1200] QLEARNING RC2_4_9 run8 -> veh=8 dist=4865.7 cpu=118.116s valid=1
[1179/1200] QLEARNING RC2_4_9 run10 -> veh=8 dist=4935.12 cpu=118.419s valid=1
[1180/1200] QLEARNING RC2_4_9 run9 -> veh=8 dist=4828.02 cpu=119.682s valid=1
[1181/1200] CLASSIC RC2_4_10 run1 -> veh=8 dist=4503.21 cpu=124.72s valid=1
[1182/1200] QLEARNING RC2_4_10 run2 -> veh=8 dist=4582.66 cpu=85.2429s valid=1
[1183/1200] CLASSIC RC2_4_10 run2 -> veh=8 dist=4470.37 cpu=136.26s valid=1
[1184/1200] CLASSIC RC2_4_10 run7 -> veh=8 dist=4593.03 cpu=99.7463s valid=1
[1185/1200] QLEARNING RC2_4_10 run6 -> veh=8 dist=4548.87 cpu=76.942s valid=1
[1186/1200] CLASSIC RC2_4_10 run3 -> veh=8 dist=4785.59 cpu=138.699s valid=1
[1187/1200] QLEARNING RC2_4_10 run4 -> veh=8 dist=4597.9 cpu=88.9548s valid=1
[1188/1200] QLEARNING RC2_4_10 run1 -> veh=8 dist=4563.57 cpu=98.5742s valid=1
[1189/1200] CLASSIC RC2_4_10 run5 -> veh=8 dist=4590.62 cpu=112.978s valid=1
[1190/1200] CLASSIC RC2_4_10 run8 -> veh=8 dist=4583.89 cpu=106.525s valid=1
[1191/1200] CLASSIC RC2_4_10 run4 -> veh=8 dist=4444.79 cpu=138.682s valid=1
[1192/1200] CLASSIC RC2_4_10 run9 -> veh=8 dist=4564.16 cpu=106.475s valid=1
[1193/1200] CLASSIC RC2_4_10 run6 -> veh=8 dist=4485.2 cpu=117.792s valid=1
[1194/1200] CLASSIC RC2_4_10 run10 -> veh=8 dist=4539.01 cpu=108.926s valid=1
[1195/1200] QLEARNING RC2_4_10 run10 -> veh=8 dist=4551.4 cpu=88.9438s valid=1
[1196/1200] QLEARNING RC2_4_10 run3 -> veh=8 dist=4601 cpu=108.025s valid=1
[1197/1200] QLEARNING RC2_4_10 run9 -> veh=8 dist=4530.48 cpu=93.7909s valid=1
[1198/1200] QLEARNING RC2_4_10 run5 -> veh=8 dist=4564.98 cpu=101.345s valid=1
[1199/1200] QLEARNING RC2_4_10 run8 -> veh=8 dist=4614.73 cpu=98.3569s valid=1
[1200/1200] QLEARNING RC2_4_10 run7 -> veh=8 dist=4517.17 cpu=101.203s valid=1
=== Fin size=400. Nuevas: 1200 | errores: 0 | Wall-clock: 0h 49m 54.9s ===
Campaña para size=400 finalizada.
