============================================================
Job ID:           55058
Nodo asignado:    n003
Workers asignados: 32
============================================================
=== Campana PARALELA | size=800 | hilos: 32 | params: (por defecto) ===
=== Instancias: 60 | corridas objetivo: 1200 | ya hechas: 0 | pendientes: 1200 ===
=== Maestro: /home/jose.osnayo/PFC_VRPTW/Experiments/results/master_gh800.csv (SOBRESCRIBE, se guarda corrida a corrida) ===
[1/1200] CLASSIC C1_8_1 run6 -> veh=80 dist=25184.4 cpu=113.607s valid=1
[2/1200] CLASSIC C1_8_1 run5 -> veh=80 dist=25184.4 cpu=116.585s valid=1
[3/1200] CLASSIC C1_8_1 run1 -> veh=80 dist=25184.4 cpu=117.263s valid=1
[4/1200] CLASSIC C1_8_1 run4 -> veh=80 dist=25184.4 cpu=117.852s valid=1
[5/1200] CLASSIC C1_8_1 run2 -> veh=80 dist=25184.4 cpu=118.262s valid=1
[6/1200] CLASSIC C1_8_1 run8 -> veh=80 dist=25184.4 cpu=119.858s valid=1
[7/1200] CLASSIC C1_8_1 run10 -> veh=80 dist=25184.4 cpu=120.066s valid=1
[8/1200] CLASSIC C1_8_1 run3 -> veh=80 dist=25184.4 cpu=120.92s valid=1
[9/1200] CLASSIC C1_8_1 run7 -> veh=80 dist=25184.4 cpu=121.22s valid=1
[10/1200] CLASSIC C1_8_1 run9 -> veh=80 dist=25184.4 cpu=123.397s valid=1
[11/1200] QLEARNING C1_8_1 run10 -> veh=80 dist=25184.4 cpu=131.571s valid=1
[12/1200] QLEARNING C1_8_1 run5 -> veh=80 dist=25184.4 cpu=135.677s valid=1
[13/1200] QLEARNING C1_8_1 run4 -> veh=80 dist=25184.4 cpu=136.019s valid=1
[14/1200] QLEARNING C1_8_1 run1 -> veh=80 dist=25184.4 cpu=136.178s valid=1
[15/1200] QLEARNING C1_8_1 run3 -> veh=80 dist=25184.4 cpu=136.256s valid=1
[16/1200] QLEARNING C1_8_1 run8 -> veh=80 dist=25184.4 cpu=137.019s valid=1
[17/1200] QLEARNING C1_8_1 run2 -> veh=80 dist=25184.4 cpu=137.222s valid=1
[18/1200] QLEARNING C1_8_1 run9 -> veh=80 dist=25184.4 cpu=138.415s valid=1
[19/1200] QLEARNING C1_8_1 run7 -> veh=80 dist=25184.4 cpu=139.005s valid=1
[20/1200] QLEARNING C1_8_1 run6 -> veh=80 dist=25184.4 cpu=141.873s valid=1
[21/1200] CLASSIC C1_8_2 run6 -> veh=75 dist=26431.5 cpu=225.898s valid=1
[22/1200] CLASSIC C1_8_2 run2 -> veh=76 dist=25817.6 cpu=227.421s valid=1
[23/1200] CLASSIC C1_8_2 run1 -> veh=76 dist=26522.4 cpu=228.611s valid=1
[24/1200] CLASSIC C1_8_2 run8 -> veh=76 dist=26560.3 cpu=230.004s valid=1
[25/1200] CLASSIC C1_8_2 run4 -> veh=76 dist=25977 cpu=230.162s valid=1
[26/1200] CLASSIC C1_8_2 run3 -> veh=76 dist=26249.3 cpu=232.761s valid=1
[27/1200] CLASSIC C1_8_2 run10 -> veh=76 dist=26159.6 cpu=233.825s valid=1
[28/1200] CLASSIC C1_8_2 run9 -> veh=76 dist=26674.3 cpu=233.939s valid=1
[29/1200] CLASSIC C1_8_2 run5 -> veh=75 dist=26864.3 cpu=234.181s valid=1
[30/1200] CLASSIC C1_8_2 run7 -> veh=76 dist=27926.8 cpu=236.229s valid=1
[31/1200] QLEARNING C1_8_2 run2 -> veh=76 dist=26339 cpu=297.965s valid=1
[32/1200] QLEARNING C1_8_2 run1 -> veh=75 dist=26824.8 cpu=298.593s valid=1
[33/1200] QLEARNING C1_8_2 run3 -> veh=76 dist=26414.3 cpu=299.276s valid=1
[34/1200] QLEARNING C1_8_2 run10 -> veh=75 dist=26159.1 cpu=293.265s valid=1
[35/1200] QLEARNING C1_8_2 run6 -> veh=76 dist=26095.7 cpu=297.081s valid=1
[36/1200] QLEARNING C1_8_2 run8 -> veh=76 dist=26349.6 cpu=300.057s valid=1
[37/1200] QLEARNING C1_8_2 run5 -> veh=76 dist=26074.7 cpu=303.794s valid=1
[38/1200] QLEARNING C1_8_2 run7 -> veh=75 dist=26453.4 cpu=303.197s valid=1
[39/1200] QLEARNING C1_8_2 run4 -> veh=76 dist=26245.1 cpu=307.11s valid=1
[40/1200] QLEARNING C1_8_2 run9 -> veh=76 dist=26358.7 cpu=306.544s valid=1
[41/1200] CLASSIC C1_8_3 run5 -> veh=72 dist=26410.3 cpu=298.435s valid=1
[42/1200] CLASSIC C1_8_3 run6 -> veh=72 dist=27111.9 cpu=301.374s valid=1
[43/1200] CLASSIC C1_8_3 run9 -> veh=72 dist=26850.9 cpu=304.775s valid=1
[44/1200] CLASSIC C1_8_3 run4 -> veh=72 dist=27243.2 cpu=312.328s valid=1
[45/1200] CLASSIC C1_8_3 run10 -> veh=72 dist=27103.1 cpu=311.098s valid=1
[46/1200] CLASSIC C1_8_3 run7 -> veh=72 dist=27549.6 cpu=313.361s valid=1
[47/1200] CLASSIC C1_8_3 run2 -> veh=72 dist=26947.7 cpu=328.216s valid=1
[48/1200] CLASSIC C1_8_3 run1 -> veh=72 dist=26987.8 cpu=330.898s valid=1
[49/1200] QLEARNING C1_8_3 run2 -> veh=72 dist=26521.6 cpu=325.746s valid=1
[50/1200] CLASSIC C1_8_3 run3 -> veh=72 dist=27058.4 cpu=336.227s valid=1
[51/1200] CLASSIC C1_8_3 run8 -> veh=72 dist=27097 cpu=332.503s valid=1
[52/1200] QLEARNING C1_8_3 run4 -> veh=72 dist=26347.6 cpu=261.552s valid=1
[53/1200] QLEARNING C1_8_3 run1 -> veh=72 dist=26260.1 cpu=353.293s valid=1
[54/1200] QLEARNING C1_8_3 run3 -> veh=72 dist=26381.7 cpu=294.188s valid=1
[55/1200] QLEARNING C1_8_3 run7 -> veh=72 dist=26280.7 cpu=294.224s valid=1
[56/1200] QLEARNING C1_8_3 run6 -> veh=72 dist=25890.3 cpu=299.527s valid=1
[57/1200] QLEARNING C1_8_3 run9 -> veh=72 dist=26170.5 cpu=300.184s valid=1
[58/1200] QLEARNING C1_8_3 run10 -> veh=72 dist=26135.9 cpu=314.653s valid=1
[59/1200] QLEARNING C1_8_3 run8 -> veh=72 dist=26088.8 cpu=328.185s valid=1
[60/1200] QLEARNING C1_8_3 run5 -> veh=72 dist=26102.2 cpu=358.758s valid=1
[61/1200] CLASSIC C1_8_5 run1 -> veh=81 dist=25587.8 cpu=125.314s valid=1
[62/1200] CLASSIC C1_8_5 run2 -> veh=80 dist=25166.3 cpu=126.996s valid=1
[63/1200] CLASSIC C1_8_5 run3 -> veh=80 dist=25169.7 cpu=127.376s valid=1
[64/1200] CLASSIC C1_8_5 run4 -> veh=80 dist=25166.3 cpu=125.257s valid=1
[65/1200] CLASSIC C1_8_5 run5 -> veh=80 dist=25166.3 cpu=126.746s valid=1
[66/1200] CLASSIC C1_8_5 run6 -> veh=80 dist=25220.7 cpu=123.094s valid=1
[67/1200] CLASSIC C1_8_4 run2 -> veh=72 dist=25607 cpu=407.647s valid=1
[68/1200] CLASSIC C1_8_5 run7 -> veh=80 dist=25166.3 cpu=123.925s valid=1
[69/1200] CLASSIC C1_8_5 run9 -> veh=80 dist=25166.3 cpu=124.259s valid=1
[70/1200] CLASSIC C1_8_5 run8 -> veh=80 dist=25182 cpu=128.807s valid=1
[71/1200] CLASSIC C1_8_5 run10 -> veh=80 dist=25200.9 cpu=123.069s valid=1
[72/1200] CLASSIC C1_8_4 run1 -> veh=72 dist=26548.3 cpu=450.862s valid=1
[73/1200] QLEARNING C1_8_5 run1 -> veh=80 dist=25166.3 cpu=151.006s valid=1
[74/1200] CLASSIC C1_8_4 run3 -> veh=72 dist=25729.7 cpu=422.905s valid=1
[75/1200] QLEARNING C1_8_5 run2 -> veh=80 dist=25167.4 cpu=153.171s valid=1
[76/1200] QLEARNING C1_8_5 run5 -> veh=80 dist=25166.3 cpu=151.084s valid=1
[77/1200] QLEARNING C1_8_5 run3 -> veh=80 dist=25166.3 cpu=156.551s valid=1
[78/1200] CLASSIC C1_8_4 run4 -> veh=72 dist=25870.2 cpu=452.698s valid=1
[79/1200] QLEARNING C1_8_5 run4 -> veh=80 dist=25169.7 cpu=158.825s valid=1
[80/1200] QLEARNING C1_8_4 run6 -> veh=72 dist=25644 cpu=318.962s valid=1
[81/1200] QLEARNING C1_8_5 run6 -> veh=80 dist=25169.7 cpu=156.687s valid=1
[82/1200] QLEARNING C1_8_5 run7 -> veh=80 dist=25182 cpu=153.485s valid=1
[83/1200] CLASSIC C1_8_4 run8 -> veh=72 dist=25803.3 cpu=357.151s valid=1
[84/1200] QLEARNING C1_8_4 run3 -> veh=72 dist=25601.3 cpu=348.006s valid=1
[85/1200] CLASSIC C1_8_6 run1 -> veh=80 dist=25272.8 cpu=127.573s valid=1
[86/1200] QLEARNING C1_8_4 run8 -> veh=72 dist=25475.4 cpu=338.219s valid=1
[87/1200] CLASSIC C1_8_6 run2 -> veh=80 dist=25246.5 cpu=132.391s valid=1
[88/1200] QLEARNING C1_8_5 run8 -> veh=80 dist=25166.3 cpu=151.721s valid=1
[89/1200] QLEARNING C1_8_5 run9 -> veh=80 dist=25167.6 cpu=152.156s valid=1
[90/1200] CLASSIC C1_8_6 run3 -> veh=80 dist=25594.9 cpu=128.229s valid=1
[91/1200] QLEARNING C1_8_5 run10 -> veh=80 dist=25166.9 cpu=154.216s valid=1
[92/1200] QLEARNING C1_8_4 run2 -> veh=72 dist=25813.7 cpu=382.927s valid=1
[93/1200] QLEARNING C1_8_4 run4 -> veh=72 dist=25355.8 cpu=377.033s valid=1
[94/1200] CLASSIC C1_8_6 run4 -> veh=81 dist=25778.4 cpu=132.131s valid=1
[95/1200] QLEARNING C1_8_4 run9 -> veh=72 dist=25329.5 cpu=381.362s valid=1
[96/1200] QLEARNING C1_8_4 run5 -> veh=72 dist=25429.1 cpu=392.475s valid=1
[97/1200] CLASSIC C1_8_6 run5 -> veh=80 dist=26424.4 cpu=129.79s valid=1
[98/1200] QLEARNING C1_8_4 run1 -> veh=72 dist=25698.9 cpu=422.107s valid=1
[99/1200] CLASSIC C1_8_4 run6 -> veh=72 dist=26857.2 cpu=432.761s valid=1
[100/1200] CLASSIC C1_8_6 run6 -> veh=81 dist=25592.1 cpu=131.531s valid=1
[101/1200] CLASSIC C1_8_4 run10 -> veh=72 dist=26320.5 cpu=443.988s valid=1
[102/1200] CLASSIC C1_8_4 run7 -> veh=72 dist=26980.3 cpu=453.355s valid=1
[103/1200] CLASSIC C1_8_4 run9 -> veh=72 dist=26719.9 cpu=448.22s valid=1
[104/1200] CLASSIC C1_8_6 run7 -> veh=80 dist=25247 cpu=131.34s valid=1
[105/1200] CLASSIC C1_8_4 run5 -> veh=72 dist=26351.4 cpu=461.698s valid=1
[106/1200] CLASSIC C1_8_6 run10 -> veh=81 dist=25964.8 cpu=125.718s valid=1
[107/1200] QLEARNING C1_8_4 run7 -> veh=72 dist=25468.2 cpu=428.231s valid=1
[108/1200] CLASSIC C1_8_6 run9 -> veh=80 dist=25231.8 cpu=128.612s valid=1
[109/1200] QLEARNING C1_8_4 run10 -> veh=72 dist=25264.3 cpu=425.757s valid=1
[110/1200] CLASSIC C1_8_6 run8 -> veh=80 dist=25917.3 cpu=132.014s valid=1
[111/1200] CLASSIC C1_8_7 run1 -> veh=80 dist=25183.3 cpu=116.344s valid=1
[112/1200] CLASSIC C1_8_7 run2 -> veh=80 dist=25314.2 cpu=119.344s valid=1
[113/1200] CLASSIC C1_8_7 run3 -> veh=82 dist=27577.4 cpu=120.718s valid=1
[114/1200] QLEARNING C1_8_6 run1 -> veh=80 dist=25163.5 cpu=170.514s valid=1
[115/1200] CLASSIC C1_8_7 run5 -> veh=80 dist=25646.5 cpu=112.232s valid=1
[116/1200] CLASSIC C1_8_7 run6 -> veh=81 dist=26801.4 cpu=111.637s valid=1
[117/1200] CLASSIC C1_8_7 run4 -> veh=81 dist=26147.6 cpu=124.047s valid=1
[118/1200] QLEARNING C1_8_6 run2 -> veh=80 dist=25162.5 cpu=174.815s valid=1
[119/1200] QLEARNING C1_8_6 run4 -> veh=80 dist=25203 cpu=169.605s valid=1
[120/1200] QLEARNING C1_8_6 run3 -> veh=80 dist=25232.2 cpu=174.263s valid=1
[121/1200] CLASSIC C1_8_7 run8 -> veh=80 dist=26267.5 cpu=114.559s valid=1
[122/1200] QLEARNING C1_8_6 run5 -> veh=80 dist=25162.5 cpu=173.166s valid=1
[123/1200] CLASSIC C1_8_7 run7 -> veh=80 dist=25165.8 cpu=125.046s valid=1
[124/1200] QLEARNING C1_8_6 run7 -> veh=80 dist=25188.7 cpu=172.629s valid=1
[125/1200] QLEARNING C1_8_6 run6 -> veh=80 dist=25162.5 cpu=176.33s valid=1
[126/1200] CLASSIC C1_8_7 run9 -> veh=80 dist=25235.1 cpu=119.462s valid=1
[127/1200] QLEARNING C1_8_6 run8 -> veh=80 dist=25232.2 cpu=174.208s valid=1
[128/1200] CLASSIC C1_8_7 run10 -> veh=80 dist=25249.2 cpu=116.875s valid=1
[129/1200] QLEARNING C1_8_6 run9 -> veh=80 dist=25162.5 cpu=175.654s valid=1
[130/1200] QLEARNING C1_8_6 run10 -> veh=80 dist=25168.4 cpu=176.463s valid=1
[131/1200] CLASSIC C1_8_8 run2 -> veh=78 dist=26642.6 cpu=113.788s valid=1
[132/1200] CLASSIC C1_8_8 run1 -> veh=77 dist=26213.3 cpu=119.712s valid=1
[133/1200] CLASSIC C1_8_8 run5 -> veh=78 dist=26664 cpu=96.0167s valid=1
[134/1200] QLEARNING C1_8_7 run1 -> veh=80 dist=25160.3 cpu=172.782s valid=1
[135/1200] CLASSIC C1_8_8 run3 -> veh=78 dist=26360.5 cpu=111.165s valid=1
[136/1200] CLASSIC C1_8_8 run4 -> veh=77 dist=26226.8 cpu=108.606s valid=1
[137/1200] QLEARNING C1_8_7 run2 -> veh=80 dist=25160 cpu=184.299s valid=1
[138/1200] CLASSIC C1_8_9 run1 -> veh=76 dist=29200.9 cpu=72.9764s valid=1
[139/1200] CLASSIC C1_8_8 run6 -> veh=77 dist=25827.9 cpu=117.514s valid=1
[140/1200] QLEARNING C1_8_7 run4 -> veh=80 dist=25200 cpu=174.76s valid=1
[141/1200] CLASSIC C1_8_8 run7 -> veh=78 dist=25960 cpu=116.771s valid=1
[142/1200] QLEARNING C1_8_7 run3 -> veh=80 dist=25181.1 cpu=178.224s valid=1
[143/1200] CLASSIC C1_8_8 run8 -> veh=77 dist=25950.6 cpu=118.165s valid=1
[144/1200] QLEARNING C1_8_7 run5 -> veh=80 dist=25164.9 cpu=178.762s valid=1
[145/1200] QLEARNING C1_8_7 run6 -> veh=80 dist=25166.3 cpu=176.68s valid=1
[146/1200] CLASSIC C1_8_8 run9 -> veh=78 dist=25617.7 cpu=115.586s valid=1
[147/1200] QLEARNING C1_8_7 run10 -> veh=80 dist=25184 cpu=173.069s valid=1
[148/1200] QLEARNING C1_8_7 run7 -> veh=80 dist=25166 cpu=177.494s valid=1
[149/1200] QLEARNING C1_8_7 run9 -> veh=80 dist=25165.3 cpu=179.058s valid=1
[150/1200] QLEARNING C1_8_7 run8 -> veh=80 dist=25184.5 cpu=180.362s valid=1
[151/1200] CLASSIC C1_8_8 run10 -> veh=78 dist=25621.1 cpu=118.671s valid=1
[152/1200] CLASSIC C1_8_9 run2 -> veh=75 dist=27285.3 cpu=93.516s valid=1
[153/1200] CLASSIC C1_8_9 run3 -> veh=76 dist=26684.5 cpu=87.9089s valid=1
[154/1200] CLASSIC C1_8_9 run4 -> veh=77 dist=27435.5 cpu=86.1779s valid=1
[155/1200] CLASSIC C1_8_9 run9 -> veh=75 dist=28011 cpu=63.6154s valid=1
[156/1200] CLASSIC C1_8_9 run7 -> veh=75 dist=26778.6 cpu=81.727s valid=1
[157/1200] CLASSIC C1_8_9 run6 -> veh=76 dist=26939.1 cpu=90.4203s valid=1
[158/1200] CLASSIC C1_8_9 run8 -> veh=75 dist=27758 cpu=87.4122s valid=1
[159/1200] CLASSIC C1_8_9 run5 -> veh=75 dist=26680.5 cpu=96.3396s valid=1
[160/1200] QLEARNING C1_8_8 run1 -> veh=77 dist=25715.3 cpu=180.923s valid=1
[161/1200] CLASSIC C1_8_9 run10 -> veh=75 dist=26331.2 cpu=91.7212s valid=1
[162/1200] QLEARNING C1_8_8 run2 -> veh=77 dist=25643.6 cpu=187.041s valid=1
[163/1200] QLEARNING C1_8_8 run3 -> veh=78 dist=25430.5 cpu=190.28s valid=1
[164/1200] QLEARNING C1_8_8 run4 -> veh=77 dist=25378.4 cpu=191.585s valid=1
[165/1200] QLEARNING C1_8_8 run7 -> veh=78 dist=25653 cpu=185.333s valid=1
[166/1200] QLEARNING C1_8_8 run9 -> veh=78 dist=25445.6 cpu=183.942s valid=1
[167/1200] QLEARNING C1_8_8 run10 -> veh=77 dist=25756.6 cpu=187.357s valid=1
[168/1200] QLEARNING C1_8_8 run5 -> veh=77 dist=25678.1 cpu=193.934s valid=1
[169/1200] QLEARNING C1_8_8 run8 -> veh=78 dist=25394 cpu=191.746s valid=1
[170/1200] QLEARNING C1_8_8 run6 -> veh=77 dist=25537 cpu=196.72s valid=1
[171/1200] CLASSIC C1_8_10 run2 -> veh=75 dist=27451.7 cpu=110.823s valid=1
[172/1200] CLASSIC C1_8_10 run1 -> veh=75 dist=27052.1 cpu=115.404s valid=1
[173/1200] CLASSIC C1_8_10 run3 -> veh=74 dist=27839.4 cpu=116.452s valid=1
[174/1200] CLASSIC C1_8_10 run4 -> veh=74 dist=27054.8 cpu=118.127s valid=1
[175/1200] QLEARNING C1_8_9 run6 -> veh=75 dist=26351.3 cpu=145.635s valid=1
[176/1200] CLASSIC C1_8_10 run6 -> veh=75 dist=26959.4 cpu=111.287s valid=1
[177/1200] CLASSIC C1_8_10 run7 -> veh=74 dist=26731.4 cpu=97.8071s valid=1
[178/1200] QLEARNING C1_8_9 run3 -> veh=74 dist=26595.3 cpu=160.847s valid=1
[179/1200] QLEARNING C1_8_9 run5 -> veh=75 dist=25414.6 cpu=163.18s valid=1
[180/1200] QLEARNING C1_8_9 run2 -> veh=75 dist=25935.4 cpu=179.574s valid=1
[181/1200] CLASSIC C1_8_10 run9 -> veh=75 dist=27138.6 cpu=117.941s valid=1
[182/1200] QLEARNING C1_8_9 run9 -> veh=75 dist=26368 cpu=178.023s valid=1
[183/1200] QLEARNING C1_8_9 run4 -> veh=74 dist=25834.9 cpu=183.153s valid=1
[184/1200] QLEARNING C1_8_9 run8 -> veh=75 dist=25603.2 cpu=184.658s valid=1
[185/1200] QLEARNING C1_8_9 run1 -> veh=75 dist=25693.5 cpu=192.463s valid=1
[186/1200] CLASSIC C1_8_10 run8 -> veh=74 dist=27116 cpu=130.918s valid=1
[187/1200] QLEARNING C1_8_9 run7 -> veh=75 dist=26131.9 cpu=188.764s valid=1
[188/1200] CLASSIC C1_8_10 run5 -> veh=74 dist=28118.4 cpu=166.474s valid=1
[189/1200] QLEARNING C1_8_9 run10 -> veh=75 dist=25655.6 cpu=209.445s valid=1
[190/1200] CLASSIC C1_8_10 run10 -> veh=74 dist=27494.6 cpu=151.55s valid=1
[191/1200] CLASSIC C2_8_1 run1 -> veh=26 dist=13691.2 cpu=148.716s valid=1
[192/1200] CLASSIC C2_8_1 run2 -> veh=25 dist=13840.4 cpu=152.725s valid=1
[193/1200] CLASSIC C2_8_1 run5 -> veh=26 dist=13693.4 cpu=142.928s valid=1
[194/1200] CLASSIC C2_8_1 run4 -> veh=25 dist=13097.9 cpu=149.468s valid=1
[195/1200] QLEARNING C1_8_10 run1 -> veh=74 dist=25590.5 cpu=206.184s valid=1
[196/1200] CLASSIC C2_8_1 run3 -> veh=25 dist=13172.9 cpu=153.872s valid=1
[197/1200] QLEARNING C1_8_10 run3 -> veh=74 dist=25326.2 cpu=196.519s valid=1
[198/1200] CLASSIC C2_8_1 run6 -> veh=26 dist=13716.6 cpu=147.87s valid=1
[199/1200] QLEARNING C1_8_10 run7 -> veh=74 dist=25400.3 cpu=196.251s valid=1
[200/1200] QLEARNING C1_8_10 run5 -> veh=74 dist=25902.7 cpu=202.605s valid=1
[201/1200] CLASSIC C2_8_1 run7 -> veh=25 dist=13081.1 cpu=150.781s valid=1
[202/1200] QLEARNING C1_8_10 run2 -> veh=74 dist=26153 cpu=221.399s valid=1
[203/1200] QLEARNING C1_8_10 run9 -> veh=74 dist=25557.3 cpu=195.729s valid=1
[204/1200] CLASSIC C2_8_1 run9 -> veh=26 dist=13708.5 cpu=150.185s valid=1
[205/1200] QLEARNING C1_8_10 run8 -> veh=74 dist=26059.1 cpu=202.695s valid=1
[206/1200] CLASSIC C2_8_1 run10 -> veh=25 dist=13108.7 cpu=145.257s valid=1
[207/1200] CLASSIC C2_8_1 run8 -> veh=26 dist=13957.5 cpu=156.683s valid=1
[208/1200] QLEARNING C1_8_10 run4 -> veh=74 dist=26073.1 cpu=228.858s valid=1
[209/1200] QLEARNING C1_8_10 run10 -> veh=74 dist=26352 cpu=222.512s valid=1
[210/1200] QLEARNING C1_8_10 run6 -> veh=74 dist=25187 cpu=239.785s valid=1
[211/1200] QLEARNING C2_8_1 run1 -> veh=25 dist=12583.2 cpu=176.382s valid=1
[212/1200] QLEARNING C2_8_1 run2 -> veh=25 dist=12137.4 cpu=172.829s valid=1
[213/1200] QLEARNING C2_8_1 run3 -> veh=25 dist=12529.6 cpu=173.902s valid=1
[214/1200] QLEARNING C2_8_1 run7 -> veh=25 dist=12673.2 cpu=170.635s valid=1
[215/1200] QLEARNING C2_8_1 run5 -> veh=25 dist=12422.4 cpu=175.812s valid=1
[216/1200] QLEARNING C2_8_1 run4 -> veh=25 dist=12656.1 cpu=177.312s valid=1
[217/1200] QLEARNING C2_8_1 run6 -> veh=25 dist=12615.7 cpu=172.898s valid=1
[218/1200] QLEARNING C2_8_1 run8 -> veh=25 dist=12344.3 cpu=171.182s valid=1
[219/1200] QLEARNING C2_8_1 run9 -> veh=25 dist=12554.3 cpu=175.2s valid=1
[220/1200] QLEARNING C2_8_1 run10 -> veh=25 dist=12598.4 cpu=174.943s valid=1
[221/1200] CLASSIC C2_8_2 run1 -> veh=24 dist=12346.4 cpu=481.126s valid=1
[222/1200] CLASSIC C2_8_2 run2 -> veh=24 dist=12695.2 cpu=478.723s valid=1
[223/1200] CLASSIC C2_8_2 run3 -> veh=24 dist=12242.6 cpu=490.352s valid=1
[224/1200] CLASSIC C2_8_2 run6 -> veh=24 dist=12200.6 cpu=479.181s valid=1
[225/1200] CLASSIC C2_8_2 run4 -> veh=24 dist=12101.4 cpu=494.069s valid=1
[226/1200] CLASSIC C2_8_2 run5 -> veh=24 dist=12271.3 cpu=489.044s valid=1
[227/1200] CLASSIC C2_8_2 run8 -> veh=24 dist=12383.7 cpu=491.027s valid=1
[228/1200] CLASSIC C2_8_2 run9 -> veh=24 dist=12155.2 cpu=486.2s valid=1
[229/1200] CLASSIC C2_8_2 run7 -> veh=24 dist=11941.4 cpu=500.169s valid=1
[230/1200] CLASSIC C2_8_2 run10 -> veh=24 dist=12451.6 cpu=493.252s valid=1
[231/1200] QLEARNING C2_8_2 run3 -> veh=24 dist=11951.7 cpu=614.083s valid=1
[232/1200] QLEARNING C2_8_2 run4 -> veh=24 dist=11886.7 cpu=618.803s valid=1
[233/1200] QLEARNING C2_8_2 run1 -> veh=24 dist=11724.3 cpu=623.59s valid=1
[234/1200] QLEARNING C2_8_2 run2 -> veh=24 dist=11738.1 cpu=622.411s valid=1
[235/1200] QLEARNING C2_8_2 run8 -> veh=24 dist=11728.4 cpu=617.774s valid=1
[236/1200] QLEARNING C2_8_2 run7 -> veh=24 dist=11915.4 cpu=621.199s valid=1
[237/1200] QLEARNING C2_8_2 run5 -> veh=24 dist=11701.2 cpu=625.182s valid=1
[238/1200] QLEARNING C2_8_2 run6 -> veh=24 dist=11788.4 cpu=627.977s valid=1
[239/1200] QLEARNING C2_8_2 run9 -> veh=24 dist=11804.5 cpu=627.405s valid=1
[240/1200] QLEARNING C2_8_2 run10 -> veh=24 dist=11991.5 cpu=620.035s valid=1
[241/1200] CLASSIC C2_8_3 run1 -> veh=24 dist=12206.3 cpu=774.078s valid=1
[242/1200] CLASSIC C2_8_3 run3 -> veh=24 dist=12434.4 cpu=769.814s valid=1
[243/1200] CLASSIC C2_8_3 run2 -> veh=24 dist=12305.1 cpu=779.495s valid=1
[244/1200] CLASSIC C2_8_3 run4 -> veh=24 dist=11917.1 cpu=779.209s valid=1
[245/1200] CLASSIC C2_8_3 run5 -> veh=24 dist=11856 cpu=778.893s valid=1
[246/1200] CLASSIC C2_8_3 run9 -> veh=24 dist=12418.9 cpu=780.234s valid=1
[247/1200] CLASSIC C2_8_3 run6 -> veh=24 dist=11848.5 cpu=784.347s valid=1
[248/1200] CLASSIC C2_8_3 run7 -> veh=24 dist=12527.4 cpu=784.45s valid=1
[249/1200] CLASSIC C2_8_3 run10 -> veh=24 dist=12131.4 cpu=789.517s valid=1
[250/1200] CLASSIC C2_8_3 run8 -> veh=24 dist=11868.6 cpu=793.966s valid=1
[251/1200] QLEARNING C2_8_3 run1 -> veh=24 dist=11988.2 cpu=894.383s valid=1
[252/1200] QLEARNING C2_8_3 run2 -> veh=24 dist=11572.4 cpu=902.95s valid=1
[253/1200] CLASSIC C2_8_5 run1 -> veh=26 dist=13835.5 cpu=201.649s valid=1
[254/1200] CLASSIC C2_8_5 run2 -> veh=25 dist=12539.3 cpu=198.808s valid=1
[255/1200] CLASSIC C2_8_5 run3 -> veh=25 dist=13319.6 cpu=187.606s valid=1
[256/1200] CLASSIC C2_8_5 run4 -> veh=26 dist=13917.7 cpu=201.236s valid=1
[257/1200] CLASSIC C2_8_5 run5 -> veh=25 dist=12833.1 cpu=180.799s valid=1
[258/1200] CLASSIC C2_8_5 run6 -> veh=25 dist=13236.6 cpu=203.495s valid=1
[259/1200] QLEARNING C2_8_3 run3 -> veh=24 dist=11564 cpu=883.15s valid=1
[260/1200] QLEARNING C2_8_3 run4 -> veh=24 dist=11676.6 cpu=899.801s valid=1
[261/1200] CLASSIC C2_8_5 run7 -> veh=25 dist=13116.2 cpu=177.492s valid=1
[262/1200] QLEARNING C2_8_3 run5 -> veh=24 dist=11643 cpu=885.881s valid=1
[263/1200] QLEARNING C2_8_3 run7 -> veh=24 dist=11863.4 cpu=888.405s valid=1
[264/1200] QLEARNING C2_8_3 run6 -> veh=24 dist=11721.7 cpu=892.002s valid=1
[265/1200] QLEARNING C2_8_3 run9 -> veh=24 dist=11571.2 cpu=883.597s valid=1
[266/1200] QLEARNING C2_8_3 run8 -> veh=24 dist=11577.2 cpu=888.212s valid=1
[267/1200] CLASSIC C2_8_5 run8 -> veh=26 dist=13553.4 cpu=196.261s valid=1
[268/1200] QLEARNING C2_8_3 run10 -> veh=24 dist=11661.7 cpu=914.216s valid=1
[269/1200] CLASSIC C2_8_5 run9 -> veh=26 dist=13904.9 cpu=192.218s valid=1
[270/1200] CLASSIC C2_8_5 run10 -> veh=25 dist=13077.3 cpu=183.851s valid=1
[271/1200] CLASSIC C2_8_4 run1 -> veh=23 dist=11588.9 cpu=970.132s valid=1
[272/1200] CLASSIC C2_8_4 run2 -> veh=23 dist=12245.6 cpu=999.251s valid=1
[273/1200] QLEARNING C2_8_5 run2 -> veh=25 dist=12805.5 cpu=199.098s valid=1
[274/1200] QLEARNING C2_8_5 run1 -> veh=25 dist=12191.4 cpu=232.559s valid=1
[275/1200] CLASSIC C2_8_4 run3 -> veh=23 dist=11724.2 cpu=928.992s valid=1
[276/1200] QLEARNING C2_8_5 run8 -> veh=25 dist=12445.2 cpu=199.606s valid=1
[277/1200] QLEARNING C2_8_5 run5 -> veh=25 dist=12853.7 cpu=207.742s valid=1
[278/1200] QLEARNING C2_8_5 run3 -> veh=25 dist=12437.9 cpu=233.147s valid=1
[279/1200] QLEARNING C2_8_5 run4 -> veh=25 dist=12903 cpu=229.26s valid=1
[280/1200] QLEARNING C2_8_5 run7 -> veh=25 dist=12592.6 cpu=224.753s valid=1
[281/1200] QLEARNING C2_8_5 run6 -> veh=25 dist=13978.6 cpu=241.227s valid=1
[282/1200] QLEARNING C2_8_5 run9 -> veh=25 dist=12822.6 cpu=224.386s valid=1
[283/1200] QLEARNING C2_8_5 run10 -> veh=25 dist=12409.2 cpu=236.464s valid=1
[284/1200] CLASSIC C2_8_4 run5 -> veh=23 dist=12419 cpu=1007.68s valid=1
[285/1200] CLASSIC C2_8_4 run7 -> veh=23 dist=12376.1 cpu=1005.63s valid=1
[286/1200] CLASSIC C2_8_4 run4 -> veh=23 dist=12628.9 cpu=1029.16s valid=1
[287/1200] QLEARNING C2_8_4 run2 -> veh=23 dist=11814.2 cpu=1013.29s valid=1
[288/1200] CLASSIC C2_8_4 run8 -> veh=23 dist=12911.5 cpu=1025.83s valid=1
[289/1200] CLASSIC C2_8_4 run9 -> veh=23 dist=12711 cpu=1038.56s valid=1
[290/1200] CLASSIC C2_8_4 run10 -> veh=23 dist=12010.7 cpu=1036.79s valid=1
[291/1200] QLEARNING C2_8_4 run1 -> veh=23 dist=11710.4 cpu=1034.91s valid=1
[292/1200] CLASSIC C2_8_4 run6 -> veh=23 dist=11253.5 cpu=1078.2s valid=1
[293/1200] CLASSIC C2_8_6 run1 -> veh=25 dist=12730.5 cpu=306.241s valid=1
[294/1200] CLASSIC C2_8_6 run2 -> veh=25 dist=13244.7 cpu=299.94s valid=1
[295/1200] CLASSIC C2_8_6 run3 -> veh=25 dist=12805.4 cpu=303.861s valid=1
[296/1200] CLASSIC C2_8_6 run4 -> veh=25 dist=13544.8 cpu=296.559s valid=1
[297/1200] CLASSIC C2_8_6 run5 -> veh=25 dist=12775.8 cpu=300.997s valid=1
[298/1200] CLASSIC C2_8_6 run6 -> veh=25 dist=13345.9 cpu=315.832s valid=1
[299/1200] QLEARNING C2_8_4 run4 -> veh=23 dist=11806.6 cpu=1027.78s valid=1
[300/1200] CLASSIC C2_8_6 run7 -> veh=25 dist=12770.2 cpu=300.563s valid=1
[301/1200] QLEARNING C2_8_4 run3 -> veh=23 dist=11790.1 cpu=1042.55s valid=1
[302/1200] CLASSIC C2_8_6 run8 -> veh=25 dist=12683.7 cpu=295.883s valid=1
[303/1200] QLEARNING C2_8_4 run8 -> veh=23 dist=11840.5 cpu=1012.12s valid=1
[304/1200] QLEARNING C2_8_4 run10 -> veh=23 dist=11717.1 cpu=1007.2s valid=1
[305/1200] CLASSIC C2_8_6 run9 -> veh=25 dist=13068 cpu=307.34s valid=1
[306/1200] CLASSIC C2_8_6 run10 -> veh=25 dist=13028.2 cpu=306.701s valid=1
[307/1200] QLEARNING C2_8_4 run5 -> veh=23 dist=11845.2 cpu=1051.73s valid=1
[308/1200] QLEARNING C2_8_4 run6 -> veh=23 dist=11870.6 cpu=1044.61s valid=1
[309/1200] QLEARNING C2_8_4 run7 -> veh=23 dist=11659 cpu=1038.87s valid=1
[310/1200] QLEARNING C2_8_6 run2 -> veh=25 dist=12349.1 cpu=305.858s valid=1
[311/1200] QLEARNING C2_8_4 run9 -> veh=23 dist=11873.2 cpu=1054.61s valid=1
[312/1200] QLEARNING C2_8_6 run1 -> veh=25 dist=12263.8 cpu=338.311s valid=1
[313/1200] QLEARNING C2_8_6 run7 -> veh=25 dist=12775.6 cpu=276.157s valid=1
[314/1200] QLEARNING C2_8_6 run4 -> veh=25 dist=12473.2 cpu=307.381s valid=1
[315/1200] QLEARNING C2_8_6 run3 -> veh=25 dist=12232.2 cpu=329.341s valid=1
[316/1200] QLEARNING C2_8_6 run6 -> veh=25 dist=12440 cpu=292.686s valid=1
[317/1200] QLEARNING C2_8_6 run5 -> veh=25 dist=12496.1 cpu=312.951s valid=1
[318/1200] QLEARNING C2_8_6 run8 -> veh=25 dist=12729.1 cpu=295.894s valid=1
[319/1200] QLEARNING C2_8_6 run10 -> veh=24 dist=12379.8 cpu=320.164s valid=1
[320/1200] QLEARNING C2_8_6 run9 -> veh=25 dist=12307.3 cpu=325.793s valid=1
[321/1200] CLASSIC C2_8_7 run1 -> veh=25 dist=12850.1 cpu=352.756s valid=1
[322/1200] CLASSIC C2_8_7 run2 -> veh=26 dist=12968.2 cpu=371.79s valid=1
[323/1200] CLASSIC C2_8_7 run3 -> veh=26 dist=13103.3 cpu=370.635s valid=1
[324/1200] CLASSIC C2_8_7 run4 -> veh=25 dist=13343.3 cpu=365.956s valid=1
[325/1200] CLASSIC C2_8_7 run5 -> veh=25 dist=13373 cpu=363.026s valid=1
[326/1200] CLASSIC C2_8_7 run7 -> veh=25 dist=12731.6 cpu=352.509s valid=1
[327/1200] CLASSIC C2_8_7 run6 -> veh=25 dist=12634.2 cpu=369.28s valid=1
[328/1200] CLASSIC C2_8_7 run8 -> veh=25 dist=12912.8 cpu=365.642s valid=1
[329/1200] CLASSIC C2_8_7 run9 -> veh=25 dist=12822.2 cpu=349.671s valid=1
[330/1200] CLASSIC C2_8_7 run10 -> veh=25 dist=12890.6 cpu=351.988s valid=1
[331/1200] QLEARNING C2_8_7 run1 -> veh=25 dist=12493.5 cpu=367.84s valid=1
[332/1200] CLASSIC C2_8_8 run3 -> veh=25 dist=13434 cpu=311.624s valid=1
[333/1200] QLEARNING C2_8_7 run2 -> veh=25 dist=12498.2 cpu=369.572s valid=1
[334/1200] QLEARNING C2_8_7 run8 -> veh=25 dist=12607.8 cpu=357.032s valid=1
[335/1200] QLEARNING C2_8_7 run5 -> veh=25 dist=12599.5 cpu=376.283s valid=1
[336/1200] CLASSIC C2_8_8 run4 -> veh=25 dist=13404.2 cpu=331.344s valid=1
[337/1200] QLEARNING C2_8_7 run9 -> veh=25 dist=12457.6 cpu=364.212s valid=1
[338/1200] QLEARNING C2_8_7 run6 -> veh=25 dist=12455.5 cpu=374.67s valid=1
[339/1200] CLASSIC C2_8_8 run1 -> veh=25 dist=13549.1 cpu=360.354s valid=1
[340/1200] CLASSIC C2_8_8 run2 -> veh=25 dist=13115.4 cpu=353.298s valid=1
[341/1200] QLEARNING C2_8_7 run4 -> veh=25 dist=12962.4 cpu=389.898s valid=1
[342/1200] QLEARNING C2_8_7 run3 -> veh=25 dist=12548.6 cpu=391.861s valid=1
[343/1200] QLEARNING C2_8_7 run7 -> veh=25 dist=12512.5 cpu=386.138s valid=1
[344/1200] QLEARNING C2_8_7 run10 -> veh=25 dist=13135.7 cpu=374.59s valid=1
[345/1200] CLASSIC C2_8_8 run5 -> veh=25 dist=12552.4 cpu=353.056s valid=1
[346/1200] CLASSIC C2_8_8 run7 -> veh=25 dist=13317.8 cpu=338.966s valid=1
[347/1200] CLASSIC C2_8_8 run6 -> veh=25 dist=12808.2 cpu=349.673s valid=1
[348/1200] CLASSIC C2_8_8 run8 -> veh=25 dist=13367 cpu=342.376s valid=1
[349/1200] CLASSIC C2_8_8 run9 -> veh=25 dist=12953.2 cpu=346.638s valid=1
[350/1200] CLASSIC C2_8_8 run10 -> veh=25 dist=13163.6 cpu=344.905s valid=1
[351/1200] QLEARNING C2_8_8 run2 -> veh=25 dist=12369 cpu=346.207s valid=1
[352/1200] QLEARNING C2_8_8 run1 -> veh=24 dist=12655.9 cpu=355.002s valid=1
[353/1200] QLEARNING C2_8_8 run3 -> veh=25 dist=12449.6 cpu=348.712s valid=1
[354/1200] QLEARNING C2_8_8 run4 -> veh=25 dist=12467.5 cpu=333.419s valid=1
[355/1200] QLEARNING C2_8_8 run5 -> veh=25 dist=12497.6 cpu=349.754s valid=1
[356/1200] QLEARNING C2_8_8 run6 -> veh=25 dist=12508.4 cpu=341.616s valid=1
[357/1200] QLEARNING C2_8_8 run9 -> veh=25 dist=12258.5 cpu=315.088s valid=1
[358/1200] QLEARNING C2_8_8 run7 -> veh=25 dist=12486.8 cpu=351.449s valid=1
[359/1200] QLEARNING C2_8_8 run8 -> veh=25 dist=12453.5 cpu=356.215s valid=1
[360/1200] QLEARNING C2_8_8 run10 -> veh=25 dist=12584.9 cpu=333.825s valid=1
[361/1200] CLASSIC C2_8_9 run1 -> veh=25 dist=12960.6 cpu=463.498s valid=1
[362/1200] CLASSIC C2_8_9 run2 -> veh=25 dist=12280.2 cpu=484.483s valid=1
[363/1200] CLASSIC C2_8_9 run5 -> veh=25 dist=12375.4 cpu=474.82s valid=1
[364/1200] CLASSIC C2_8_9 run3 -> veh=25 dist=12480.2 cpu=485.825s valid=1
[365/1200] CLASSIC C2_8_9 run4 -> veh=25 dist=13166.1 cpu=482.908s valid=1
[366/1200] CLASSIC C2_8_9 run8 -> veh=25 dist=12856.1 cpu=464.563s valid=1
[367/1200] CLASSIC C2_8_10 run1 -> veh=24 dist=12093.5 cpu=418.741s valid=1
[368/1200] CLASSIC C2_8_9 run9 -> veh=25 dist=12178.2 cpu=470.583s valid=1
[369/1200] CLASSIC C2_8_9 run6 -> veh=25 dist=12515.1 cpu=479.052s valid=1
[370/1200] CLASSIC C2_8_9 run7 -> veh=25 dist=12305.4 cpu=475.814s valid=1
[371/1200] CLASSIC C2_8_9 run10 -> veh=25 dist=12266.9 cpu=477.832s valid=1
[372/1200] QLEARNING C2_8_9 run4 -> veh=25 dist=11901.1 cpu=483.884s valid=1
[373/1200] QLEARNING C2_8_9 run3 -> veh=25 dist=11901.9 cpu=491.739s valid=1
[374/1200] QLEARNING C2_8_9 run2 -> veh=25 dist=12096.6 cpu=504.335s valid=1
[375/1200] QLEARNING C2_8_9 run1 -> veh=25 dist=11975.5 cpu=516.229s valid=1
[376/1200] QLEARNING C2_8_9 run5 -> veh=25 dist=11943.1 cpu=508.989s valid=1
[377/1200] QLEARNING C2_8_9 run7 -> veh=25 dist=11939.7 cpu=501.765s valid=1
[378/1200] QLEARNING C2_8_9 run8 -> veh=25 dist=12063.9 cpu=502.325s valid=1
[379/1200] QLEARNING C2_8_9 run6 -> veh=24 dist=12918.9 cpu=514.491s valid=1
[380/1200] CLASSIC C2_8_10 run2 -> veh=24 dist=13393 cpu=487.193s valid=1
[381/1200] QLEARNING C2_8_9 run9 -> veh=25 dist=11902.7 cpu=517.338s valid=1
[382/1200] QLEARNING C2_8_9 run10 -> veh=25 dist=12376.1 cpu=519.684s valid=1
[383/1200] CLASSIC C2_8_10 run4 -> veh=24 dist=13148.6 cpu=486.361s valid=1
[384/1200] CLASSIC R1_8_1 run4 -> veh=80 dist=39254.9 cpu=89.6752s valid=1
[385/1200] CLASSIC R1_8_1 run1 -> veh=80 dist=39723.8 cpu=117.822s valid=1
[386/1200] CLASSIC R1_8_1 run3 -> veh=80 dist=40531.5 cpu=126.601s valid=1
[387/1200] CLASSIC R1_8_1 run2 -> veh=80 dist=44030.4 cpu=135.662s valid=1
[388/1200] CLASSIC C2_8_10 run6 -> veh=25 dist=13117.3 cpu=472.311s valid=1
[389/1200] CLASSIC C2_8_10 run5 -> veh=25 dist=12495.1 cpu=479.665s valid=1
[390/1200] CLASSIC C2_8_10 run3 -> veh=24 dist=12086.1 cpu=529.527s valid=1
[391/1200] CLASSIC C2_8_10 run7 -> veh=25 dist=13571.7 cpu=471.411s valid=1
[392/1200] CLASSIC R1_8_1 run5 -> veh=80 dist=43955.4 cpu=135.528s valid=1
[393/1200] CLASSIC R1_8_1 run6 -> veh=80 dist=40117.2 cpu=126.453s valid=1
[394/1200] CLASSIC R1_8_1 run8 -> veh=80 dist=40240.1 cpu=123.407s valid=1
[395/1200] CLASSIC R1_8_1 run7 -> veh=80 dist=41434.5 cpu=128.917s valid=1
[396/1200] CLASSIC R1_8_1 run9 -> veh=80 dist=41199.6 cpu=122.864s valid=1
[397/1200] CLASSIC C2_8_10 run9 -> veh=25 dist=12795.4 cpu=457.577s valid=1
[398/1200] CLASSIC R1_8_1 run10 -> veh=80 dist=43625.6 cpu=137.629s valid=1
[399/1200] CLASSIC C2_8_10 run8 -> veh=24 dist=12339 cpu=496.327s valid=1
[400/1200] QLEARNING C2_8_10 run2 -> veh=25 dist=12060.7 cpu=449.145s valid=1
[401/1200] QLEARNING R1_8_1 run1 -> veh=80 dist=40531.3 cpu=160.924s valid=1
[402/1200] QLEARNING R1_8_1 run3 -> veh=80 dist=41689.6 cpu=152.267s valid=1
[403/1200] QLEARNING C2_8_10 run1 -> veh=24 dist=12587.6 cpu=471.13s valid=1
[404/1200] CLASSIC C2_8_10 run10 -> veh=25 dist=12790.7 cpu=483.17s valid=1
[405/1200] QLEARNING R1_8_1 run4 -> veh=80 dist=38008.6 cpu=152.971s valid=1
[406/1200] QLEARNING R1_8_1 run2 -> veh=80 dist=40426.5 cpu=160.6s valid=1
[407/1200] QLEARNING R1_8_1 run6 -> veh=80 dist=37910.2 cpu=155.268s valid=1
[408/1200] QLEARNING R1_8_1 run5 -> veh=80 dist=40098.8 cpu=158.228s valid=1
[409/1200] QLEARNING R1_8_1 run7 -> veh=80 dist=42334.1 cpu=157.037s valid=1
[410/1200] QLEARNING R1_8_1 run8 -> veh=80 dist=40530 cpu=153.463s valid=1
[411/1200] QLEARNING R1_8_1 run9 -> veh=80 dist=40327.3 cpu=151.504s valid=1
[412/1200] QLEARNING R1_8_1 run10 -> veh=80 dist=40136.2 cpu=160.897s valid=1
[413/1200] QLEARNING C2_8_10 run3 -> veh=24 dist=12405.1 cpu=444.11s valid=1
[414/1200] CLASSIC R1_8_2 run1 -> veh=72 dist=39865.2 cpu=226.717s valid=1
[415/1200] CLASSIC R1_8_2 run2 -> veh=72 dist=39157.2 cpu=235.3s valid=1
[416/1200] QLEARNING C2_8_10 run5 -> veh=24 dist=12481.2 cpu=401.395s valid=1
[417/1200] CLASSIC R1_8_2 run3 -> veh=72 dist=40428.3 cpu=236.602s valid=1
[418/1200] CLASSIC R1_8_2 run4 -> veh=72 dist=39051.6 cpu=234.37s valid=1
[419/1200] CLASSIC R1_8_2 run5 -> veh=72 dist=40026.2 cpu=240.527s valid=1
[420/1200] CLASSIC R1_8_2 run8 -> veh=72 dist=39825.6 cpu=230.337s valid=1
[421/1200] CLASSIC R1_8_2 run7 -> veh=72 dist=40087.1 cpu=232.889s valid=1
[422/1200] CLASSIC R1_8_2 run6 -> veh=72 dist=40355 cpu=240.26s valid=1
[423/1200] CLASSIC R1_8_2 run9 -> veh=72 dist=39904.1 cpu=237.856s valid=1
[424/1200] QLEARNING C2_8_10 run4 -> veh=25 dist=12201.5 cpu=459.634s valid=1
[425/1200] CLASSIC R1_8_2 run10 -> veh=72 dist=40126.4 cpu=231.373s valid=1
[426/1200] QLEARNING C2_8_10 run6 -> veh=25 dist=12113 cpu=436.951s valid=1
[427/1200] QLEARNING C2_8_10 run7 -> veh=25 dist=12218.2 cpu=459.089s valid=1
[428/1200] QLEARNING R1_8_2 run1 -> veh=72 dist=38864.6 cpu=281.195s valid=1
[429/1200] QLEARNING C2_8_10 run10 -> veh=25 dist=12093.5 cpu=481.743s valid=1
[430/1200] QLEARNING C2_8_10 run9 -> veh=25 dist=12129.8 cpu=488.847s valid=1
[431/1200] QLEARNING C2_8_10 run8 -> veh=24 dist=12651.3 cpu=498.836s valid=1
[432/1200] QLEARNING R1_8_2 run3 -> veh=72 dist=38547.4 cpu=297.738s valid=1
[433/1200] QLEARNING R1_8_2 run5 -> veh=72 dist=38896.2 cpu=293.911s valid=1
[434/1200] QLEARNING R1_8_2 run2 -> veh=72 dist=38593.7 cpu=300.142s valid=1
[435/1200] QLEARNING R1_8_2 run4 -> veh=72 dist=38931.7 cpu=297.636s valid=1
[436/1200] QLEARNING R1_8_2 run7 -> veh=72 dist=38871.5 cpu=295.337s valid=1
[437/1200] QLEARNING R1_8_2 run8 -> veh=72 dist=37724.4 cpu=295.151s valid=1
[438/1200] QLEARNING R1_8_2 run6 -> veh=72 dist=39218.4 cpu=301.179s valid=1
[439/1200] QLEARNING R1_8_2 run9 -> veh=72 dist=37496.3 cpu=291.537s valid=1
[440/1200] QLEARNING R1_8_2 run10 -> veh=72 dist=38911.5 cpu=293.814s valid=1
[441/1200] CLASSIC R1_8_3 run3 -> veh=72 dist=34818.3 cpu=367.428s valid=1
[442/1200] CLASSIC R1_8_3 run1 -> veh=72 dist=34109.8 cpu=385.49s valid=1
[443/1200] CLASSIC R1_8_3 run2 -> veh=72 dist=34386.9 cpu=378.662s valid=1
[444/1200] CLASSIC R1_8_3 run4 -> veh=72 dist=34198.4 cpu=371.816s valid=1
[445/1200] CLASSIC R1_8_3 run5 -> veh=72 dist=32989.2 cpu=350.4s valid=1
[446/1200] CLASSIC R1_8_3 run7 -> veh=72 dist=33638.6 cpu=365.219s valid=1
[447/1200] CLASSIC R1_8_3 run8 -> veh=72 dist=34065.3 cpu=371.628s valid=1
[448/1200] CLASSIC R1_8_3 run6 -> veh=72 dist=34706.3 cpu=389.538s valid=1
[449/1200] CLASSIC R1_8_3 run9 -> veh=72 dist=33797.2 cpu=374.482s valid=1
[450/1200] CLASSIC R1_8_3 run10 -> veh=72 dist=33996.8 cpu=381.299s valid=1
[451/1200] QLEARNING R1_8_3 run1 -> veh=72 dist=33474.8 cpu=399.724s valid=1
[452/1200] QLEARNING R1_8_3 run8 -> veh=72 dist=33408.8 cpu=391.627s valid=1
[453/1200] QLEARNING R1_8_3 run3 -> veh=72 dist=33461.6 cpu=417.241s valid=1
[454/1200] QLEARNING R1_8_3 run2 -> veh=72 dist=33174.1 cpu=420.609s valid=1
[455/1200] QLEARNING R1_8_3 run5 -> veh=72 dist=33320.1 cpu=417.642s valid=1
[456/1200] QLEARNING R1_8_3 run6 -> veh=72 dist=33445.4 cpu=416.371s valid=1
[457/1200] QLEARNING R1_8_3 run4 -> veh=72 dist=33457.2 cpu=425.453s valid=1
[458/1200] QLEARNING R1_8_3 run9 -> veh=72 dist=33313.8 cpu=395.233s valid=1
[459/1200] QLEARNING R1_8_3 run7 -> veh=72 dist=33219.2 cpu=422.257s valid=1
[460/1200] CLASSIC R1_8_5 run1 -> veh=72 dist=46825.8 cpu=114.444s valid=1
[461/1200] CLASSIC R1_8_5 run2 -> veh=72 dist=46440.3 cpu=112.065s valid=1
[462/1200] QLEARNING R1_8_3 run10 -> veh=72 dist=33625 cpu=427.596s valid=1
[463/1200] CLASSIC R1_8_5 run3 -> veh=72 dist=44439.7 cpu=111.191s valid=1
[464/1200] CLASSIC R1_8_5 run4 -> veh=72 dist=44327.6 cpu=110.738s valid=1
[465/1200] CLASSIC R1_8_5 run6 -> veh=72 dist=43459.3 cpu=110.047s valid=1
[466/1200] CLASSIC R1_8_5 run5 -> veh=72 dist=46730.8 cpu=113.012s valid=1
[467/1200] CLASSIC R1_8_5 run7 -> veh=72 dist=44503.5 cpu=114.168s valid=1
[468/1200] CLASSIC R1_8_5 run9 -> veh=73 dist=38567.1 cpu=109.709s valid=1
[469/1200] CLASSIC R1_8_5 run8 -> veh=72 dist=45686.6 cpu=112.993s valid=1
[470/1200] CLASSIC R1_8_5 run10 -> veh=72 dist=48188.3 cpu=110.135s valid=1
[471/1200] QLEARNING R1_8_5 run1 -> veh=73 dist=37883.1 cpu=133.997s valid=1
[472/1200] QLEARNING R1_8_5 run3 -> veh=73 dist=37706.6 cpu=130.82s valid=1
[473/1200] QLEARNING R1_8_5 run2 -> veh=72 dist=47120 cpu=139.363s valid=1
[474/1200] QLEARNING R1_8_5 run4 -> veh=72 dist=43889.9 cpu=131.329s valid=1
[475/1200] QLEARNING R1_8_5 run5 -> veh=73 dist=37222.3 cpu=134.649s valid=1
[476/1200] QLEARNING R1_8_5 run6 -> veh=73 dist=37858.7 cpu=129.112s valid=1
[477/1200] CLASSIC R1_8_4 run1 -> veh=72 dist=31556.9 cpu=584.531s valid=1
[478/1200] QLEARNING R1_8_5 run7 -> veh=73 dist=37573 cpu=128.207s valid=1
[479/1200] QLEARNING R1_8_5 run8 -> veh=73 dist=37153.2 cpu=132.939s valid=1
[480/1200] QLEARNING R1_8_4 run1 -> veh=72 dist=31067.2 cpu=520.429s valid=1
[481/1200] CLASSIC R1_8_4 run3 -> veh=72 dist=32161.3 cpu=588.342s valid=1
[482/1200] CLASSIC R1_8_4 run2 -> veh=72 dist=31647 cpu=596.497s valid=1
[483/1200] QLEARNING R1_8_5 run10 -> veh=73 dist=37641.3 cpu=132.508s valid=1
[484/1200] QLEARNING R1_8_5 run9 -> veh=73 dist=37320.7 cpu=134.86s valid=1
[485/1200] QLEARNING R1_8_4 run2 -> veh=72 dist=30624.3 cpu=531.276s valid=1
[486/1200] CLASSIC R1_8_4 run5 -> veh=72 dist=31562 cpu=581.869s valid=1
[487/1200] CLASSIC R1_8_4 run7 -> veh=72 dist=31645.9 cpu=584.171s valid=1
[488/1200] CLASSIC R1_8_4 run6 -> veh=72 dist=32260.3 cpu=589.654s valid=1
[489/1200] CLASSIC R1_8_4 run10 -> veh=72 dist=32171.1 cpu=584.621s valid=1
[490/1200] CLASSIC R1_8_4 run4 -> veh=72 dist=31015.1 cpu=596.117s valid=1
[491/1200] CLASSIC R1_8_4 run9 -> veh=72 dist=31791.8 cpu=590.331s valid=1
[492/1200] CLASSIC R1_8_4 run8 -> veh=72 dist=31245.6 cpu=617.331s valid=1
[493/1200] QLEARNING R1_8_4 run3 -> veh=72 dist=30603.4 cpu=519.21s valid=1
[494/1200] CLASSIC R1_8_6 run2 -> veh=72 dist=36035.9 cpu=233.276s valid=1
[495/1200] CLASSIC R1_8_6 run1 -> veh=72 dist=37335.2 cpu=254.343s valid=1
[496/1200] CLASSIC R1_8_6 run3 -> veh=72 dist=36729.1 cpu=244.041s valid=1
[497/1200] QLEARNING R1_8_4 run5 -> veh=72 dist=31162.4 cpu=564.129s valid=1
[498/1200] QLEARNING R1_8_4 run6 -> veh=72 dist=31002.8 cpu=576.766s valid=1
[499/1200] QLEARNING R1_8_4 run4 -> veh=72 dist=31249.1 cpu=599.906s valid=1
[500/1200] CLASSIC R1_8_6 run4 -> veh=72 dist=37023.3 cpu=256.464s valid=1
[501/1200] CLASSIC R1_8_6 run6 -> veh=72 dist=36515.6 cpu=238.71s valid=1
[502/1200] CLASSIC R1_8_6 run5 -> veh=72 dist=37243.3 cpu=256.046s valid=1
[503/1200] QLEARNING R1_8_4 run10 -> veh=72 dist=31011.3 cpu=523.914s valid=1
[504/1200] QLEARNING R1_8_4 run9 -> veh=72 dist=31198.9 cpu=532.104s valid=1
[505/1200] QLEARNING R1_8_4 run8 -> veh=72 dist=31252 cpu=544.819s valid=1
[506/1200] CLASSIC R1_8_6 run7 -> veh=72 dist=37652.9 cpu=247.377s valid=1
[507/1200] QLEARNING R1_8_4 run7 -> veh=72 dist=31260.3 cpu=602.526s valid=1
[508/1200] CLASSIC R1_8_6 run10 -> veh=72 dist=36608.9 cpu=244.806s valid=1
[509/1200] CLASSIC R1_8_6 run9 -> veh=72 dist=36888.8 cpu=247.029s valid=1
[510/1200] CLASSIC R1_8_6 run8 -> veh=72 dist=36634.7 cpu=256.738s valid=1
[511/1200] QLEARNING R1_8_6 run1 -> veh=72 dist=36150.2 cpu=289.439s valid=1
[512/1200] QLEARNING R1_8_6 run2 -> veh=72 dist=35361 cpu=291.044s valid=1
[513/1200] QLEARNING R1_8_6 run5 -> veh=72 dist=35668.1 cpu=296.776s valid=1
[514/1200] QLEARNING R1_8_6 run3 -> veh=72 dist=35976.5 cpu=307.152s valid=1
[515/1200] QLEARNING R1_8_6 run4 -> veh=72 dist=35493.4 cpu=307.513s valid=1
[516/1200] QLEARNING R1_8_6 run6 -> veh=72 dist=35971.3 cpu=310.227s valid=1
[517/1200] QLEARNING R1_8_6 run7 -> veh=72 dist=36006.2 cpu=304.495s valid=1
[518/1200] QLEARNING R1_8_6 run10 -> veh=72 dist=35745.4 cpu=286.215s valid=1
[519/1200] QLEARNING R1_8_6 run8 -> veh=72 dist=35938.6 cpu=303.133s valid=1
[520/1200] QLEARNING R1_8_6 run9 -> veh=72 dist=35501.2 cpu=310.343s valid=1
[521/1200] CLASSIC R1_8_7 run1 -> veh=72 dist=33946.2 cpu=376.309s valid=1
[522/1200] CLASSIC R1_8_7 run3 -> veh=72 dist=33438.4 cpu=391.257s valid=1
[523/1200] CLASSIC R1_8_7 run2 -> veh=72 dist=34299.3 cpu=394.636s valid=1
[524/1200] CLASSIC R1_8_7 run4 -> veh=72 dist=33245.2 cpu=378.933s valid=1
[525/1200] CLASSIC R1_8_7 run5 -> veh=72 dist=33735.5 cpu=380.895s valid=1
[526/1200] CLASSIC R1_8_7 run6 -> veh=72 dist=34017.2 cpu=391.513s valid=1
[527/1200] CLASSIC R1_8_7 run7 -> veh=72 dist=33294.4 cpu=386.252s valid=1
[528/1200] CLASSIC R1_8_7 run8 -> veh=72 dist=33624 cpu=382.639s valid=1
[529/1200] CLASSIC R1_8_7 run9 -> veh=72 dist=33090.3 cpu=385.389s valid=1
[530/1200] CLASSIC R1_8_7 run10 -> veh=72 dist=33117.4 cpu=378.924s valid=1
[531/1200] QLEARNING R1_8_7 run3 -> veh=72 dist=32550.2 cpu=402.034s valid=1
[532/1200] QLEARNING R1_8_7 run1 -> veh=72 dist=32707.8 cpu=420.804s valid=1
[533/1200] QLEARNING R1_8_7 run8 -> veh=72 dist=32449.1 cpu=385.903s valid=1
[534/1200] QLEARNING R1_8_7 run4 -> veh=72 dist=32855.9 cpu=406.057s valid=1
[535/1200] QLEARNING R1_8_7 run6 -> veh=72 dist=32631.5 cpu=397.079s valid=1
[536/1200] QLEARNING R1_8_7 run5 -> veh=72 dist=32628 cpu=407.254s valid=1
[537/1200] QLEARNING R1_8_7 run2 -> veh=72 dist=32140.2 cpu=416.1s valid=1
[538/1200] QLEARNING R1_8_7 run9 -> veh=72 dist=32166.9 cpu=398.656s valid=1
[539/1200] QLEARNING R1_8_7 run7 -> veh=72 dist=32664.4 cpu=427.161s valid=1
[540/1200] QLEARNING R1_8_7 run10 -> veh=72 dist=32436.1 cpu=424.885s valid=1
[541/1200] CLASSIC R1_8_9 run1 -> veh=72 dist=39883.2 cpu=128.546s valid=1
[542/1200] CLASSIC R1_8_9 run2 -> veh=72 dist=40115 cpu=128.993s valid=1
[543/1200] CLASSIC R1_8_9 run3 -> veh=72 dist=39129.1 cpu=123.841s valid=1
[544/1200] CLASSIC R1_8_9 run4 -> veh=72 dist=39705.6 cpu=126.521s valid=1
[545/1200] CLASSIC R1_8_9 run7 -> veh=72 dist=39815.6 cpu=125.657s valid=1
[546/1200] CLASSIC R1_8_9 run5 -> veh=72 dist=39477.9 cpu=130.829s valid=1
[547/1200] CLASSIC R1_8_9 run6 -> veh=72 dist=41007.6 cpu=128.435s valid=1
[548/1200] CLASSIC R1_8_9 run8 -> veh=72 dist=40159.3 cpu=127.175s valid=1
[549/1200] CLASSIC R1_8_9 run9 -> veh=72 dist=39397.9 cpu=129.979s valid=1
[550/1200] CLASSIC R1_8_9 run10 -> veh=72 dist=39702.6 cpu=118.657s valid=1
[551/1200] QLEARNING R1_8_9 run1 -> veh=72 dist=37766.8 cpu=147.139s valid=1
[552/1200] QLEARNING R1_8_9 run2 -> veh=72 dist=37797.7 cpu=142.72s valid=1
[553/1200] QLEARNING R1_8_9 run3 -> veh=72 dist=37996.5 cpu=147.448s valid=1
[554/1200] QLEARNING R1_8_9 run4 -> veh=72 dist=37775.2 cpu=139.937s valid=1
[555/1200] CLASSIC R1_8_8 run1 -> veh=72 dist=31369.3 cpu=598.851s valid=1
[556/1200] CLASSIC R1_8_8 run2 -> veh=72 dist=31673.6 cpu=619.142s valid=1
[557/1200] QLEARNING R1_8_9 run5 -> veh=72 dist=39615.7 cpu=145.225s valid=1
[558/1200] QLEARNING R1_8_8 run1 -> veh=72 dist=30733 cpu=547.415s valid=1
[559/1200] QLEARNING R1_8_9 run6 -> veh=72 dist=38922 cpu=144.836s valid=1
[560/1200] QLEARNING R1_8_9 run7 -> veh=72 dist=38496.3 cpu=143.878s valid=1
[561/1200] QLEARNING R1_8_9 run9 -> veh=72 dist=38537.6 cpu=147.145s valid=1
[562/1200] QLEARNING R1_8_9 run10 -> veh=72 dist=39006.1 cpu=144.865s valid=1
[563/1200] QLEARNING R1_8_9 run8 -> veh=72 dist=38839.7 cpu=149.151s valid=1
[564/1200] QLEARNING R1_8_8 run2 -> veh=72 dist=30718.4 cpu=547.051s valid=1
[565/1200] CLASSIC R1_8_8 run4 -> veh=72 dist=31965.5 cpu=603.959s valid=1
[566/1200] CLASSIC R1_8_10 run2 -> veh=72 dist=36786.8 cpu=149.815s valid=1
[567/1200] CLASSIC R1_8_8 run6 -> veh=72 dist=31103.1 cpu=592.067s valid=1
[568/1200] CLASSIC R1_8_8 run3 -> veh=72 dist=31884.1 cpu=616.466s valid=1
[569/1200] CLASSIC R1_8_10 run1 -> veh=72 dist=37589.7 cpu=158.151s valid=1
[570/1200] CLASSIC R1_8_8 run5 -> veh=72 dist=31908.2 cpu=601.294s valid=1
[571/1200] CLASSIC R1_8_8 run10 -> veh=72 dist=30957.6 cpu=585.648s valid=1
[572/1200] CLASSIC R1_8_8 run7 -> veh=72 dist=31859.5 cpu=623.708s valid=1
[573/1200] CLASSIC R1_8_8 run9 -> veh=72 dist=31354.6 cpu=620.671s valid=1
[574/1200] CLASSIC R1_8_10 run3 -> veh=72 dist=37278.3 cpu=154.836s valid=1
[575/1200] CLASSIC R1_8_10 run4 -> veh=72 dist=37170 cpu=155.912s valid=1
[576/1200] CLASSIC R1_8_8 run8 -> veh=72 dist=31095.6 cpu=643.118s valid=1
[577/1200] CLASSIC R1_8_10 run5 -> veh=72 dist=36464.6 cpu=147.879s valid=1
[578/1200] CLASSIC R1_8_10 run6 -> veh=72 dist=37162.6 cpu=156.768s valid=1
[579/1200] QLEARNING R1_8_8 run3 -> veh=72 dist=30793.3 cpu=567.81s valid=1
[580/1200] CLASSIC R1_8_10 run7 -> veh=72 dist=37377.2 cpu=156.26s valid=1
[581/1200] QLEARNING R1_8_8 run6 -> veh=72 dist=30825 cpu=555.774s valid=1
[582/1200] CLASSIC R1_8_10 run8 -> veh=72 dist=37438.9 cpu=150.725s valid=1
[583/1200] QLEARNING R1_8_8 run4 -> veh=72 dist=30898.7 cpu=576.286s valid=1
[584/1200] QLEARNING R1_8_8 run5 -> veh=72 dist=30833.7 cpu=580.985s valid=1
[585/1200] CLASSIC R1_8_10 run9 -> veh=72 dist=36806.5 cpu=150.262s valid=1
[586/1200] CLASSIC R1_8_10 run10 -> veh=72 dist=36790.2 cpu=153.481s valid=1
[587/1200] QLEARNING R1_8_10 run1 -> veh=72 dist=35867.8 cpu=166.135s valid=1
[588/1200] QLEARNING R1_8_10 run2 -> veh=72 dist=35705.3 cpu=174.081s valid=1
[589/1200] QLEARNING R1_8_10 run4 -> veh=72 dist=35991.5 cpu=171.192s valid=1
[590/1200] QLEARNING R1_8_10 run3 -> veh=72 dist=35815.8 cpu=172.714s valid=1
[591/1200] QLEARNING R1_8_10 run6 -> veh=72 dist=35735 cpu=172.233s valid=1
[592/1200] QLEARNING R1_8_10 run5 -> veh=72 dist=35922.1 cpu=179.199s valid=1
[593/1200] QLEARNING R1_8_10 run7 -> veh=72 dist=36162.1 cpu=171.957s valid=1
[594/1200] QLEARNING R1_8_10 run9 -> veh=72 dist=35683 cpu=169.331s valid=1
[595/1200] QLEARNING R1_8_10 run8 -> veh=72 dist=36062.6 cpu=172.639s valid=1
[596/1200] QLEARNING R1_8_10 run10 -> veh=72 dist=35841.5 cpu=172.476s valid=1
[597/1200] QLEARNING R1_8_8 run8 -> veh=72 dist=30703.4 cpu=575.284s valid=1
[598/1200] QLEARNING R1_8_8 run9 -> veh=72 dist=30880.5 cpu=565.516s valid=1
[599/1200] QLEARNING R1_8_8 run7 -> veh=72 dist=30720.2 cpu=625.028s valid=1
[600/1200] CLASSIC R2_8_1 run3 -> veh=15 dist=30221.8 cpu=212.594s valid=1
[601/1200] CLASSIC R2_8_1 run1 -> veh=15 dist=30177.6 cpu=215.722s valid=1
[602/1200] CLASSIC R2_8_1 run2 -> veh=15 dist=28864.3 cpu=216.609s valid=1
[603/1200] QLEARNING R1_8_8 run10 -> veh=72 dist=30840.6 cpu=593.157s valid=1
[604/1200] CLASSIC R2_8_1 run4 -> veh=15 dist=29213 cpu=210.415s valid=1
[605/1200] CLASSIC R2_8_1 run5 -> veh=15 dist=31604.3 cpu=210.303s valid=1
[606/1200] CLASSIC R2_8_1 run7 -> veh=15 dist=31937.2 cpu=209.006s valid=1
[607/1200] CLASSIC R2_8_1 run6 -> veh=15 dist=29230.2 cpu=225.899s valid=1
[608/1200] CLASSIC R2_8_1 run9 -> veh=15 dist=31355.4 cpu=207.666s valid=1
[609/1200] CLASSIC R2_8_1 run10 -> veh=15 dist=30518.7 cpu=210.908s valid=1
[610/1200] CLASSIC R2_8_1 run8 -> veh=15 dist=29198.4 cpu=237.083s valid=1
[611/1200] QLEARNING R2_8_1 run1 -> veh=15 dist=30937.2 cpu=218.559s valid=1
[612/1200] QLEARNING R2_8_1 run2 -> veh=15 dist=30679.8 cpu=217.774s valid=1
[613/1200] QLEARNING R2_8_1 run3 -> veh=15 dist=32287.5 cpu=216.613s valid=1
[614/1200] QLEARNING R2_8_1 run4 -> veh=15 dist=30385.9 cpu=216.415s valid=1
[615/1200] QLEARNING R2_8_1 run5 -> veh=15 dist=30528.6 cpu=217.302s valid=1
[616/1200] QLEARNING R2_8_1 run6 -> veh=15 dist=31290.9 cpu=218.798s valid=1
[617/1200] QLEARNING R2_8_1 run7 -> veh=15 dist=32352.4 cpu=215.483s valid=1
[618/1200] QLEARNING R2_8_1 run8 -> veh=15 dist=30300.8 cpu=221.513s valid=1
[619/1200] QLEARNING R2_8_1 run9 -> veh=15 dist=31059 cpu=212.185s valid=1
[620/1200] QLEARNING R2_8_1 run10 -> veh=15 dist=32651.4 cpu=221.153s valid=1
[621/1200] CLASSIC R2_8_2 run3 -> veh=15 dist=24955.6 cpu=744.091s valid=1
[622/1200] CLASSIC R2_8_2 run2 -> veh=15 dist=25020.5 cpu=756.761s valid=1
[623/1200] CLASSIC R2_8_2 run4 -> veh=15 dist=23850.1 cpu=762.698s valid=1
[624/1200] CLASSIC R2_8_2 run5 -> veh=15 dist=23762.4 cpu=772.165s valid=1
[625/1200] CLASSIC R2_8_2 run9 -> veh=15 dist=24181.2 cpu=775.467s valid=1
[626/1200] CLASSIC R2_8_2 run7 -> veh=15 dist=24256.8 cpu=781.538s valid=1
[627/1200] CLASSIC R2_8_2 run1 -> veh=15 dist=23776.4 cpu=796.71s valid=1
[628/1200] CLASSIC R2_8_2 run8 -> veh=15 dist=24128.8 cpu=780.974s valid=1
[629/1200] CLASSIC R2_8_2 run10 -> veh=15 dist=24001.3 cpu=780.07s valid=1
[630/1200] CLASSIC R2_8_2 run6 -> veh=15 dist=24273.3 cpu=789.558s valid=1
[631/1200] QLEARNING R2_8_2 run1 -> veh=15 dist=23843.3 cpu=929.099s valid=1
[632/1200] QLEARNING R2_8_2 run2 -> veh=15 dist=23856.1 cpu=924.07s valid=1
[633/1200] QLEARNING R2_8_2 run3 -> veh=15 dist=24062.7 cpu=929.372s valid=1
[634/1200] QLEARNING R2_8_2 run4 -> veh=15 dist=24382.7 cpu=937.482s valid=1
[635/1200] QLEARNING R2_8_2 run5 -> veh=15 dist=23952.1 cpu=936.477s valid=1
[636/1200] QLEARNING R2_8_2 run6 -> veh=15 dist=24327.4 cpu=926.182s valid=1
[637/1200] QLEARNING R2_8_2 run10 -> veh=15 dist=24304.5 cpu=928.942s valid=1
[638/1200] QLEARNING R2_8_2 run7 -> veh=15 dist=24354.3 cpu=960.369s valid=1
[639/1200] QLEARNING R2_8_2 run9 -> veh=15 dist=23921.8 cpu=959.863s valid=1
[640/1200] QLEARNING R2_8_2 run8 -> veh=15 dist=24105.1 cpu=968.533s valid=1
[641/1200] CLASSIC R2_8_3 run3 -> veh=15 dist=19401.8 cpu=1256.63s valid=1
[642/1200] CLASSIC R2_8_3 run4 -> veh=15 dist=19100.9 cpu=1256.57s valid=1
[643/1200] CLASSIC R2_8_3 run9 -> veh=15 dist=19377.3 cpu=1261.31s valid=1
[644/1200] CLASSIC R2_8_3 run7 -> veh=15 dist=18905.8 cpu=1273.75s valid=1
[645/1200] CLASSIC R2_8_3 run8 -> veh=15 dist=19599.6 cpu=1266.78s valid=1
[646/1200] CLASSIC R2_8_3 run5 -> veh=15 dist=18450.8 cpu=1292.1s valid=1
[647/1200] CLASSIC R2_8_3 run6 -> veh=15 dist=18620.9 cpu=1288.39s valid=1
[648/1200] CLASSIC R2_8_3 run1 -> veh=15 dist=18649.9 cpu=1323.55s valid=1
[649/1200] CLASSIC R2_8_3 run10 -> veh=15 dist=18905.3 cpu=1273.07s valid=1
[650/1200] CLASSIC R2_8_3 run2 -> veh=15 dist=18683.1 cpu=1345.21s valid=1
[651/1200] QLEARNING R2_8_3 run1 -> veh=15 dist=18567.3 cpu=1436.02s valid=1
[652/1200] QLEARNING R2_8_3 run2 -> veh=15 dist=18743.8 cpu=1437.33s valid=1
[653/1200] CLASSIC R2_8_5 run1 -> veh=15 dist=26341.6 cpu=260.756s valid=1
[654/1200] CLASSIC R2_8_5 run2 -> veh=15 dist=27549.1 cpu=252.594s valid=1
[655/1200] CLASSIC R2_8_5 run3 -> veh=15 dist=25295.4 cpu=266.771s valid=1
[656/1200] CLASSIC R2_8_5 run4 -> veh=15 dist=26809.9 cpu=268.089s valid=1
[657/1200] CLASSIC R2_8_5 run6 -> veh=15 dist=26181.6 cpu=251.316s valid=1
[658/1200] CLASSIC R2_8_5 run5 -> veh=15 dist=26650.6 cpu=263.766s valid=1
[659/1200] CLASSIC R2_8_5 run7 -> veh=15 dist=27728.9 cpu=235.239s valid=1
[660/1200] CLASSIC R2_8_5 run8 -> veh=15 dist=26249.5 cpu=260.431s valid=1
[661/1200] QLEARNING R2_8_3 run5 -> veh=15 dist=18762.4 cpu=1441.58s valid=1
[662/1200] QLEARNING R2_8_3 run4 -> veh=15 dist=18461.7 cpu=1464.67s valid=1
[663/1200] QLEARNING R2_8_3 run3 -> veh=15 dist=18635.5 cpu=1479.33s valid=1
[664/1200] QLEARNING R2_8_3 run6 -> veh=15 dist=18259 cpu=1460.29s valid=1
[665/1200] QLEARNING R2_8_3 run10 -> veh=15 dist=18616.4 cpu=1452.37s valid=1
[666/1200] QLEARNING R2_8_3 run8 -> veh=15 dist=18571.1 cpu=1466.82s valid=1
[667/1200] CLASSIC R2_8_5 run10 -> veh=15 dist=26094.6 cpu=271.825s valid=1
[668/1200] QLEARNING R2_8_3 run7 -> veh=15 dist=18787.4 cpu=1469.1s valid=1
[669/1200] CLASSIC R2_8_5 run9 -> veh=15 dist=25531.8 cpu=293.938s valid=1
[670/1200] QLEARNING R2_8_3 run9 -> veh=15 dist=18546.4 cpu=1493.4s valid=1
[671/1200] QLEARNING R2_8_5 run1 -> veh=15 dist=26212.9 cpu=261.928s valid=1
[672/1200] QLEARNING R2_8_5 run2 -> veh=15 dist=25958.8 cpu=283.641s valid=1
[673/1200] QLEARNING R2_8_5 run3 -> veh=15 dist=26029.5 cpu=268.857s valid=1
[674/1200] QLEARNING R2_8_5 run5 -> veh=15 dist=26308.5 cpu=266.541s valid=1
[675/1200] QLEARNING R2_8_5 run4 -> veh=15 dist=25803.4 cpu=274.788s valid=1
[676/1200] QLEARNING R2_8_5 run6 -> veh=15 dist=26258.1 cpu=267.978s valid=1
[677/1200] QLEARNING R2_8_5 run7 -> veh=15 dist=25517.4 cpu=261.285s valid=1
[678/1200] QLEARNING R2_8_5 run8 -> veh=15 dist=26264.7 cpu=262.544s valid=1
[679/1200] QLEARNING R2_8_5 run10 -> veh=15 dist=26226.9 cpu=267.779s valid=1
[680/1200] QLEARNING R2_8_5 run9 -> veh=15 dist=25922.8 cpu=281.542s valid=1
[681/1200] CLASSIC R2_8_4 run2 -> veh=15 dist=13906.6 cpu=1930.96s valid=1
[682/1200] QLEARNING R2_8_4 run1 -> veh=15 dist=14226.9 cpu=1681.66s valid=1
[683/1200] CLASSIC R2_8_4 run1 -> veh=15 dist=13938.3 cpu=1959.41s valid=1
[684/1200] QLEARNING R2_8_4 run2 -> veh=15 dist=14097.2 cpu=1730.03s valid=1
[685/1200] CLASSIC R2_8_4 run4 -> veh=15 dist=13834.4 cpu=1969.45s valid=1
[686/1200] CLASSIC R2_8_4 run3 -> veh=15 dist=15154.3 cpu=1989.28s valid=1
[687/1200] CLASSIC R2_8_4 run8 -> veh=15 dist=13991.7 cpu=1963.84s valid=1
[688/1200] CLASSIC R2_8_4 run7 -> veh=15 dist=13867.6 cpu=1980.07s valid=1
[689/1200] CLASSIC R2_8_4 run6 -> veh=15 dist=13848.6 cpu=2013.97s valid=1
[690/1200] CLASSIC R2_8_4 run9 -> veh=15 dist=14029.9 cpu=1978.05s valid=1
[691/1200] CLASSIC R2_8_4 run10 -> veh=15 dist=14131.7 cpu=1991.07s valid=1
[692/1200] CLASSIC R2_8_4 run5 -> veh=15 dist=13628.8 cpu=2137.13s valid=1
[693/1200] QLEARNING R2_8_4 run4 -> veh=15 dist=13936.7 cpu=1731.29s valid=1
[694/1200] CLASSIC R2_8_6 run2 -> veh=15 dist=22827.1 cpu=862.235s valid=1
[695/1200] QLEARNING R2_8_4 run6 -> veh=15 dist=14012.9 cpu=1715.84s valid=1
[696/1200] QLEARNING R2_8_4 run5 -> veh=15 dist=13893 cpu=1720.89s valid=1
[697/1200] QLEARNING R2_8_4 run3 -> veh=15 dist=13919.5 cpu=1772.04s valid=1
[698/1200] QLEARNING R2_8_4 run8 -> veh=15 dist=13972.5 cpu=1722.32s valid=1
[699/1200] QLEARNING R2_8_4 run9 -> veh=15 dist=13887.9 cpu=1724.02s valid=1
[700/1200] QLEARNING R2_8_4 run10 -> veh=15 dist=14189.7 cpu=1732.5s valid=1
[701/1200] CLASSIC R2_8_6 run1 -> veh=15 dist=21901.3 cpu=918.502s valid=1
[702/1200] QLEARNING R2_8_4 run7 -> veh=15 dist=13814.7 cpu=1761.98s valid=1
[703/1200] CLASSIC R2_8_6 run3 -> veh=15 dist=21620 cpu=876.162s valid=1
[704/1200] CLASSIC R2_8_6 run8 -> veh=15 dist=23042.4 cpu=849.202s valid=1
[705/1200] CLASSIC R2_8_6 run5 -> veh=15 dist=22067.6 cpu=882.116s valid=1
[706/1200] CLASSIC R2_8_6 run6 -> veh=15 dist=21719.1 cpu=876.248s valid=1
[707/1200] CLASSIC R2_8_6 run9 -> veh=15 dist=21901.7 cpu=883.745s valid=1
[708/1200] CLASSIC R2_8_6 run7 -> veh=15 dist=21482.4 cpu=908.139s valid=1
[709/1200] CLASSIC R2_8_6 run10 -> veh=15 dist=21348.4 cpu=946.685s valid=1
[710/1200] CLASSIC R2_8_6 run4 -> veh=15 dist=20943.3 cpu=1008.78s valid=1
[711/1200] QLEARNING R2_8_6 run2 -> veh=15 dist=21611.8 cpu=1021.1s valid=1
[712/1200] QLEARNING R2_8_6 run1 -> veh=15 dist=21699 cpu=1042.6s valid=1
[713/1200] QLEARNING R2_8_6 run3 -> veh=15 dist=21391.6 cpu=1063.25s valid=1
[714/1200] QLEARNING R2_8_6 run4 -> veh=15 dist=21596.2 cpu=1046.63s valid=1
[715/1200] QLEARNING R2_8_6 run5 -> veh=15 dist=21570.9 cpu=1044.08s valid=1
[716/1200] QLEARNING R2_8_6 run6 -> veh=15 dist=21693 cpu=1029.33s valid=1
[717/1200] QLEARNING R2_8_6 run7 -> veh=15 dist=21689.3 cpu=1046.21s valid=1
[718/1200] QLEARNING R2_8_6 run8 -> veh=15 dist=21555.8 cpu=1040.57s valid=1
[719/1200] QLEARNING R2_8_6 run10 -> veh=15 dist=21670.5 cpu=1034.85s valid=1
[720/1200] QLEARNING R2_8_6 run9 -> veh=15 dist=21720.5 cpu=1043.97s valid=1
[721/1200] CLASSIC R2_8_7 run3 -> veh=15 dist=18035.6 cpu=1461.95s valid=1
[722/1200] CLASSIC R2_8_7 run2 -> veh=15 dist=17378 cpu=1483.62s valid=1
[723/1200] CLASSIC R2_8_7 run1 -> veh=15 dist=17648.2 cpu=1500.5s valid=1
[724/1200] CLASSIC R2_8_7 run5 -> veh=15 dist=18379.7 cpu=1421.13s valid=1
[725/1200] CLASSIC R2_8_7 run8 -> veh=15 dist=18385.1 cpu=1435.72s valid=1
[726/1200] CLASSIC R2_8_7 run6 -> veh=15 dist=17485.6 cpu=1462.11s valid=1
[727/1200] CLASSIC R2_8_7 run4 -> veh=15 dist=17382.6 cpu=1501.23s valid=1
[728/1200] CLASSIC R2_8_7 run10 -> veh=15 dist=17967.8 cpu=1456.97s valid=1
[729/1200] CLASSIC R2_8_7 run7 -> veh=15 dist=17289.9 cpu=1489.49s valid=1
[730/1200] CLASSIC R2_8_7 run9 -> veh=15 dist=17448.2 cpu=1480.04s valid=1
[731/1200] QLEARNING R2_8_7 run1 -> veh=15 dist=17584.2 cpu=1495.82s valid=1
[732/1200] QLEARNING R2_8_7 run2 -> veh=15 dist=17649.1 cpu=1499.6s valid=1
[733/1200] QLEARNING R2_8_7 run3 -> veh=15 dist=17615.9 cpu=1498.82s valid=1
[734/1200] QLEARNING R2_8_7 run4 -> veh=15 dist=17600 cpu=1524.35s valid=1
[735/1200] QLEARNING R2_8_7 run5 -> veh=15 dist=17636.1 cpu=1505.48s valid=1
[736/1200] QLEARNING R2_8_7 run6 -> veh=15 dist=17585.6 cpu=1470.04s valid=1
[737/1200] QLEARNING R2_8_7 run9 -> veh=15 dist=17755 cpu=1450.97s valid=1
[738/1200] QLEARNING R2_8_7 run8 -> veh=15 dist=17562.5 cpu=1496.72s valid=1
[739/1200] QLEARNING R2_8_7 run7 -> veh=15 dist=17377.3 cpu=1528.4s valid=1
[740/1200] QLEARNING R2_8_7 run10 -> veh=15 dist=17681.5 cpu=1496.35s valid=1
[741/1200] CLASSIC R2_8_9 run1 -> veh=15 dist=23697.6 cpu=356.11s valid=1
[742/1200] CLASSIC R2_8_9 run2 -> veh=15 dist=23263.8 cpu=371.312s valid=1
[743/1200] CLASSIC R2_8_9 run3 -> veh=15 dist=24540 cpu=350.746s valid=1
[744/1200] CLASSIC R2_8_9 run4 -> veh=15 dist=24040.1 cpu=357.615s valid=1
[745/1200] CLASSIC R2_8_9 run5 -> veh=15 dist=23940.8 cpu=363.064s valid=1
[746/1200] CLASSIC R2_8_9 run6 -> veh=15 dist=24603.5 cpu=352.279s valid=1
[747/1200] CLASSIC R2_8_9 run7 -> veh=15 dist=23604.7 cpu=349.556s valid=1
[748/1200] CLASSIC R2_8_9 run8 -> veh=15 dist=24162.2 cpu=337.81s valid=1
[749/1200] CLASSIC R2_8_9 run9 -> veh=15 dist=24721.1 cpu=345.125s valid=1
[750/1200] CLASSIC R2_8_9 run10 -> veh=15 dist=24572.2 cpu=356.414s valid=1
[751/1200] QLEARNING R2_8_9 run1 -> veh=15 dist=24065.3 cpu=340.182s valid=1
[752/1200] QLEARNING R2_8_9 run2 -> veh=15 dist=23839.4 cpu=351.867s valid=1
[753/1200] QLEARNING R2_8_9 run3 -> veh=15 dist=23738.2 cpu=356.798s valid=1
[754/1200] QLEARNING R2_8_9 run4 -> veh=15 dist=24053.1 cpu=354.256s valid=1
[755/1200] QLEARNING R2_8_9 run5 -> veh=15 dist=23611.5 cpu=360.137s valid=1
[756/1200] QLEARNING R2_8_9 run6 -> veh=15 dist=23862.8 cpu=349.389s valid=1
[757/1200] QLEARNING R2_8_9 run7 -> veh=15 dist=24351.1 cpu=363.895s valid=1
[758/1200] QLEARNING R2_8_9 run8 -> veh=15 dist=23967.4 cpu=355.296s valid=1
[759/1200] QLEARNING R2_8_9 run9 -> veh=15 dist=23837.4 cpu=345.061s valid=1
[760/1200] QLEARNING R2_8_9 run10 -> veh=15 dist=23881.3 cpu=347.939s valid=1
[761/1200] CLASSIC R2_8_8 run3 -> veh=15 dist=13094.4 cpu=1999.97s valid=1
[762/1200] CLASSIC R2_8_8 run1 -> veh=15 dist=13217.2 cpu=2150.29s valid=1
[763/1200] CLASSIC R2_8_8 run2 -> veh=15 dist=13590.1 cpu=2184.81s valid=1
[764/1200] CLASSIC R2_8_10 run1 -> veh=15 dist=21621.2 cpu=499.307s valid=1
[765/1200] CLASSIC R2_8_10 run3 -> veh=15 dist=22878.2 cpu=462.315s valid=1
[766/1200] CLASSIC R2_8_10 run2 -> veh=15 dist=22288.5 cpu=486.401s valid=1
[767/1200] QLEARNING R2_8_8 run1 -> veh=15 dist=13295.1 cpu=1708.12s valid=1
[768/1200] QLEARNING R2_8_8 run2 -> veh=15 dist=13280.5 cpu=1709.87s valid=1
[769/1200] CLASSIC R2_8_10 run4 -> veh=15 dist=21516.7 cpu=487.218s valid=1
[770/1200] CLASSIC R2_8_8 run4 -> veh=15 dist=13374.2 cpu=2172.81s valid=1
[771/1200] CLASSIC R2_8_10 run5 -> veh=15 dist=22869 cpu=467.397s valid=1
[772/1200] CLASSIC R2_8_8 run5 -> veh=15 dist=13389.6 cpu=2030.66s valid=1
[773/1200] CLASSIC RC1_8_1 run1 -> veh=73 dist=36043.5 cpu=93.3761s valid=1
[774/1200] CLASSIC R2_8_10 run6 -> veh=15 dist=22794.9 cpu=459.756s valid=1
[775/1200] CLASSIC RC1_8_1 run2 -> veh=73 dist=35502.2 cpu=91.3199s valid=1
[776/1200] CLASSIC R2_8_10 run7 -> veh=15 dist=22983.1 cpu=473.227s valid=1
[777/1200] CLASSIC R2_8_10 run8 -> veh=15 dist=22897.1 cpu=469.102s valid=1
[778/1200] QLEARNING R2_8_10 run1 -> veh=15 dist=21983.3 cpu=415.601s valid=1
[779/1200] CLASSIC R2_8_10 run10 -> veh=15 dist=22148.1 cpu=464.241s valid=1
[780/1200] CLASSIC R2_8_10 run9 -> veh=15 dist=22458.3 cpu=475.075s valid=1
[781/1200] QLEARNING R2_8_10 run2 -> veh=15 dist=22041 cpu=403.538s valid=1
[782/1200] CLASSIC RC1_8_1 run4 -> veh=73 dist=35032.7 cpu=89.8127s valid=1
[783/1200] CLASSIC RC1_8_1 run3 -> veh=73 dist=35414.5 cpu=94.4074s valid=1
[784/1200] CLASSIC RC1_8_1 run6 -> veh=73 dist=35718 cpu=86.5307s valid=1
[785/1200] CLASSIC RC1_8_1 run5 -> veh=73 dist=35715.3 cpu=91.7482s valid=1
[786/1200] CLASSIC RC1_8_1 run7 -> veh=73 dist=35656.9 cpu=93.8773s valid=1
[787/1200] CLASSIC R2_8_8 run6 -> veh=15 dist=13521.9 cpu=2145.91s valid=1
[788/1200] CLASSIC RC1_8_1 run8 -> veh=73 dist=34745.8 cpu=90.1927s valid=1
[789/1200] CLASSIC RC1_8_1 run9 -> veh=73 dist=35990.6 cpu=89.604s valid=1
[790/1200] CLASSIC R2_8_8 run7 -> veh=15 dist=14753 cpu=2149.16s valid=1
[791/1200] CLASSIC RC1_8_1 run10 -> veh=73 dist=34906.3 cpu=89.4685s valid=1
[792/1200] QLEARNING R2_8_10 run3 -> veh=15 dist=22113 cpu=422.52s valid=1
[793/1200] CLASSIC R2_8_8 run8 -> veh=15 dist=13682.8 cpu=2148.77s valid=1
[794/1200] QLEARNING R2_8_10 run4 -> veh=15 dist=21976.5 cpu=396.211s valid=1
[795/1200] QLEARNING RC1_8_1 run1 -> veh=73 dist=34434.9 cpu=147.231s valid=1
[796/1200] QLEARNING RC1_8_1 run2 -> veh=73 dist=34170.6 cpu=152.822s valid=1
[797/1200] QLEARNING RC1_8_1 run3 -> veh=73 dist=34431.7 cpu=146.464s valid=1
[798/1200] QLEARNING RC1_8_1 run4 -> veh=73 dist=34395.9 cpu=150.129s valid=1
[799/1200] QLEARNING RC1_8_1 run6 -> veh=73 dist=34454.3 cpu=148.696s valid=1
[800/1200] QLEARNING R2_8_10 run5 -> veh=15 dist=22087.5 cpu=413.304s valid=1
[801/1200] QLEARNING RC1_8_1 run5 -> veh=73 dist=34684.3 cpu=156.838s valid=1
[802/1200] QLEARNING RC1_8_1 run8 -> veh=73 dist=33520.3 cpu=150.919s valid=1
[803/1200] QLEARNING RC1_8_1 run7 -> veh=73 dist=34512.4 cpu=158.303s valid=1
[804/1200] QLEARNING RC1_8_1 run9 -> veh=73 dist=34041.2 cpu=148.454s valid=1
[805/1200] QLEARNING R2_8_10 run7 -> veh=15 dist=22224.7 cpu=398.716s valid=1
[806/1200] QLEARNING RC1_8_1 run10 -> veh=73 dist=34602.8 cpu=151.17s valid=1
[807/1200] QLEARNING R2_8_10 run6 -> veh=15 dist=22197.1 cpu=418.608s valid=1
[808/1200] QLEARNING R2_8_10 run8 -> veh=15 dist=21940.7 cpu=412.47s valid=1
[809/1200] QLEARNING R2_8_10 run10 -> veh=15 dist=22172.9 cpu=395.979s valid=1
[810/1200] CLASSIC R2_8_8 run9 -> veh=15 dist=13379.9 cpu=2131.79s valid=1
[811/1200] QLEARNING R2_8_10 run9 -> veh=15 dist=21800.4 cpu=407.765s valid=1
[812/1200] CLASSIC R2_8_8 run10 -> veh=15 dist=13529.3 cpu=2127.81s valid=1
[813/1200] CLASSIC RC1_8_2 run1 -> veh=73 dist=31721.9 cpu=209.41s valid=1
[814/1200] CLASSIC RC1_8_2 run2 -> veh=73 dist=31918.9 cpu=209.256s valid=1
[815/1200] CLASSIC RC1_8_2 run5 -> veh=73 dist=32698.1 cpu=202.463s valid=1
[816/1200] CLASSIC RC1_8_2 run4 -> veh=73 dist=32458 cpu=213.3s valid=1
[817/1200] CLASSIC RC1_8_2 run3 -> veh=73 dist=32574.8 cpu=221.217s valid=1
[818/1200] QLEARNING R2_8_8 run5 -> veh=15 dist=13158.2 cpu=1706.99s valid=1
[819/1200] QLEARNING R2_8_8 run3 -> veh=15 dist=13317.3 cpu=1722.14s valid=1
[820/1200] QLEARNING R2_8_8 run6 -> veh=15 dist=13467.3 cpu=1669.39s valid=1
[821/1200] CLASSIC RC1_8_2 run6 -> veh=73 dist=32249.4 cpu=213.119s valid=1
[822/1200] CLASSIC RC1_8_2 run8 -> veh=73 dist=32004 cpu=206.728s valid=1
[823/1200] CLASSIC RC1_8_2 run9 -> veh=73 dist=32156.9 cpu=201.678s valid=1
[824/1200] CLASSIC RC1_8_2 run7 -> veh=73 dist=32515.7 cpu=219.811s valid=1
[825/1200] CLASSIC RC1_8_2 run10 -> veh=73 dist=32456.2 cpu=204.516s valid=1
[826/1200] QLEARNING R2_8_8 run7 -> veh=15 dist=13442.9 cpu=1680.99s valid=1
[827/1200] QLEARNING R2_8_8 run8 -> veh=15 dist=13586.7 cpu=1688.04s valid=1
[828/1200] QLEARNING R2_8_8 run4 -> veh=15 dist=13318.3 cpu=1811.28s valid=1
[829/1200] QLEARNING RC1_8_2 run1 -> veh=73 dist=32036.3 cpu=266.352s valid=1
[830/1200] QLEARNING RC1_8_2 run3 -> veh=73 dist=31570.4 cpu=265.998s valid=1
[831/1200] QLEARNING RC1_8_2 run2 -> veh=73 dist=31833 cpu=274.66s valid=1
[832/1200] QLEARNING RC1_8_2 run4 -> veh=73 dist=31894.9 cpu=269.858s valid=1
[833/1200] QLEARNING RC1_8_2 run8 -> veh=73 dist=31888 cpu=258.742s valid=1
[834/1200] QLEARNING RC1_8_2 run7 -> veh=73 dist=32115.7 cpu=263.933s valid=1
[835/1200] QLEARNING RC1_8_2 run5 -> veh=73 dist=31515 cpu=281.335s valid=1
[836/1200] QLEARNING RC1_8_2 run6 -> veh=73 dist=31672 cpu=276.894s valid=1
[837/1200] QLEARNING RC1_8_2 run9 -> veh=73 dist=31949.6 cpu=274.126s valid=1
[838/1200] QLEARNING R2_8_8 run10 -> veh=15 dist=13092.1 cpu=1762.46s valid=1
[839/1200] QLEARNING RC1_8_2 run10 -> veh=73 dist=31912.7 cpu=283.147s valid=1
[840/1200] QLEARNING R2_8_8 run9 -> veh=15 dist=12918.3 cpu=1791.04s valid=1
[841/1200] CLASSIC RC1_8_3 run2 -> veh=73 dist=31496.4 cpu=340.783s valid=1
[842/1200] CLASSIC RC1_8_3 run1 -> veh=73 dist=30546.2 cpu=350.273s valid=1
[843/1200] CLASSIC RC1_8_3 run3 -> veh=73 dist=30938.8 cpu=347.323s valid=1
[844/1200] CLASSIC RC1_8_3 run4 -> veh=73 dist=31096.9 cpu=350.732s valid=1
[845/1200] CLASSIC RC1_8_3 run6 -> veh=73 dist=31222.1 cpu=344.123s valid=1
[846/1200] CLASSIC RC1_8_3 run5 -> veh=73 dist=31119.8 cpu=360.253s valid=1
[847/1200] CLASSIC RC1_8_3 run7 -> veh=73 dist=31196.6 cpu=339.858s valid=1
[848/1200] QLEARNING RC1_8_3 run3 -> veh=73 dist=30840.4 cpu=318.954s valid=1
[849/1200] CLASSIC RC1_8_3 run8 -> veh=73 dist=31306.8 cpu=350.941s valid=1
[850/1200] QLEARNING RC1_8_3 run2 -> veh=73 dist=30631.2 cpu=327.603s valid=1
[851/1200] CLASSIC RC1_8_3 run10 -> veh=73 dist=31403.5 cpu=336.314s valid=1
[852/1200] CLASSIC RC1_8_3 run9 -> veh=73 dist=31217.9 cpu=360.856s valid=1
[853/1200] QLEARNING RC1_8_3 run1 -> veh=73 dist=30526.2 cpu=339.354s valid=1
[854/1200] QLEARNING RC1_8_3 run5 -> veh=73 dist=30616.3 cpu=346.004s valid=1
[855/1200] QLEARNING RC1_8_3 run6 -> veh=73 dist=30626.5 cpu=346.361s valid=1
[856/1200] QLEARNING RC1_8_3 run7 -> veh=73 dist=30726.1 cpu=360.589s valid=1
[857/1200] CLASSIC RC1_8_5 run1 -> veh=73 dist=33792.4 cpu=94.2793s valid=1
[858/1200] QLEARNING RC1_8_3 run8 -> veh=73 dist=30805.4 cpu=372.116s valid=1
[859/1200] CLASSIC RC1_8_5 run2 -> veh=73 dist=34408.2 cpu=95.5055s valid=1
[860/1200] QLEARNING RC1_8_3 run4 -> veh=73 dist=30645.9 cpu=387.673s valid=1
[861/1200] CLASSIC RC1_8_5 run4 -> veh=73 dist=34318.2 cpu=93.2614s valid=1
[862/1200] CLASSIC RC1_8_5 run3 -> veh=73 dist=34586.1 cpu=99.1121s valid=1
[863/1200] CLASSIC RC1_8_5 run5 -> veh=73 dist=33951 cpu=95.6445s valid=1
[864/1200] QLEARNING RC1_8_3 run9 -> veh=73 dist=30656.7 cpu=363.075s valid=1
[865/1200] QLEARNING RC1_8_3 run10 -> veh=73 dist=30078.4 cpu=352.956s valid=1
[866/1200] CLASSIC RC1_8_5 run6 -> veh=73 dist=34407.2 cpu=98.602s valid=1
[867/1200] CLASSIC RC1_8_5 run7 -> veh=73 dist=33470.4 cpu=101.031s valid=1
[868/1200] CLASSIC RC1_8_5 run8 -> veh=73 dist=33739.6 cpu=94.2097s valid=1
[869/1200] CLASSIC RC1_8_5 run10 -> veh=73 dist=33400.3 cpu=93.3507s valid=1
[870/1200] CLASSIC RC1_8_5 run9 -> veh=73 dist=34217.2 cpu=102.118s valid=1
[871/1200] QLEARNING RC1_8_5 run3 -> veh=73 dist=33771.8 cpu=151.911s valid=1
[872/1200] QLEARNING RC1_8_5 run2 -> veh=73 dist=33307.6 cpu=154.85s valid=1
[873/1200] QLEARNING RC1_8_5 run1 -> veh=73 dist=33384.9 cpu=157.08s valid=1
[874/1200] QLEARNING RC1_8_5 run6 -> veh=73 dist=33795.5 cpu=144.922s valid=1
[875/1200] QLEARNING RC1_8_5 run5 -> veh=73 dist=33774.1 cpu=151.581s valid=1
[876/1200] QLEARNING RC1_8_5 run4 -> veh=73 dist=33306.8 cpu=158.63s valid=1
[877/1200] CLASSIC RC1_8_6 run1 -> veh=73 dist=33819 cpu=79.1891s valid=1
[878/1200] CLASSIC RC1_8_6 run2 -> veh=73 dist=33628.2 cpu=83.742s valid=1
[879/1200] QLEARNING RC1_8_5 run7 -> veh=73 dist=33289.7 cpu=155.15s valid=1
[880/1200] QLEARNING RC1_8_5 run9 -> veh=73 dist=33670.2 cpu=152.724s valid=1
[881/1200] QLEARNING RC1_8_5 run8 -> veh=73 dist=33443.6 cpu=158.141s valid=1
[882/1200] QLEARNING RC1_8_5 run10 -> veh=73 dist=33431.5 cpu=153.295s valid=1
[883/1200] CLASSIC RC1_8_6 run3 -> veh=73 dist=33211 cpu=80.4508s valid=1
[884/1200] CLASSIC RC1_8_6 run6 -> veh=73 dist=34095 cpu=80.2416s valid=1
[885/1200] CLASSIC RC1_8_6 run5 -> veh=73 dist=33890.6 cpu=84.4851s valid=1
[886/1200] CLASSIC RC1_8_6 run4 -> veh=73 dist=33647.3 cpu=86.9523s valid=1
[887/1200] CLASSIC RC1_8_6 run7 -> veh=73 dist=33572 cpu=80.0239s valid=1
[888/1200] CLASSIC RC1_8_6 run8 -> veh=73 dist=33720.7 cpu=80.6988s valid=1
[889/1200] CLASSIC RC1_8_6 run9 -> veh=73 dist=33641.7 cpu=79.153s valid=1
[890/1200] CLASSIC RC1_8_4 run3 -> veh=73 dist=30111.8 cpu=557.765s valid=1
[891/1200] CLASSIC RC1_8_4 run1 -> veh=73 dist=30049.6 cpu=571.266s valid=1
[892/1200] CLASSIC RC1_8_4 run4 -> veh=73 dist=29719.4 cpu=560.738s valid=1
[893/1200] CLASSIC RC1_8_6 run10 -> veh=73 dist=33312.3 cpu=83.2077s valid=1
[894/1200] QLEARNING RC1_8_4 run1 -> veh=73 dist=28843.7 cpu=515.808s valid=1
[895/1200] QLEARNING RC1_8_4 run4 -> veh=73 dist=29472.5 cpu=447.94s valid=1
[896/1200] CLASSIC RC1_8_4 run8 -> veh=73 dist=29402.1 cpu=552.951s valid=1
[897/1200] CLASSIC RC1_8_4 run6 -> veh=73 dist=30348.6 cpu=562.223s valid=1
[898/1200] QLEARNING RC1_8_4 run2 -> veh=73 dist=29339.1 cpu=508.044s valid=1
[899/1200] CLASSIC RC1_8_4 run2 -> veh=73 dist=30556.9 cpu=587.287s valid=1
[900/1200] CLASSIC RC1_8_4 run7 -> veh=73 dist=30239.2 cpu=571.013s valid=1
[901/1200] CLASSIC RC1_8_4 run5 -> veh=73 dist=30483 cpu=579.475s valid=1
[902/1200] QLEARNING RC1_8_4 run8 -> veh=73 dist=29350 cpu=431.869s valid=1
[903/1200] CLASSIC RC1_8_4 run10 -> veh=73 dist=29559 cpu=563.755s valid=1
[904/1200] CLASSIC RC1_8_4 run9 -> veh=73 dist=30027.1 cpu=572.99s valid=1
[905/1200] QLEARNING RC1_8_4 run7 -> veh=73 dist=29415.3 cpu=459.481s valid=1
[906/1200] QLEARNING RC1_8_4 run3 -> veh=73 dist=29469 cpu=510.124s valid=1
[907/1200] QLEARNING RC1_8_6 run1 -> veh=73 dist=33688.8 cpu=148.563s valid=1
[908/1200] QLEARNING RC1_8_4 run5 -> veh=73 dist=29488.3 cpu=512.225s valid=1
[909/1200] CLASSIC RC1_8_7 run1 -> veh=73 dist=33533.4 cpu=108.102s valid=1
[910/1200] QLEARNING RC1_8_6 run3 -> veh=73 dist=33695.1 cpu=144.724s valid=1
[911/1200] QLEARNING RC1_8_6 run2 -> veh=73 dist=33997.7 cpu=148.469s valid=1
[912/1200] CLASSIC RC1_8_7 run3 -> veh=73 dist=33603.1 cpu=109.677s valid=1
[913/1200] QLEARNING RC1_8_4 run9 -> veh=73 dist=29498.9 cpu=489.237s valid=1
[914/1200] QLEARNING RC1_8_4 run6 -> veh=73 dist=29511.6 cpu=532.242s valid=1
[915/1200] CLASSIC RC1_8_7 run2 -> veh=73 dist=33650.5 cpu=118.067s valid=1
[916/1200] CLASSIC RC1_8_7 run4 -> veh=73 dist=33586 cpu=112.644s valid=1
[917/1200] CLASSIC RC1_8_7 run10 -> veh=73 dist=32861.3 cpu=100.612s valid=1
[918/1200] CLASSIC RC1_8_7 run5 -> veh=73 dist=33667 cpu=115.491s valid=1
[919/1200] QLEARNING RC1_8_6 run4 -> veh=73 dist=33520.6 cpu=149.19s valid=1
[920/1200] CLASSIC RC1_8_7 run7 -> veh=73 dist=34078.4 cpu=107.268s valid=1
[921/1200] QLEARNING RC1_8_6 run5 -> veh=73 dist=33970.9 cpu=146.445s valid=1
[922/1200] QLEARNING RC1_8_6 run9 -> veh=73 dist=33687.8 cpu=138.395s valid=1
[923/1200] QLEARNING RC1_8_6 run6 -> veh=73 dist=32535.5 cpu=146.534s valid=1
[924/1200] QLEARNING RC1_8_4 run10 -> veh=73 dist=29044 cpu=486.587s valid=1
[925/1200] CLASSIC RC1_8_7 run6 -> veh=73 dist=33071.6 cpu=115.089s valid=1
[926/1200] CLASSIC RC1_8_7 run8 -> veh=73 dist=33986.4 cpu=116.515s valid=1
[927/1200] QLEARNING RC1_8_6 run8 -> veh=73 dist=33529.9 cpu=150.915s valid=1
[928/1200] CLASSIC RC1_8_7 run9 -> veh=73 dist=33607.5 cpu=117.535s valid=1
[929/1200] QLEARNING RC1_8_6 run7 -> veh=73 dist=33101.3 cpu=154.199s valid=1
[930/1200] QLEARNING RC1_8_6 run10 -> veh=73 dist=33643.9 cpu=158.493s valid=1
[931/1200] QLEARNING RC1_8_7 run1 -> veh=73 dist=32732.3 cpu=161.739s valid=1
[932/1200] QLEARNING RC1_8_7 run3 -> veh=73 dist=33045.1 cpu=156.815s valid=1
[933/1200] QLEARNING RC1_8_7 run2 -> veh=73 dist=32700 cpu=163.32s valid=1
[934/1200] QLEARNING RC1_8_7 run4 -> veh=73 dist=33337.7 cpu=152.452s valid=1
[935/1200] QLEARNING RC1_8_7 run5 -> veh=73 dist=32620.7 cpu=159.634s valid=1
[936/1200] CLASSIC RC1_8_8 run10 -> veh=73 dist=33036.9 cpu=90.3283s valid=1
[937/1200] QLEARNING RC1_8_7 run7 -> veh=73 dist=33131.3 cpu=155.675s valid=1
[938/1200] CLASSIC RC1_8_8 run1 -> veh=73 dist=33459.8 cpu=117.874s valid=1
[939/1200] QLEARNING RC1_8_7 run6 -> veh=73 dist=32785.3 cpu=170.252s valid=1
[940/1200] CLASSIC RC1_8_8 run5 -> veh=73 dist=33017 cpu=110.626s valid=1
[941/1200] CLASSIC RC1_8_8 run3 -> veh=73 dist=33326.5 cpu=117.867s valid=1
[942/1200] QLEARNING RC1_8_7 run8 -> veh=73 dist=33044.4 cpu=153.074s valid=1
[943/1200] CLASSIC RC1_8_8 run2 -> veh=73 dist=33175.3 cpu=122.796s valid=1
[944/1200] CLASSIC RC1_8_8 run6 -> veh=73 dist=33101 cpu=117.108s valid=1
[945/1200] CLASSIC RC1_8_8 run4 -> veh=73 dist=33315.1 cpu=119.056s valid=1
[946/1200] CLASSIC RC1_8_8 run7 -> veh=73 dist=32767.5 cpu=116.722s valid=1
[947/1200] CLASSIC RC1_8_9 run2 -> veh=73 dist=33225.2 cpu=84.9275s valid=1
[948/1200] QLEARNING RC1_8_7 run9 -> veh=73 dist=33419 cpu=160.862s valid=1
[949/1200] CLASSIC RC1_8_8 run8 -> veh=73 dist=33019.8 cpu=118.596s valid=1
[950/1200] CLASSIC RC1_8_8 run9 -> veh=73 dist=32937.7 cpu=118.937s valid=1
[951/1200] CLASSIC RC1_8_9 run1 -> veh=73 dist=33069.6 cpu=104.252s valid=1
[952/1200] QLEARNING RC1_8_7 run10 -> veh=73 dist=32969.2 cpu=164.017s valid=1
[953/1200] CLASSIC RC1_8_9 run8 -> veh=73 dist=33189.4 cpu=51.4927s valid=1
[954/1200] QLEARNING RC1_8_8 run1 -> veh=73 dist=32656.1 cpu=156.606s valid=1
[955/1200] CLASSIC RC1_8_9 run3 -> veh=73 dist=32939.7 cpu=98.8025s valid=1
[956/1200] QLEARNING RC1_8_8 run2 -> veh=73 dist=32544.5 cpu=163.051s valid=1
[957/1200] QLEARNING RC1_8_8 run6 -> veh=73 dist=32528 cpu=158.763s valid=1
[958/1200] QLEARNING RC1_8_8 run4 -> veh=73 dist=32110.6 cpu=165.649s valid=1
[959/1200] CLASSIC RC1_8_9 run4 -> veh=73 dist=33223.1 cpu=105.298s valid=1
[960/1200] QLEARNING RC1_8_8 run5 -> veh=73 dist=32319.1 cpu=170.743s valid=1
[961/1200] CLASSIC RC1_8_9 run5 -> veh=73 dist=33821 cpu=108.236s valid=1
[962/1200] QLEARNING RC1_8_8 run7 -> veh=73 dist=32490.8 cpu=172.668s valid=1
[963/1200] QLEARNING RC1_8_8 run3 -> veh=73 dist=32557.3 cpu=177.762s valid=1
[964/1200] QLEARNING RC1_8_8 run10 -> veh=73 dist=32962.2 cpu=166.385s valid=1
[965/1200] QLEARNING RC1_8_8 run8 -> veh=73 dist=32060.2 cpu=171.357s valid=1
[966/1200] CLASSIC RC1_8_9 run6 -> veh=73 dist=33161.6 cpu=107.537s valid=1
[967/1200] CLASSIC RC1_8_9 run7 -> veh=73 dist=33177.8 cpu=99.2455s valid=1
[968/1200] QLEARNING RC1_8_8 run9 -> veh=73 dist=32877.5 cpu=177.92s valid=1
[969/1200] CLASSIC RC1_8_9 run9 -> veh=73 dist=33221.2 cpu=100.327s valid=1
[970/1200] CLASSIC RC1_8_9 run10 -> veh=73 dist=33147.8 cpu=101.064s valid=1
[971/1200] CLASSIC RC1_8_10 run3 -> veh=73 dist=33707.8 cpu=115.938s valid=1
[972/1200] CLASSIC RC1_8_10 run1 -> veh=73 dist=34466.4 cpu=128.131s valid=1
[973/1200] CLASSIC RC1_8_10 run4 -> veh=73 dist=33633 cpu=120.311s valid=1
[974/1200] CLASSIC RC1_8_10 run2 -> veh=73 dist=33995.7 cpu=130.401s valid=1
[975/1200] QLEARNING RC1_8_9 run2 -> veh=73 dist=32757.2 cpu=154.902s valid=1
[976/1200] QLEARNING RC1_8_9 run1 -> veh=73 dist=32597.4 cpu=164.88s valid=1
[977/1200] QLEARNING RC1_8_9 run4 -> veh=73 dist=33009 cpu=163.137s valid=1
[978/1200] CLASSIC RC1_8_10 run7 -> veh=73 dist=33133.2 cpu=105.898s valid=1
[979/1200] QLEARNING RC1_8_9 run5 -> veh=73 dist=32165.4 cpu=163.572s valid=1
[980/1200] QLEARNING RC1_8_9 run7 -> veh=73 dist=32511.8 cpu=165.088s valid=1
[981/1200] QLEARNING RC1_8_9 run8 -> veh=73 dist=32463.8 cpu=162.459s valid=1
[982/1200] QLEARNING RC1_8_9 run9 -> veh=73 dist=32695.2 cpu=160.765s valid=1
[983/1200] CLASSIC RC1_8_10 run9 -> veh=73 dist=33468.2 cpu=109.989s valid=1
[984/1200] CLASSIC RC1_8_10 run5 -> veh=73 dist=33357.2 cpu=133.812s valid=1
[985/1200] QLEARNING RC1_8_9 run6 -> veh=73 dist=32295 cpu=171.211s valid=1
[986/1200] CLASSIC RC1_8_10 run8 -> veh=73 dist=33448.7 cpu=113.586s valid=1
[987/1200] CLASSIC RC1_8_10 run6 -> veh=73 dist=33357 cpu=121.234s valid=1
[988/1200] QLEARNING RC1_8_9 run3 -> veh=73 dist=32379.3 cpu=176.426s valid=1
[989/1200] QLEARNING RC1_8_9 run10 -> veh=73 dist=32376.4 cpu=173.291s valid=1
[990/1200] CLASSIC RC1_8_10 run10 -> veh=73 dist=32744.5 cpu=123.399s valid=1
[991/1200] QLEARNING RC1_8_10 run1 -> veh=73 dist=32084.1 cpu=174.826s valid=1
[992/1200] QLEARNING RC1_8_10 run8 -> veh=73 dist=32048.5 cpu=163.151s valid=1
[993/1200] QLEARNING RC1_8_10 run10 -> veh=73 dist=31445 cpu=160.094s valid=1
[994/1200] QLEARNING RC1_8_10 run3 -> veh=73 dist=32150.3 cpu=176.868s valid=1
[995/1200] QLEARNING RC1_8_10 run5 -> veh=73 dist=32052.2 cpu=175.543s valid=1
[996/1200] QLEARNING RC1_8_10 run2 -> veh=73 dist=31974.8 cpu=181.468s valid=1
[997/1200] QLEARNING RC1_8_10 run6 -> veh=73 dist=31942.9 cpu=175.944s valid=1
[998/1200] QLEARNING RC1_8_10 run4 -> veh=73 dist=32384.5 cpu=180.304s valid=1
[999/1200] QLEARNING RC1_8_10 run9 -> veh=73 dist=32216.7 cpu=177.175s valid=1
[1000/1200] QLEARNING RC1_8_10 run7 -> veh=73 dist=32015.6 cpu=183.299s valid=1
[1001/1200] CLASSIC RC2_8_1 run1 -> veh=20 dist=22362.7 cpu=188.918s valid=1
[1002/1200] CLASSIC RC2_8_1 run2 -> veh=21 dist=21108.3 cpu=196.206s valid=1
[1003/1200] CLASSIC RC2_8_1 run3 -> veh=21 dist=20925.2 cpu=191.934s valid=1
[1004/1200] CLASSIC RC2_8_1 run4 -> veh=21 dist=21408.9 cpu=197.339s valid=1
[1005/1200] CLASSIC RC2_8_1 run5 -> veh=21 dist=20918.1 cpu=194.106s valid=1
[1006/1200] CLASSIC RC2_8_1 run6 -> veh=21 dist=21306.2 cpu=194.83s valid=1
[1007/1200] CLASSIC RC2_8_1 run7 -> veh=21 dist=21145.5 cpu=192.851s valid=1
[1008/1200] CLASSIC RC2_8_1 run8 -> veh=21 dist=21265.1 cpu=192.513s valid=1
[1009/1200] CLASSIC RC2_8_1 run10 -> veh=21 dist=20884.3 cpu=187.721s valid=1
[1010/1200] CLASSIC RC2_8_1 run9 -> veh=21 dist=21196.5 cpu=190.946s valid=1
[1011/1200] QLEARNING RC2_8_1 run4 -> veh=21 dist=21403.9 cpu=202.171s valid=1
[1012/1200] QLEARNING RC2_8_1 run2 -> veh=21 dist=20960.8 cpu=208.366s valid=1
[1013/1200] QLEARNING RC2_8_1 run3 -> veh=21 dist=21360.6 cpu=207.532s valid=1
[1014/1200] QLEARNING RC2_8_1 run1 -> veh=21 dist=20794.8 cpu=211.789s valid=1
[1015/1200] QLEARNING RC2_8_1 run5 -> veh=21 dist=20568.5 cpu=207.575s valid=1
[1016/1200] QLEARNING RC2_8_1 run6 -> veh=21 dist=20822.1 cpu=207.632s valid=1
[1017/1200] QLEARNING RC2_8_1 run9 -> veh=21 dist=20797.3 cpu=209.824s valid=1
[1018/1200] QLEARNING RC2_8_1 run10 -> veh=21 dist=20582.2 cpu=207.601s valid=1
[1019/1200] QLEARNING RC2_8_1 run8 -> veh=21 dist=20739.7 cpu=210.497s valid=1
[1020/1200] QLEARNING RC2_8_1 run7 -> veh=21 dist=20777.4 cpu=213.985s valid=1
[1021/1200] CLASSIC RC2_8_2 run1 -> veh=18 dist=18650.5 cpu=633.868s valid=1
[1022/1200] CLASSIC RC2_8_2 run2 -> veh=19 dist=18578.4 cpu=631.911s valid=1
[1023/1200] CLASSIC RC2_8_2 run3 -> veh=18 dist=18697.7 cpu=666.117s valid=1
[1024/1200] CLASSIC RC2_8_2 run9 -> veh=19 dist=18660.2 cpu=654.393s valid=1
[1025/1200] CLASSIC RC2_8_2 run6 -> veh=18 dist=19157.9 cpu=665.806s valid=1
[1026/1200] CLASSIC RC2_8_2 run5 -> veh=18 dist=19086.5 cpu=668.859s valid=1
[1027/1200] CLASSIC RC2_8_2 run8 -> veh=18 dist=18464.5 cpu=665.808s valid=1
[1028/1200] CLASSIC RC2_8_2 run4 -> veh=18 dist=18244.1 cpu=686.373s valid=1
[1029/1200] CLASSIC RC2_8_2 run10 -> veh=18 dist=18158.5 cpu=683.664s valid=1
[1030/1200] CLASSIC RC2_8_2 run7 -> veh=19 dist=17795.7 cpu=689.13s valid=1
[1031/1200] QLEARNING RC2_8_2 run2 -> veh=18 dist=18828.6 cpu=805.554s valid=1
[1032/1200] QLEARNING RC2_8_2 run1 -> veh=18 dist=18660.2 cpu=813.025s valid=1
[1033/1200] QLEARNING RC2_8_2 run3 -> veh=18 dist=19253 cpu=810.006s valid=1
[1034/1200] QLEARNING RC2_8_2 run4 -> veh=19 dist=18086.1 cpu=822.741s valid=1
[1035/1200] QLEARNING RC2_8_2 run5 -> veh=18 dist=18122.5 cpu=813.217s valid=1
[1036/1200] QLEARNING RC2_8_2 run9 -> veh=18 dist=18326.9 cpu=808.714s valid=1
[1037/1200] QLEARNING RC2_8_2 run7 -> veh=18 dist=18273.5 cpu=815.99s valid=1
[1038/1200] QLEARNING RC2_8_2 run6 -> veh=18 dist=18665.9 cpu=820.697s valid=1
[1039/1200] QLEARNING RC2_8_2 run8 -> veh=18 dist=18423.8 cpu=821.747s valid=1
[1040/1200] QLEARNING RC2_8_2 run10 -> veh=18 dist=19084.8 cpu=821.351s valid=1
[1041/1200] CLASSIC RC2_8_3 run10 -> veh=16 dist=15285.2 cpu=1082.54s valid=1
[1042/1200] CLASSIC RC2_8_3 run2 -> veh=16 dist=15425.7 cpu=1112.21s valid=1
[1043/1200] CLASSIC RC2_8_3 run1 -> veh=16 dist=15252.7 cpu=1116.51s valid=1
[1044/1200] CLASSIC RC2_8_3 run3 -> veh=16 dist=15233.7 cpu=1100.06s valid=1
[1045/1200] CLASSIC RC2_8_3 run9 -> veh=15 dist=15797.1 cpu=1111s valid=1
[1046/1200] CLASSIC RC2_8_3 run7 -> veh=15 dist=16365.5 cpu=1124.59s valid=1
[1047/1200] CLASSIC RC2_8_3 run6 -> veh=15 dist=15717.5 cpu=1136.29s valid=1
[1048/1200] CLASSIC RC2_8_3 run5 -> veh=16 dist=15036.9 cpu=1162.67s valid=1
[1049/1200] CLASSIC RC2_8_3 run4 -> veh=15 dist=15243.4 cpu=1237.97s valid=1
[1050/1200] QLEARNING RC2_8_3 run2 -> veh=16 dist=15016.6 cpu=1311.76s valid=1
[1051/1200] QLEARNING RC2_8_3 run1 -> veh=16 dist=14925.7 cpu=1341.02s valid=1
[1052/1200] CLASSIC RC2_8_3 run8 -> veh=15 dist=15273.4 cpu=1346.56s valid=1
[1053/1200] CLASSIC RC2_8_5 run1 -> veh=17 dist=20281.3 cpu=293.875s valid=1
[1054/1200] CLASSIC RC2_8_5 run2 -> veh=17 dist=19914.5 cpu=298.758s valid=1
[1055/1200] CLASSIC RC2_8_5 run4 -> veh=17 dist=20509.8 cpu=284.967s valid=1
[1056/1200] CLASSIC RC2_8_5 run3 -> veh=17 dist=19026.5 cpu=318.884s valid=1
[1057/1200] QLEARNING RC2_8_3 run3 -> veh=16 dist=15008.9 cpu=1353.51s valid=1
[1058/1200] QLEARNING RC2_8_3 run4 -> veh=15 dist=15412.3 cpu=1352.94s valid=1
[1059/1200] CLASSIC RC2_8_5 run5 -> veh=17 dist=19810.7 cpu=310.593s valid=1
[1060/1200] QLEARNING RC2_8_3 run5 -> veh=16 dist=15114.5 cpu=1332.02s valid=1
[1061/1200] QLEARNING RC2_8_3 run10 -> veh=15 dist=15767.5 cpu=1325.61s valid=1
[1062/1200] QLEARNING RC2_8_3 run6 -> veh=16 dist=15027.9 cpu=1355.19s valid=1
[1063/1200] QLEARNING RC2_8_3 run8 -> veh=15 dist=15979.4 cpu=1365.29s valid=1
[1064/1200] QLEARNING RC2_8_3 run9 -> veh=16 dist=14985.7 cpu=1370.13s valid=1
[1065/1200] CLASSIC RC2_8_5 run6 -> veh=17 dist=20647.3 cpu=294.288s valid=1
[1066/1200] QLEARNING RC2_8_3 run7 -> veh=15 dist=15266.7 cpu=1378.66s valid=1
[1067/1200] CLASSIC RC2_8_5 run7 -> veh=17 dist=20096.1 cpu=290.815s valid=1
[1068/1200] CLASSIC RC2_8_5 run8 -> veh=17 dist=20072.3 cpu=297.125s valid=1
[1069/1200] CLASSIC RC2_8_5 run9 -> veh=17 dist=20147.7 cpu=305.278s valid=1
[1070/1200] CLASSIC RC2_8_5 run10 -> veh=17 dist=21527 cpu=309.701s valid=1
[1071/1200] QLEARNING RC2_8_5 run1 -> veh=17 dist=19706.4 cpu=341.081s valid=1
[1072/1200] CLASSIC RC2_8_4 run1 -> veh=15 dist=11500.8 cpu=1632.73s valid=1
[1073/1200] QLEARNING RC2_8_5 run2 -> veh=17 dist=19849.5 cpu=336.351s valid=1
[1074/1200] QLEARNING RC2_8_5 run3 -> veh=18 dist=19228.8 cpu=341.158s valid=1
[1075/1200] CLASSIC RC2_8_4 run2 -> veh=15 dist=11558.8 cpu=1666.1s valid=1
[1076/1200] QLEARNING RC2_8_5 run4 -> veh=17 dist=19710.3 cpu=342.676s valid=1
[1077/1200] QLEARNING RC2_8_5 run7 -> veh=17 dist=19697.2 cpu=332.198s valid=1
[1078/1200] QLEARNING RC2_8_5 run5 -> veh=18 dist=19297.7 cpu=343.172s valid=1
[1079/1200] QLEARNING RC2_8_5 run9 -> veh=17 dist=20572.9 cpu=327.129s valid=1
[1080/1200] QLEARNING RC2_8_5 run6 -> veh=17 dist=20718.9 cpu=342.436s valid=1
[1081/1200] QLEARNING RC2_8_5 run8 -> veh=17 dist=20070.6 cpu=347.641s valid=1
[1082/1200] QLEARNING RC2_8_5 run10 -> veh=18 dist=19025.5 cpu=329.651s valid=1
[1083/1200] CLASSIC RC2_8_4 run3 -> veh=15 dist=12076.2 cpu=1630.04s valid=1
[1084/1200] CLASSIC RC2_8_4 run5 -> veh=15 dist=11916.5 cpu=1664.36s valid=1
[1085/1200] CLASSIC RC2_8_6 run1 -> veh=15 dist=20685.5 cpu=279.487s valid=1
[1086/1200] CLASSIC RC2_8_6 run2 -> veh=16 dist=19887.9 cpu=273.061s valid=1
[1087/1200] CLASSIC RC2_8_4 run6 -> veh=15 dist=12124.6 cpu=1654.59s valid=1
[1088/1200] CLASSIC RC2_8_4 run7 -> veh=15 dist=12262.4 cpu=1632.12s valid=1
[1089/1200] CLASSIC RC2_8_4 run9 -> veh=15 dist=12094.7 cpu=1627.51s valid=1
[1090/1200] CLASSIC RC2_8_4 run4 -> veh=15 dist=11703.4 cpu=1718.14s valid=1
[1091/1200] QLEARNING RC2_8_4 run1 -> veh=15 dist=11703.5 cpu=1641.32s valid=1
[1092/1200] CLASSIC RC2_8_4 run8 -> veh=15 dist=11718 cpu=1656.34s valid=1
[1093/1200] CLASSIC RC2_8_6 run3 -> veh=16 dist=20131.5 cpu=271.252s valid=1
[1094/1200] QLEARNING RC2_8_4 run2 -> veh=15 dist=11696.6 cpu=1662.96s valid=1
[1095/1200] CLASSIC RC2_8_6 run4 -> veh=16 dist=20192.6 cpu=269.247s valid=1
[1096/1200] CLASSIC RC2_8_6 run5 -> veh=16 dist=20249.8 cpu=267.727s valid=1
[1097/1200] CLASSIC RC2_8_6 run6 -> veh=16 dist=20159.2 cpu=269.759s valid=1
[1098/1200] CLASSIC RC2_8_6 run7 -> veh=15 dist=20097.6 cpu=270.964s valid=1
[1099/1200] CLASSIC RC2_8_4 run10 -> veh=15 dist=11771.4 cpu=1725.56s valid=1
[1100/1200] CLASSIC RC2_8_6 run8 -> veh=16 dist=20120.7 cpu=272.082s valid=1
[1101/1200] CLASSIC RC2_8_6 run9 -> veh=16 dist=19559.6 cpu=263.659s valid=1
[1102/1200] CLASSIC RC2_8_6 run10 -> veh=16 dist=18875.6 cpu=278.775s valid=1
[1103/1200] QLEARNING RC2_8_6 run1 -> veh=16 dist=19321.5 cpu=289.259s valid=1
[1104/1200] QLEARNING RC2_8_6 run2 -> veh=16 dist=19409.9 cpu=293.282s valid=1
[1105/1200] QLEARNING RC2_8_6 run3 -> veh=16 dist=19544.5 cpu=307.781s valid=1
[1106/1200] QLEARNING RC2_8_6 run4 -> veh=16 dist=19916.7 cpu=293.444s valid=1
[1107/1200] QLEARNING RC2_8_6 run5 -> veh=16 dist=19549.1 cpu=287.311s valid=1
[1108/1200] QLEARNING RC2_8_6 run6 -> veh=16 dist=19434.5 cpu=274.318s valid=1
[1109/1200] QLEARNING RC2_8_6 run10 -> veh=16 dist=19609.5 cpu=275.352s valid=1
[1110/1200] QLEARNING RC2_8_6 run7 -> veh=16 dist=19714.1 cpu=292.84s valid=1
[1111/1200] QLEARNING RC2_8_6 run8 -> veh=16 dist=19734.5 cpu=293.218s valid=1
[1112/1200] QLEARNING RC2_8_6 run9 -> veh=16 dist=19763.5 cpu=299.318s valid=1
[1113/1200] QLEARNING RC2_8_4 run7 -> veh=15 dist=11535.6 cpu=1594.94s valid=1
[1114/1200] QLEARNING RC2_8_4 run4 -> veh=15 dist=11635.3 cpu=1634.2s valid=1
[1115/1200] QLEARNING RC2_8_4 run9 -> veh=15 dist=11649.1 cpu=1589.26s valid=1
[1116/1200] QLEARNING RC2_8_4 run5 -> veh=15 dist=11663.8 cpu=1640.51s valid=1
[1117/1200] QLEARNING RC2_8_4 run6 -> veh=15 dist=11739.2 cpu=1642.28s valid=1
[1118/1200] QLEARNING RC2_8_4 run3 -> veh=15 dist=11612.2 cpu=1657.02s valid=1
[1119/1200] QLEARNING RC2_8_4 run8 -> veh=15 dist=11719.6 cpu=1622.06s valid=1
[1120/1200] QLEARNING RC2_8_4 run10 -> veh=15 dist=11666.6 cpu=1607.46s valid=1
[1121/1200] CLASSIC RC2_8_7 run1 -> veh=15 dist=18270 cpu=410.933s valid=1
[1122/1200] CLASSIC RC2_8_7 run2 -> veh=15 dist=18295 cpu=411.097s valid=1
[1123/1200] CLASSIC RC2_8_7 run4 -> veh=15 dist=18874.9 cpu=409.841s valid=1
[1124/1200] CLASSIC RC2_8_7 run3 -> veh=15 dist=18564 cpu=414.629s valid=1
[1125/1200] CLASSIC RC2_8_7 run6 -> veh=15 dist=19140.7 cpu=393.686s valid=1
[1126/1200] CLASSIC RC2_8_7 run5 -> veh=15 dist=18830.6 cpu=411.747s valid=1
[1127/1200] CLASSIC RC2_8_7 run7 -> veh=15 dist=18693.9 cpu=408.143s valid=1
[1128/1200] CLASSIC RC2_8_7 run8 -> veh=15 dist=18543.1 cpu=408.485s valid=1
[1129/1200] CLASSIC RC2_8_7 run9 -> veh=15 dist=18540.2 cpu=417.819s valid=1
[1130/1200] CLASSIC RC2_8_7 run10 -> veh=15 dist=18682.6 cpu=415.124s valid=1
[1131/1200] QLEARNING RC2_8_7 run1 -> veh=15 dist=18672.7 cpu=434.28s valid=1
[1132/1200] QLEARNING RC2_8_7 run3 -> veh=15 dist=18458.3 cpu=430.985s valid=1
[1133/1200] QLEARNING RC2_8_7 run2 -> veh=15 dist=18619.5 cpu=434.115s valid=1
[1134/1200] QLEARNING RC2_8_7 run5 -> veh=15 dist=18760 cpu=424.149s valid=1
[1135/1200] QLEARNING RC2_8_7 run4 -> veh=15 dist=18711.9 cpu=437.597s valid=1
[1136/1200] QLEARNING RC2_8_7 run6 -> veh=15 dist=18908.7 cpu=429.819s valid=1
[1137/1200] QLEARNING RC2_8_7 run7 -> veh=15 dist=18762.4 cpu=436.462s valid=1
[1138/1200] QLEARNING RC2_8_7 run8 -> veh=15 dist=18356.7 cpu=429.664s valid=1
[1139/1200] QLEARNING RC2_8_7 run9 -> veh=15 dist=18507.3 cpu=436.006s valid=1
[1140/1200] QLEARNING RC2_8_7 run10 -> veh=15 dist=18700.2 cpu=426.638s valid=1
[1141/1200] CLASSIC RC2_8_8 run3 -> veh=15 dist=17681.1 cpu=520.032s valid=1
[1142/1200] CLASSIC RC2_8_8 run1 -> veh=15 dist=17025.3 cpu=527.862s valid=1
[1143/1200] CLASSIC RC2_8_8 run2 -> veh=15 dist=17424.9 cpu=527.879s valid=1
[1144/1200] CLASSIC RC2_8_8 run4 -> veh=15 dist=17402.4 cpu=528.042s valid=1
[1145/1200] CLASSIC RC2_8_8 run5 -> veh=15 dist=17331.2 cpu=526.699s valid=1
[1146/1200] CLASSIC RC2_8_8 run6 -> veh=15 dist=17628.2 cpu=517.951s valid=1
[1147/1200] CLASSIC RC2_8_8 run8 -> veh=15 dist=17399 cpu=515.157s valid=1
[1148/1200] CLASSIC RC2_8_8 run7 -> veh=15 dist=17508.8 cpu=526.229s valid=1
[1149/1200] CLASSIC RC2_8_8 run9 -> veh=15 dist=17322.3 cpu=526.094s valid=1
[1150/1200] CLASSIC RC2_8_8 run10 -> veh=15 dist=17549 cpu=523.142s valid=1
[1151/1200] QLEARNING RC2_8_8 run1 -> veh=15 dist=17071.8 cpu=537.815s valid=1
[1152/1200] QLEARNING RC2_8_8 run2 -> veh=15 dist=17228.3 cpu=542.171s valid=1
[1153/1200] QLEARNING RC2_8_8 run3 -> veh=15 dist=17102.4 cpu=540.358s valid=1
[1154/1200] QLEARNING RC2_8_8 run6 -> veh=15 dist=17062.3 cpu=519.875s valid=1
[1155/1200] QLEARNING RC2_8_8 run4 -> veh=15 dist=16900.8 cpu=541.242s valid=1
[1156/1200] QLEARNING RC2_8_8 run5 -> veh=15 dist=17146.4 cpu=540.89s valid=1
[1157/1200] QLEARNING RC2_8_8 run7 -> veh=15 dist=17302 cpu=538.914s valid=1
[1158/1200] QLEARNING RC2_8_8 run9 -> veh=15 dist=17209.1 cpu=529.775s valid=1
[1159/1200] QLEARNING RC2_8_8 run8 -> veh=15 dist=16931.6 cpu=542.269s valid=1
[1160/1200] QLEARNING RC2_8_8 run10 -> veh=15 dist=17129.3 cpu=545.329s valid=1
[1161/1200] CLASSIC RC2_8_9 run1 -> veh=15 dist=16975.4 cpu=524.04s valid=1
[1162/1200] CLASSIC RC2_8_9 run3 -> veh=15 dist=17044.5 cpu=509.91s valid=1
[1163/1200] CLASSIC RC2_8_9 run4 -> veh=15 dist=16895.5 cpu=509.395s valid=1
[1164/1200] CLASSIC RC2_8_9 run5 -> veh=15 dist=17400.3 cpu=510.736s valid=1
[1165/1200] CLASSIC RC2_8_9 run2 -> veh=15 dist=15973.9 cpu=538.298s valid=1
[1166/1200] CLASSIC RC2_8_9 run7 -> veh=15 dist=17644.7 cpu=493.801s valid=1
[1167/1200] CLASSIC RC2_8_9 run6 -> veh=15 dist=17096.9 cpu=505.825s valid=1
[1168/1200] CLASSIC RC2_8_9 run8 -> veh=15 dist=16479.2 cpu=539.799s valid=1
[1169/1200] CLASSIC RC2_8_9 run10 -> veh=15 dist=16665.3 cpu=513.109s valid=1
[1170/1200] QLEARNING RC2_8_9 run1 -> veh=15 dist=16879.4 cpu=510.789s valid=1
[1171/1200] CLASSIC RC2_8_9 run9 -> veh=15 dist=15910.3 cpu=546.629s valid=1
[1172/1200] QLEARNING RC2_8_9 run2 -> veh=15 dist=16931.2 cpu=532.815s valid=1
[1173/1200] QLEARNING RC2_8_9 run7 -> veh=15 dist=16718.1 cpu=455.033s valid=1
[1174/1200] QLEARNING RC2_8_9 run3 -> veh=15 dist=16828.3 cpu=519.403s valid=1
[1175/1200] QLEARNING RC2_8_9 run4 -> veh=15 dist=16651.3 cpu=520.778s valid=1
[1176/1200] QLEARNING RC2_8_9 run5 -> veh=15 dist=16750.6 cpu=526.813s valid=1
[1177/1200] QLEARNING RC2_8_9 run6 -> veh=15 dist=16961.6 cpu=514.504s valid=1
[1178/1200] QLEARNING RC2_8_9 run9 -> veh=15 dist=16696.5 cpu=496.76s valid=1
[1179/1200] QLEARNING RC2_8_9 run10 -> veh=15 dist=16798 cpu=493.878s valid=1
[1180/1200] QLEARNING RC2_8_9 run8 -> veh=15 dist=16718.2 cpu=509.264s valid=1
[1181/1200] CLASSIC RC2_8_10 run6 -> veh=15 dist=15573.8 cpu=443.98s valid=1
[1182/1200] CLASSIC RC2_8_10 run8 -> veh=15 dist=16817.2 cpu=449.822s valid=1
[1183/1200] CLASSIC RC2_8_10 run3 -> veh=15 dist=15380.8 cpu=550.209s valid=1
[1184/1200] CLASSIC RC2_8_10 run1 -> veh=15 dist=15705.5 cpu=580.293s valid=1
[1185/1200] QLEARNING RC2_8_10 run8 -> veh=15 dist=15801.8 cpu=387.008s valid=1
[1186/1200] CLASSIC RC2_8_10 run4 -> veh=15 dist=15274 cpu=537.387s valid=1
[1187/1200] CLASSIC RC2_8_10 run2 -> veh=15 dist=16267.6 cpu=585.229s valid=1
[1188/1200] QLEARNING RC2_8_10 run4 -> veh=15 dist=14963.9 cpu=419.387s valid=1
[1189/1200] QLEARNING RC2_8_10 run3 -> veh=15 dist=15643 cpu=446.444s valid=1
[1190/1200] CLASSIC RC2_8_10 run7 -> veh=15 dist=15779.6 cpu=515.052s valid=1
[1191/1200] CLASSIC RC2_8_10 run9 -> veh=15 dist=15954.6 cpu=496.996s valid=1
[1192/1200] QLEARNING RC2_8_10 run9 -> veh=15 dist=15768.2 cpu=419.299s valid=1
[1193/1200] QLEARNING RC2_8_10 run5 -> veh=15 dist=15618.1 cpu=442.776s valid=1
[1194/1200] QLEARNING RC2_8_10 run6 -> veh=15 dist=15535.6 cpu=446.783s valid=1
[1195/1200] CLASSIC RC2_8_10 run5 -> veh=15 dist=15575.3 cpu=547.415s valid=1
[1196/1200] QLEARNING RC2_8_10 run1 -> veh=15 dist=15591.9 cpu=500.644s valid=1
[1197/1200] QLEARNING RC2_8_10 run2 -> veh=15 dist=15616.1 cpu=498.054s valid=1
[1198/1200] CLASSIC RC2_8_10 run10 -> veh=15 dist=15951.1 cpu=517.262s valid=1
[1199/1200] QLEARNING RC2_8_10 run7 -> veh=15 dist=15451.3 cpu=473.115s valid=1
[1200/1200] QLEARNING RC2_8_10 run10 -> veh=15 dist=15523.2 cpu=419.487s valid=1
=== Fin size=800. Nuevas: 1200 | errores: 0 | Wall-clock: 4h 55m 44.0s ===
Campaña para size=800 finalizada.
