============================================================
Job ID:           55490
Nodo asignado:    n003
Workers asignados: 32
============================================================
=== Campana PARALELA | size=800 | hilos: 32 | params: (por defecto) ===
=== Instancias: 60 | corridas objetivo: 1200 | ya hechas: 0 | pendientes: 1200 ===
=== Maestro: /home/jose.osnayo/PFC_VRPTW/Experiments/results/master_gh800.csv (SOBRESCRIBE, se guarda corrida a corrida) ===
[1/1200] CLASSIC C1_8_1 run7 -> veh=80 dist=25184.4 cpu=23.4118s valid=1
[2/1200] CLASSIC C1_8_1 run9 -> veh=80 dist=25184.4 cpu=24.226s valid=1
[3/1200] CLASSIC C1_8_1 run4 -> veh=80 dist=25184.4 cpu=24.7521s valid=1
[4/1200] QLEARNING C1_8_1 run2 -> veh=80 dist=25184.4 cpu=24.8092s valid=1
[5/1200] CLASSIC C1_8_1 run10 -> veh=80 dist=25184.4 cpu=25.1167s valid=1
[6/1200] CLASSIC C1_8_1 run6 -> veh=80 dist=25184.4 cpu=25.4065s valid=1
[7/1200] CLASSIC C1_8_1 run8 -> veh=80 dist=25184.4 cpu=25.3972s valid=1
[8/1200] CLASSIC C1_8_1 run5 -> veh=80 dist=25184.4 cpu=25.5086s valid=1
[9/1200] CLASSIC C1_8_1 run1 -> veh=80 dist=25184.4 cpu=25.7451s valid=1
[10/1200] QLEARNING C1_8_1 run6 -> veh=80 dist=25184.4 cpu=26.0523s valid=1
[11/1200] CLASSIC C1_8_1 run2 -> veh=80 dist=25184.4 cpu=26.4598s valid=1
[12/1200] QLEARNING C1_8_1 run1 -> veh=80 dist=25184.4 cpu=26.8359s valid=1
[13/1200] QLEARNING C1_8_1 run8 -> veh=80 dist=25184.4 cpu=26.827s valid=1
[14/1200] CLASSIC C1_8_1 run3 -> veh=80 dist=25184.4 cpu=26.8757s valid=1
[15/1200] QLEARNING C1_8_1 run10 -> veh=80 dist=25184.4 cpu=27.3415s valid=1
[16/1200] QLEARNING C1_8_1 run4 -> veh=80 dist=25184.4 cpu=27.6926s valid=1
[17/1200] QLEARNING C1_8_1 run9 -> veh=80 dist=25184.4 cpu=28.5375s valid=1
[18/1200] QLEARNING C1_8_1 run7 -> veh=80 dist=25184.4 cpu=30.9768s valid=1
[19/1200] QLEARNING C1_8_1 run3 -> veh=80 dist=25184.4 cpu=31.0581s valid=1
[20/1200] QLEARNING C1_8_1 run5 -> veh=80 dist=25184.4 cpu=31.4443s valid=1
[21/1200] CLASSIC C1_8_2 run6 -> veh=74 dist=27082.8 cpu=52.1106s valid=1
[22/1200] CLASSIC C1_8_3 run1 -> veh=72 dist=25895.3 cpu=27.8523s valid=1
[23/1200] CLASSIC C1_8_3 run5 -> veh=72 dist=27179 cpu=27.0894s valid=1
[24/1200] CLASSIC C1_8_3 run3 -> veh=72 dist=27383.3 cpu=27.9187s valid=1
[25/1200] CLASSIC C1_8_3 run4 -> veh=72 dist=26701.1 cpu=27.6142s valid=1
[26/1200] CLASSIC C1_8_3 run2 -> veh=72 dist=26871.6 cpu=28.3632s valid=1
[27/1200] CLASSIC C1_8_3 run6 -> veh=72 dist=26496.4 cpu=27.9523s valid=1
[28/1200] CLASSIC C1_8_2 run9 -> veh=75 dist=26482.5 cpu=55.136s valid=1
[29/1200] CLASSIC C1_8_2 run1 -> veh=75 dist=26065.2 cpu=55.1571s valid=1
[30/1200] CLASSIC C1_8_2 run5 -> veh=75 dist=25743.5 cpu=55.2518s valid=1
[31/1200] CLASSIC C1_8_2 run4 -> veh=75 dist=25941.8 cpu=55.2938s valid=1
[32/1200] CLASSIC C1_8_2 run3 -> veh=75 dist=26350.6 cpu=55.2792s valid=1
[33/1200] CLASSIC C1_8_2 run8 -> veh=75 dist=25926.6 cpu=55.336s valid=1
[34/1200] CLASSIC C1_8_3 run8 -> veh=72 dist=26929.4 cpu=27.9244s valid=1
[35/1200] CLASSIC C1_8_2 run7 -> veh=75 dist=25820.8 cpu=55.7126s valid=1
[36/1200] CLASSIC C1_8_3 run7 -> veh=72 dist=26172.4 cpu=28.7738s valid=1
[37/1200] CLASSIC C1_8_2 run2 -> veh=75 dist=25906.3 cpu=56.1865s valid=1
[38/1200] CLASSIC C1_8_3 run9 -> veh=72 dist=27361.9 cpu=28.0551s valid=1
[39/1200] CLASSIC C1_8_2 run10 -> veh=75 dist=25881.2 cpu=57.348s valid=1
[40/1200] CLASSIC C1_8_3 run10 -> veh=72 dist=26960.3 cpu=28.0981s valid=1
[41/1200] QLEARNING C1_8_3 run1 -> veh=72 dist=27972.1 cpu=28.8121s valid=1
[42/1200] QLEARNING C1_8_3 run2 -> veh=72 dist=26853 cpu=28.8031s valid=1
[43/1200] QLEARNING C1_8_2 run1 -> veh=74 dist=26401.3 cpu=66.2383s valid=1
[44/1200] QLEARNING C1_8_2 run2 -> veh=75 dist=25740 cpu=70.6635s valid=1
[45/1200] QLEARNING C1_8_3 run4 -> veh=72 dist=27540.4 cpu=28.2028s valid=1
[46/1200] QLEARNING C1_8_3 run5 -> veh=72 dist=26084.9 cpu=30.0575s valid=1
[47/1200] QLEARNING C1_8_3 run3 -> veh=72 dist=26924.6 cpu=32.1113s valid=1
[48/1200] QLEARNING C1_8_3 run8 -> veh=72 dist=25822 cpu=30.6517s valid=1
[49/1200] QLEARNING C1_8_3 run10 -> veh=72 dist=26237.9 cpu=31.1124s valid=1
[50/1200] QLEARNING C1_8_3 run6 -> veh=72 dist=26005.4 cpu=32.707s valid=1
[51/1200] QLEARNING C1_8_3 run9 -> veh=72 dist=26108.7 cpu=32.9169s valid=1
[52/1200] CLASSIC C1_8_4 run1 -> veh=72 dist=25903.6 cpu=34.1601s valid=1
[53/1200] QLEARNING C1_8_2 run3 -> veh=75 dist=25998 cpu=66.3101s valid=1
[54/1200] CLASSIC C1_8_4 run2 -> veh=72 dist=25774.4 cpu=34.5694s valid=1
[55/1200] CLASSIC C1_8_4 run5 -> veh=72 dist=25883.2 cpu=34.5189s valid=1
[56/1200] CLASSIC C1_8_4 run6 -> veh=72 dist=25720.9 cpu=34.2432s valid=1
[57/1200] CLASSIC C1_8_4 run7 -> veh=72 dist=25606.8 cpu=34.3448s valid=1
[58/1200] CLASSIC C1_8_4 run4 -> veh=72 dist=25393.6 cpu=35.1041s valid=1
[59/1200] CLASSIC C1_8_4 run3 -> veh=72 dist=25641.4 cpu=35.4762s valid=1
[60/1200] CLASSIC C1_8_4 run8 -> veh=72 dist=26075.2 cpu=34.757s valid=1
[61/1200] CLASSIC C1_8_4 run9 -> veh=72 dist=25808.6 cpu=35.5494s valid=1
[62/1200] QLEARNING C1_8_2 run9 -> veh=75 dist=25916 cpu=66.9092s valid=1
[63/1200] CLASSIC C1_8_4 run10 -> veh=72 dist=25218.9 cpu=36.2136s valid=1
[64/1200] QLEARNING C1_8_3 run7 -> veh=72 dist=25356.5 cpu=38.7519s valid=1
[65/1200] QLEARNING C1_8_2 run4 -> veh=75 dist=26084.9 cpu=70.6987s valid=1
[66/1200] QLEARNING C1_8_4 run1 -> veh=72 dist=24838.1 cpu=39.2912s valid=1
[67/1200] QLEARNING C1_8_2 run7 -> veh=75 dist=25823.3 cpu=71.8498s valid=1
[68/1200] QLEARNING C1_8_2 run5 -> veh=76 dist=25572.4 cpu=72.4342s valid=1
[69/1200] QLEARNING C1_8_2 run8 -> veh=75 dist=25638.8 cpu=72.2812s valid=1
[70/1200] QLEARNING C1_8_2 run10 -> veh=75 dist=25590.7 cpu=73.1366s valid=1
[71/1200] QLEARNING C1_8_2 run6 -> veh=75 dist=25803.8 cpu=74.0634s valid=1
[72/1200] QLEARNING C1_8_4 run3 -> veh=72 dist=24685.9 cpu=39.1548s valid=1
[73/1200] QLEARNING C1_8_4 run4 -> veh=72 dist=25560.1 cpu=38.897s valid=1
[74/1200] QLEARNING C1_8_4 run2 -> veh=72 dist=25191.3 cpu=41.0341s valid=1
[75/1200] QLEARNING C1_8_4 run5 -> veh=72 dist=24824.3 cpu=37.0679s valid=1
[76/1200] QLEARNING C1_8_4 run6 -> veh=72 dist=25249.2 cpu=38.7907s valid=1
[77/1200] CLASSIC C1_8_5 run2 -> veh=80 dist=25272.6 cpu=27.6521s valid=1
[78/1200] CLASSIC C1_8_5 run3 -> veh=80 dist=25166.3 cpu=27.2031s valid=1
[79/1200] CLASSIC C1_8_5 run1 -> veh=80 dist=25209.7 cpu=28.9608s valid=1
[80/1200] CLASSIC C1_8_5 run4 -> veh=80 dist=25284.2 cpu=27.5632s valid=1
[81/1200] CLASSIC C1_8_5 run7 -> veh=80 dist=25287.1 cpu=27.4518s valid=1
[82/1200] CLASSIC C1_8_5 run6 -> veh=80 dist=25166.5 cpu=27.5522s valid=1
[83/1200] CLASSIC C1_8_5 run5 -> veh=80 dist=25292.9 cpu=28.2138s valid=1
[84/1200] QLEARNING C1_8_4 run7 -> veh=72 dist=25414.9 cpu=36.291s valid=1
[85/1200] CLASSIC C1_8_5 run9 -> veh=80 dist=25223.1 cpu=28.3833s valid=1
[86/1200] QLEARNING C1_8_4 run9 -> veh=72 dist=25192.9 cpu=34.9489s valid=1
[87/1200] QLEARNING C1_8_4 run8 -> veh=72 dist=25489.5 cpu=37.0077s valid=1
[88/1200] QLEARNING C1_8_5 run1 -> veh=80 dist=25166.3 cpu=30.6626s valid=1
[89/1200] QLEARNING C1_8_5 run3 -> veh=80 dist=25166.5 cpu=31.4465s valid=1
[90/1200] CLASSIC C1_8_5 run8 -> veh=80 dist=25454.2 cpu=33.6959s valid=1
[91/1200] CLASSIC C1_8_5 run10 -> veh=80 dist=25166.5 cpu=33.7561s valid=1
[92/1200] QLEARNING C1_8_4 run10 -> veh=72 dist=24950.4 cpu=38.8926s valid=1
[93/1200] QLEARNING C1_8_5 run4 -> veh=80 dist=25274 cpu=33.7623s valid=1
[94/1200] QLEARNING C1_8_5 run5 -> veh=80 dist=25205.5 cpu=37.0363s valid=1
[95/1200] QLEARNING C1_8_5 run6 -> veh=80 dist=25167 cpu=37.3421s valid=1
[96/1200] CLASSIC C1_8_6 run3 -> veh=80 dist=25181.9 cpu=31.7811s valid=1
[97/1200] QLEARNING C1_8_5 run10 -> veh=80 dist=25263.7 cpu=34.0232s valid=1
[98/1200] CLASSIC C1_8_6 run6 -> veh=80 dist=25307 cpu=32.3554s valid=1
[99/1200] QLEARNING C1_8_5 run9 -> veh=80 dist=25207.5 cpu=35.5942s valid=1
[100/1200] QLEARNING C1_8_5 run2 -> veh=80 dist=25229.2 cpu=42.7266s valid=1
[101/1200] QLEARNING C1_8_5 run7 -> veh=80 dist=25166.3 cpu=38.7894s valid=1
[102/1200] QLEARNING C1_8_5 run8 -> veh=80 dist=25167 cpu=37.5659s valid=1
[103/1200] CLASSIC C1_8_6 run7 -> veh=80 dist=25344.4 cpu=31.4358s valid=1
[104/1200] CLASSIC C1_8_6 run5 -> veh=80 dist=25235.3 cpu=37.7444s valid=1
[105/1200] CLASSIC C1_8_6 run1 -> veh=80 dist=25191 cpu=39.8597s valid=1
[106/1200] CLASSIC C1_8_6 run2 -> veh=80 dist=25405.7 cpu=46.1093s valid=1
[107/1200] CLASSIC C1_8_6 run4 -> veh=80 dist=25270.3 cpu=45.9304s valid=1
[108/1200] QLEARNING C1_8_6 run6 -> veh=80 dist=25189.5 cpu=35.7415s valid=1
[109/1200] CLASSIC C1_8_6 run8 -> veh=80 dist=25814.1 cpu=44.7753s valid=1
[110/1200] CLASSIC C1_8_7 run1 -> veh=79 dist=25692.4 cpu=32.1766s valid=1
[111/1200] QLEARNING C1_8_6 run1 -> veh=80 dist=25160.9 cpu=41.3709s valid=1
[112/1200] QLEARNING C1_8_6 run4 -> veh=80 dist=25639 cpu=40.57s valid=1
[113/1200] QLEARNING C1_8_6 run7 -> veh=80 dist=25195.8 cpu=40.818s valid=1
[114/1200] QLEARNING C1_8_6 run9 -> veh=80 dist=25319.4 cpu=38.3437s valid=1
[115/1200] CLASSIC C1_8_6 run10 -> veh=80 dist=25249.7 cpu=45.7123s valid=1
[116/1200] CLASSIC C1_8_6 run9 -> veh=80 dist=25280.3 cpu=46.3061s valid=1
[117/1200] QLEARNING C1_8_6 run8 -> veh=80 dist=25321.7 cpu=42.2748s valid=1
[118/1200] QLEARNING C1_8_6 run5 -> veh=80 dist=25742.4 cpu=48.4636s valid=1
[119/1200] CLASSIC C1_8_7 run10 -> veh=79 dist=26034.1 cpu=35.2804s valid=1
[120/1200] CLASSIC C1_8_7 run3 -> veh=79 dist=25584.8 cpu=46.1505s valid=1
[121/1200] CLASSIC C1_8_7 run2 -> veh=79 dist=25781.1 cpu=46.9031s valid=1
[122/1200] CLASSIC C1_8_7 run4 -> veh=79 dist=26456.7 cpu=46.1437s valid=1
[123/1200] CLASSIC C1_8_7 run9 -> veh=79 dist=26244.8 cpu=40.6768s valid=1
[124/1200] CLASSIC C1_8_7 run5 -> veh=80 dist=26744.6 cpu=47.9659s valid=1
[125/1200] CLASSIC C1_8_7 run6 -> veh=79 dist=25675 cpu=47.0079s valid=1
[126/1200] CLASSIC C1_8_7 run7 -> veh=79 dist=25728.9 cpu=46.4321s valid=1
[127/1200] QLEARNING C1_8_6 run3 -> veh=80 dist=25259.6 cpu=60.8044s valid=1
[128/1200] CLASSIC C1_8_7 run8 -> veh=79 dist=26123.1 cpu=47.9251s valid=1
[129/1200] QLEARNING C1_8_7 run1 -> veh=79 dist=25701.7 cpu=46.0425s valid=1
[130/1200] QLEARNING C1_8_6 run10 -> veh=80 dist=25278.1 cpu=58.3038s valid=1
[131/1200] QLEARNING C1_8_6 run2 -> veh=80 dist=25327.8 cpu=65.6396s valid=1
[132/1200] CLASSIC C1_8_8 run2 -> veh=76 dist=26806.7 cpu=33.5148s valid=1
[133/1200] CLASSIC C1_8_8 run4 -> veh=76 dist=26223.8 cpu=31.4705s valid=1
[134/1200] CLASSIC C1_8_8 run9 -> veh=76 dist=26687.4 cpu=29.8508s valid=1
[135/1200] CLASSIC C1_8_8 run3 -> veh=77 dist=26579.1 cpu=35.8851s valid=1
[136/1200] QLEARNING C1_8_7 run3 -> veh=79 dist=25560.7 cpu=59.3555s valid=1
[137/1200] QLEARNING C1_8_7 run2 -> veh=79 dist=25917.2 cpu=60.1103s valid=1
[138/1200] CLASSIC C1_8_8 run7 -> veh=76 dist=26264.8 cpu=33.43s valid=1
[139/1200] CLASSIC C1_8_8 run8 -> veh=77 dist=27275.6 cpu=34.3129s valid=1
[140/1200] QLEARNING C1_8_7 run4 -> veh=79 dist=25885.8 cpu=61.5658s valid=1
[141/1200] QLEARNING C1_8_7 run5 -> veh=79 dist=25476.2 cpu=64.2306s valid=1
[142/1200] CLASSIC C1_8_8 run1 -> veh=76 dist=26825.8 cpu=44.8784s valid=1
[143/1200] QLEARNING C1_8_7 run7 -> veh=79 dist=25563.4 cpu=61.764s valid=1
[144/1200] QLEARNING C1_8_7 run8 -> veh=79 dist=25922 cpu=54.9343s valid=1
[145/1200] QLEARNING C1_8_7 run9 -> veh=79 dist=25630.1 cpu=54.8883s valid=1
[146/1200] CLASSIC C1_8_8 run10 -> veh=76 dist=27051.2 cpu=34.1221s valid=1
[147/1200] QLEARNING C1_8_7 run6 -> veh=79 dist=25435.1 cpu=66.7516s valid=1
[148/1200] CLASSIC C1_8_8 run6 -> veh=76 dist=26699 cpu=44.6687s valid=1
[149/1200] CLASSIC C1_8_8 run5 -> veh=76 dist=26447.1 cpu=44.95s valid=1
[150/1200] QLEARNING C1_8_8 run4 -> veh=76 dist=27069 cpu=34.4815s valid=1
[151/1200] QLEARNING C1_8_8 run8 -> veh=76 dist=26535.4 cpu=29.5499s valid=1
[152/1200] QLEARNING C1_8_8 run7 -> veh=76 dist=26226.8 cpu=32.0091s valid=1
[153/1200] QLEARNING C1_8_8 run2 -> veh=76 dist=26117.5 cpu=39.4438s valid=1
[154/1200] QLEARNING C1_8_7 run10 -> veh=79 dist=25512.6 cpu=58.4752s valid=1
[155/1200] CLASSIC C1_8_9 run2 -> veh=73 dist=26388.7 cpu=34.141s valid=1
[156/1200] QLEARNING C1_8_8 run6 -> veh=76 dist=27072.4 cpu=43.1551s valid=1
[157/1200] QLEARNING C1_8_8 run1 -> veh=76 dist=25982.3 cpu=49.563s valid=1
[158/1200] QLEARNING C1_8_8 run5 -> veh=75 dist=26061.7 cpu=46.8916s valid=1
[159/1200] QLEARNING C1_8_8 run3 -> veh=76 dist=26287.6 cpu=51.1608s valid=1
[160/1200] QLEARNING C1_8_8 run9 -> veh=75 dist=26407.6 cpu=46.29s valid=1
[161/1200] CLASSIC C1_8_9 run4 -> veh=73 dist=25802.3 cpu=36.7406s valid=1
[162/1200] CLASSIC C1_8_9 run5 -> veh=73 dist=27298 cpu=37.9785s valid=1
[163/1200] CLASSIC C1_8_9 run10 -> veh=73 dist=26463.2 cpu=34.528s valid=1
[164/1200] QLEARNING C1_8_8 run10 -> veh=76 dist=26253.7 cpu=50.2506s valid=1
[165/1200] CLASSIC C1_8_9 run1 -> veh=73 dist=26846.7 cpu=50.8103s valid=1
[166/1200] QLEARNING C1_8_9 run1 -> veh=74 dist=25212.5 cpu=35.6656s valid=1
[167/1200] CLASSIC C1_8_9 run3 -> veh=73 dist=25953.2 cpu=50.309s valid=1
[168/1200] QLEARNING C1_8_9 run2 -> veh=73 dist=25497.1 cpu=37.2481s valid=1
[169/1200] QLEARNING C1_8_9 run7 -> veh=73 dist=27132.4 cpu=33.8639s valid=1
[170/1200] QLEARNING C1_8_9 run4 -> veh=74 dist=26384.8 cpu=34.8096s valid=1
[171/1200] QLEARNING C1_8_9 run5 -> veh=73 dist=27182.6 cpu=35.059s valid=1
[172/1200] CLASSIC C1_8_9 run8 -> veh=73 dist=27697.5 cpu=43.1773s valid=1
[173/1200] CLASSIC C1_8_10 run4 -> veh=72 dist=28601 cpu=30.441s valid=1
[174/1200] QLEARNING C1_8_9 run9 -> veh=73 dist=26492.7 cpu=38.621s valid=1
[175/1200] CLASSIC C1_8_9 run6 -> veh=73 dist=25738.5 cpu=50.8962s valid=1
[176/1200] CLASSIC C1_8_9 run7 -> veh=73 dist=26960.6 cpu=50.6519s valid=1
[177/1200] CLASSIC C1_8_10 run3 -> veh=73 dist=26341.2 cpu=36.8682s valid=1
[178/1200] CLASSIC C1_8_9 run9 -> veh=73 dist=26459.9 cpu=50.5116s valid=1
[179/1200] CLASSIC C1_8_10 run1 -> veh=72 dist=27408 cpu=40.2015s valid=1
[180/1200] CLASSIC C1_8_10 run5 -> veh=72 dist=27745.1 cpu=36.1558s valid=1
[181/1200] CLASSIC C1_8_10 run2 -> veh=72 dist=28073.4 cpu=43.2964s valid=1
[182/1200] QLEARNING C1_8_9 run3 -> veh=73 dist=26570.3 cpu=51.093s valid=1
[183/1200] QLEARNING C1_8_9 run8 -> veh=73 dist=27065.9 cpu=49.6606s valid=1
[184/1200] QLEARNING C1_8_9 run6 -> veh=73 dist=25703.1 cpu=54.6635s valid=1
[185/1200] CLASSIC C1_8_10 run9 -> veh=72 dist=28233.6 cpu=37.3249s valid=1
[186/1200] CLASSIC C1_8_10 run8 -> veh=73 dist=26371.3 cpu=37.4953s valid=1
[187/1200] CLASSIC C1_8_10 run6 -> veh=72 dist=27549.8 cpu=46.2252s valid=1
[188/1200] QLEARNING C1_8_9 run10 -> veh=73 dist=25885.9 cpu=54.6439s valid=1
[189/1200] QLEARNING C1_8_10 run1 -> veh=72 dist=28148.7 cpu=37.8641s valid=1
[190/1200] CLASSIC C2_8_1 run4 -> veh=24 dist=11667.7 cpu=24.4028s valid=1
[191/1200] CLASSIC C2_8_1 run3 -> veh=24 dist=11667 cpu=26.6562s valid=1
[192/1200] QLEARNING C1_8_10 run4 -> veh=73 dist=26381.9 cpu=35.4955s valid=1
[193/1200] CLASSIC C2_8_1 run1 -> veh=24 dist=11667.3 cpu=30.0368s valid=1
[194/1200] QLEARNING C1_8_10 run8 -> veh=73 dist=26467.1 cpu=33.0332s valid=1
[195/1200] QLEARNING C1_8_10 run5 -> veh=73 dist=26336.1 cpu=36.0396s valid=1
[196/1200] QLEARNING C1_8_10 run3 -> veh=72 dist=27579 cpu=39.0621s valid=1
[197/1200] QLEARNING C1_8_10 run2 -> veh=72 dist=29131 cpu=41.0516s valid=1
[198/1200] QLEARNING C1_8_10 run6 -> veh=72 dist=27868 cpu=37.0418s valid=1
[199/1200] CLASSIC C2_8_1 run5 -> veh=24 dist=11666 cpu=27.2851s valid=1
[200/1200] CLASSIC C2_8_1 run2 -> veh=24 dist=11668.1 cpu=32.9077s valid=1
[201/1200] CLASSIC C1_8_10 run7 -> veh=73 dist=26768.2 cpu=54.4149s valid=1
[202/1200] QLEARNING C1_8_10 run7 -> veh=73 dist=26095.9 cpu=40.3032s valid=1
[203/1200] QLEARNING C1_8_10 run10 -> veh=73 dist=25861.8 cpu=36.8748s valid=1
[204/1200] CLASSIC C2_8_1 run7 -> veh=24 dist=11666 cpu=28.0458s valid=1
[205/1200] CLASSIC C1_8_10 run10 -> veh=73 dist=26555.8 cpu=54.4206s valid=1
[206/1200] CLASSIC C2_8_1 run6 -> veh=24 dist=11674.7 cpu=31.3141s valid=1
[207/1200] CLASSIC C2_8_1 run9 -> veh=24 dist=11686.5 cpu=31.5138s valid=1
[208/1200] QLEARNING C2_8_1 run2 -> veh=25 dist=11860.9 cpu=30.2172s valid=1
[209/1200] QLEARNING C2_8_1 run1 -> veh=24 dist=11668.7 cpu=32.3911s valid=1
[210/1200] CLASSIC C2_8_1 run10 -> veh=24 dist=11665.9 cpu=32.6622s valid=1
[211/1200] QLEARNING C1_8_10 run9 -> veh=72 dist=28292.8 cpu=45.7401s valid=1
[212/1200] QLEARNING C2_8_1 run5 -> veh=24 dist=11667.7 cpu=32.2477s valid=1
[213/1200] QLEARNING C2_8_1 run3 -> veh=24 dist=11676.1 cpu=34.153s valid=1
[214/1200] QLEARNING C2_8_1 run6 -> veh=24 dist=11666.3 cpu=28.5732s valid=1
[215/1200] QLEARNING C2_8_1 run7 -> veh=24 dist=11676.5 cpu=28.9647s valid=1
[216/1200] CLASSIC C2_8_1 run8 -> veh=24 dist=11667.3 cpu=41.2626s valid=1
[217/1200] QLEARNING C2_8_1 run4 -> veh=24 dist=11674.7 cpu=34.858s valid=1
[218/1200] QLEARNING C2_8_1 run9 -> veh=24 dist=11667.7 cpu=28.5343s valid=1
[219/1200] QLEARNING C2_8_1 run10 -> veh=24 dist=11667.7 cpu=28.785s valid=1
[220/1200] QLEARNING C2_8_1 run8 -> veh=24 dist=11666.9 cpu=39.947s valid=1
[221/1200] CLASSIC C2_8_2 run2 -> veh=24 dist=11433.9 cpu=76.582s valid=1
[222/1200] QLEARNING C2_8_2 run2 -> veh=24 dist=11521.8 cpu=73.3292s valid=1
[223/1200] CLASSIC C2_8_2 run6 -> veh=24 dist=11468.3 cpu=79.8249s valid=1
[224/1200] QLEARNING C2_8_2 run1 -> veh=24 dist=11447.7 cpu=78.7939s valid=1
[225/1200] QLEARNING C2_8_2 run7 -> veh=24 dist=11525.1 cpu=75.152s valid=1
[226/1200] CLASSIC C2_8_2 run1 -> veh=24 dist=11439.7 cpu=90.3s valid=1
[227/1200] CLASSIC C2_8_2 run4 -> veh=24 dist=11498.8 cpu=86.9503s valid=1
[228/1200] CLASSIC C2_8_2 run7 -> veh=24 dist=11474.1 cpu=86.367s valid=1
[229/1200] CLASSIC C2_8_2 run3 -> veh=24 dist=11503.1 cpu=90.923s valid=1
[230/1200] QLEARNING C2_8_2 run8 -> veh=24 dist=11462.5 cpu=79s valid=1
[231/1200] QLEARNING C2_8_2 run6 -> veh=24 dist=11436.3 cpu=85.0599s valid=1
[232/1200] CLASSIC C2_8_2 run8 -> veh=24 dist=11460.5 cpu=91.522s valid=1
[233/1200] QLEARNING C2_8_2 run5 -> veh=24 dist=11485.7 cpu=89.47s valid=1
[234/1200] QLEARNING C2_8_2 run3 -> veh=24 dist=11450.7 cpu=92.3211s valid=1
[235/1200] QLEARNING C2_8_2 run4 -> veh=24 dist=11464.4 cpu=93.0202s valid=1
[236/1200] CLASSIC C2_8_2 run9 -> veh=24 dist=11454.9 cpu=97.5008s valid=1
[237/1200] QLEARNING C2_8_2 run9 -> veh=24 dist=11463.5 cpu=91.3813s valid=1
[238/1200] QLEARNING C2_8_2 run10 -> veh=24 dist=11483.3 cpu=97.637s valid=1
[239/1200] CLASSIC C2_8_2 run10 -> veh=24 dist=11440.7 cpu=111.444s valid=1
[240/1200] CLASSIC C2_8_3 run1 -> veh=24 dist=11323.6 cpu=102.142s valid=1
[241/1200] CLASSIC C2_8_2 run5 -> veh=24 dist=11455.5 cpu=122.676s valid=1
[242/1200] CLASSIC C2_8_3 run8 -> veh=24 dist=11464.8 cpu=109.545s valid=1
[243/1200] QLEARNING C2_8_3 run1 -> veh=24 dist=11325.6 cpu=113.438s valid=1
[244/1200] CLASSIC C2_8_3 run7 -> veh=24 dist=11463.2 cpu=118.502s valid=1
[245/1200] CLASSIC C2_8_3 run3 -> veh=24 dist=11454.3 cpu=125.35s valid=1
[246/1200] CLASSIC C2_8_3 run4 -> veh=24 dist=11644.2 cpu=130.583s valid=1
[247/1200] QLEARNING C2_8_3 run2 -> veh=24 dist=11823 cpu=118.405s valid=1
[248/1200] CLASSIC C2_8_3 run5 -> veh=24 dist=11519.5 cpu=131.093s valid=1
[249/1200] CLASSIC C2_8_3 run10 -> veh=23 dist=12038.5 cpu=131.605s valid=1
[250/1200] CLASSIC C2_8_3 run2 -> veh=24 dist=11568.4 cpu=144.136s valid=1
[251/1200] CLASSIC C2_8_3 run9 -> veh=24 dist=11535.3 cpu=139.576s valid=1
[252/1200] CLASSIC C2_8_3 run6 -> veh=24 dist=11564.9 cpu=150.629s valid=1
[253/1200] CLASSIC C2_8_5 run1 -> veh=24 dist=11699.6 cpu=30.9759s valid=1
[254/1200] QLEARNING C2_8_3 run6 -> veh=24 dist=11539.7 cpu=107.193s valid=1
[255/1200] QLEARNING C2_8_3 run4 -> veh=24 dist=11424.9 cpu=113.923s valid=1
[256/1200] QLEARNING C2_8_3 run3 -> veh=24 dist=11461.2 cpu=119.161s valid=1
[257/1200] QLEARNING C2_8_3 run8 -> veh=24 dist=11386.9 cpu=109.905s valid=1
[258/1200] CLASSIC C2_8_5 run2 -> veh=25 dist=12515.9 cpu=41.4232s valid=1
[259/1200] QLEARNING C2_8_3 run7 -> veh=24 dist=11601.2 cpu=115.81s valid=1
[260/1200] CLASSIC C2_8_5 run3 -> veh=25 dist=12097.2 cpu=41.3726s valid=1
[261/1200] QLEARNING C2_8_3 run9 -> veh=24 dist=11500 cpu=117.033s valid=1
[262/1200] CLASSIC C2_8_5 run4 -> veh=25 dist=11823.8 cpu=36.0965s valid=1
[263/1200] QLEARNING C2_8_3 run5 -> veh=24 dist=11912.3 cpu=126.531s valid=1
[264/1200] QLEARNING C2_8_3 run10 -> veh=24 dist=11639.5 cpu=121.006s valid=1
[265/1200] CLASSIC C2_8_4 run2 -> veh=23 dist=11776.8 cpu=128.409s valid=1
[266/1200] CLASSIC C2_8_5 run5 -> veh=25 dist=13220.4 cpu=32.6617s valid=1
[267/1200] CLASSIC C2_8_5 run6 -> veh=25 dist=11909 cpu=31.0329s valid=1
[268/1200] CLASSIC C2_8_4 run3 -> veh=23 dist=11567.9 cpu=130.85s valid=1
[269/1200] CLASSIC C2_8_5 run9 -> veh=25 dist=12052.3 cpu=31.0023s valid=1
[270/1200] CLASSIC C2_8_4 run7 -> veh=23 dist=11504.3 cpu=129.809s valid=1
[271/1200] CLASSIC C2_8_5 run8 -> veh=25 dist=15311.4 cpu=36.7394s valid=1
[272/1200] CLASSIC C2_8_5 run7 -> veh=24 dist=13549.4 cpu=40.1417s valid=1
[273/1200] CLASSIC C2_8_4 run4 -> veh=23 dist=12006.2 cpu=141.252s valid=1
[274/1200] CLASSIC C2_8_5 run10 -> veh=25 dist=15471.9 cpu=35.9771s valid=1
[275/1200] QLEARNING C2_8_4 run1 -> veh=24 dist=11468.8 cpu=122.046s valid=1
[276/1200] CLASSIC C2_8_4 run1 -> veh=24 dist=11442.4 cpu=149.398s valid=1
[277/1200] CLASSIC C2_8_4 run8 -> veh=23 dist=11866.3 cpu=139.694s valid=1
[278/1200] CLASSIC C2_8_4 run5 -> veh=23 dist=11725.4 cpu=146.244s valid=1
[279/1200] QLEARNING C2_8_5 run4 -> veh=26 dist=12631.8 cpu=36.4616s valid=1
[280/1200] QLEARNING C2_8_5 run3 -> veh=25 dist=11995.3 cpu=39.4702s valid=1
[281/1200] CLASSIC C2_8_4 run10 -> veh=23 dist=11469.2 cpu=135.047s valid=1
[282/1200] QLEARNING C2_8_5 run6 -> veh=25 dist=13281.3 cpu=39.0927s valid=1
[283/1200] QLEARNING C2_8_5 run1 -> veh=25 dist=12106.8 cpu=47.2423s valid=1
[284/1200] CLASSIC C2_8_4 run6 -> veh=23 dist=11573 cpu=151.865s valid=1
[285/1200] QLEARNING C2_8_5 run2 -> veh=25 dist=13704.6 cpu=48.3053s valid=1
[286/1200] QLEARNING C2_8_4 run2 -> veh=23 dist=11995.5 cpu=136.215s valid=1
[287/1200] QLEARNING C2_8_5 run8 -> veh=25 dist=11970.4 cpu=34.3578s valid=1
[288/1200] QLEARNING C2_8_5 run7 -> veh=25 dist=12383.5 cpu=35.9349s valid=1
[289/1200] CLASSIC C2_8_4 run9 -> veh=23 dist=11417.5 cpu=150.848s valid=1
[290/1200] QLEARNING C2_8_4 run3 -> veh=23 dist=11454.9 cpu=133.066s valid=1
[291/1200] QLEARNING C2_8_5 run5 -> veh=24 dist=12575.1 cpu=51.3603s valid=1
[292/1200] QLEARNING C2_8_5 run10 -> veh=25 dist=14267.5 cpu=39.6068s valid=1
[293/1200] QLEARNING C2_8_4 run7 -> veh=24 dist=11539.3 cpu=122.658s valid=1
[294/1200] QLEARNING C2_8_4 run8 -> veh=23 dist=11582.3 cpu=114.841s valid=1
[295/1200] QLEARNING C2_8_4 run5 -> veh=24 dist=11521.3 cpu=127.854s valid=1
[296/1200] QLEARNING C2_8_5 run9 -> veh=25 dist=12833.5 cpu=46.8633s valid=1
[297/1200] QLEARNING C2_8_4 run6 -> veh=23 dist=11773.4 cpu=131.937s valid=1
[298/1200] QLEARNING C2_8_4 run4 -> veh=23 dist=12561.7 cpu=142.268s valid=1
[299/1200] CLASSIC C2_8_6 run3 -> veh=25 dist=13280.8 cpu=47.8811s valid=1
[300/1200] CLASSIC C2_8_6 run4 -> veh=25 dist=12494.7 cpu=49.1881s valid=1
[301/1200] QLEARNING C2_8_4 run10 -> veh=24 dist=11723 cpu=128.738s valid=1
[302/1200] CLASSIC C2_8_6 run5 -> veh=25 dist=13766 cpu=51.9069s valid=1
[303/1200] QLEARNING C2_8_6 run3 -> veh=25 dist=11761 cpu=43.6256s valid=1
[304/1200] CLASSIC C2_8_6 run1 -> veh=25 dist=13152.1 cpu=63.3445s valid=1
[305/1200] CLASSIC C2_8_6 run2 -> veh=25 dist=12579.5 cpu=62.0049s valid=1
[306/1200] QLEARNING C2_8_6 run2 -> veh=26 dist=12680.9 cpu=48.9581s valid=1
[307/1200] CLASSIC C2_8_6 run10 -> veh=25 dist=14399.6 cpu=49.7408s valid=1
[308/1200] QLEARNING C2_8_4 run9 -> veh=23 dist=11558.3 cpu=142.42s valid=1
[309/1200] CLASSIC C2_8_6 run8 -> veh=25 dist=13049.2 cpu=55.7783s valid=1
[310/1200] QLEARNING C2_8_6 run4 -> veh=25 dist=11879.6 cpu=47.8261s valid=1
[311/1200] CLASSIC C2_8_6 run7 -> veh=25 dist=14258.3 cpu=62.606s valid=1
[312/1200] CLASSIC C2_8_6 run6 -> veh=25 dist=12329.3 cpu=64.6165s valid=1
[313/1200] QLEARNING C2_8_6 run5 -> veh=25 dist=12170.2 cpu=51.9766s valid=1
[314/1200] CLASSIC C2_8_6 run9 -> veh=25 dist=12648.5 cpu=61.6783s valid=1
[315/1200] QLEARNING C2_8_6 run6 -> veh=25 dist=12751.6 cpu=53.1277s valid=1
[316/1200] QLEARNING C2_8_6 run10 -> veh=25 dist=12255 cpu=48.692s valid=1
[317/1200] QLEARNING C2_8_6 run7 -> veh=25 dist=12844.9 cpu=54.1333s valid=1
[318/1200] QLEARNING C2_8_6 run1 -> veh=25 dist=12098.7 cpu=64.8172s valid=1
[319/1200] QLEARNING C2_8_6 run8 -> veh=25 dist=12988.2 cpu=58.4455s valid=1
[320/1200] QLEARNING C2_8_6 run9 -> veh=25 dist=14430.1 cpu=62.4692s valid=1
[321/1200] CLASSIC C2_8_7 run1 -> veh=25 dist=12400.7 cpu=63.108s valid=1
[322/1200] CLASSIC C2_8_7 run3 -> veh=26 dist=12050.7 cpu=60.3164s valid=1
[323/1200] CLASSIC C2_8_7 run4 -> veh=26 dist=12682.3 cpu=59.2157s valid=1
[324/1200] CLASSIC C2_8_7 run2 -> veh=25 dist=15145.3 cpu=67.7184s valid=1
[325/1200] CLASSIC C2_8_7 run6 -> veh=25 dist=14326 cpu=67.5057s valid=1
[326/1200] CLASSIC C2_8_7 run7 -> veh=25 dist=15603.2 cpu=68.1553s valid=1
[327/1200] CLASSIC C2_8_7 run8 -> veh=25 dist=15144.9 cpu=66.8014s valid=1
[328/1200] QLEARNING C2_8_7 run2 -> veh=25 dist=12890.5 cpu=55.4716s valid=1
[329/1200] CLASSIC C2_8_7 run5 -> veh=25 dist=13919.5 cpu=76.4655s valid=1
[330/1200] CLASSIC C2_8_7 run9 -> veh=25 dist=12136.4 cpu=70.1392s valid=1
[331/1200] CLASSIC C2_8_7 run10 -> veh=25 dist=14569.6 cpu=69.0213s valid=1
[332/1200] QLEARNING C2_8_7 run4 -> veh=25 dist=12332.1 cpu=58.6897s valid=1
[333/1200] QLEARNING C2_8_7 run5 -> veh=26 dist=12529.2 cpu=57.1421s valid=1
[334/1200] QLEARNING C2_8_7 run1 -> veh=26 dist=12034.5 cpu=68.6375s valid=1
[335/1200] QLEARNING C2_8_7 run8 -> veh=25 dist=13211.5 cpu=56.9553s valid=1
[336/1200] QLEARNING C2_8_7 run3 -> veh=25 dist=12903.2 cpu=69.8804s valid=1
[337/1200] QLEARNING C2_8_7 run7 -> veh=26 dist=12482 cpu=61.3783s valid=1
[338/1200] QLEARNING C2_8_7 run9 -> veh=25 dist=13118.5 cpu=61.806s valid=1
[339/1200] CLASSIC C2_8_8 run5 -> veh=25 dist=12153.8 cpu=54.5401s valid=1
[340/1200] QLEARNING C2_8_7 run10 -> veh=26 dist=12482.1 cpu=62.5392s valid=1
[341/1200] CLASSIC C2_8_8 run3 -> veh=25 dist=13087.8 cpu=57.198s valid=1
[342/1200] CLASSIC C2_8_8 run2 -> veh=25 dist=13557.1 cpu=61.986s valid=1
[343/1200] QLEARNING C2_8_7 run6 -> veh=25 dist=14190.1 cpu=68.7393s valid=1
[344/1200] CLASSIC C2_8_8 run1 -> veh=25 dist=12408.3 cpu=65.431s valid=1
[345/1200] CLASSIC C2_8_8 run8 -> veh=25 dist=13148.5 cpu=62.3363s valid=1
[346/1200] CLASSIC C2_8_8 run6 -> veh=25 dist=11757.5 cpu=65.7817s valid=1
[347/1200] CLASSIC C2_8_8 run9 -> veh=25 dist=12148.2 cpu=62.2871s valid=1
[348/1200] CLASSIC C2_8_8 run4 -> veh=25 dist=12501 cpu=67.6351s valid=1
[349/1200] CLASSIC C2_8_8 run7 -> veh=25 dist=11963.1 cpu=67.9578s valid=1
[350/1200] QLEARNING C2_8_8 run1 -> veh=25 dist=12714.6 cpu=62.5635s valid=1
[351/1200] CLASSIC C2_8_8 run10 -> veh=24 dist=14308.4 cpu=66.7571s valid=1
[352/1200] QLEARNING C2_8_8 run4 -> veh=25 dist=12689.3 cpu=59.2925s valid=1
[353/1200] QLEARNING C2_8_8 run3 -> veh=25 dist=12938.1 cpu=61.8387s valid=1
[354/1200] QLEARNING C2_8_8 run5 -> veh=25 dist=11757.5 cpu=59.6203s valid=1
[355/1200] QLEARNING C2_8_8 run7 -> veh=25 dist=12756.6 cpu=54.1454s valid=1
[356/1200] QLEARNING C2_8_8 run6 -> veh=25 dist=12500.1 cpu=62.8477s valid=1
[357/1200] QLEARNING C2_8_8 run2 -> veh=25 dist=12129.5 cpu=72.0775s valid=1
[358/1200] QLEARNING C2_8_8 run10 -> veh=25 dist=12133.2 cpu=55.7213s valid=1
[359/1200] QLEARNING C2_8_8 run9 -> veh=25 dist=12335.8 cpu=60.6432s valid=1
[360/1200] QLEARNING C2_8_8 run8 -> veh=25 dist=12782.9 cpu=62.2985s valid=1
[361/1200] CLASSIC C2_8_9 run1 -> veh=25 dist=12301 cpu=64.5128s valid=1
[362/1200] CLASSIC C2_8_9 run2 -> veh=25 dist=12359.2 cpu=67.4163s valid=1
[363/1200] CLASSIC C2_8_9 run6 -> veh=25 dist=13270 cpu=72.7655s valid=1
[364/1200] CLASSIC C2_8_9 run3 -> veh=25 dist=12195.5 cpu=78.3252s valid=1
[365/1200] QLEARNING C2_8_9 run2 -> veh=25 dist=12293 cpu=65.8624s valid=1
[366/1200] QLEARNING C2_8_9 run1 -> veh=25 dist=13786.9 cpu=67.1823s valid=1
[367/1200] CLASSIC C2_8_9 run9 -> veh=25 dist=12613.2 cpu=72.2399s valid=1
[368/1200] QLEARNING C2_8_9 run3 -> veh=25 dist=12535.3 cpu=70.0642s valid=1
[369/1200] CLASSIC C2_8_9 run8 -> veh=25 dist=12902.5 cpu=77.4318s valid=1
[370/1200] QLEARNING C2_8_9 run5 -> veh=25 dist=12579.1 cpu=70.6011s valid=1
[371/1200] CLASSIC C2_8_9 run5 -> veh=25 dist=11865.6 cpu=84.4277s valid=1
[372/1200] CLASSIC C2_8_9 run10 -> veh=25 dist=13035.5 cpu=78.8253s valid=1
[373/1200] QLEARNING C2_8_9 run6 -> veh=25 dist=12691.8 cpu=74.9571s valid=1
[374/1200] QLEARNING C2_8_9 run4 -> veh=25 dist=12906.9 cpu=78.4541s valid=1
[375/1200] QLEARNING C2_8_9 run9 -> veh=25 dist=12296.8 cpu=70.9346s valid=1
[376/1200] CLASSIC C2_8_9 run7 -> veh=24 dist=13018.1 cpu=95.8683s valid=1
[377/1200] QLEARNING C2_8_9 run7 -> veh=25 dist=12200.2 cpu=80.642s valid=1
[378/1200] CLASSIC C2_8_10 run5 -> veh=25 dist=12155.5 cpu=74.8754s valid=1
[379/1200] QLEARNING C2_8_9 run8 -> veh=25 dist=11856.7 cpu=87.4342s valid=1
[380/1200] CLASSIC C2_8_9 run4 -> veh=24 dist=14507.9 cpu=109.932s valid=1
[381/1200] CLASSIC C2_8_10 run1 -> veh=25 dist=12334 cpu=86.0063s valid=1
[382/1200] CLASSIC R1_8_1 run1 -> veh=80 dist=38328.4 cpu=31.5229s valid=1
[383/1200] CLASSIC R1_8_1 run2 -> veh=80 dist=38481.8 cpu=32.2168s valid=1
[384/1200] CLASSIC R1_8_1 run3 -> veh=80 dist=38399.5 cpu=31.4582s valid=1
[385/1200] CLASSIC C2_8_10 run3 -> veh=24 dist=12852.4 cpu=90.2606s valid=1
[386/1200] CLASSIC R1_8_1 run4 -> veh=80 dist=38250 cpu=31.9719s valid=1
[387/1200] QLEARNING C2_8_9 run10 -> veh=25 dist=12381.5 cpu=98.0733s valid=1
[388/1200] CLASSIC R1_8_1 run5 -> veh=80 dist=38130.4 cpu=31.8656s valid=1
[389/1200] QLEARNING C2_8_10 run2 -> veh=24 dist=13205.3 cpu=71.1762s valid=1
[390/1200] CLASSIC C2_8_10 run6 -> veh=24 dist=12398.1 cpu=86.1095s valid=1
[391/1200] CLASSIC R1_8_1 run6 -> veh=80 dist=38693.3 cpu=32.0746s valid=1
[392/1200] CLASSIC C2_8_10 run8 -> veh=25 dist=12748.7 cpu=82.011s valid=1
[393/1200] CLASSIC R1_8_1 run7 -> veh=80 dist=38398 cpu=31.7213s valid=1
[394/1200] CLASSIC C2_8_10 run4 -> veh=24 dist=12912.5 cpu=93.044s valid=1
[395/1200] CLASSIC R1_8_1 run8 -> veh=80 dist=38501.3 cpu=31.762s valid=1
[396/1200] QLEARNING C2_8_10 run4 -> veh=25 dist=12906.5 cpu=68.7561s valid=1
[397/1200] CLASSIC R1_8_1 run9 -> veh=80 dist=38477.3 cpu=32.081s valid=1
[398/1200] CLASSIC C2_8_10 run2 -> veh=24 dist=13743.5 cpu=105.507s valid=1
[399/1200] CLASSIC C2_8_10 run7 -> veh=24 dist=12734.6 cpu=94.095s valid=1
[400/1200] QLEARNING C2_8_10 run3 -> veh=25 dist=12256 cpu=79.3009s valid=1
[401/1200] QLEARNING C2_8_10 run5 -> veh=25 dist=12207.9 cpu=65.986s valid=1
[402/1200] CLASSIC R1_8_1 run10 -> veh=80 dist=38330.5 cpu=32.9542s valid=1
[403/1200] QLEARNING R1_8_1 run2 -> veh=80 dist=38438.6 cpu=32.105s valid=1
[404/1200] CLASSIC C2_8_10 run10 -> veh=24 dist=12645 cpu=95.82s valid=1
[405/1200] QLEARNING R1_8_1 run1 -> veh=80 dist=38118.2 cpu=33.9156s valid=1
[406/1200] QLEARNING R1_8_1 run3 -> veh=80 dist=38300 cpu=32.4977s valid=1
[407/1200] CLASSIC R1_8_2 run1 -> veh=72 dist=36467.3 cpu=22.6592s valid=1
[408/1200] QLEARNING C2_8_10 run9 -> veh=25 dist=12124 cpu=65.0001s valid=1
[409/1200] CLASSIC R1_8_2 run2 -> veh=72 dist=35917.8 cpu=23.6347s valid=1
[410/1200] CLASSIC R1_8_2 run3 -> veh=72 dist=36059.7 cpu=23.3977s valid=1
[411/1200] QLEARNING C2_8_10 run7 -> veh=25 dist=12105.6 cpu=71.4158s valid=1
[412/1200] CLASSIC R1_8_2 run4 -> veh=72 dist=35763.2 cpu=23.6096s valid=1
[413/1200] QLEARNING R1_8_1 run4 -> veh=80 dist=38286.2 cpu=33.6861s valid=1
[414/1200] CLASSIC R1_8_2 run5 -> veh=72 dist=36903.4 cpu=23.0474s valid=1
[415/1200] CLASSIC R1_8_2 run6 -> veh=72 dist=35854.3 cpu=22.9899s valid=1
[416/1200] QLEARNING C2_8_10 run1 -> veh=24 dist=12487.4 cpu=99.6083s valid=1
[417/1200] QLEARNING C2_8_10 run8 -> veh=24 dist=11938.4 cpu=72.3657s valid=1
[418/1200] CLASSIC C2_8_10 run9 -> veh=24 dist=13441.1 cpu=106.675s valid=1
[419/1200] QLEARNING R1_8_1 run6 -> veh=80 dist=38339.7 cpu=32.5886s valid=1
[420/1200] QLEARNING C2_8_10 run6 -> veh=25 dist=12339.9 cpu=75.0974s valid=1
[421/1200] QLEARNING R1_8_1 run5 -> veh=80 dist=38369.6 cpu=33.7301s valid=1
[422/1200] QLEARNING R1_8_1 run7 -> veh=80 dist=38289 cpu=32.2058s valid=1
[423/1200] QLEARNING R1_8_1 run8 -> veh=80 dist=38839.2 cpu=32.772s valid=1
[424/1200] QLEARNING R1_8_1 run9 -> veh=80 dist=38006.7 cpu=32.6836s valid=1
[425/1200] CLASSIC R1_8_2 run7 -> veh=72 dist=36224.7 cpu=22.8153s valid=1
[426/1200] CLASSIC R1_8_2 run8 -> veh=72 dist=36847.8 cpu=22.6342s valid=1
[427/1200] QLEARNING R1_8_1 run10 -> veh=80 dist=38366.3 cpu=33.3162s valid=1
[428/1200] CLASSIC R1_8_2 run9 -> veh=72 dist=36072.8 cpu=23.0847s valid=1
[429/1200] QLEARNING C2_8_10 run10 -> veh=25 dist=12190.4 cpu=74.6204s valid=1
[430/1200] CLASSIC R1_8_2 run10 -> veh=72 dist=36276 cpu=22.6229s valid=1
[431/1200] QLEARNING R1_8_2 run1 -> veh=72 dist=35601.2 cpu=23.4282s valid=1
[432/1200] QLEARNING R1_8_2 run2 -> veh=72 dist=36065.4 cpu=23.1721s valid=1
[433/1200] QLEARNING R1_8_2 run3 -> veh=72 dist=35760.9 cpu=23.5207s valid=1
[434/1200] QLEARNING R1_8_2 run4 -> veh=72 dist=37056.7 cpu=22.3639s valid=1
[435/1200] QLEARNING R1_8_2 run5 -> veh=72 dist=36143.2 cpu=23.7457s valid=1
[436/1200] QLEARNING R1_8_2 run7 -> veh=72 dist=36501.4 cpu=23.2885s valid=1
[437/1200] QLEARNING R1_8_2 run6 -> veh=72 dist=35780.7 cpu=23.7452s valid=1
[438/1200] QLEARNING R1_8_2 run8 -> veh=72 dist=35750.3 cpu=23.4154s valid=1
[439/1200] QLEARNING R1_8_2 run9 -> veh=72 dist=35937.5 cpu=22.9872s valid=1
[440/1200] QLEARNING R1_8_2 run10 -> veh=72 dist=36025.4 cpu=25.1719s valid=1
[441/1200] CLASSIC R1_8_3 run1 -> veh=72 dist=32027.4 cpu=31.3626s valid=1
[442/1200] CLASSIC R1_8_3 run2 -> veh=72 dist=32167.8 cpu=31.8113s valid=1
[443/1200] CLASSIC R1_8_3 run4 -> veh=72 dist=31754.9 cpu=31.7843s valid=1
[444/1200] CLASSIC R1_8_3 run3 -> veh=72 dist=32734.3 cpu=31.8486s valid=1
[445/1200] CLASSIC R1_8_3 run5 -> veh=72 dist=32177.9 cpu=31.5037s valid=1
[446/1200] CLASSIC R1_8_3 run10 -> veh=72 dist=32036.8 cpu=30.605s valid=1
[447/1200] CLASSIC R1_8_3 run6 -> veh=72 dist=31925.5 cpu=32.5436s valid=1
[448/1200] CLASSIC R1_8_3 run7 -> veh=72 dist=32354.8 cpu=31.8969s valid=1
[449/1200] CLASSIC R1_8_3 run8 -> veh=72 dist=31928.8 cpu=32.2876s valid=1
[450/1200] CLASSIC R1_8_3 run9 -> veh=72 dist=32161.8 cpu=32.4663s valid=1
[451/1200] QLEARNING R1_8_3 run2 -> veh=72 dist=31665.7 cpu=31.8107s valid=1
[452/1200] QLEARNING R1_8_3 run4 -> veh=72 dist=31540.7 cpu=31.6388s valid=1
[453/1200] QLEARNING R1_8_3 run3 -> veh=72 dist=31500.2 cpu=32.7017s valid=1
[454/1200] QLEARNING R1_8_3 run5 -> veh=72 dist=32427.9 cpu=31.3872s valid=1
[455/1200] QLEARNING R1_8_3 run1 -> veh=72 dist=31873.4 cpu=34.1402s valid=1
[456/1200] QLEARNING R1_8_3 run9 -> veh=72 dist=31614.5 cpu=32.1814s valid=1
[457/1200] QLEARNING R1_8_3 run8 -> veh=72 dist=31759.2 cpu=32.5947s valid=1
[458/1200] QLEARNING R1_8_3 run6 -> veh=72 dist=31661.8 cpu=34.1396s valid=1
[459/1200] QLEARNING R1_8_3 run10 -> veh=72 dist=32270.4 cpu=32.2505s valid=1
[460/1200] QLEARNING R1_8_3 run7 -> veh=72 dist=31975.8 cpu=33.2353s valid=1
[461/1200] CLASSIC R1_8_5 run1 -> veh=72 dist=37597.8 cpu=12.5974s valid=1
[462/1200] CLASSIC R1_8_5 run3 -> veh=72 dist=37795 cpu=12.1858s valid=1
[463/1200] CLASSIC R1_8_5 run2 -> veh=72 dist=37167.7 cpu=12.5967s valid=1
[464/1200] CLASSIC R1_8_4 run1 -> veh=72 dist=29982.7 cpu=39.2412s valid=1
[465/1200] CLASSIC R1_8_4 run2 -> veh=72 dist=29907.7 cpu=39.1851s valid=1
[466/1200] CLASSIC R1_8_5 run4 -> veh=72 dist=37521.4 cpu=12.059s valid=1
[467/1200] CLASSIC R1_8_5 run5 -> veh=72 dist=38206.4 cpu=11.9736s valid=1
[468/1200] CLASSIC R1_8_5 run6 -> veh=72 dist=38095 cpu=12.1193s valid=1
[469/1200] CLASSIC R1_8_5 run7 -> veh=72 dist=38235.7 cpu=12.1817s valid=1
[470/1200] CLASSIC R1_8_4 run3 -> veh=72 dist=29722.7 cpu=38.7097s valid=1
[471/1200] QLEARNING R1_8_5 run2 -> veh=72 dist=38501.8 cpu=11.6925s valid=1
[472/1200] CLASSIC R1_8_5 run9 -> veh=72 dist=37870.5 cpu=12.0997s valid=1
[473/1200] CLASSIC R1_8_5 run8 -> veh=72 dist=38032.8 cpu=12.8397s valid=1
[474/1200] QLEARNING R1_8_5 run1 -> veh=72 dist=37498.7 cpu=12.1986s valid=1
[475/1200] CLASSIC R1_8_5 run10 -> veh=72 dist=38228.9 cpu=12.8819s valid=1
[476/1200] CLASSIC R1_8_4 run4 -> veh=72 dist=29745.8 cpu=38.9433s valid=1
[477/1200] CLASSIC R1_8_4 run6 -> veh=72 dist=29873.2 cpu=38.3801s valid=1
[478/1200] CLASSIC R1_8_4 run5 -> veh=72 dist=29730.2 cpu=39.4306s valid=1
[479/1200] CLASSIC R1_8_4 run9 -> veh=72 dist=29753.5 cpu=37.7033s valid=1
[480/1200] CLASSIC R1_8_4 run7 -> veh=72 dist=29628.6 cpu=39.7006s valid=1
[481/1200] CLASSIC R1_8_4 run10 -> veh=72 dist=29693.1 cpu=38.8569s valid=1
[482/1200] QLEARNING R1_8_4 run1 -> veh=72 dist=29278.7 cpu=38.3268s valid=1
[483/1200] CLASSIC R1_8_4 run8 -> veh=72 dist=29984.6 cpu=39.8707s valid=1
[484/1200] QLEARNING R1_8_5 run4 -> veh=72 dist=38444.7 cpu=11.9627s valid=1
[485/1200] QLEARNING R1_8_5 run3 -> veh=72 dist=37265 cpu=12.5373s valid=1
[486/1200] QLEARNING R1_8_5 run5 -> veh=72 dist=37580.1 cpu=12.7952s valid=1
[487/1200] QLEARNING R1_8_5 run7 -> veh=72 dist=37637.7 cpu=12.5385s valid=1
[488/1200] QLEARNING R1_8_5 run8 -> veh=72 dist=38018.3 cpu=12.2248s valid=1
[489/1200] QLEARNING R1_8_5 run10 -> veh=72 dist=37921 cpu=11.7719s valid=1
[490/1200] QLEARNING R1_8_5 run9 -> veh=72 dist=37896.3 cpu=12.3719s valid=1
[491/1200] QLEARNING R1_8_5 run6 -> veh=72 dist=37104.6 cpu=13.2313s valid=1
[492/1200] QLEARNING R1_8_4 run2 -> veh=72 dist=29415.9 cpu=40.0246s valid=1
[493/1200] QLEARNING R1_8_4 run3 -> veh=72 dist=29480.1 cpu=39.5785s valid=1
[494/1200] QLEARNING R1_8_4 run4 -> veh=72 dist=29148.2 cpu=39.8669s valid=1
[495/1200] QLEARNING R1_8_4 run7 -> veh=72 dist=29404.7 cpu=39.4682s valid=1
[496/1200] QLEARNING R1_8_4 run6 -> veh=72 dist=29898.3 cpu=40.1012s valid=1
[497/1200] QLEARNING R1_8_4 run5 -> veh=72 dist=29496.9 cpu=40.4417s valid=1
[498/1200] CLASSIC R1_8_6 run1 -> veh=72 dist=35104.6 cpu=23.4129s valid=1
[499/1200] QLEARNING R1_8_4 run8 -> veh=72 dist=29329.6 cpu=40.2455s valid=1
[500/1200] QLEARNING R1_8_4 run9 -> veh=72 dist=29623.8 cpu=39.9907s valid=1
[501/1200] CLASSIC R1_8_6 run2 -> veh=72 dist=34374 cpu=23.2857s valid=1
[502/1200] QLEARNING R1_8_4 run10 -> veh=72 dist=29398.2 cpu=40.6448s valid=1
[503/1200] CLASSIC R1_8_6 run3 -> veh=72 dist=33718.8 cpu=23.2286s valid=1
[504/1200] CLASSIC R1_8_6 run6 -> veh=72 dist=34419.1 cpu=22.8721s valid=1
[505/1200] CLASSIC R1_8_6 run4 -> veh=72 dist=34828.1 cpu=23.7657s valid=1
[506/1200] CLASSIC R1_8_6 run5 -> veh=72 dist=34695.7 cpu=23.7562s valid=1
[507/1200] CLASSIC R1_8_6 run8 -> veh=72 dist=34601.1 cpu=23.7677s valid=1
[508/1200] CLASSIC R1_8_6 run7 -> veh=72 dist=34702.3 cpu=24.2113s valid=1
[509/1200] CLASSIC R1_8_6 run9 -> veh=72 dist=34291.8 cpu=23.3498s valid=1
[510/1200] CLASSIC R1_8_6 run10 -> veh=72 dist=34424.9 cpu=23.3603s valid=1
[511/1200] QLEARNING R1_8_6 run1 -> veh=72 dist=33840.7 cpu=23.2524s valid=1
[512/1200] QLEARNING R1_8_6 run3 -> veh=72 dist=33603.1 cpu=23.8931s valid=1
[513/1200] QLEARNING R1_8_6 run2 -> veh=72 dist=34418.1 cpu=24.2655s valid=1
[514/1200] QLEARNING R1_8_6 run4 -> veh=72 dist=34513.4 cpu=24.2896s valid=1
[515/1200] QLEARNING R1_8_6 run5 -> veh=72 dist=34074.1 cpu=24.2417s valid=1
[516/1200] QLEARNING R1_8_6 run6 -> veh=72 dist=34013.7 cpu=24.2467s valid=1
[517/1200] QLEARNING R1_8_6 run8 -> veh=72 dist=33863.1 cpu=24.6537s valid=1
[518/1200] QLEARNING R1_8_6 run10 -> veh=72 dist=34291.5 cpu=24.4551s valid=1
[519/1200] QLEARNING R1_8_6 run7 -> veh=72 dist=34222.8 cpu=25.4887s valid=1
[520/1200] QLEARNING R1_8_6 run9 -> veh=72 dist=33869.9 cpu=24.937s valid=1
[521/1200] CLASSIC R1_8_7 run2 -> veh=72 dist=31344.1 cpu=31.9853s valid=1
[522/1200] CLASSIC R1_8_7 run1 -> veh=72 dist=31659.8 cpu=32.4081s valid=1
[523/1200] CLASSIC R1_8_7 run3 -> veh=72 dist=31259.9 cpu=33.2136s valid=1
[524/1200] CLASSIC R1_8_7 run4 -> veh=72 dist=31608.7 cpu=31.5883s valid=1
[525/1200] CLASSIC R1_8_7 run5 -> veh=72 dist=31431.1 cpu=31.4113s valid=1
[526/1200] CLASSIC R1_8_7 run6 -> veh=72 dist=31626.1 cpu=30.6825s valid=1
[527/1200] CLASSIC R1_8_7 run7 -> veh=72 dist=31405.5 cpu=31.1896s valid=1
[528/1200] CLASSIC R1_8_7 run10 -> veh=72 dist=31432.4 cpu=30.702s valid=1
[529/1200] QLEARNING R1_8_7 run3 -> veh=72 dist=30969.6 cpu=30.5505s valid=1
[530/1200] CLASSIC R1_8_7 run9 -> veh=72 dist=31432.3 cpu=32.1448s valid=1
[531/1200] CLASSIC R1_8_7 run8 -> veh=72 dist=31585.6 cpu=32.6408s valid=1
[532/1200] QLEARNING R1_8_7 run1 -> veh=72 dist=31277.9 cpu=31.7873s valid=1
[533/1200] QLEARNING R1_8_7 run2 -> veh=72 dist=31282.7 cpu=32.6378s valid=1
[534/1200] QLEARNING R1_8_7 run8 -> veh=72 dist=31101.3 cpu=30.8823s valid=1
[535/1200] QLEARNING R1_8_7 run7 -> veh=72 dist=31629.8 cpu=31.5448s valid=1
[536/1200] QLEARNING R1_8_7 run6 -> veh=72 dist=31149.5 cpu=32.5406s valid=1
[537/1200] QLEARNING R1_8_7 run4 -> veh=72 dist=31253.5 cpu=33.8543s valid=1
[538/1200] QLEARNING R1_8_7 run5 -> veh=72 dist=31075.2 cpu=33.4939s valid=1
[539/1200] QLEARNING R1_8_7 run10 -> veh=72 dist=31082 cpu=32.921s valid=1
[540/1200] QLEARNING R1_8_7 run9 -> veh=72 dist=31220.3 cpu=33.7059s valid=1
[541/1200] CLASSIC R1_8_9 run1 -> veh=72 dist=36795.1 cpu=12.7647s valid=1
[542/1200] CLASSIC R1_8_9 run3 -> veh=72 dist=37396.8 cpu=12.923s valid=1
[543/1200] CLASSIC R1_8_8 run1 -> veh=72 dist=29801.8 cpu=39.4233s valid=1
[544/1200] CLASSIC R1_8_9 run4 -> veh=72 dist=38211.5 cpu=12.8235s valid=1
[545/1200] CLASSIC R1_8_8 run2 -> veh=72 dist=29531.4 cpu=38.6017s valid=1
[546/1200] CLASSIC R1_8_9 run2 -> veh=72 dist=36750.9 cpu=13.4469s valid=1
[547/1200] CLASSIC R1_8_9 run5 -> veh=72 dist=37033.4 cpu=12.7831s valid=1
[548/1200] CLASSIC R1_8_8 run3 -> veh=72 dist=29519.9 cpu=38.4757s valid=1
[549/1200] CLASSIC R1_8_9 run6 -> veh=72 dist=37205.8 cpu=12.8361s valid=1
[550/1200] CLASSIC R1_8_9 run7 -> veh=72 dist=36795.8 cpu=12.7429s valid=1
[551/1200] CLASSIC R1_8_9 run9 -> veh=72 dist=36995.7 cpu=12.716s valid=1
[552/1200] CLASSIC R1_8_8 run4 -> veh=72 dist=29747.8 cpu=39.1195s valid=1
[553/1200] CLASSIC R1_8_9 run8 -> veh=72 dist=37078.7 cpu=13.5111s valid=1
[554/1200] CLASSIC R1_8_9 run10 -> veh=72 dist=36724.7 cpu=12.9725s valid=1
[555/1200] CLASSIC R1_8_8 run5 -> veh=72 dist=29251.3 cpu=39.7595s valid=1
[556/1200] CLASSIC R1_8_8 run6 -> veh=72 dist=29771.2 cpu=39.3364s valid=1
[557/1200] CLASSIC R1_8_8 run7 -> veh=72 dist=29551.6 cpu=39.5869s valid=1
[558/1200] QLEARNING R1_8_9 run1 -> veh=72 dist=36891.5 cpu=12.5031s valid=1
[559/1200] CLASSIC R1_8_8 run8 -> veh=72 dist=29444.4 cpu=40.0998s valid=1
[560/1200] QLEARNING R1_8_9 run2 -> veh=72 dist=36513.3 cpu=12.7805s valid=1
[561/1200] CLASSIC R1_8_8 run9 -> veh=72 dist=29887.3 cpu=39.3162s valid=1
[562/1200] CLASSIC R1_8_8 run10 -> veh=72 dist=29526.8 cpu=39.2319s valid=1
[563/1200] QLEARNING R1_8_8 run1 -> veh=72 dist=29587.1 cpu=39.3259s valid=1
[564/1200] QLEARNING R1_8_8 run2 -> veh=72 dist=29169.3 cpu=41.4754s valid=1
[565/1200] QLEARNING R1_8_9 run3 -> veh=72 dist=37556.5 cpu=12.7212s valid=1
[566/1200] QLEARNING R1_8_9 run6 -> veh=72 dist=37860.4 cpu=12.8473s valid=1
[567/1200] QLEARNING R1_8_9 run4 -> veh=72 dist=37884.7 cpu=13.1652s valid=1
[568/1200] QLEARNING R1_8_9 run7 -> veh=72 dist=36340.3 cpu=13.0902s valid=1
[569/1200] QLEARNING R1_8_9 run5 -> veh=72 dist=36516.8 cpu=13.5255s valid=1
[570/1200] QLEARNING R1_8_8 run4 -> veh=72 dist=29364.3 cpu=38.231s valid=1
[571/1200] QLEARNING R1_8_9 run9 -> veh=72 dist=36846.7 cpu=13.1219s valid=1
[572/1200] QLEARNING R1_8_9 run8 -> veh=72 dist=36351.3 cpu=13.9898s valid=1
[573/1200] QLEARNING R1_8_9 run10 -> veh=72 dist=36826.1 cpu=13.1806s valid=1
[574/1200] QLEARNING R1_8_8 run3 -> veh=72 dist=29320.2 cpu=40.2581s valid=1
[575/1200] QLEARNING R1_8_8 run6 -> veh=72 dist=29606.1 cpu=39.3149s valid=1
[576/1200] CLASSIC R1_8_10 run1 -> veh=72 dist=34597 cpu=15.6532s valid=1
[577/1200] CLASSIC R1_8_10 run2 -> veh=72 dist=34655.9 cpu=15.6104s valid=1
[578/1200] CLASSIC R1_8_10 run3 -> veh=72 dist=35091.7 cpu=15.558s valid=1
[579/1200] QLEARNING R1_8_8 run5 -> veh=72 dist=29839.7 cpu=42.7876s valid=1
[580/1200] CLASSIC R1_8_10 run6 -> veh=72 dist=35262.6 cpu=15.1456s valid=1
[581/1200] CLASSIC R1_8_10 run4 -> veh=72 dist=34633.8 cpu=15.7434s valid=1
[582/1200] CLASSIC R1_8_10 run5 -> veh=72 dist=35532.3 cpu=15.8735s valid=1
[583/1200] CLASSIC R1_8_10 run7 -> veh=72 dist=35181.2 cpu=15.8416s valid=1
[584/1200] CLASSIC R1_8_10 run9 -> veh=72 dist=34738.2 cpu=15.2072s valid=1
[585/1200] CLASSIC R1_8_10 run8 -> veh=72 dist=34687.7 cpu=15.7693s valid=1
[586/1200] CLASSIC R1_8_10 run10 -> veh=72 dist=34480.8 cpu=15.8061s valid=1
[587/1200] QLEARNING R1_8_10 run4 -> veh=72 dist=34906.5 cpu=14.6692s valid=1
[588/1200] QLEARNING R1_8_10 run1 -> veh=72 dist=35037.4 cpu=15.6129s valid=1
[589/1200] QLEARNING R1_8_10 run5 -> veh=72 dist=34065.6 cpu=15.2033s valid=1
[590/1200] QLEARNING R1_8_10 run3 -> veh=72 dist=34842.4 cpu=15.7915s valid=1
[591/1200] QLEARNING R1_8_8 run8 -> veh=72 dist=29119.7 cpu=38.4385s valid=1
[592/1200] QLEARNING R1_8_8 run10 -> veh=72 dist=29332.1 cpu=37.2022s valid=1
[593/1200] QLEARNING R1_8_10 run2 -> veh=72 dist=34425.5 cpu=16.661s valid=1
[594/1200] QLEARNING R1_8_8 run9 -> veh=72 dist=29284.7 cpu=37.8713s valid=1
[595/1200] QLEARNING R1_8_8 run7 -> veh=72 dist=29210.1 cpu=41.2277s valid=1
[596/1200] QLEARNING R1_8_10 run6 -> veh=72 dist=34817.5 cpu=15.8764s valid=1
[597/1200] QLEARNING R1_8_10 run7 -> veh=72 dist=34619.3 cpu=15.8806s valid=1
[598/1200] QLEARNING R1_8_10 run10 -> veh=72 dist=34977.1 cpu=14.8578s valid=1
[599/1200] QLEARNING R1_8_10 run8 -> veh=72 dist=34339.1 cpu=15.9412s valid=1
[600/1200] QLEARNING R1_8_10 run9 -> veh=72 dist=34752.4 cpu=15.9633s valid=1
[601/1200] CLASSIC R2_8_1 run1 -> veh=15 dist=29629.6 cpu=22.5891s valid=1
[602/1200] CLASSIC R2_8_1 run2 -> veh=15 dist=29314.8 cpu=23.6778s valid=1
[603/1200] CLASSIC R2_8_1 run3 -> veh=15 dist=29734.9 cpu=23.5249s valid=1
[604/1200] CLASSIC R2_8_1 run5 -> veh=15 dist=29583.3 cpu=23.1338s valid=1
[605/1200] CLASSIC R2_8_1 run4 -> veh=15 dist=29144 cpu=23.8829s valid=1
[606/1200] CLASSIC R2_8_1 run6 -> veh=15 dist=29443.6 cpu=23.529s valid=1
[607/1200] CLASSIC R2_8_1 run7 -> veh=15 dist=29238.3 cpu=23.4926s valid=1
[608/1200] CLASSIC R2_8_1 run8 -> veh=15 dist=29288.3 cpu=23.1672s valid=1
[609/1200] CLASSIC R2_8_1 run9 -> veh=15 dist=29413.2 cpu=23.9683s valid=1
[610/1200] CLASSIC R2_8_1 run10 -> veh=15 dist=29712.4 cpu=23.6385s valid=1
[611/1200] QLEARNING R2_8_1 run2 -> veh=15 dist=29490.3 cpu=23.4184s valid=1
[612/1200] QLEARNING R2_8_1 run4 -> veh=15 dist=30254.2 cpu=23.4526s valid=1
[613/1200] QLEARNING R2_8_1 run3 -> veh=15 dist=29361.1 cpu=23.7615s valid=1
[614/1200] QLEARNING R2_8_1 run7 -> veh=15 dist=30001.8 cpu=22.9995s valid=1
[615/1200] QLEARNING R2_8_1 run1 -> veh=15 dist=29793.5 cpu=24.2857s valid=1
[616/1200] QLEARNING R2_8_1 run5 -> veh=15 dist=29779.7 cpu=23.5046s valid=1
[617/1200] QLEARNING R2_8_1 run6 -> veh=15 dist=30226.2 cpu=23.9479s valid=1
[618/1200] QLEARNING R2_8_1 run8 -> veh=15 dist=29647.4 cpu=23.3759s valid=1
[619/1200] QLEARNING R2_8_1 run9 -> veh=15 dist=30243.3 cpu=23.2514s valid=1
[620/1200] QLEARNING R2_8_1 run10 -> veh=15 dist=29988.2 cpu=23.1s valid=1
[621/1200] CLASSIC R2_8_2 run3 -> veh=15 dist=23968.4 cpu=63.571s valid=1
[622/1200] CLASSIC R2_8_2 run4 -> veh=15 dist=23742.7 cpu=64.5214s valid=1
[623/1200] CLASSIC R2_8_2 run5 -> veh=15 dist=23579.7 cpu=65.5095s valid=1
[624/1200] CLASSIC R2_8_2 run2 -> veh=15 dist=23934.4 cpu=66.4627s valid=1
[625/1200] CLASSIC R2_8_2 run1 -> veh=15 dist=23622.1 cpu=67.4574s valid=1
[626/1200] CLASSIC R2_8_2 run6 -> veh=15 dist=23757 cpu=67.406s valid=1
[627/1200] CLASSIC R2_8_2 run7 -> veh=15 dist=23731.3 cpu=66.2636s valid=1
[628/1200] CLASSIC R2_8_2 run8 -> veh=15 dist=23858.5 cpu=67s valid=1
[629/1200] CLASSIC R2_8_2 run9 -> veh=15 dist=23932.8 cpu=64.7499s valid=1
[630/1200] CLASSIC R2_8_2 run10 -> veh=15 dist=23853.6 cpu=64.5631s valid=1
[631/1200] QLEARNING R2_8_2 run2 -> veh=15 dist=23982.4 cpu=66.0545s valid=1
[632/1200] QLEARNING R2_8_2 run1 -> veh=15 dist=23963.6 cpu=70.0493s valid=1
[633/1200] QLEARNING R2_8_2 run6 -> veh=15 dist=23858.8 cpu=65.7126s valid=1
[634/1200] QLEARNING R2_8_2 run3 -> veh=15 dist=23771.4 cpu=69.0867s valid=1
[635/1200] QLEARNING R2_8_2 run7 -> veh=15 dist=24279.9 cpu=69.6642s valid=1
[636/1200] QLEARNING R2_8_2 run5 -> veh=15 dist=23832.1 cpu=70.19s valid=1
[637/1200] QLEARNING R2_8_2 run8 -> veh=15 dist=24219.5 cpu=70.2362s valid=1
[638/1200] QLEARNING R2_8_2 run4 -> veh=15 dist=24065.6 cpu=72.6511s valid=1
[639/1200] QLEARNING R2_8_2 run9 -> veh=15 dist=24431.3 cpu=71.1251s valid=1
[640/1200] QLEARNING R2_8_2 run10 -> veh=15 dist=23973.2 cpu=73.0426s valid=1
[641/1200] CLASSIC R2_8_3 run1 -> veh=15 dist=18610.9 cpu=98.7221s valid=1
[642/1200] CLASSIC R2_8_3 run5 -> veh=15 dist=18530.8 cpu=101.455s valid=1
[643/1200] CLASSIC R2_8_3 run2 -> veh=15 dist=18556.6 cpu=102.682s valid=1
[644/1200] CLASSIC R2_8_3 run6 -> veh=15 dist=18643.2 cpu=101.917s valid=1
[645/1200] CLASSIC R2_8_3 run3 -> veh=15 dist=18464.4 cpu=105.255s valid=1
[646/1200] CLASSIC R2_8_3 run7 -> veh=15 dist=18633 cpu=104.559s valid=1
[647/1200] CLASSIC R2_8_3 run8 -> veh=15 dist=18238.1 cpu=104.582s valid=1
[648/1200] CLASSIC R2_8_3 run10 -> veh=15 dist=18640.3 cpu=105.178s valid=1
[649/1200] CLASSIC R2_8_3 run9 -> veh=15 dist=18690.9 cpu=105.68s valid=1
[650/1200] QLEARNING R2_8_3 run2 -> veh=15 dist=18441.3 cpu=106.282s valid=1
[651/1200] CLASSIC R2_8_3 run4 -> veh=15 dist=18591.2 cpu=108.014s valid=1
[652/1200] QLEARNING R2_8_3 run1 -> veh=15 dist=18901 cpu=111.341s valid=1
[653/1200] CLASSIC R2_8_5 run1 -> veh=15 dist=25540.8 cpu=24.8239s valid=1
[654/1200] CLASSIC R2_8_5 run2 -> veh=15 dist=25625.9 cpu=24.2172s valid=1
[655/1200] CLASSIC R2_8_5 run3 -> veh=15 dist=25653 cpu=24.4246s valid=1
[656/1200] CLASSIC R2_8_5 run4 -> veh=15 dist=26085.6 cpu=24.6625s valid=1
[657/1200] QLEARNING R2_8_3 run4 -> veh=15 dist=18893.1 cpu=100.754s valid=1
[658/1200] QLEARNING R2_8_3 run5 -> veh=15 dist=19051.3 cpu=103.861s valid=1
[659/1200] QLEARNING R2_8_3 run3 -> veh=15 dist=18707.4 cpu=109.022s valid=1
[660/1200] QLEARNING R2_8_3 run7 -> veh=15 dist=18703 cpu=107.246s valid=1
[661/1200] QLEARNING R2_8_3 run8 -> veh=15 dist=18410.2 cpu=106.83s valid=1
[662/1200] QLEARNING R2_8_3 run6 -> veh=15 dist=18782.6 cpu=109.553s valid=1
[663/1200] QLEARNING R2_8_3 run10 -> veh=15 dist=18903.7 cpu=106.757s valid=1
[664/1200] CLASSIC R2_8_5 run5 -> veh=15 dist=25548.6 cpu=24.435s valid=1
[665/1200] CLASSIC R2_8_5 run6 -> veh=15 dist=25746 cpu=24.2225s valid=1
[666/1200] CLASSIC R2_8_5 run7 -> veh=15 dist=25784.5 cpu=24.7341s valid=1
[667/1200] QLEARNING R2_8_3 run9 -> veh=15 dist=18986.2 cpu=110.355s valid=1
[668/1200] CLASSIC R2_8_5 run8 -> veh=15 dist=25578.4 cpu=24.5496s valid=1
[669/1200] CLASSIC R2_8_5 run9 -> veh=15 dist=26369.4 cpu=24.2153s valid=1
[670/1200] CLASSIC R2_8_5 run10 -> veh=15 dist=25860.1 cpu=25.0647s valid=1
[671/1200] QLEARNING R2_8_5 run1 -> veh=15 dist=25906.2 cpu=25.7809s valid=1
[672/1200] QLEARNING R2_8_5 run2 -> veh=15 dist=25781 cpu=24.5468s valid=1
[673/1200] QLEARNING R2_8_5 run3 -> veh=15 dist=26087.5 cpu=24.3565s valid=1
[674/1200] QLEARNING R2_8_5 run5 -> veh=15 dist=25707.3 cpu=24.2053s valid=1
[675/1200] CLASSIC R2_8_4 run2 -> veh=15 dist=13911.5 cpu=130.703s valid=1
[676/1200] QLEARNING R2_8_5 run4 -> veh=15 dist=25620.6 cpu=25.5278s valid=1
[677/1200] QLEARNING R2_8_5 run6 -> veh=15 dist=25717 cpu=25.1334s valid=1
[678/1200] QLEARNING R2_8_5 run7 -> veh=15 dist=25686.5 cpu=25.3311s valid=1
[679/1200] QLEARNING R2_8_5 run8 -> veh=15 dist=25588.3 cpu=25.8261s valid=1
[680/1200] CLASSIC R2_8_4 run1 -> veh=15 dist=14296.8 cpu=134.912s valid=1
[681/1200] QLEARNING R2_8_5 run9 -> veh=15 dist=25707.1 cpu=25.8812s valid=1
[682/1200] QLEARNING R2_8_5 run10 -> veh=15 dist=25570.7 cpu=25.8138s valid=1
[683/1200] CLASSIC R2_8_4 run4 -> veh=15 dist=14047.8 cpu=132.012s valid=1
[684/1200] CLASSIC R2_8_4 run3 -> veh=15 dist=14045 cpu=139.688s valid=1
[685/1200] CLASSIC R2_8_4 run8 -> veh=15 dist=14307.5 cpu=128.372s valid=1
[686/1200] CLASSIC R2_8_4 run5 -> veh=15 dist=14084.3 cpu=134.438s valid=1
[687/1200] CLASSIC R2_8_4 run7 -> veh=15 dist=13882.8 cpu=134.251s valid=1
[688/1200] CLASSIC R2_8_4 run10 -> veh=15 dist=14173.8 cpu=134.394s valid=1
[689/1200] CLASSIC R2_8_4 run9 -> veh=15 dist=14024.1 cpu=136.543s valid=1
[690/1200] CLASSIC R2_8_4 run6 -> veh=15 dist=13905.5 cpu=140.565s valid=1
[691/1200] QLEARNING R2_8_4 run2 -> veh=15 dist=13922.4 cpu=137.737s valid=1
[692/1200] QLEARNING R2_8_4 run1 -> veh=15 dist=14121.2 cpu=141.969s valid=1
[693/1200] QLEARNING R2_8_4 run6 -> veh=15 dist=14318.8 cpu=129.649s valid=1
[694/1200] QLEARNING R2_8_4 run3 -> veh=15 dist=14108.6 cpu=138.162s valid=1
[695/1200] QLEARNING R2_8_4 run7 -> veh=15 dist=14055.9 cpu=133.942s valid=1
[696/1200] QLEARNING R2_8_4 run5 -> veh=15 dist=14108.2 cpu=138.271s valid=1
[697/1200] QLEARNING R2_8_4 run8 -> veh=15 dist=13928.7 cpu=137.468s valid=1
[698/1200] CLASSIC R2_8_6 run1 -> veh=15 dist=21639 cpu=74.8337s valid=1
[699/1200] CLASSIC R2_8_6 run2 -> veh=15 dist=21700.4 cpu=71.3286s valid=1
[700/1200] QLEARNING R2_8_4 run4 -> veh=15 dist=14158.5 cpu=144.104s valid=1
[701/1200] QLEARNING R2_8_4 run9 -> veh=15 dist=14200.4 cpu=141.453s valid=1
[702/1200] QLEARNING R2_8_4 run10 -> veh=15 dist=14310.1 cpu=141.976s valid=1
[703/1200] CLASSIC R2_8_6 run3 -> veh=15 dist=21430.3 cpu=71.5871s valid=1
[704/1200] CLASSIC R2_8_6 run5 -> veh=15 dist=21494.3 cpu=72.0863s valid=1
[705/1200] CLASSIC R2_8_6 run4 -> veh=15 dist=21201.6 cpu=73.4672s valid=1
[706/1200] CLASSIC R2_8_6 run10 -> veh=15 dist=21474.6 cpu=70.0954s valid=1
[707/1200] CLASSIC R2_8_6 run6 -> veh=15 dist=21562.6 cpu=72.8403s valid=1
[708/1200] CLASSIC R2_8_6 run7 -> veh=15 dist=21721.3 cpu=73.3576s valid=1
[709/1200] CLASSIC R2_8_6 run8 -> veh=15 dist=21683.9 cpu=74.2114s valid=1
[710/1200] QLEARNING R2_8_6 run2 -> veh=15 dist=21686.7 cpu=71.8907s valid=1
[711/1200] CLASSIC R2_8_6 run9 -> veh=15 dist=21561.3 cpu=76.103s valid=1
[712/1200] QLEARNING R2_8_6 run1 -> veh=15 dist=21740.6 cpu=76.658s valid=1
[713/1200] QLEARNING R2_8_6 run3 -> veh=15 dist=21634.4 cpu=77.4748s valid=1
[714/1200] QLEARNING R2_8_6 run4 -> veh=15 dist=21787.3 cpu=74.9765s valid=1
[715/1200] QLEARNING R2_8_6 run5 -> veh=15 dist=21831.7 cpu=78.4267s valid=1
[716/1200] QLEARNING R2_8_6 run8 -> veh=15 dist=21603 cpu=71.6401s valid=1
[717/1200] QLEARNING R2_8_6 run7 -> veh=15 dist=21841.3 cpu=74.2956s valid=1
[718/1200] QLEARNING R2_8_6 run6 -> veh=15 dist=21960.5 cpu=76.6217s valid=1
[719/1200] QLEARNING R2_8_6 run10 -> veh=15 dist=21521.7 cpu=70.0973s valid=1
[720/1200] QLEARNING R2_8_6 run9 -> veh=15 dist=21714.7 cpu=75.929s valid=1
[721/1200] CLASSIC R2_8_7 run2 -> veh=15 dist=17903 cpu=109.643s valid=1
[722/1200] CLASSIC R2_8_7 run1 -> veh=15 dist=17551.4 cpu=111.309s valid=1
[723/1200] CLASSIC R2_8_7 run4 -> veh=15 dist=17817.7 cpu=107.798s valid=1
[724/1200] CLASSIC R2_8_7 run3 -> veh=15 dist=17892.7 cpu=110.333s valid=1
[725/1200] CLASSIC R2_8_7 run5 -> veh=15 dist=17538.8 cpu=109.675s valid=1
[726/1200] CLASSIC R2_8_7 run6 -> veh=15 dist=17892.1 cpu=110.088s valid=1
[727/1200] CLASSIC R2_8_7 run7 -> veh=15 dist=17464.3 cpu=107.274s valid=1
[728/1200] CLASSIC R2_8_7 run8 -> veh=15 dist=17567.2 cpu=105.909s valid=1
[729/1200] CLASSIC R2_8_7 run9 -> veh=15 dist=17744.6 cpu=109.645s valid=1
[730/1200] CLASSIC R2_8_7 run10 -> veh=15 dist=17538.8 cpu=111.692s valid=1
[731/1200] QLEARNING R2_8_7 run2 -> veh=15 dist=17560.9 cpu=110.508s valid=1
[732/1200] QLEARNING R2_8_7 run1 -> veh=15 dist=17791.9 cpu=111.239s valid=1
[733/1200] QLEARNING R2_8_7 run5 -> veh=15 dist=17837 cpu=107.635s valid=1
[734/1200] QLEARNING R2_8_7 run3 -> veh=15 dist=17729.3 cpu=110.604s valid=1
[735/1200] QLEARNING R2_8_7 run8 -> veh=15 dist=17686.8 cpu=110.949s valid=1
[736/1200] QLEARNING R2_8_7 run6 -> veh=15 dist=17798.9 cpu=112.34s valid=1
[737/1200] QLEARNING R2_8_7 run9 -> veh=15 dist=17631.3 cpu=110.563s valid=1
[738/1200] QLEARNING R2_8_7 run7 -> veh=15 dist=17615.4 cpu=115.72s valid=1
[739/1200] QLEARNING R2_8_7 run4 -> veh=15 dist=18021.3 cpu=121.46s valid=1
[740/1200] QLEARNING R2_8_7 run10 -> veh=15 dist=17827.2 cpu=117.152s valid=1
[741/1200] CLASSIC R2_8_9 run1 -> veh=15 dist=23606.2 cpu=30.0859s valid=1
[742/1200] CLASSIC R2_8_9 run2 -> veh=15 dist=23617.9 cpu=30.3694s valid=1
[743/1200] CLASSIC R2_8_9 run3 -> veh=15 dist=23710.5 cpu=29.7632s valid=1
[744/1200] CLASSIC R2_8_9 run5 -> veh=15 dist=23702.5 cpu=29.5717s valid=1
[745/1200] CLASSIC R2_8_9 run4 -> veh=15 dist=23872.9 cpu=31.116s valid=1
[746/1200] CLASSIC R2_8_9 run6 -> veh=15 dist=23677.4 cpu=31.3633s valid=1
[747/1200] CLASSIC R2_8_8 run2 -> veh=15 dist=13610.8 cpu=135.373s valid=1
[748/1200] CLASSIC R2_8_8 run3 -> veh=15 dist=13531.8 cpu=134.158s valid=1
[749/1200] CLASSIC R2_8_9 run7 -> veh=15 dist=24021.4 cpu=29.6686s valid=1
[750/1200] CLASSIC R2_8_9 run9 -> veh=15 dist=23591.3 cpu=29.5357s valid=1
[751/1200] CLASSIC R2_8_9 run8 -> veh=15 dist=23927.6 cpu=30.1367s valid=1
[752/1200] CLASSIC R2_8_8 run1 -> veh=15 dist=13513.2 cpu=141.507s valid=1
[753/1200] CLASSIC R2_8_8 run6 -> veh=15 dist=13595.7 cpu=134.712s valid=1
[754/1200] CLASSIC R2_8_9 run10 -> veh=15 dist=23780.3 cpu=30.2713s valid=1
[755/1200] CLASSIC R2_8_8 run5 -> veh=15 dist=13629.6 cpu=138.153s valid=1
[756/1200] QLEARNING R2_8_9 run1 -> veh=15 dist=23577.5 cpu=30.9812s valid=1
[757/1200] CLASSIC R2_8_8 run7 -> veh=15 dist=13490.3 cpu=136.5s valid=1
[758/1200] CLASSIC R2_8_8 run4 -> veh=15 dist=13434.5 cpu=143.184s valid=1
[759/1200] QLEARNING R2_8_9 run2 -> veh=15 dist=23800.6 cpu=33.1897s valid=1
[760/1200] CLASSIC R2_8_8 run9 -> veh=15 dist=13547.4 cpu=138.64s valid=1
[761/1200] CLASSIC R2_8_8 run8 -> veh=15 dist=13400 cpu=138.977s valid=1
[762/1200] CLASSIC R2_8_8 run10 -> veh=15 dist=13391.8 cpu=139.164s valid=1
[763/1200] QLEARNING R2_8_9 run3 -> veh=15 dist=23535.7 cpu=32.154s valid=1
[764/1200] QLEARNING R2_8_9 run6 -> veh=15 dist=23795.4 cpu=30.3502s valid=1
[765/1200] QLEARNING R2_8_9 run5 -> veh=15 dist=23904.8 cpu=32.8195s valid=1
[766/1200] QLEARNING R2_8_9 run4 -> veh=15 dist=23605.4 cpu=33.0486s valid=1
[767/1200] QLEARNING R2_8_8 run2 -> veh=15 dist=13451.9 cpu=144.41s valid=1
[768/1200] QLEARNING R2_8_9 run7 -> veh=15 dist=23461.9 cpu=31.5781s valid=1
[769/1200] QLEARNING R2_8_8 run1 -> veh=15 dist=13718.1 cpu=149.027s valid=1
[770/1200] QLEARNING R2_8_9 run8 -> veh=15 dist=23613.6 cpu=33.4553s valid=1
[771/1200] QLEARNING R2_8_9 run10 -> veh=15 dist=23660.1 cpu=30.6943s valid=1
[772/1200] QLEARNING R2_8_9 run9 -> veh=15 dist=23517.2 cpu=33.3011s valid=1
[773/1200] CLASSIC R2_8_10 run1 -> veh=15 dist=22235.5 cpu=34.8517s valid=1
[774/1200] CLASSIC R2_8_10 run2 -> veh=15 dist=21982 cpu=35.3389s valid=1
[775/1200] CLASSIC R2_8_10 run3 -> veh=15 dist=21805 cpu=35.5264s valid=1
[776/1200] CLASSIC R2_8_10 run6 -> veh=15 dist=21891.5 cpu=34.8715s valid=1
[777/1200] CLASSIC R2_8_10 run4 -> veh=15 dist=21932.4 cpu=36.5669s valid=1
[778/1200] CLASSIC R2_8_10 run5 -> veh=15 dist=21790 cpu=36.9087s valid=1
[779/1200] CLASSIC R2_8_10 run7 -> veh=15 dist=21958.6 cpu=34.512s valid=1
[780/1200] CLASSIC R2_8_10 run8 -> veh=15 dist=22005.6 cpu=37.2732s valid=1
[781/1200] CLASSIC R2_8_10 run10 -> veh=15 dist=22008.9 cpu=35.4924s valid=1
[782/1200] CLASSIC R2_8_10 run9 -> veh=15 dist=21849.6 cpu=36.7978s valid=1
[783/1200] QLEARNING R2_8_10 run2 -> veh=15 dist=21689.5 cpu=35.2511s valid=1
[784/1200] QLEARNING R2_8_10 run1 -> veh=15 dist=21832.1 cpu=37.9317s valid=1
[785/1200] QLEARNING R2_8_10 run3 -> veh=15 dist=21843.6 cpu=35.9424s valid=1
[786/1200] QLEARNING R2_8_10 run4 -> veh=15 dist=21853.7 cpu=36.7715s valid=1
[787/1200] CLASSIC RC1_8_1 run1 -> veh=73 dist=33011.2 cpu=26.5711s valid=1
[788/1200] CLASSIC RC1_8_1 run3 -> veh=73 dist=32908.4 cpu=24.6541s valid=1
[789/1200] CLASSIC RC1_8_1 run2 -> veh=73 dist=32666.3 cpu=26.4491s valid=1
[790/1200] CLASSIC RC1_8_1 run4 -> veh=73 dist=32628.6 cpu=26.4674s valid=1
[791/1200] QLEARNING R2_8_10 run5 -> veh=15 dist=21898.4 cpu=37.3125s valid=1
[792/1200] QLEARNING R2_8_10 run6 -> veh=15 dist=21768.6 cpu=35.0855s valid=1
[793/1200] CLASSIC RC1_8_1 run5 -> veh=73 dist=32903.4 cpu=24.9156s valid=1
[794/1200] QLEARNING R2_8_8 run5 -> veh=15 dist=13855.8 cpu=136.712s valid=1
[795/1200] QLEARNING R2_8_10 run7 -> veh=15 dist=22307.4 cpu=36.1052s valid=1
[796/1200] QLEARNING R2_8_10 run9 -> veh=15 dist=21940.1 cpu=35.8578s valid=1
[797/1200] CLASSIC RC1_8_1 run6 -> veh=73 dist=32985.2 cpu=27.1008s valid=1
[798/1200] QLEARNING R2_8_8 run3 -> veh=15 dist=13380.8 cpu=143.668s valid=1
[799/1200] QLEARNING R2_8_10 run8 -> veh=15 dist=21943.8 cpu=37.281s valid=1
[800/1200] CLASSIC RC1_8_1 run7 -> veh=73 dist=32947.6 cpu=27.6362s valid=1
[801/1200] QLEARNING R2_8_10 run10 -> veh=15 dist=21829.2 cpu=38.0905s valid=1
[802/1200] CLASSIC RC1_8_1 run8 -> veh=73 dist=32909.2 cpu=25.3839s valid=1
[803/1200] CLASSIC RC1_8_1 run9 -> veh=73 dist=32816.1 cpu=26.8598s valid=1
[804/1200] CLASSIC RC1_8_1 run10 -> veh=73 dist=32765.1 cpu=26.6659s valid=1
[805/1200] QLEARNING RC1_8_1 run1 -> veh=73 dist=32674.3 cpu=27.1251s valid=1
[806/1200] QLEARNING R2_8_8 run4 -> veh=15 dist=13349.4 cpu=148.984s valid=1
[807/1200] QLEARNING RC1_8_1 run2 -> veh=73 dist=32746 cpu=26.6208s valid=1
[808/1200] QLEARNING R2_8_8 run6 -> veh=15 dist=13690 cpu=147.268s valid=1
[809/1200] QLEARNING RC1_8_1 run3 -> veh=73 dist=32601.7 cpu=28.4142s valid=1
[810/1200] QLEARNING RC1_8_1 run5 -> veh=73 dist=32892.9 cpu=26.2776s valid=1
[811/1200] QLEARNING RC1_8_1 run4 -> veh=73 dist=32234.8 cpu=29.2177s valid=1
[812/1200] QLEARNING RC1_8_1 run6 -> veh=73 dist=32622.6 cpu=27.5158s valid=1
[813/1200] QLEARNING RC1_8_1 run7 -> veh=73 dist=32667.9 cpu=27.7015s valid=1
[814/1200] QLEARNING RC1_8_1 run8 -> veh=73 dist=32771.8 cpu=28.3927s valid=1
[815/1200] QLEARNING RC1_8_1 run10 -> veh=73 dist=32561.7 cpu=27.1344s valid=1
[816/1200] QLEARNING RC1_8_1 run9 -> veh=73 dist=32679.7 cpu=27.8892s valid=1
[817/1200] QLEARNING R2_8_8 run8 -> veh=15 dist=13653 cpu=140.035s valid=1
[818/1200] QLEARNING R2_8_8 run10 -> veh=15 dist=13356.5 cpu=142.632s valid=1
[819/1200] QLEARNING R2_8_8 run9 -> veh=15 dist=13553.5 cpu=143.568s valid=1
[820/1200] QLEARNING R2_8_8 run7 -> veh=15 dist=13362.1 cpu=150.888s valid=1
[821/1200] CLASSIC RC1_8_2 run1 -> veh=73 dist=30782 cpu=47.7377s valid=1
[822/1200] CLASSIC RC1_8_2 run2 -> veh=73 dist=30727.8 cpu=46.3902s valid=1
[823/1200] CLASSIC RC1_8_2 run5 -> veh=73 dist=30797.8 cpu=45.9908s valid=1
[824/1200] CLASSIC RC1_8_2 run3 -> veh=73 dist=30953.4 cpu=46.9703s valid=1
[825/1200] CLASSIC RC1_8_2 run4 -> veh=73 dist=30861.7 cpu=47.8774s valid=1
[826/1200] QLEARNING RC1_8_2 run2 -> veh=73 dist=30580.7 cpu=44.8108s valid=1
[827/1200] QLEARNING RC1_8_2 run4 -> veh=73 dist=30480.6 cpu=43.4674s valid=1
[828/1200] CLASSIC RC1_8_2 run7 -> veh=73 dist=31056.9 cpu=47.2186s valid=1
[829/1200] CLASSIC RC1_8_2 run6 -> veh=73 dist=31182.7 cpu=48.5527s valid=1
[830/1200] QLEARNING RC1_8_2 run1 -> veh=73 dist=30782.6 cpu=46.1798s valid=1
[831/1200] CLASSIC RC1_8_2 run8 -> veh=73 dist=31139.1 cpu=47.5249s valid=1
[832/1200] QLEARNING RC1_8_2 run3 -> veh=73 dist=30432.1 cpu=45.0815s valid=1
[833/1200] CLASSIC RC1_8_2 run9 -> veh=73 dist=30684.6 cpu=47.7432s valid=1
[834/1200] CLASSIC RC1_8_2 run10 -> veh=73 dist=30314.9 cpu=48.5577s valid=1
[835/1200] QLEARNING RC1_8_2 run5 -> veh=73 dist=30832.7 cpu=47.0326s valid=1
[836/1200] QLEARNING RC1_8_2 run7 -> veh=73 dist=30586.9 cpu=45.5384s valid=1
[837/1200] QLEARNING RC1_8_2 run6 -> veh=73 dist=30846.1 cpu=47.0171s valid=1
[838/1200] QLEARNING RC1_8_2 run9 -> veh=73 dist=30862.5 cpu=44.0908s valid=1
[839/1200] QLEARNING RC1_8_2 run8 -> veh=73 dist=30415.7 cpu=47.8696s valid=1
[840/1200] QLEARNING RC1_8_2 run10 -> veh=73 dist=30550.5 cpu=45.8105s valid=1
[841/1200] CLASSIC RC1_8_3 run1 -> veh=73 dist=29585.2 cpu=64.1156s valid=1
[842/1200] CLASSIC RC1_8_3 run3 -> veh=73 dist=29438 cpu=63.8685s valid=1
[843/1200] CLASSIC RC1_8_3 run2 -> veh=73 dist=29609.9 cpu=65.8911s valid=1
[844/1200] CLASSIC RC1_8_3 run4 -> veh=73 dist=29619.1 cpu=65.2585s valid=1
[845/1200] CLASSIC RC1_8_3 run5 -> veh=73 dist=29706.6 cpu=64.9175s valid=1
[846/1200] CLASSIC RC1_8_3 run6 -> veh=73 dist=29639.6 cpu=65.2907s valid=1
[847/1200] CLASSIC RC1_8_3 run7 -> veh=73 dist=29559 cpu=65.7478s valid=1
[848/1200] CLASSIC RC1_8_3 run8 -> veh=73 dist=29368.7 cpu=66.4784s valid=1
[849/1200] QLEARNING RC1_8_3 run6 -> veh=73 dist=29700 cpu=52.1091s valid=1
[850/1200] QLEARNING RC1_8_3 run1 -> veh=73 dist=29166.1 cpu=61.4213s valid=1
[851/1200] QLEARNING RC1_8_3 run3 -> veh=73 dist=29178.1 cpu=55.1076s valid=1
[852/1200] CLASSIC RC1_8_3 run9 -> veh=73 dist=29421.1 cpu=67.6833s valid=1
[853/1200] QLEARNING RC1_8_3 run2 -> veh=73 dist=29458.4 cpu=62.6952s valid=1
[854/1200] CLASSIC RC1_8_3 run10 -> veh=73 dist=29134.4 cpu=66.6611s valid=1
[855/1200] QLEARNING RC1_8_3 run5 -> veh=73 dist=29137.8 cpu=59.1711s valid=1
[856/1200] QLEARNING RC1_8_3 run4 -> veh=73 dist=29155.9 cpu=60.7769s valid=1
[857/1200] QLEARNING RC1_8_3 run7 -> veh=73 dist=28772.4 cpu=59.0244s valid=1
[858/1200] QLEARNING RC1_8_3 run9 -> veh=73 dist=29472 cpu=60.1582s valid=1
[859/1200] CLASSIC RC1_8_4 run4 -> veh=73 dist=28232.2 cpu=59.0459s valid=1
[860/1200] CLASSIC RC1_8_4 run7 -> veh=73 dist=28096.4 cpu=55.55s valid=1
[861/1200] CLASSIC RC1_8_4 run6 -> veh=73 dist=28210.6 cpu=58.1866s valid=1
[862/1200] CLASSIC RC1_8_4 run3 -> veh=73 dist=28177.8 cpu=61.8695s valid=1
[863/1200] QLEARNING RC1_8_3 run8 -> veh=73 dist=29112.3 cpu=63.8104s valid=1
[864/1200] QLEARNING RC1_8_3 run10 -> veh=73 dist=29255.9 cpu=63.509s valid=1
[865/1200] CLASSIC RC1_8_4 run9 -> veh=73 dist=28293.8 cpu=58.5259s valid=1
[866/1200] CLASSIC RC1_8_4 run10 -> veh=73 dist=28145.2 cpu=59.6846s valid=1
[867/1200] QLEARNING RC1_8_4 run1 -> veh=73 dist=27917.5 cpu=66.4516s valid=1
[868/1200] CLASSIC RC1_8_5 run2 -> veh=73 dist=32281.5 cpu=27.2696s valid=1
[869/1200] CLASSIC RC1_8_5 run1 -> veh=73 dist=32408.8 cpu=27.677s valid=1
[870/1200] CLASSIC RC1_8_5 run3 -> veh=73 dist=32630.9 cpu=27.4908s valid=1
[871/1200] CLASSIC RC1_8_4 run1 -> veh=73 dist=28442.3 cpu=79.4147s valid=1
[872/1200] CLASSIC RC1_8_5 run4 -> veh=73 dist=32227 cpu=28.2949s valid=1
[873/1200] CLASSIC RC1_8_5 run5 -> veh=73 dist=32372 cpu=27.751s valid=1
[874/1200] CLASSIC RC1_8_4 run2 -> veh=73 dist=28294.2 cpu=80.6463s valid=1
[875/1200] CLASSIC RC1_8_5 run6 -> veh=73 dist=32571.4 cpu=28.3711s valid=1
[876/1200] CLASSIC RC1_8_4 run5 -> veh=73 dist=28045.5 cpu=81.7432s valid=1
[877/1200] CLASSIC RC1_8_5 run7 -> veh=73 dist=32404.8 cpu=28.2557s valid=1
[878/1200] CLASSIC RC1_8_4 run8 -> veh=73 dist=28121.5 cpu=78.5857s valid=1
[879/1200] CLASSIC RC1_8_5 run8 -> veh=73 dist=32204.5 cpu=27.8251s valid=1
[880/1200] CLASSIC RC1_8_5 run9 -> veh=73 dist=32701.2 cpu=28.1244s valid=1
[881/1200] CLASSIC RC1_8_5 run10 -> veh=73 dist=32759 cpu=26.6076s valid=1
[882/1200] QLEARNING RC1_8_5 run1 -> veh=73 dist=31986.8 cpu=28.329s valid=1
[883/1200] QLEARNING RC1_8_5 run3 -> veh=73 dist=32354.3 cpu=28.1837s valid=1
[884/1200] QLEARNING RC1_8_5 run2 -> veh=73 dist=32632.6 cpu=28.8965s valid=1
[885/1200] QLEARNING RC1_8_5 run5 -> veh=73 dist=32619.6 cpu=27.7558s valid=1
[886/1200] QLEARNING RC1_8_5 run4 -> veh=73 dist=32117.4 cpu=28.7602s valid=1
[887/1200] QLEARNING RC1_8_4 run2 -> veh=73 dist=27870.6 cpu=80.9696s valid=1
[888/1200] QLEARNING RC1_8_4 run4 -> veh=73 dist=27873.2 cpu=60.7347s valid=1
[889/1200] QLEARNING RC1_8_5 run7 -> veh=73 dist=32476.8 cpu=29.2558s valid=1
[890/1200] QLEARNING RC1_8_5 run6 -> veh=73 dist=31955.2 cpu=30.4542s valid=1
[891/1200] QLEARNING RC1_8_5 run8 -> veh=73 dist=32452.6 cpu=28.8408s valid=1
[892/1200] QLEARNING RC1_8_4 run7 -> veh=73 dist=27892.8 cpu=65.9906s valid=1
[893/1200] QLEARNING RC1_8_4 run9 -> veh=73 dist=28147.1 cpu=61.9005s valid=1
[894/1200] QLEARNING RC1_8_4 run8 -> veh=73 dist=28167.6 cpu=64.8539s valid=1
[895/1200] QLEARNING RC1_8_4 run5 -> veh=73 dist=28036.3 cpu=69.7707s valid=1
[896/1200] QLEARNING RC1_8_5 run9 -> veh=73 dist=31914.8 cpu=28.1272s valid=1
[897/1200] QLEARNING RC1_8_5 run10 -> veh=73 dist=32627 cpu=28.2948s valid=1
[898/1200] CLASSIC RC1_8_6 run1 -> veh=73 dist=32397.1 cpu=29.485s valid=1
[899/1200] QLEARNING RC1_8_4 run3 -> veh=73 dist=27866.9 cpu=77.6713s valid=1
[900/1200] CLASSIC RC1_8_6 run2 -> veh=73 dist=32019.1 cpu=29.4042s valid=1
[901/1200] QLEARNING RC1_8_4 run6 -> veh=73 dist=27952.4 cpu=74.0826s valid=1
[902/1200] CLASSIC RC1_8_6 run3 -> veh=73 dist=31857.8 cpu=28.4854s valid=1
[903/1200] CLASSIC RC1_8_6 run4 -> veh=73 dist=32678.4 cpu=28.9147s valid=1
[904/1200] CLASSIC RC1_8_6 run6 -> veh=73 dist=32484 cpu=28.1906s valid=1
[905/1200] CLASSIC RC1_8_6 run5 -> veh=73 dist=32143.3 cpu=29.2937s valid=1
[906/1200] CLASSIC RC1_8_6 run7 -> veh=73 dist=32342.3 cpu=29.352s valid=1
[907/1200] QLEARNING RC1_8_4 run10 -> veh=73 dist=27705.2 cpu=72.0411s valid=1
[908/1200] CLASSIC RC1_8_6 run8 -> veh=73 dist=32220.7 cpu=28.8438s valid=1
[909/1200] CLASSIC RC1_8_6 run9 -> veh=73 dist=31437.1 cpu=29.3237s valid=1
[910/1200] CLASSIC RC1_8_6 run10 -> veh=73 dist=32251.4 cpu=29.2823s valid=1
[911/1200] QLEARNING RC1_8_6 run1 -> veh=73 dist=31667.3 cpu=29.9658s valid=1
[912/1200] QLEARNING RC1_8_6 run3 -> veh=73 dist=31757.3 cpu=29.3133s valid=1
[913/1200] QLEARNING RC1_8_6 run2 -> veh=73 dist=31863.2 cpu=30.933s valid=1
[914/1200] QLEARNING RC1_8_6 run4 -> veh=73 dist=32490.9 cpu=28.3321s valid=1
[915/1200] QLEARNING RC1_8_6 run6 -> veh=73 dist=32278.4 cpu=28.4469s valid=1
[916/1200] QLEARNING RC1_8_6 run7 -> veh=73 dist=32334.6 cpu=28.4937s valid=1
[917/1200] QLEARNING RC1_8_6 run5 -> veh=73 dist=31850.2 cpu=30.2295s valid=1
[918/1200] QLEARNING RC1_8_6 run8 -> veh=73 dist=32403 cpu=30.1293s valid=1
[919/1200] QLEARNING RC1_8_6 run10 -> veh=73 dist=31692.2 cpu=30.3405s valid=1
[920/1200] QLEARNING RC1_8_6 run9 -> veh=73 dist=31552 cpu=30.4829s valid=1
[921/1200] CLASSIC RC1_8_7 run1 -> veh=73 dist=32173.7 cpu=29.7621s valid=1
[922/1200] CLASSIC RC1_8_7 run2 -> veh=73 dist=32015.8 cpu=30.62s valid=1
[923/1200] CLASSIC RC1_8_7 run3 -> veh=73 dist=32222.3 cpu=30.9597s valid=1
[924/1200] CLASSIC RC1_8_7 run4 -> veh=73 dist=31600.5 cpu=29.9441s valid=1
[925/1200] CLASSIC RC1_8_7 run5 -> veh=73 dist=31820 cpu=30.7425s valid=1
[926/1200] CLASSIC RC1_8_7 run6 -> veh=73 dist=31765.5 cpu=30.6412s valid=1
[927/1200] CLASSIC RC1_8_7 run7 -> veh=73 dist=31973.6 cpu=30.546s valid=1
[928/1200] CLASSIC RC1_8_7 run8 -> veh=73 dist=31975.9 cpu=29.773s valid=1
[929/1200] CLASSIC RC1_8_7 run9 -> veh=73 dist=31554.3 cpu=30.7814s valid=1
[930/1200] QLEARNING RC1_8_7 run2 -> veh=73 dist=31998 cpu=30.008s valid=1
[931/1200] CLASSIC RC1_8_7 run10 -> veh=73 dist=32324.8 cpu=30.8393s valid=1
[932/1200] QLEARNING RC1_8_7 run3 -> veh=73 dist=31360.5 cpu=31.0396s valid=1
[933/1200] QLEARNING RC1_8_7 run5 -> veh=73 dist=31183.8 cpu=29.8151s valid=1
[934/1200] QLEARNING RC1_8_7 run1 -> veh=73 dist=31979 cpu=32.5428s valid=1
[935/1200] QLEARNING RC1_8_7 run4 -> veh=73 dist=31561.4 cpu=31.8824s valid=1
[936/1200] QLEARNING RC1_8_7 run7 -> veh=73 dist=31692 cpu=30.6371s valid=1
[937/1200] QLEARNING RC1_8_7 run6 -> veh=73 dist=31574.5 cpu=32.0208s valid=1
[938/1200] QLEARNING RC1_8_7 run8 -> veh=73 dist=31461.8 cpu=30.2503s valid=1
[939/1200] QLEARNING RC1_8_7 run10 -> veh=73 dist=31436.4 cpu=30.2025s valid=1
[940/1200] QLEARNING RC1_8_7 run9 -> veh=73 dist=31768.7 cpu=30.7338s valid=1
[941/1200] CLASSIC RC1_8_8 run1 -> veh=73 dist=31178.9 cpu=32.639s valid=1
[942/1200] CLASSIC RC1_8_8 run2 -> veh=73 dist=31500.8 cpu=32.934s valid=1
[943/1200] CLASSIC RC1_8_8 run3 -> veh=73 dist=31448.6 cpu=32.7029s valid=1
[944/1200] CLASSIC RC1_8_8 run4 -> veh=73 dist=31304.2 cpu=32.7921s valid=1
[945/1200] CLASSIC RC1_8_8 run5 -> veh=73 dist=31344.5 cpu=32.8512s valid=1
[946/1200] CLASSIC RC1_8_8 run6 -> veh=73 dist=31670.4 cpu=32.8045s valid=1
[947/1200] CLASSIC RC1_8_8 run7 -> veh=73 dist=31211.2 cpu=33.4171s valid=1
[948/1200] CLASSIC RC1_8_8 run9 -> veh=73 dist=31470 cpu=32.5536s valid=1
[949/1200] CLASSIC RC1_8_8 run8 -> veh=73 dist=30899.3 cpu=32.8486s valid=1
[950/1200] CLASSIC RC1_8_8 run10 -> veh=73 dist=31439.3 cpu=32.9369s valid=1
[951/1200] QLEARNING RC1_8_8 run1 -> veh=73 dist=30796.7 cpu=32.7493s valid=1
[952/1200] QLEARNING RC1_8_8 run2 -> veh=73 dist=31586.3 cpu=33.0547s valid=1
[953/1200] QLEARNING RC1_8_8 run3 -> veh=73 dist=30728.8 cpu=32.3556s valid=1
[954/1200] QLEARNING RC1_8_8 run4 -> veh=73 dist=31753.1 cpu=31.93s valid=1
[955/1200] QLEARNING RC1_8_8 run5 -> veh=73 dist=31787.9 cpu=33.0215s valid=1
[956/1200] QLEARNING RC1_8_8 run6 -> veh=73 dist=31050 cpu=32.0553s valid=1
[957/1200] QLEARNING RC1_8_8 run8 -> veh=73 dist=30890 cpu=33.2776s valid=1
[958/1200] QLEARNING RC1_8_8 run7 -> veh=73 dist=31429.4 cpu=34.3721s valid=1
[959/1200] QLEARNING RC1_8_8 run9 -> veh=73 dist=30756 cpu=33.3523s valid=1
[960/1200] QLEARNING RC1_8_8 run10 -> veh=73 dist=30497 cpu=32.7077s valid=1
[961/1200] CLASSIC RC1_8_9 run1 -> veh=73 dist=31181.7 cpu=34.2616s valid=1
[962/1200] CLASSIC RC1_8_9 run3 -> veh=73 dist=30977.9 cpu=33.8726s valid=1
[963/1200] CLASSIC RC1_8_9 run2 -> veh=73 dist=31090.2 cpu=34.259s valid=1
[964/1200] CLASSIC RC1_8_9 run4 -> veh=73 dist=30856.2 cpu=33.9216s valid=1
[965/1200] CLASSIC RC1_8_9 run5 -> veh=73 dist=31382.3 cpu=33.5227s valid=1
[966/1200] CLASSIC RC1_8_9 run6 -> veh=73 dist=30865.1 cpu=33.9911s valid=1
[967/1200] CLASSIC RC1_8_9 run7 -> veh=73 dist=31135.1 cpu=34.1251s valid=1
[968/1200] CLASSIC RC1_8_9 run8 -> veh=73 dist=31118.9 cpu=33.53s valid=1
[969/1200] QLEARNING RC1_8_9 run1 -> veh=73 dist=30732.9 cpu=32.8431s valid=1
[970/1200] CLASSIC RC1_8_9 run9 -> veh=73 dist=31120.3 cpu=33.742s valid=1
[971/1200] CLASSIC RC1_8_9 run10 -> veh=73 dist=31458.4 cpu=34.185s valid=1
[972/1200] QLEARNING RC1_8_9 run3 -> veh=73 dist=31158.6 cpu=32.96s valid=1
[973/1200] QLEARNING RC1_8_9 run2 -> veh=73 dist=30306.4 cpu=36.3426s valid=1
[974/1200] QLEARNING RC1_8_9 run6 -> veh=73 dist=31088.6 cpu=31.6408s valid=1
[975/1200] QLEARNING RC1_8_9 run4 -> veh=73 dist=30475.4 cpu=33.9974s valid=1
[976/1200] QLEARNING RC1_8_9 run5 -> veh=73 dist=30884 cpu=33.4387s valid=1
[977/1200] QLEARNING RC1_8_9 run7 -> veh=73 dist=30782.9 cpu=32.6274s valid=1
[978/1200] QLEARNING RC1_8_9 run8 -> veh=73 dist=30688.9 cpu=32.6975s valid=1
[979/1200] QLEARNING RC1_8_9 run10 -> veh=73 dist=31279.4 cpu=31.4412s valid=1
[980/1200] QLEARNING RC1_8_9 run9 -> veh=73 dist=30831.4 cpu=34.3493s valid=1
[981/1200] CLASSIC RC1_8_10 run1 -> veh=73 dist=30459.5 cpu=37.1738s valid=1
[982/1200] CLASSIC RC1_8_10 run2 -> veh=73 dist=30558.9 cpu=36.3355s valid=1
[983/1200] CLASSIC RC1_8_10 run4 -> veh=73 dist=30499.6 cpu=36.0066s valid=1
[984/1200] CLASSIC RC1_8_10 run3 -> veh=73 dist=30195.1 cpu=36.5957s valid=1
[985/1200] CLASSIC RC1_8_10 run5 -> veh=73 dist=30409.3 cpu=36.5204s valid=1
[986/1200] CLASSIC RC1_8_10 run6 -> veh=73 dist=30126.8 cpu=36.4652s valid=1
[987/1200] CLASSIC RC1_8_10 run7 -> veh=73 dist=30617.6 cpu=36.4266s valid=1
[988/1200] CLASSIC RC1_8_10 run8 -> veh=73 dist=30442.4 cpu=37.0217s valid=1
[989/1200] QLEARNING RC1_8_10 run1 -> veh=73 dist=30037.3 cpu=34.4423s valid=1
[990/1200] CLASSIC RC1_8_10 run10 -> veh=73 dist=30638.4 cpu=36.6264s valid=1
[991/1200] QLEARNING RC1_8_10 run2 -> veh=73 dist=30156.1 cpu=35.8338s valid=1
[992/1200] CLASSIC RC1_8_10 run9 -> veh=73 dist=30455.3 cpu=36.9853s valid=1
[993/1200] QLEARNING RC1_8_10 run3 -> veh=73 dist=30114.3 cpu=33.2133s valid=1
[994/1200] CLASSIC RC2_8_1 run2 -> veh=20 dist=21238.1 cpu=30.404s valid=1
[995/1200] QLEARNING RC1_8_10 run8 -> veh=73 dist=31046.7 cpu=32.433s valid=1
[996/1200] QLEARNING RC1_8_10 run6 -> veh=73 dist=29943.7 cpu=34.4791s valid=1
[997/1200] QLEARNING RC1_8_10 run5 -> veh=73 dist=30440.1 cpu=35.7148s valid=1
[998/1200] QLEARNING RC1_8_10 run4 -> veh=73 dist=30131.6 cpu=36.1382s valid=1
[999/1200] QLEARNING RC1_8_10 run7 -> veh=73 dist=29955.2 cpu=35.0275s valid=1
[1000/1200] QLEARNING RC1_8_10 run9 -> veh=73 dist=30098 cpu=33.6405s valid=1
[1001/1200] QLEARNING RC1_8_10 run10 -> veh=73 dist=30490 cpu=34.3668s valid=1
[1002/1200] QLEARNING RC2_8_1 run2 -> veh=20 dist=21305.2 cpu=28.9033s valid=1
[1003/1200] QLEARNING RC2_8_1 run8 -> veh=20 dist=20927.4 cpu=32.3585s valid=1
[1004/1200] CLASSIC RC2_8_1 run1 -> veh=20 dist=21255.9 cpu=50.7396s valid=1
[1005/1200] CLASSIC RC2_8_1 run3 -> veh=21 dist=20506.1 cpu=49.9353s valid=1
[1006/1200] QLEARNING RC2_8_1 run3 -> veh=20 dist=21487.2 cpu=37.2496s valid=1
[1007/1200] CLASSIC RC2_8_1 run5 -> veh=21 dist=20398.5 cpu=49.2934s valid=1
[1008/1200] CLASSIC RC2_8_1 run4 -> veh=20 dist=20687.3 cpu=50.3504s valid=1
[1009/1200] CLASSIC RC2_8_1 run7 -> veh=21 dist=20574 cpu=48.8521s valid=1
[1010/1200] CLASSIC RC2_8_1 run6 -> veh=20 dist=20876.8 cpu=50.0452s valid=1
[1011/1200] CLASSIC RC2_8_1 run8 -> veh=20 dist=20632.2 cpu=50.4468s valid=1
[1012/1200] QLEARNING RC2_8_1 run5 -> veh=20 dist=20606.2 cpu=39.8992s valid=1
[1013/1200] CLASSIC RC2_8_1 run9 -> veh=20 dist=20662.5 cpu=49.4685s valid=1
[1014/1200] CLASSIC RC2_8_1 run10 -> veh=21 dist=20469.4 cpu=49.2909s valid=1
[1015/1200] QLEARNING RC2_8_1 run1 -> veh=20 dist=21164.4 cpu=51.3023s valid=1
[1016/1200] QLEARNING RC2_8_1 run7 -> veh=21 dist=20611.2 cpu=48.6206s valid=1
[1017/1200] QLEARNING RC2_8_1 run6 -> veh=21 dist=20569.5 cpu=50.8679s valid=1
[1018/1200] QLEARNING RC2_8_1 run4 -> veh=20 dist=21048 cpu=52.6067s valid=1
[1019/1200] QLEARNING RC2_8_1 run10 -> veh=21 dist=20535.4 cpu=50.5953s valid=1
[1020/1200] QLEARNING RC2_8_1 run9 -> veh=21 dist=20661.8 cpu=53.6042s valid=1
[1021/1200] QLEARNING RC2_8_2 run1 -> veh=18 dist=18446 cpu=90.1273s valid=1
[1022/1200] CLASSIC RC2_8_3 run8 -> veh=15 dist=15341.6 cpu=110.711s valid=1
[1023/1200] CLASSIC RC2_8_2 run2 -> veh=17 dist=18541.3 cpu=151.842s valid=1
[1024/1200] CLASSIC RC2_8_2 run1 -> veh=18 dist=17929.3 cpu=154.972s valid=1
[1025/1200] CLASSIC RC2_8_2 run3 -> veh=18 dist=17897.3 cpu=153.211s valid=1
[1026/1200] CLASSIC RC2_8_3 run6 -> veh=15 dist=15084.2 cpu=123.592s valid=1
[1027/1200] CLASSIC RC2_8_2 run5 -> veh=19 dist=17992.7 cpu=152.875s valid=1
[1028/1200] CLASSIC RC2_8_2 run7 -> veh=18 dist=18027.5 cpu=150.574s valid=1
[1029/1200] CLASSIC RC2_8_2 run4 -> veh=18 dist=18262.2 cpu=156.094s valid=1
[1030/1200] CLASSIC RC2_8_2 run6 -> veh=18 dist=18195.9 cpu=152.849s valid=1
[1031/1200] CLASSIC RC2_8_3 run10 -> veh=15 dist=15069 cpu=115.293s valid=1
[1032/1200] CLASSIC RC2_8_2 run9 -> veh=17 dist=18725.2 cpu=154.463s valid=1
[1033/1200] CLASSIC RC2_8_2 run8 -> veh=18 dist=18155.4 cpu=156.535s valid=1
[1034/1200] QLEARNING RC2_8_2 run3 -> veh=17 dist=18216.5 cpu=155.107s valid=1
[1035/1200] CLASSIC RC2_8_2 run10 -> veh=18 dist=18058.1 cpu=157.832s valid=1
[1036/1200] QLEARNING RC2_8_2 run2 -> veh=18 dist=18108.9 cpu=158.284s valid=1
[1037/1200] QLEARNING RC2_8_3 run1 -> veh=15 dist=15281.8 cpu=117.394s valid=1
[1038/1200] QLEARNING RC2_8_2 run4 -> veh=17 dist=18307.5 cpu=156.326s valid=1
[1039/1200] CLASSIC RC2_8_3 run4 -> veh=15 dist=15825.8 cpu=143.549s valid=1
[1040/1200] QLEARNING RC2_8_2 run6 -> veh=18 dist=18188.7 cpu=150.983s valid=1
[1041/1200] QLEARNING RC2_8_2 run5 -> veh=18 dist=18393.3 cpu=153.482s valid=1
[1042/1200] QLEARNING RC2_8_2 run7 -> veh=18 dist=18270.9 cpu=156.499s valid=1
[1043/1200] QLEARNING RC2_8_2 run10 -> veh=17 dist=18224.1 cpu=154.212s valid=1
[1044/1200] QLEARNING RC2_8_2 run8 -> veh=18 dist=18338.1 cpu=157.499s valid=1
[1045/1200] QLEARNING RC2_8_2 run9 -> veh=18 dist=18421.4 cpu=156.062s valid=1
[1046/1200] CLASSIC RC2_8_3 run9 -> veh=15 dist=15285.2 cpu=182.402s valid=1
[1047/1200] CLASSIC RC2_8_3 run1 -> veh=15 dist=15312.6 cpu=230.206s valid=1
[1048/1200] CLASSIC RC2_8_3 run5 -> veh=16 dist=14950.6 cpu=232.093s valid=1
[1049/1200] CLASSIC RC2_8_3 run3 -> veh=16 dist=15061.7 cpu=234.389s valid=1
[1050/1200] CLASSIC RC2_8_3 run2 -> veh=16 dist=14766.8 cpu=235.398s valid=1
[1051/1200] CLASSIC RC2_8_3 run7 -> veh=16 dist=14863.8 cpu=233.837s valid=1
[1052/1200] QLEARNING RC2_8_3 run10 -> veh=15 dist=15123.8 cpu=115.549s valid=1
[1053/1200] QLEARNING RC2_8_3 run5 -> veh=15 dist=15442.9 cpu=124.92s valid=1
[1054/1200] QLEARNING RC2_8_3 run2 -> veh=16 dist=15381.9 cpu=239.661s valid=1
[1055/1200] CLASSIC RC2_8_4 run3 -> veh=15 dist=11769.3 cpu=135.668s valid=1
[1056/1200] CLASSIC RC2_8_4 run1 -> veh=15 dist=11792 cpu=139.54s valid=1
[1057/1200] CLASSIC RC2_8_4 run2 -> veh=15 dist=11701.9 cpu=139.479s valid=1
[1058/1200] CLASSIC RC2_8_4 run6 -> veh=15 dist=11544.3 cpu=135.046s valid=1
[1059/1200] CLASSIC RC2_8_4 run4 -> veh=15 dist=11734.3 cpu=138.763s valid=1
[1060/1200] CLASSIC RC2_8_4 run5 -> veh=15 dist=11495.2 cpu=137.303s valid=1
[1061/1200] CLASSIC RC2_8_4 run9 -> veh=15 dist=11805 cpu=133.902s valid=1
[1062/1200] CLASSIC RC2_8_4 run7 -> veh=15 dist=11656 cpu=141.676s valid=1
[1063/1200] CLASSIC RC2_8_4 run8 -> veh=15 dist=11899 cpu=141.194s valid=1
[1064/1200] CLASSIC RC2_8_4 run10 -> veh=15 dist=11647 cpu=138.255s valid=1
[1065/1200] QLEARNING RC2_8_4 run1 -> veh=15 dist=11863.7 cpu=142.949s valid=1
[1066/1200] QLEARNING RC2_8_4 run4 -> veh=15 dist=11944 cpu=135.505s valid=1
[1067/1200] QLEARNING RC2_8_4 run2 -> veh=15 dist=11529.9 cpu=142.51s valid=1
[1068/1200] QLEARNING RC2_8_4 run3 -> veh=15 dist=11640 cpu=141.672s valid=1
[1069/1200] QLEARNING RC2_8_4 run6 -> veh=15 dist=11874.3 cpu=142.99s valid=1
[1070/1200] CLASSIC RC2_8_5 run2 -> veh=17 dist=19125.3 cpu=62.3606s valid=1
[1071/1200] CLASSIC RC2_8_5 run1 -> veh=16 dist=20186 cpu=64.0531s valid=1
[1072/1200] CLASSIC RC2_8_5 run3 -> veh=17 dist=18999.8 cpu=63.1503s valid=1
[1073/1200] QLEARNING RC2_8_4 run7 -> veh=15 dist=11781.9 cpu=147.145s valid=1
[1074/1200] QLEARNING RC2_8_4 run5 -> veh=15 dist=11605.8 cpu=149.428s valid=1
[1075/1200] QLEARNING RC2_8_3 run3 -> veh=16 dist=15341.4 cpu=236.551s valid=1
[1076/1200] CLASSIC RC2_8_5 run4 -> veh=17 dist=19812.3 cpu=64.9019s valid=1
[1077/1200] CLASSIC RC2_8_5 run5 -> veh=17 dist=19427.8 cpu=64.3567s valid=1
[1078/1200] CLASSIC RC2_8_5 run6 -> veh=17 dist=19077.7 cpu=65.4196s valid=1
[1079/1200] CLASSIC RC2_8_5 run7 -> veh=17 dist=19355.5 cpu=65.1513s valid=1
[1080/1200] QLEARNING RC2_8_5 run6 -> veh=16 dist=19947.1 cpu=51.4301s valid=1
[1081/1200] CLASSIC RC2_8_5 run8 -> veh=17 dist=19495.4 cpu=64.114s valid=1
[1082/1200] CLASSIC RC2_8_5 run9 -> veh=17 dist=19391.5 cpu=65.7438s valid=1
[1083/1200] CLASSIC RC2_8_5 run10 -> veh=17 dist=19126.9 cpu=64.9726s valid=1
[1084/1200] QLEARNING RC2_8_4 run8 -> veh=15 dist=11641.5 cpu=140.334s valid=1
[1085/1200] CLASSIC RC2_8_6 run6 -> veh=15 dist=19122.4 cpu=32.5564s valid=1
[1086/1200] CLASSIC RC2_8_6 run1 -> veh=15 dist=19592.4 cpu=38.411s valid=1
[1087/1200] QLEARNING RC2_8_5 run1 -> veh=17 dist=19404.9 cpu=66.3124s valid=1
[1088/1200] QLEARNING RC2_8_5 run2 -> veh=17 dist=19373.3 cpu=66.8878s valid=1
[1089/1200] CLASSIC RC2_8_6 run5 -> veh=15 dist=19610.3 cpu=36.7705s valid=1
[1090/1200] QLEARNING RC2_8_5 run3 -> veh=17 dist=19051.9 cpu=69.4721s valid=1
[1091/1200] CLASSIC RC2_8_6 run9 -> veh=15 dist=19615.7 cpu=30.5465s valid=1
[1092/1200] CLASSIC RC2_8_6 run8 -> veh=15 dist=19508.5 cpu=37.4313s valid=1
[1093/1200] QLEARNING RC2_8_5 run5 -> veh=17 dist=19673.2 cpu=67.1298s valid=1
[1094/1200] QLEARNING RC2_8_5 run4 -> veh=17 dist=19180.6 cpu=68.7872s valid=1
[1095/1200] QLEARNING RC2_8_3 run4 -> veh=16 dist=14930.5 cpu=228.673s valid=1
[1096/1200] QLEARNING RC2_8_3 run6 -> veh=16 dist=14963.8 cpu=228.078s valid=1
[1097/1200] QLEARNING RC2_8_3 run7 -> veh=15 dist=15669.4 cpu=228.325s valid=1
[1098/1200] QLEARNING RC2_8_5 run9 -> veh=17 dist=19291.6 cpu=64.7888s valid=1
[1099/1200] QLEARNING RC2_8_3 run8 -> veh=16 dist=14731.5 cpu=229.596s valid=1
[1100/1200] QLEARNING RC2_8_5 run7 -> veh=18 dist=18780.9 cpu=68.3067s valid=1
[1101/1200] QLEARNING RC2_8_3 run9 -> veh=16 dist=15029.6 cpu=230.219s valid=1
[1102/1200] CLASSIC RC2_8_6 run10 -> veh=15 dist=20417.7 cpu=32.6003s valid=1
[1103/1200] QLEARNING RC2_8_5 run8 -> veh=17 dist=19827.3 cpu=70.4648s valid=1
[1104/1200] QLEARNING RC2_8_5 run10 -> veh=17 dist=19870.9 cpu=67.8046s valid=1
[1105/1200] CLASSIC RC2_8_6 run4 -> veh=16 dist=19424.5 cpu=58.3879s valid=1
[1106/1200] CLASSIC RC2_8_6 run2 -> veh=16 dist=18940.9 cpu=62.4633s valid=1
[1107/1200] CLASSIC RC2_8_6 run3 -> veh=16 dist=19511 cpu=61.7874s valid=1
[1108/1200] QLEARNING RC2_8_4 run10 -> veh=15 dist=11680.3 cpu=130.956s valid=1
[1109/1200] QLEARNING RC2_8_4 run9 -> veh=15 dist=11558.1 cpu=134.726s valid=1
[1110/1200] CLASSIC RC2_8_6 run7 -> veh=16 dist=18730.7 cpu=61.288s valid=1
[1111/1200] QLEARNING RC2_8_6 run2 -> veh=15 dist=19369.6 cpu=34.6881s valid=1
[1112/1200] QLEARNING RC2_8_6 run1 -> veh=15 dist=19961 cpu=36.3079s valid=1
[1113/1200] QLEARNING RC2_8_6 run4 -> veh=15 dist=19727.1 cpu=32.6496s valid=1
[1114/1200] QLEARNING RC2_8_6 run5 -> veh=15 dist=19622.9 cpu=33.3538s valid=1
[1115/1200] QLEARNING RC2_8_6 run6 -> veh=15 dist=19723.7 cpu=40.336s valid=1
[1116/1200] CLASSIC RC2_8_7 run1 -> veh=15 dist=18254.5 cpu=37.844s valid=1
[1117/1200] QLEARNING RC2_8_6 run9 -> veh=15 dist=19138 cpu=41.7827s valid=1
[1118/1200] CLASSIC RC2_8_7 run2 -> veh=15 dist=18130.7 cpu=37.5625s valid=1
[1119/1200] CLASSIC RC2_8_7 run3 -> veh=15 dist=18219.9 cpu=37.6134s valid=1
[1120/1200] CLASSIC RC2_8_7 run5 -> veh=15 dist=17922.3 cpu=37.7239s valid=1
[1121/1200] CLASSIC RC2_8_7 run4 -> veh=15 dist=18251.8 cpu=38.5947s valid=1
[1122/1200] CLASSIC RC2_8_7 run6 -> veh=15 dist=17676.8 cpu=38.7323s valid=1
[1123/1200] CLASSIC RC2_8_7 run7 -> veh=15 dist=17789.7 cpu=38.251s valid=1
[1124/1200] CLASSIC RC2_8_7 run9 -> veh=15 dist=17725.4 cpu=37.8434s valid=1
[1125/1200] CLASSIC RC2_8_7 run8 -> veh=15 dist=18009.1 cpu=38.6847s valid=1
[1126/1200] CLASSIC RC2_8_7 run10 -> veh=15 dist=17927.8 cpu=38.8123s valid=1
[1127/1200] QLEARNING RC2_8_7 run3 -> veh=15 dist=18125.6 cpu=38.3991s valid=1
[1128/1200] QLEARNING RC2_8_7 run2 -> veh=15 dist=18092.9 cpu=39.4219s valid=1
[1129/1200] QLEARNING RC2_8_6 run3 -> veh=16 dist=19349.1 cpu=63.9221s valid=1
[1130/1200] QLEARNING RC2_8_7 run5 -> veh=15 dist=18602.3 cpu=38.3788s valid=1
[1131/1200] QLEARNING RC2_8_7 run1 -> veh=15 dist=18179.4 cpu=42.5742s valid=1
[1132/1200] QLEARNING RC2_8_7 run4 -> veh=15 dist=18198.6 cpu=40.3028s valid=1
[1133/1200] QLEARNING RC2_8_7 run6 -> veh=15 dist=18265.8 cpu=39.766s valid=1
[1134/1200] QLEARNING RC2_8_6 run7 -> veh=16 dist=18988.1 cpu=64.489s valid=1
[1135/1200] QLEARNING RC2_8_7 run9 -> veh=15 dist=18375.7 cpu=38.942s valid=1
[1136/1200] QLEARNING RC2_8_7 run8 -> veh=15 dist=18445 cpu=39.5225s valid=1
[1137/1200] QLEARNING RC2_8_6 run8 -> veh=16 dist=18982.9 cpu=64.6609s valid=1
[1138/1200] QLEARNING RC2_8_7 run7 -> veh=15 dist=18168.1 cpu=41.3168s valid=1
[1139/1200] QLEARNING RC2_8_6 run10 -> veh=16 dist=19196.1 cpu=66.2764s valid=1
[1140/1200] QLEARNING RC2_8_7 run10 -> veh=15 dist=17878.6 cpu=39.4957s valid=1
[1141/1200] CLASSIC RC2_8_8 run1 -> veh=15 dist=16744.9 cpu=44.9654s valid=1
[1142/1200] CLASSIC RC2_8_8 run5 -> veh=15 dist=17042.4 cpu=43.2778s valid=1
[1143/1200] CLASSIC RC2_8_8 run2 -> veh=15 dist=16970.4 cpu=44.9851s valid=1
[1144/1200] CLASSIC RC2_8_8 run4 -> veh=15 dist=16863.2 cpu=44.9188s valid=1
[1145/1200] CLASSIC RC2_8_8 run6 -> veh=15 dist=16976.1 cpu=43.7068s valid=1
[1146/1200] CLASSIC RC2_8_8 run3 -> veh=15 dist=17089.4 cpu=46.3512s valid=1
[1147/1200] CLASSIC RC2_8_8 run7 -> veh=15 dist=17146.3 cpu=44.2711s valid=1
[1148/1200] CLASSIC RC2_8_8 run8 -> veh=15 dist=16658.9 cpu=45.7408s valid=1
[1149/1200] CLASSIC RC2_8_8 run10 -> veh=15 dist=16878.1 cpu=45.3376s valid=1
[1150/1200] CLASSIC RC2_8_8 run9 -> veh=15 dist=17095 cpu=46.6053s valid=1
[1151/1200] QLEARNING RC2_8_8 run1 -> veh=15 dist=16804.6 cpu=47.203s valid=1
[1152/1200] QLEARNING RC2_8_8 run3 -> veh=15 dist=17198.9 cpu=47.7908s valid=1
[1153/1200] QLEARNING RC2_8_8 run4 -> veh=15 dist=17097.2 cpu=46.7065s valid=1
[1154/1200] QLEARNING RC2_8_8 run2 -> veh=15 dist=16941.6 cpu=49.0693s valid=1
[1155/1200] QLEARNING RC2_8_8 run5 -> veh=15 dist=17058.6 cpu=46.4405s valid=1
[1156/1200] QLEARNING RC2_8_8 run6 -> veh=15 dist=16564 cpu=44.7402s valid=1
[1157/1200] CLASSIC RC2_8_9 run2 -> veh=15 dist=16804.6 cpu=42.1102s valid=1
[1158/1200] QLEARNING RC2_8_8 run7 -> veh=15 dist=16979.7 cpu=47.8078s valid=1
[1159/1200] CLASSIC RC2_8_9 run1 -> veh=15 dist=16522.5 cpu=44.1896s valid=1
[1160/1200] CLASSIC RC2_8_9 run3 -> veh=15 dist=16595.4 cpu=44.1145s valid=1
[1161/1200] QLEARNING RC2_8_8 run10 -> veh=15 dist=17002.7 cpu=46.7586s valid=1
[1162/1200] QLEARNING RC2_8_8 run8 -> veh=15 dist=16633.7 cpu=49.3058s valid=1
[1163/1200] CLASSIC RC2_8_9 run4 -> veh=15 dist=16793.1 cpu=44.7435s valid=1
[1164/1200] CLASSIC RC2_8_9 run5 -> veh=15 dist=16453 cpu=44.5432s valid=1
[1165/1200] QLEARNING RC2_8_8 run9 -> veh=15 dist=16927.5 cpu=48.6974s valid=1
[1166/1200] CLASSIC RC2_8_9 run9 -> veh=15 dist=16575.6 cpu=43.4647s valid=1
[1167/1200] CLASSIC RC2_8_9 run6 -> veh=15 dist=16648.6 cpu=43.9806s valid=1
[1168/1200] CLASSIC RC2_8_9 run7 -> veh=15 dist=16347.1 cpu=44.1183s valid=1
[1169/1200] CLASSIC RC2_8_9 run8 -> veh=15 dist=16350.7 cpu=44.8215s valid=1
[1170/1200] CLASSIC RC2_8_9 run10 -> veh=15 dist=16391.8 cpu=44.8944s valid=1
[1171/1200] QLEARNING RC2_8_9 run2 -> veh=15 dist=16424.7 cpu=44.6498s valid=1
[1172/1200] QLEARNING RC2_8_9 run1 -> veh=15 dist=16393.4 cpu=47.8283s valid=1
[1173/1200] QLEARNING RC2_8_9 run4 -> veh=15 dist=16676.3 cpu=44.4103s valid=1
[1174/1200] QLEARNING RC2_8_9 run3 -> veh=15 dist=16378.7 cpu=47.0823s valid=1
[1175/1200] QLEARNING RC2_8_9 run5 -> veh=15 dist=16573.2 cpu=46.5043s valid=1
[1176/1200] QLEARNING RC2_8_9 run7 -> veh=15 dist=16286.3 cpu=46.1706s valid=1
[1177/1200] QLEARNING RC2_8_9 run6 -> veh=15 dist=16267.5 cpu=46.6193s valid=1
[1178/1200] QLEARNING RC2_8_9 run8 -> veh=15 dist=16440.2 cpu=47.5124s valid=1
[1179/1200] CLASSIC RC2_8_10 run2 -> veh=15 dist=15808.3 cpu=38.609s valid=1
[1180/1200] QLEARNING RC2_8_9 run9 -> veh=15 dist=16643.3 cpu=46.556s valid=1
[1181/1200] QLEARNING RC2_8_9 run10 -> veh=15 dist=16686.9 cpu=46.4239s valid=1
[1182/1200] CLASSIC RC2_8_10 run1 -> veh=15 dist=15990.7 cpu=45.6414s valid=1
[1183/1200] CLASSIC RC2_8_10 run3 -> veh=15 dist=15573 cpu=41.9324s valid=1
[1184/1200] CLASSIC RC2_8_10 run4 -> veh=15 dist=15704.2 cpu=40.9971s valid=1
[1185/1200] QLEARNING RC2_8_10 run3 -> veh=15 dist=15563.7 cpu=31.2926s valid=1
[1186/1200] CLASSIC RC2_8_10 run8 -> veh=15 dist=15428 cpu=38.1118s valid=1
[1187/1200] QLEARNING RC2_8_10 run2 -> veh=15 dist=15541 cpu=32.8634s valid=1
[1188/1200] CLASSIC RC2_8_10 run6 -> veh=15 dist=16009.8 cpu=44.5171s valid=1
[1189/1200] CLASSIC RC2_8_10 run5 -> veh=15 dist=15472.9 cpu=45.9774s valid=1
[1190/1200] QLEARNING RC2_8_10 run6 -> veh=15 dist=15926.7 cpu=34.9864s valid=1
[1191/1200] QLEARNING RC2_8_10 run10 -> veh=15 dist=15542.6 cpu=34.1772s valid=1
[1192/1200] CLASSIC RC2_8_10 run7 -> veh=15 dist=15694.5 cpu=42.9653s valid=1
[1193/1200] QLEARNING RC2_8_10 run7 -> veh=15 dist=15426 cpu=35.5557s valid=1
[1194/1200] QLEARNING RC2_8_10 run5 -> veh=15 dist=15499.1 cpu=36.4364s valid=1
[1195/1200] CLASSIC RC2_8_10 run9 -> veh=15 dist=15619.6 cpu=40.8244s valid=1
[1196/1200] QLEARNING RC2_8_10 run4 -> veh=15 dist=15690.8 cpu=37.4993s valid=1
[1197/1200] QLEARNING RC2_8_10 run1 -> veh=15 dist=15674.7 cpu=40.1764s valid=1
[1198/1200] CLASSIC RC2_8_10 run10 -> veh=15 dist=15264.6 cpu=40.89s valid=1
[1199/1200] QLEARNING RC2_8_10 run8 -> veh=15 dist=15495.4 cpu=37.0359s valid=1
[1200/1200] QLEARNING RC2_8_10 run9 -> veh=15 dist=15557.2 cpu=38.2478s valid=1
=== Fin size=800. Nuevas: 1200 | errores: 0 | Wall-clock: 0h 35m 47.0s ===
Campaña para size=800 finalizada.
