============================================================
Job ID:           55325
Nodo asignado:    n003
Workers asignados: 32
============================================================
=== Campana PARALELA | size=400 | hilos: 32 | params: (por defecto) ===
=== Instancias: 60 | corridas objetivo: 1200 | ya hechas: 0 | pendientes: 1200 ===
=== Maestro: /home/jose.osnayo/PFC_VRPTW/Experiments/results/master_gh400.csv (SOBRESCRIBE, se guarda corrida a corrida) ===
[1/1200] CLASSIC C1_4_1 run4 -> veh=40 dist=7152.06 cpu=31.3844s valid=1
[2/1200] CLASSIC C1_4_1 run7 -> veh=40 dist=7152.06 cpu=31.4932s valid=1
[3/1200] CLASSIC C1_4_1 run6 -> veh=40 dist=7152.06 cpu=31.582s valid=1
[4/1200] CLASSIC C1_4_1 run10 -> veh=40 dist=7152.06 cpu=31.6001s valid=1
[5/1200] CLASSIC C1_4_1 run5 -> veh=40 dist=7152.06 cpu=31.5977s valid=1
[6/1200] CLASSIC C1_4_1 run1 -> veh=40 dist=7152.06 cpu=31.7706s valid=1
[7/1200] CLASSIC C1_4_1 run8 -> veh=40 dist=7152.06 cpu=31.8184s valid=1
[8/1200] CLASSIC C1_4_1 run9 -> veh=40 dist=7152.06 cpu=31.8279s valid=1
[9/1200] CLASSIC C1_4_1 run2 -> veh=40 dist=7152.06 cpu=31.8605s valid=1
[10/1200] CLASSIC C1_4_1 run3 -> veh=40 dist=7152.06 cpu=31.9929s valid=1
[11/1200] QLEARNING C1_4_1 run1 -> veh=40 dist=7152.06 cpu=34.6518s valid=1
[12/1200] QLEARNING C1_4_1 run7 -> veh=40 dist=7152.06 cpu=35.0668s valid=1
[13/1200] QLEARNING C1_4_1 run9 -> veh=40 dist=7152.06 cpu=35.087s valid=1
[14/1200] QLEARNING C1_4_1 run4 -> veh=40 dist=7152.06 cpu=35.3902s valid=1
[15/1200] QLEARNING C1_4_1 run6 -> veh=40 dist=7152.06 cpu=35.4216s valid=1
[16/1200] QLEARNING C1_4_1 run2 -> veh=40 dist=7152.06 cpu=35.5573s valid=1
[17/1200] QLEARNING C1_4_1 run5 -> veh=40 dist=7152.06 cpu=35.5458s valid=1
[18/1200] QLEARNING C1_4_1 run3 -> veh=40 dist=7152.06 cpu=35.9906s valid=1
[19/1200] QLEARNING C1_4_1 run8 -> veh=40 dist=7152.06 cpu=36.0262s valid=1
[20/1200] QLEARNING C1_4_1 run10 -> veh=40 dist=7152.06 cpu=36.2987s valid=1
[21/1200] CLASSIC C1_4_2 run7 -> veh=37 dist=7713.29 cpu=45.1536s valid=1
[22/1200] CLASSIC C1_4_2 run6 -> veh=37 dist=7557.71 cpu=45.8293s valid=1
[23/1200] CLASSIC C1_4_2 run1 -> veh=37 dist=7615.97 cpu=45.907s valid=1
[24/1200] CLASSIC C1_4_2 run10 -> veh=37 dist=7676.2 cpu=46.0589s valid=1
[25/1200] CLASSIC C1_4_2 run3 -> veh=37 dist=7593.5 cpu=46.1994s valid=1
[26/1200] CLASSIC C1_4_2 run8 -> veh=37 dist=7643.92 cpu=46.2921s valid=1
[27/1200] CLASSIC C1_4_2 run5 -> veh=37 dist=7422.64 cpu=46.8148s valid=1
[28/1200] CLASSIC C1_4_2 run9 -> veh=38 dist=7348.35 cpu=47.0323s valid=1
[29/1200] CLASSIC C1_4_2 run2 -> veh=38 dist=7418.33 cpu=47.1583s valid=1
[30/1200] CLASSIC C1_4_2 run4 -> veh=37 dist=7761.81 cpu=47.2349s valid=1
[31/1200] QLEARNING C1_4_2 run1 -> veh=37 dist=7505.1 cpu=55.216s valid=1
[32/1200] QLEARNING C1_4_2 run2 -> veh=37 dist=7457.3 cpu=56.1784s valid=1
[33/1200] CLASSIC C1_4_3 run2 -> veh=36 dist=7813.01 cpu=53.6683s valid=1
[34/1200] CLASSIC C1_4_3 run9 -> veh=36 dist=7701.97 cpu=50.4028s valid=1
[35/1200] CLASSIC C1_4_3 run1 -> veh=36 dist=7571.51 cpu=55.6792s valid=1
[36/1200] CLASSIC C1_4_3 run3 -> veh=36 dist=7682.79 cpu=53.4048s valid=1
[37/1200] QLEARNING C1_4_2 run3 -> veh=37 dist=7513.01 cpu=56.7126s valid=1
[38/1200] CLASSIC C1_4_3 run6 -> veh=36 dist=7623.2 cpu=53.5121s valid=1
[39/1200] CLASSIC C1_4_3 run8 -> veh=36 dist=7621.04 cpu=53.4493s valid=1
[40/1200] CLASSIC C1_4_3 run5 -> veh=36 dist=7744.18 cpu=53.9986s valid=1
[41/1200] QLEARNING C1_4_2 run4 -> veh=37 dist=7992.89 cpu=57.9928s valid=1
[42/1200] QLEARNING C1_4_2 run5 -> veh=37 dist=7593.21 cpu=58.516s valid=1
[43/1200] CLASSIC C1_4_3 run4 -> veh=36 dist=7952.71 cpu=55.1038s valid=1
[44/1200] QLEARNING C1_4_2 run10 -> veh=37 dist=7548.79 cpu=58.4798s valid=1
[45/1200] QLEARNING C1_4_2 run6 -> veh=37 dist=7523.66 cpu=58.8524s valid=1
[46/1200] QLEARNING C1_4_2 run9 -> veh=37 dist=7540.53 cpu=58.9085s valid=1
[47/1200] QLEARNING C1_4_2 run8 -> veh=38 dist=7234.52 cpu=59.298s valid=1
[48/1200] QLEARNING C1_4_2 run7 -> veh=37 dist=7577.25 cpu=59.517s valid=1
[49/1200] CLASSIC C1_4_3 run10 -> veh=36 dist=7548.97 cpu=55.349s valid=1
[50/1200] CLASSIC C1_4_3 run7 -> veh=36 dist=7552.97 cpu=57.1544s valid=1
[51/1200] QLEARNING C1_4_3 run8 -> veh=36 dist=7532.16 cpu=46.5912s valid=1
[52/1200] QLEARNING C1_4_3 run1 -> veh=36 dist=7461.24 cpu=57.2336s valid=1
[53/1200] QLEARNING C1_4_3 run10 -> veh=36 dist=7449.78 cpu=47.7111s valid=1
[54/1200] QLEARNING C1_4_3 run2 -> veh=36 dist=7340.68 cpu=59.1379s valid=1
[55/1200] QLEARNING C1_4_3 run3 -> veh=36 dist=7405.8 cpu=51.7237s valid=1
[56/1200] QLEARNING C1_4_3 run9 -> veh=36 dist=7484.42 cpu=49.9958s valid=1
[57/1200] QLEARNING C1_4_3 run7 -> veh=36 dist=7430.69 cpu=51.5054s valid=1
[58/1200] QLEARNING C1_4_3 run4 -> veh=36 dist=7481.93 cpu=55.1051s valid=1
[59/1200] QLEARNING C1_4_3 run5 -> veh=36 dist=7440.31 cpu=56.065s valid=1
[60/1200] CLASSIC C1_4_4 run2 -> veh=36 dist=7643.25 cpu=58.1034s valid=1
[61/1200] QLEARNING C1_4_3 run6 -> veh=36 dist=7415.59 cpu=60.0471s valid=1
[62/1200] CLASSIC C1_4_4 run1 -> veh=36 dist=7624.63 cpu=62.4692s valid=1
[63/1200] CLASSIC C1_4_4 run3 -> veh=36 dist=7425.79 cpu=61.2897s valid=1
[64/1200] CLASSIC C1_4_4 run4 -> veh=36 dist=7425.82 cpu=63.3825s valid=1
[65/1200] CLASSIC C1_4_5 run1 -> veh=40 dist=7152.06 cpu=34.0764s valid=1
[66/1200] CLASSIC C1_4_5 run2 -> veh=40 dist=7152.06 cpu=33.8223s valid=1
[67/1200] CLASSIC C1_4_5 run3 -> veh=40 dist=7152.06 cpu=33.6484s valid=1
[68/1200] CLASSIC C1_4_5 run4 -> veh=40 dist=7152.06 cpu=34.1744s valid=1
[69/1200] CLASSIC C1_4_5 run5 -> veh=40 dist=7152.06 cpu=34.3239s valid=1
[70/1200] CLASSIC C1_4_5 run6 -> veh=40 dist=7152.06 cpu=34.5779s valid=1
[71/1200] CLASSIC C1_4_5 run7 -> veh=40 dist=7152.06 cpu=34.0808s valid=1
[72/1200] CLASSIC C1_4_5 run8 -> veh=40 dist=7152.06 cpu=34.0996s valid=1
[73/1200] CLASSIC C1_4_5 run9 -> veh=40 dist=7152.06 cpu=34.0335s valid=1
[74/1200] CLASSIC C1_4_5 run10 -> veh=40 dist=7152.06 cpu=34.5849s valid=1
[75/1200] QLEARNING C1_4_4 run4 -> veh=36 dist=7189.62 cpu=50.3121s valid=1
[76/1200] QLEARNING C1_4_4 run8 -> veh=36 dist=7153.01 cpu=49.7465s valid=1
[77/1200] QLEARNING C1_4_4 run6 -> veh=36 dist=7211.74 cpu=50.8999s valid=1
[78/1200] QLEARNING C1_4_5 run1 -> veh=40 dist=7152.06 cpu=39.2944s valid=1
[79/1200] QLEARNING C1_4_4 run7 -> veh=36 dist=7196.19 cpu=51.0525s valid=1
[80/1200] QLEARNING C1_4_4 run3 -> veh=36 dist=7230.21 cpu=52.0841s valid=1
[81/1200] QLEARNING C1_4_5 run2 -> veh=40 dist=7152.06 cpu=38.4386s valid=1
[82/1200] QLEARNING C1_4_4 run1 -> veh=36 dist=7149.37 cpu=55.3482s valid=1
[83/1200] CLASSIC C1_4_4 run7 -> veh=36 dist=7618.36 cpu=57.1804s valid=1
[84/1200] QLEARNING C1_4_5 run3 -> veh=40 dist=7152.06 cpu=38.8651s valid=1
[85/1200] CLASSIC C1_4_4 run5 -> veh=36 dist=7458.39 cpu=59.4824s valid=1
[86/1200] QLEARNING C1_4_4 run9 -> veh=36 dist=7177.79 cpu=54.3104s valid=1
[87/1200] CLASSIC C1_4_4 run9 -> veh=36 dist=7609.99 cpu=59.0334s valid=1
[88/1200] QLEARNING C1_4_4 run5 -> veh=36 dist=7142.57 cpu=57.0435s valid=1
[89/1200] CLASSIC C1_4_4 run8 -> veh=36 dist=7721.66 cpu=59.4106s valid=1
[90/1200] CLASSIC C1_4_4 run6 -> veh=36 dist=7459.85 cpu=61.5664s valid=1
[91/1200] QLEARNING C1_4_5 run4 -> veh=40 dist=7152.06 cpu=38.2331s valid=1
[92/1200] QLEARNING C1_4_4 run10 -> veh=36 dist=7034.77 cpu=58.1546s valid=1
[93/1200] CLASSIC C1_4_4 run10 -> veh=36 dist=7661.84 cpu=61.6124s valid=1
[94/1200] QLEARNING C1_4_5 run5 -> veh=40 dist=7152.06 cpu=39.4505s valid=1
[95/1200] QLEARNING C1_4_4 run2 -> veh=36 dist=7106.75 cpu=68.0045s valid=1
[96/1200] QLEARNING C1_4_5 run6 -> veh=40 dist=7152.06 cpu=39.4999s valid=1
[97/1200] CLASSIC C1_4_6 run1 -> veh=40 dist=7153.45 cpu=36.0306s valid=1
[98/1200] QLEARNING C1_4_5 run7 -> veh=40 dist=7152.06 cpu=39.7105s valid=1
[99/1200] CLASSIC C1_4_6 run2 -> veh=40 dist=7153.45 cpu=35.8973s valid=1
[100/1200] QLEARNING C1_4_5 run8 -> veh=40 dist=7152.06 cpu=39.4614s valid=1
[101/1200] QLEARNING C1_4_5 run9 -> veh=40 dist=7152.06 cpu=39.4475s valid=1
[102/1200] CLASSIC C1_4_6 run3 -> veh=40 dist=7153.45 cpu=35.7959s valid=1
[103/1200] CLASSIC C1_4_6 run4 -> veh=40 dist=7153.45 cpu=35.8714s valid=1
[104/1200] QLEARNING C1_4_5 run10 -> veh=40 dist=7152.06 cpu=39.9879s valid=1
[105/1200] CLASSIC C1_4_6 run5 -> veh=40 dist=7153.45 cpu=35.7771s valid=1
[106/1200] CLASSIC C1_4_6 run6 -> veh=40 dist=7153.45 cpu=36.0012s valid=1
[107/1200] CLASSIC C1_4_6 run8 -> veh=40 dist=7153.45 cpu=35.127s valid=1
[108/1200] CLASSIC C1_4_6 run7 -> veh=40 dist=7153.69 cpu=35.7673s valid=1
[109/1200] CLASSIC C1_4_6 run9 -> veh=40 dist=7153.45 cpu=35.913s valid=1
[110/1200] CLASSIC C1_4_6 run10 -> veh=40 dist=7153.45 cpu=36.2442s valid=1
[111/1200] CLASSIC C1_4_7 run3 -> veh=40 dist=7374.07 cpu=32.7252s valid=1
[112/1200] CLASSIC C1_4_7 run2 -> veh=40 dist=7149.55 cpu=34.1861s valid=1
[113/1200] CLASSIC C1_4_7 run1 -> veh=40 dist=7225.29 cpu=34.4037s valid=1
[114/1200] CLASSIC C1_4_7 run5 -> veh=40 dist=7339.21 cpu=33.0966s valid=1
[115/1200] QLEARNING C1_4_6 run1 -> veh=40 dist=7153.45 cpu=42.3228s valid=1
[116/1200] CLASSIC C1_4_7 run4 -> veh=40 dist=7165.51 cpu=34.393s valid=1
[117/1200] QLEARNING C1_4_6 run2 -> veh=40 dist=7153.45 cpu=42.851s valid=1
[118/1200] QLEARNING C1_4_6 run3 -> veh=40 dist=7153.45 cpu=41.2207s valid=1
[119/1200] QLEARNING C1_4_6 run5 -> veh=40 dist=7153.45 cpu=40.7028s valid=1
[120/1200] QLEARNING C1_4_6 run7 -> veh=40 dist=7153.45 cpu=41.0908s valid=1
[121/1200] QLEARNING C1_4_6 run4 -> veh=40 dist=7153.45 cpu=41.9086s valid=1
[122/1200] QLEARNING C1_4_6 run6 -> veh=40 dist=7153.45 cpu=41.4746s valid=1
[123/1200] QLEARNING C1_4_6 run8 -> veh=40 dist=7153.45 cpu=41.6715s valid=1
[124/1200] QLEARNING C1_4_6 run9 -> veh=40 dist=7153.45 cpu=42.021s valid=1
[125/1200] QLEARNING C1_4_6 run10 -> veh=40 dist=7153.45 cpu=42.6694s valid=1
[126/1200] CLASSIC C1_4_7 run6 -> veh=40 dist=7166.37 cpu=34.837s valid=1
[127/1200] CLASSIC C1_4_7 run7 -> veh=40 dist=7149.49 cpu=35.4602s valid=1
[128/1200] CLASSIC C1_4_7 run8 -> veh=40 dist=7149.55 cpu=35.312s valid=1
[129/1200] CLASSIC C1_4_7 run10 -> veh=40 dist=7342.39 cpu=33.108s valid=1
[130/1200] CLASSIC C1_4_7 run9 -> veh=40 dist=7163.63 cpu=34.5076s valid=1
[131/1200] QLEARNING C1_4_7 run1 -> veh=40 dist=7149.73 cpu=43.7726s valid=1
[132/1200] QLEARNING C1_4_7 run5 -> veh=40 dist=7149.73 cpu=42.6564s valid=1
[133/1200] QLEARNING C1_4_7 run3 -> veh=40 dist=7149.49 cpu=44.9605s valid=1
[134/1200] QLEARNING C1_4_7 run2 -> veh=40 dist=7151.09 cpu=45.2771s valid=1
[135/1200] QLEARNING C1_4_7 run4 -> veh=40 dist=7149.49 cpu=45.0429s valid=1
[136/1200] QLEARNING C1_4_7 run7 -> veh=40 dist=7149.49 cpu=44.2717s valid=1
[137/1200] QLEARNING C1_4_7 run6 -> veh=40 dist=7149.49 cpu=45.8305s valid=1
[138/1200] CLASSIC C1_4_8 run2 -> veh=39 dist=7314.23 cpu=35.9941s valid=1
[139/1200] CLASSIC C1_4_8 run1 -> veh=39 dist=7382.1 cpu=38.3375s valid=1
[140/1200] CLASSIC C1_4_8 run3 -> veh=39 dist=7391.84 cpu=36.2696s valid=1
[141/1200] QLEARNING C1_4_7 run8 -> veh=40 dist=7149.73 cpu=45.7911s valid=1
[142/1200] CLASSIC C1_4_8 run7 -> veh=39 dist=7463.06 cpu=34.2132s valid=1
[143/1200] CLASSIC C1_4_8 run8 -> veh=39 dist=7538.11 cpu=34.2395s valid=1
[144/1200] CLASSIC C1_4_8 run5 -> veh=39 dist=7240.38 cpu=37.4161s valid=1
[145/1200] CLASSIC C1_4_8 run4 -> veh=39 dist=7175.9 cpu=37.8636s valid=1
[146/1200] CLASSIC C1_4_8 run9 -> veh=39 dist=7376.02 cpu=36.0806s valid=1
[147/1200] QLEARNING C1_4_7 run9 -> veh=40 dist=7149.43 cpu=45.3975s valid=1
[148/1200] QLEARNING C1_4_7 run10 -> veh=40 dist=7149.79 cpu=45.2359s valid=1
[149/1200] CLASSIC C1_4_8 run10 -> veh=39 dist=7284.14 cpu=36.734s valid=1
[150/1200] CLASSIC C1_4_8 run6 -> veh=39 dist=7146.46 cpu=38.8791s valid=1
[151/1200] CLASSIC C1_4_9 run2 -> veh=38 dist=8209.58 cpu=30.492s valid=1
[152/1200] QLEARNING C1_4_8 run5 -> veh=39 dist=7157.5 cpu=44.1955s valid=1
[153/1200] CLASSIC C1_4_9 run5 -> veh=38 dist=8407.56 cpu=21.3061s valid=1
[154/1200] CLASSIC C1_4_9 run1 -> veh=37 dist=8082.37 cpu=34.6098s valid=1
[155/1200] QLEARNING C1_4_8 run1 -> veh=39 dist=7179.77 cpu=48.1466s valid=1
[156/1200] QLEARNING C1_4_8 run2 -> veh=38 dist=7330.16 cpu=47.6922s valid=1
[157/1200] CLASSIC C1_4_9 run9 -> veh=37 dist=8123.21 cpu=20.9171s valid=1
[158/1200] QLEARNING C1_4_8 run3 -> veh=39 dist=7142.12 cpu=48.209s valid=1
[159/1200] QLEARNING C1_4_8 run7 -> veh=39 dist=7230.12 cpu=45.2461s valid=1
[160/1200] QLEARNING C1_4_8 run4 -> veh=39 dist=7197.42 cpu=49.8332s valid=1
[161/1200] QLEARNING C1_4_8 run6 -> veh=39 dist=7193.06 cpu=48.8795s valid=1
[162/1200] QLEARNING C1_4_8 run8 -> veh=39 dist=7175.84 cpu=49.6319s valid=1
[163/1200] CLASSIC C1_4_9 run3 -> veh=37 dist=8015.45 cpu=31.3437s valid=1
[164/1200] CLASSIC C1_4_9 run7 -> veh=37 dist=7474.81 cpu=29.9006s valid=1
[165/1200] QLEARNING C1_4_8 run9 -> veh=39 dist=7194.61 cpu=49.4475s valid=1
[166/1200] CLASSIC C1_4_9 run4 -> veh=37 dist=7607.87 cpu=32.7964s valid=1
[167/1200] QLEARNING C1_4_8 run10 -> veh=39 dist=7140.32 cpu=50.3747s valid=1
[168/1200] CLASSIC C1_4_9 run8 -> veh=38 dist=7619.36 cpu=34.3652s valid=1
[169/1200] CLASSIC C1_4_9 run6 -> veh=37 dist=7656.36 cpu=36.471s valid=1
[170/1200] CLASSIC C1_4_9 run10 -> veh=37 dist=7688.09 cpu=34.3138s valid=1
[171/1200] CLASSIC C1_4_10 run5 -> veh=37 dist=8285.62 cpu=24.0577s valid=1
[172/1200] QLEARNING C1_4_9 run4 -> veh=37 dist=7365.97 cpu=38.9627s valid=1
[173/1200] QLEARNING C1_4_9 run1 -> veh=37 dist=7473.09 cpu=44.7968s valid=1
[174/1200] CLASSIC C1_4_10 run2 -> veh=37 dist=7378.95 cpu=38.7908s valid=1
[175/1200] QLEARNING C1_4_9 run3 -> veh=37 dist=7410.69 cpu=43.8724s valid=1
[176/1200] QLEARNING C1_4_9 run5 -> veh=37 dist=7381.9 cpu=43.8077s valid=1
[177/1200] QLEARNING C1_4_9 run2 -> veh=37 dist=7251.85 cpu=45.156s valid=1
[178/1200] CLASSIC C1_4_10 run1 -> veh=37 dist=7345.3 cpu=42.5859s valid=1
[179/1200] QLEARNING C1_4_9 run7 -> veh=37 dist=7431.25 cpu=46.0838s valid=1
[180/1200] QLEARNING C1_4_9 run10 -> veh=37 dist=7530.89 cpu=44.5463s valid=1
[181/1200] QLEARNING C1_4_9 run6 -> veh=37 dist=7378.94 cpu=46.8701s valid=1
[182/1200] QLEARNING C1_4_9 run8 -> veh=37 dist=7730.87 cpu=46.1248s valid=1
[183/1200] QLEARNING C1_4_9 run9 -> veh=37 dist=7426.78 cpu=48.2588s valid=1
[184/1200] CLASSIC C1_4_10 run3 -> veh=37 dist=7653.11 cpu=42.0578s valid=1
[185/1200] CLASSIC C1_4_10 run6 -> veh=37 dist=7574.18 cpu=39.6375s valid=1
[186/1200] CLASSIC C1_4_10 run8 -> veh=37 dist=7736.92 cpu=45.9122s valid=1
[187/1200] CLASSIC C1_4_10 run9 -> veh=37 dist=7323.84 cpu=48.1484s valid=1
[188/1200] CLASSIC C1_4_10 run4 -> veh=37 dist=7324.04 cpu=53.5975s valid=1
[189/1200] CLASSIC C1_4_10 run10 -> veh=37 dist=7478.32 cpu=50.7267s valid=1
[190/1200] CLASSIC C1_4_10 run7 -> veh=37 dist=7440.12 cpu=51.989s valid=1
[191/1200] QLEARNING C1_4_10 run8 -> veh=37 dist=7099.24 cpu=48.6879s valid=1
[192/1200] QLEARNING C1_4_10 run3 -> veh=37 dist=7133.52 cpu=54.3978s valid=1
[193/1200] CLASSIC C2_4_1 run2 -> veh=13 dist=4360.18 cpu=44.9088s valid=1
[194/1200] QLEARNING C1_4_10 run2 -> veh=37 dist=7055.07 cpu=57.8874s valid=1
[195/1200] CLASSIC C2_4_1 run1 -> veh=12 dist=4124.66 cpu=47.5451s valid=1
[196/1200] QLEARNING C1_4_10 run1 -> veh=37 dist=7033.88 cpu=62.615s valid=1
[197/1200] QLEARNING C1_4_10 run5 -> veh=37 dist=7014.67 cpu=58.7094s valid=1
[198/1200] QLEARNING C1_4_10 run4 -> veh=37 dist=7044.28 cpu=59.7359s valid=1
[199/1200] QLEARNING C1_4_10 run6 -> veh=37 dist=7104.96 cpu=58.8473s valid=1
[200/1200] CLASSIC C2_4_1 run3 -> veh=12 dist=4122.26 cpu=46.0823s valid=1
[201/1200] QLEARNING C1_4_10 run7 -> veh=37 dist=7105.75 cpu=60.3406s valid=1
[202/1200] QLEARNING C1_4_10 run9 -> veh=37 dist=7081.66 cpu=58.1605s valid=1
[203/1200] CLASSIC C2_4_1 run4 -> veh=12 dist=4122.34 cpu=46.9172s valid=1
[204/1200] QLEARNING C1_4_10 run10 -> veh=37 dist=7018.4 cpu=58.679s valid=1
[205/1200] CLASSIC C2_4_1 run7 -> veh=13 dist=4301.59 cpu=44.7491s valid=1
[206/1200] CLASSIC C2_4_1 run5 -> veh=12 dist=4128.62 cpu=46.2222s valid=1
[207/1200] CLASSIC C2_4_1 run6 -> veh=13 dist=4281.37 cpu=45.2058s valid=1
[208/1200] CLASSIC C2_4_1 run9 -> veh=13 dist=4293.02 cpu=44.4765s valid=1
[209/1200] CLASSIC C2_4_1 run8 -> veh=13 dist=4319.08 cpu=44.7635s valid=1
[210/1200] CLASSIC C2_4_1 run10 -> veh=12 dist=4119.06 cpu=47.0711s valid=1
[211/1200] QLEARNING C2_4_1 run1 -> veh=12 dist=4119.53 cpu=49.4635s valid=1
[212/1200] QLEARNING C2_4_1 run3 -> veh=12 dist=4122.26 cpu=49.3619s valid=1
[213/1200] QLEARNING C2_4_1 run2 -> veh=12 dist=4119.53 cpu=49.8357s valid=1
[214/1200] QLEARNING C2_4_1 run4 -> veh=12 dist=4116.33 cpu=49.4388s valid=1
[215/1200] QLEARNING C2_4_1 run5 -> veh=12 dist=4116.33 cpu=49.3658s valid=1
[216/1200] QLEARNING C2_4_1 run6 -> veh=12 dist=4119.53 cpu=49.5004s valid=1
[217/1200] QLEARNING C2_4_1 run7 -> veh=12 dist=4119.53 cpu=50.2749s valid=1
[218/1200] QLEARNING C2_4_1 run8 -> veh=12 dist=4119.53 cpu=49.3652s valid=1
[219/1200] QLEARNING C2_4_1 run9 -> veh=12 dist=4122.15 cpu=49.9439s valid=1
[220/1200] QLEARNING C2_4_1 run10 -> veh=12 dist=4119.53 cpu=49.9853s valid=1
[221/1200] CLASSIC C2_4_2 run2 -> veh=12 dist=4046.84 cpu=99.9085s valid=1
[222/1200] CLASSIC C2_4_2 run1 -> veh=12 dist=4043.56 cpu=101.417s valid=1
[223/1200] CLASSIC C2_4_2 run4 -> veh=12 dist=4020.17 cpu=101.056s valid=1
[224/1200] CLASSIC C2_4_2 run5 -> veh=12 dist=4043.17 cpu=101.258s valid=1
[225/1200] CLASSIC C2_4_2 run3 -> veh=12 dist=4044.98 cpu=102.572s valid=1
[226/1200] CLASSIC C2_4_2 run6 -> veh=12 dist=4028.4 cpu=102.247s valid=1
[227/1200] CLASSIC C2_4_2 run7 -> veh=12 dist=4062.63 cpu=102.271s valid=1
[228/1200] CLASSIC C2_4_2 run8 -> veh=12 dist=4037.48 cpu=101.858s valid=1
[229/1200] CLASSIC C2_4_2 run9 -> veh=12 dist=3995.43 cpu=101.675s valid=1
[230/1200] CLASSIC C2_4_2 run10 -> veh=12 dist=4068.98 cpu=102.953s valid=1
[231/1200] QLEARNING C2_4_2 run1 -> veh=12 dist=3978.9 cpu=112.04s valid=1
[232/1200] QLEARNING C2_4_2 run5 -> veh=12 dist=3974.47 cpu=110.041s valid=1
[233/1200] QLEARNING C2_4_2 run4 -> veh=12 dist=3983.74 cpu=111.284s valid=1
[234/1200] QLEARNING C2_4_2 run2 -> veh=12 dist=3976.9 cpu=112.237s valid=1
[235/1200] QLEARNING C2_4_2 run3 -> veh=12 dist=3961.43 cpu=113.338s valid=1
[236/1200] QLEARNING C2_4_2 run6 -> veh=12 dist=3990.15 cpu=112.014s valid=1
[237/1200] QLEARNING C2_4_2 run7 -> veh=12 dist=3975.46 cpu=111.955s valid=1
[238/1200] QLEARNING C2_4_2 run8 -> veh=12 dist=3969.8 cpu=112.118s valid=1
[239/1200] QLEARNING C2_4_2 run10 -> veh=12 dist=3956.39 cpu=112.088s valid=1
[240/1200] QLEARNING C2_4_2 run9 -> veh=12 dist=3975.5 cpu=112.703s valid=1
[241/1200] CLASSIC C2_4_3 run1 -> veh=12 dist=3942.44 cpu=145.155s valid=1
[242/1200] CLASSIC C2_4_3 run2 -> veh=12 dist=3950.54 cpu=146.457s valid=1
[243/1200] CLASSIC C2_4_3 run4 -> veh=12 dist=3934.65 cpu=147.999s valid=1
[244/1200] CLASSIC C2_4_3 run3 -> veh=12 dist=3867.43 cpu=150.882s valid=1
[245/1200] CLASSIC C2_4_3 run7 -> veh=12 dist=3900.54 cpu=148.123s valid=1
[246/1200] CLASSIC C2_4_3 run5 -> veh=12 dist=3907.66 cpu=151.231s valid=1
[247/1200] CLASSIC C2_4_3 run6 -> veh=12 dist=3904.17 cpu=151.326s valid=1
[248/1200] CLASSIC C2_4_3 run8 -> veh=12 dist=3943.09 cpu=147.512s valid=1
[249/1200] CLASSIC C2_4_3 run9 -> veh=12 dist=3950.46 cpu=148.414s valid=1
[250/1200] CLASSIC C2_4_3 run10 -> veh=12 dist=3918.8 cpu=146.633s valid=1
[251/1200] QLEARNING C2_4_3 run1 -> veh=12 dist=3843.67 cpu=154.462s valid=1
[252/1200] QLEARNING C2_4_3 run2 -> veh=12 dist=3849.01 cpu=154.57s valid=1
[253/1200] CLASSIC C2_4_5 run1 -> veh=12 dist=4129.36 cpu=60.8223s valid=1
[254/1200] CLASSIC C2_4_5 run2 -> veh=13 dist=4253.61 cpu=60.8083s valid=1
[255/1200] QLEARNING C2_4_3 run3 -> veh=12 dist=3835.04 cpu=154.508s valid=1
[256/1200] QLEARNING C2_4_3 run4 -> veh=12 dist=3788.07 cpu=158.421s valid=1
[257/1200] CLASSIC C2_4_5 run3 -> veh=13 dist=4340.31 cpu=60.3082s valid=1
[258/1200] QLEARNING C2_4_3 run5 -> veh=12 dist=3874.83 cpu=154.704s valid=1
[259/1200] QLEARNING C2_4_3 run7 -> veh=12 dist=3842.37 cpu=153.919s valid=1
[260/1200] CLASSIC C2_4_5 run4 -> veh=13 dist=4296.43 cpu=59.7335s valid=1
[261/1200] QLEARNING C2_4_3 run6 -> veh=12 dist=3840.06 cpu=158.178s valid=1
[262/1200] QLEARNING C2_4_3 run8 -> veh=12 dist=3851.7 cpu=156.43s valid=1
[263/1200] QLEARNING C2_4_3 run9 -> veh=12 dist=3831.99 cpu=157.404s valid=1
[264/1200] QLEARNING C2_4_3 run10 -> veh=12 dist=3826.51 cpu=156.222s valid=1
[265/1200] CLASSIC C2_4_4 run1 -> veh=12 dist=3846.28 cpu=185.43s valid=1
[266/1200] CLASSIC C2_4_4 run2 -> veh=12 dist=3682.19 cpu=189.047s valid=1
[267/1200] CLASSIC C2_4_5 run5 -> veh=13 dist=4328.66 cpu=60.4942s valid=1
[268/1200] QLEARNING C2_4_4 run2 -> veh=12 dist=3655.62 cpu=175.538s valid=1
[269/1200] QLEARNING C2_4_4 run1 -> veh=12 dist=3700.26 cpu=178.47s valid=1
[270/1200] CLASSIC C2_4_5 run6 -> veh=13 dist=4316.45 cpu=60.4517s valid=1
[271/1200] CLASSIC C2_4_5 run7 -> veh=13 dist=4372.54 cpu=59.082s valid=1
[272/1200] CLASSIC C2_4_4 run5 -> veh=12 dist=3687.6 cpu=188.752s valid=1
[273/1200] CLASSIC C2_4_4 run4 -> veh=12 dist=3624.77 cpu=189.49s valid=1
[274/1200] CLASSIC C2_4_4 run6 -> veh=12 dist=3734.34 cpu=189.144s valid=1
[275/1200] CLASSIC C2_4_4 run9 -> veh=12 dist=3784.95 cpu=185.976s valid=1
[276/1200] CLASSIC C2_4_4 run3 -> veh=12 dist=3927.49 cpu=191.79s valid=1
[277/1200] CLASSIC C2_4_4 run10 -> veh=12 dist=3720.68 cpu=186.244s valid=1
[278/1200] CLASSIC C2_4_4 run8 -> veh=12 dist=3782.19 cpu=188.762s valid=1
[279/1200] CLASSIC C2_4_4 run7 -> veh=12 dist=3714.49 cpu=190.24s valid=1
[280/1200] CLASSIC C2_4_5 run8 -> veh=13 dist=4291.19 cpu=61.3942s valid=1
[281/1200] CLASSIC C2_4_5 run9 -> veh=13 dist=4208.94 cpu=60.1976s valid=1
[282/1200] CLASSIC C2_4_5 run10 -> veh=13 dist=4339.72 cpu=60.2527s valid=1
[283/1200] QLEARNING C2_4_5 run1 -> veh=13 dist=4127.64 cpu=63.1227s valid=1
[284/1200] QLEARNING C2_4_5 run2 -> veh=13 dist=4183.22 cpu=63.6115s valid=1
[285/1200] QLEARNING C2_4_5 run4 -> veh=13 dist=4106.53 cpu=62.6041s valid=1
[286/1200] QLEARNING C2_4_5 run3 -> veh=13 dist=4153.15 cpu=63.8854s valid=1
[287/1200] QLEARNING C2_4_5 run5 -> veh=13 dist=4140.89 cpu=63.458s valid=1
[288/1200] QLEARNING C2_4_5 run6 -> veh=13 dist=4144.22 cpu=64.5403s valid=1
[289/1200] QLEARNING C2_4_4 run3 -> veh=12 dist=3656.4 cpu=172.344s valid=1
[290/1200] QLEARNING C2_4_4 run4 -> veh=12 dist=3666.82 cpu=171.336s valid=1
[291/1200] QLEARNING C2_4_4 run5 -> veh=12 dist=3647.12 cpu=172.202s valid=1
[292/1200] QLEARNING C2_4_4 run8 -> veh=12 dist=3700.93 cpu=171.892s valid=1
[293/1200] QLEARNING C2_4_4 run7 -> veh=12 dist=3671.57 cpu=172.733s valid=1
[294/1200] QLEARNING C2_4_4 run10 -> veh=12 dist=3667.79 cpu=171.745s valid=1
[295/1200] QLEARNING C2_4_4 run9 -> veh=12 dist=3708.76 cpu=174.463s valid=1
[296/1200] QLEARNING C2_4_4 run6 -> veh=12 dist=3637.67 cpu=176.814s valid=1
[297/1200] QLEARNING C2_4_5 run7 -> veh=12 dist=4113.68 cpu=61.8059s valid=1
[298/1200] QLEARNING C2_4_5 run8 -> veh=12 dist=4097.12 cpu=62.6036s valid=1
[299/1200] QLEARNING C2_4_5 run9 -> veh=13 dist=4138.86 cpu=62.6622s valid=1
[300/1200] QLEARNING C2_4_5 run10 -> veh=12 dist=4085.72 cpu=61.8349s valid=1
[301/1200] CLASSIC C2_4_6 run1 -> veh=12 dist=3963.53 cpu=79.0003s valid=1
[302/1200] CLASSIC C2_4_6 run2 -> veh=12 dist=4113.32 cpu=82.8418s valid=1
[303/1200] CLASSIC C2_4_6 run3 -> veh=12 dist=4140.7 cpu=84.962s valid=1
[304/1200] CLASSIC C2_4_6 run5 -> veh=12 dist=4046.06 cpu=80.9884s valid=1
[305/1200] CLASSIC C2_4_6 run6 -> veh=12 dist=4115.74 cpu=81.2591s valid=1
[306/1200] CLASSIC C2_4_6 run8 -> veh=12 dist=3992.9 cpu=80.7381s valid=1
[307/1200] QLEARNING C2_4_6 run1 -> veh=12 dist=4153.09 cpu=78.9548s valid=1
[308/1200] CLASSIC C2_4_6 run4 -> veh=12 dist=3992.67 cpu=82.5005s valid=1
[309/1200] QLEARNING C2_4_6 run2 -> veh=12 dist=4042.43 cpu=79.3399s valid=1
[310/1200] CLASSIC C2_4_6 run7 -> veh=13 dist=4242.2 cpu=82.6689s valid=1
[311/1200] QLEARNING C2_4_6 run3 -> veh=12 dist=4036.5 cpu=79.9159s valid=1
[312/1200] CLASSIC C2_4_6 run10 -> veh=12 dist=4009.82 cpu=82.1055s valid=1
[313/1200] CLASSIC C2_4_6 run9 -> veh=13 dist=4244.54 cpu=83.9369s valid=1
[314/1200] QLEARNING C2_4_6 run4 -> veh=12 dist=3985.9 cpu=80.7757s valid=1
[315/1200] QLEARNING C2_4_6 run7 -> veh=12 dist=4067.13 cpu=76.4471s valid=1
[316/1200] QLEARNING C2_4_6 run5 -> veh=12 dist=4000.97 cpu=79.5896s valid=1
[317/1200] QLEARNING C2_4_6 run6 -> veh=12 dist=4049.13 cpu=79.6531s valid=1
[318/1200] QLEARNING C2_4_6 run9 -> veh=12 dist=4089.59 cpu=79.0762s valid=1
[319/1200] QLEARNING C2_4_6 run8 -> veh=12 dist=4011 cpu=83.9123s valid=1
[320/1200] QLEARNING C2_4_6 run10 -> veh=12 dist=3961.68 cpu=80.9057s valid=1
[321/1200] CLASSIC C2_4_7 run1 -> veh=13 dist=4156.65 cpu=90.6077s valid=1
[322/1200] CLASSIC C2_4_7 run2 -> veh=12 dist=3954.49 cpu=91.0418s valid=1
[323/1200] CLASSIC C2_4_7 run3 -> veh=13 dist=4163.76 cpu=92.3901s valid=1
[324/1200] CLASSIC C2_4_7 run7 -> veh=12 dist=4255.98 cpu=86.9447s valid=1
[325/1200] CLASSIC C2_4_7 run4 -> veh=12 dist=4103.11 cpu=89.9742s valid=1
[326/1200] CLASSIC C2_4_7 run5 -> veh=13 dist=4216.83 cpu=90.3078s valid=1
[327/1200] CLASSIC C2_4_7 run9 -> veh=12 dist=4282.69 cpu=81.6764s valid=1
[328/1200] CLASSIC C2_4_7 run6 -> veh=13 dist=4221.87 cpu=90.7113s valid=1
[329/1200] CLASSIC C2_4_7 run8 -> veh=12 dist=4107.3 cpu=91.7156s valid=1
[330/1200] QLEARNING C2_4_7 run1 -> veh=12 dist=4030.05 cpu=86.3331s valid=1
[331/1200] CLASSIC C2_4_7 run10 -> veh=12 dist=3988.94 cpu=89.1181s valid=1
[332/1200] QLEARNING C2_4_7 run2 -> veh=12 dist=4013.66 cpu=90.0919s valid=1
[333/1200] QLEARNING C2_4_7 run3 -> veh=12 dist=4060.31 cpu=85.6343s valid=1
[334/1200] QLEARNING C2_4_7 run4 -> veh=12 dist=4044.78 cpu=86.9464s valid=1
[335/1200] QLEARNING C2_4_7 run8 -> veh=12 dist=4121.46 cpu=86.1417s valid=1
[336/1200] QLEARNING C2_4_7 run9 -> veh=12 dist=4007.39 cpu=86.4765s valid=1
[337/1200] QLEARNING C2_4_7 run6 -> veh=12 dist=4137.53 cpu=88.5802s valid=1
[338/1200] QLEARNING C2_4_7 run5 -> veh=12 dist=4098.23 cpu=88.9909s valid=1
[339/1200] CLASSIC C2_4_8 run6 -> veh=12 dist=3947.35 cpu=84.9475s valid=1
[340/1200] QLEARNING C2_4_7 run7 -> veh=12 dist=4115.7 cpu=89.2075s valid=1
[341/1200] QLEARNING C2_4_7 run10 -> veh=12 dist=3970.81 cpu=89.5065s valid=1
[342/1200] CLASSIC C2_4_8 run4 -> veh=12 dist=4093.03 cpu=90.7684s valid=1
[343/1200] CLASSIC C2_4_8 run1 -> veh=12 dist=3892.28 cpu=93.7269s valid=1
[344/1200] CLASSIC C2_4_8 run3 -> veh=12 dist=3966.51 cpu=92.5889s valid=1
[345/1200] CLASSIC C2_4_8 run5 -> veh=12 dist=4008.79 cpu=93.3701s valid=1
[346/1200] CLASSIC C2_4_8 run2 -> veh=12 dist=4033.8 cpu=96.5749s valid=1
[347/1200] CLASSIC C2_4_8 run8 -> veh=12 dist=3942.61 cpu=94.13s valid=1
[348/1200] CLASSIC C2_4_8 run7 -> veh=12 dist=4049.87 cpu=94.4184s valid=1
[349/1200] CLASSIC C2_4_8 run9 -> veh=12 dist=3930.87 cpu=95.7216s valid=1
[350/1200] QLEARNING C2_4_8 run2 -> veh=12 dist=3899.23 cpu=87.3649s valid=1
[351/1200] QLEARNING C2_4_8 run1 -> veh=12 dist=3921.11 cpu=88.7309s valid=1
[352/1200] CLASSIC C2_4_8 run10 -> veh=12 dist=3975.22 cpu=96.2424s valid=1
[353/1200] QLEARNING C2_4_8 run3 -> veh=12 dist=3892.73 cpu=84.6169s valid=1
[354/1200] QLEARNING C2_4_8 run4 -> veh=12 dist=4075.02 cpu=89.2617s valid=1
[355/1200] QLEARNING C2_4_8 run7 -> veh=12 dist=3918.81 cpu=86.5732s valid=1
[356/1200] QLEARNING C2_4_8 run10 -> veh=12 dist=3874.59 cpu=86.6242s valid=1
[357/1200] QLEARNING C2_4_8 run6 -> veh=12 dist=3947.69 cpu=90.1605s valid=1
[358/1200] QLEARNING C2_4_8 run8 -> veh=12 dist=3946.04 cpu=89.2944s valid=1
[359/1200] QLEARNING C2_4_8 run5 -> veh=12 dist=3932.76 cpu=91.0618s valid=1
[360/1200] QLEARNING C2_4_8 run9 -> veh=12 dist=3878.35 cpu=89.4452s valid=1
[361/1200] CLASSIC C2_4_9 run1 -> veh=12 dist=4326.09 cpu=109.897s valid=1
[362/1200] CLASSIC C2_4_9 run2 -> veh=12 dist=4055.03 cpu=108.571s valid=1
[363/1200] CLASSIC C2_4_9 run4 -> veh=12 dist=4158.27 cpu=106.73s valid=1
[364/1200] CLASSIC C2_4_9 run3 -> veh=13 dist=4030.49 cpu=112.704s valid=1
[365/1200] CLASSIC C2_4_9 run5 -> veh=13 dist=4005.69 cpu=112.636s valid=1
[366/1200] QLEARNING C2_4_9 run2 -> veh=12 dist=4168.16 cpu=100.991s valid=1
[367/1200] CLASSIC C2_4_9 run6 -> veh=13 dist=4117.74 cpu=109.528s valid=1
[368/1200] QLEARNING C2_4_9 run1 -> veh=12 dist=4207.65 cpu=102.938s valid=1
[369/1200] QLEARNING C2_4_9 run4 -> veh=12 dist=4054.69 cpu=102.946s valid=1
[370/1200] QLEARNING C2_4_9 run3 -> veh=12 dist=3996.78 cpu=106.721s valid=1
[371/1200] QLEARNING C2_4_9 run5 -> veh=13 dist=3990.07 cpu=102.647s valid=1
[372/1200] CLASSIC C2_4_9 run8 -> veh=13 dist=4222.55 cpu=111.129s valid=1
[373/1200] CLASSIC C2_4_9 run10 -> veh=13 dist=4003.28 cpu=109.729s valid=1
[374/1200] QLEARNING C2_4_9 run7 -> veh=12 dist=4027.38 cpu=101.732s valid=1
[375/1200] CLASSIC C2_4_9 run9 -> veh=13 dist=4141.31 cpu=111.471s valid=1
[376/1200] CLASSIC C2_4_9 run7 -> veh=13 dist=3911.23 cpu=114.162s valid=1
[377/1200] QLEARNING C2_4_9 run6 -> veh=12 dist=4006.69 cpu=106.371s valid=1
[378/1200] QLEARNING C2_4_9 run10 -> veh=12 dist=4095.71 cpu=102.623s valid=1
[379/1200] QLEARNING C2_4_9 run9 -> veh=13 dist=3954.3 cpu=103.559s valid=1
[380/1200] QLEARNING C2_4_9 run8 -> veh=12 dist=4003.35 cpu=107.215s valid=1
[381/1200] CLASSIC C2_4_10 run1 -> veh=12 dist=3938.68 cpu=117.337s valid=1
[382/1200] CLASSIC C2_4_10 run3 -> veh=12 dist=3916.34 cpu=118.022s valid=1
[383/1200] CLASSIC R1_4_1 run1 -> veh=40 dist=11351.4 cpu=27.0776s valid=1
[384/1200] CLASSIC C2_4_10 run2 -> veh=12 dist=3925.94 cpu=120.154s valid=1
[385/1200] CLASSIC R1_4_1 run2 -> veh=40 dist=11217.5 cpu=27.3173s valid=1
[386/1200] CLASSIC R1_4_1 run3 -> veh=40 dist=11294 cpu=27.0902s valid=1
[387/1200] CLASSIC R1_4_1 run4 -> veh=40 dist=11058.5 cpu=26.9225s valid=1
[388/1200] CLASSIC R1_4_1 run5 -> veh=40 dist=10854 cpu=26.8977s valid=1
[389/1200] CLASSIC C2_4_10 run4 -> veh=12 dist=3918.6 cpu=115.986s valid=1
[390/1200] CLASSIC R1_4_1 run7 -> veh=40 dist=11300.5 cpu=27.002s valid=1
[391/1200] CLASSIC R1_4_1 run6 -> veh=40 dist=10691.5 cpu=27.574s valid=1
[392/1200] CLASSIC R1_4_1 run8 -> veh=40 dist=11382 cpu=26.7294s valid=1
[393/1200] CLASSIC R1_4_1 run9 -> veh=40 dist=11161.7 cpu=26.8878s valid=1
[394/1200] CLASSIC C2_4_10 run5 -> veh=12 dist=3770.45 cpu=113.646s valid=1
[395/1200] CLASSIC R1_4_1 run10 -> veh=40 dist=11205.1 cpu=27.2119s valid=1
[396/1200] CLASSIC C2_4_10 run6 -> veh=12 dist=3743.33 cpu=109.551s valid=1
[397/1200] QLEARNING R1_4_1 run1 -> veh=40 dist=10957.3 cpu=32.8088s valid=1
[398/1200] QLEARNING R1_4_1 run2 -> veh=40 dist=11042.2 cpu=33.2674s valid=1
[399/1200] QLEARNING C2_4_10 run2 -> veh=12 dist=3844.33 cpu=106.493s valid=1
[400/1200] QLEARNING C2_4_10 run1 -> veh=12 dist=3827.95 cpu=107.283s valid=1
[401/1200] CLASSIC C2_4_10 run7 -> veh=12 dist=3820.08 cpu=112.152s valid=1
[402/1200] CLASSIC C2_4_10 run8 -> veh=12 dist=4058.05 cpu=110.565s valid=1
[403/1200] CLASSIC C2_4_10 run9 -> veh=12 dist=3950.27 cpu=112.147s valid=1
[404/1200] CLASSIC C2_4_10 run10 -> veh=12 dist=3802.07 cpu=115.939s valid=1
[405/1200] QLEARNING R1_4_1 run3 -> veh=40 dist=11003.4 cpu=33.0489s valid=1
[406/1200] QLEARNING R1_4_1 run4 -> veh=40 dist=11009.9 cpu=33.6269s valid=1
[407/1200] QLEARNING R1_4_1 run6 -> veh=40 dist=10950.3 cpu=33.0235s valid=1
[408/1200] QLEARNING R1_4_1 run5 -> veh=40 dist=10983 cpu=33.2999s valid=1
[409/1200] QLEARNING R1_4_1 run7 -> veh=40 dist=10995.5 cpu=33.3473s valid=1
[410/1200] QLEARNING R1_4_1 run10 -> veh=40 dist=11069.1 cpu=33.0825s valid=1
[411/1200] QLEARNING R1_4_1 run8 -> veh=40 dist=10958.4 cpu=33.5974s valid=1
[412/1200] QLEARNING R1_4_1 run9 -> veh=40 dist=10900.6 cpu=34.0786s valid=1
[413/1200] QLEARNING C2_4_10 run3 -> veh=12 dist=3887.81 cpu=105.369s valid=1
[414/1200] CLASSIC R1_4_2 run2 -> veh=36 dist=10780.9 cpu=39.4455s valid=1
[415/1200] CLASSIC R1_4_2 run3 -> veh=36 dist=10353.2 cpu=42.13s valid=1
[416/1200] CLASSIC R1_4_2 run1 -> veh=36 dist=10499.2 cpu=44.0806s valid=1
[417/1200] CLASSIC R1_4_2 run4 -> veh=36 dist=10723.1 cpu=43.5862s valid=1
[418/1200] CLASSIC R1_4_2 run5 -> veh=36 dist=10444.6 cpu=43.3313s valid=1
[419/1200] QLEARNING C2_4_10 run4 -> veh=12 dist=3842.77 cpu=106.875s valid=1
[420/1200] CLASSIC R1_4_2 run6 -> veh=36 dist=10524.4 cpu=44.0756s valid=1
[421/1200] CLASSIC R1_4_2 run7 -> veh=36 dist=10577.8 cpu=41.516s valid=1
[422/1200] QLEARNING C2_4_10 run5 -> veh=12 dist=3784.21 cpu=104.659s valid=1
[423/1200] QLEARNING C2_4_10 run6 -> veh=12 dist=3863.41 cpu=104.131s valid=1
[424/1200] CLASSIC R1_4_2 run8 -> veh=36 dist=10617.9 cpu=42.6283s valid=1
[425/1200] CLASSIC R1_4_2 run9 -> veh=36 dist=10471.7 cpu=42.0499s valid=1
[426/1200] CLASSIC R1_4_2 run10 -> veh=36 dist=10213.8 cpu=43.5468s valid=1
[427/1200] QLEARNING R1_4_2 run2 -> veh=36 dist=10415.8 cpu=49.3688s valid=1
[428/1200] QLEARNING R1_4_2 run3 -> veh=36 dist=10122.6 cpu=50.1444s valid=1
[429/1200] QLEARNING R1_4_2 run4 -> veh=36 dist=10311.6 cpu=50.1177s valid=1
[430/1200] QLEARNING R1_4_2 run1 -> veh=36 dist=10317.5 cpu=52.6491s valid=1
[431/1200] QLEARNING C2_4_10 run8 -> veh=12 dist=3837.93 cpu=104.361s valid=1
[432/1200] QLEARNING R1_4_2 run5 -> veh=36 dist=10557.2 cpu=49.4382s valid=1
[433/1200] QLEARNING C2_4_10 run7 -> veh=12 dist=3813.97 cpu=106.292s valid=1
[434/1200] QLEARNING R1_4_2 run6 -> veh=36 dist=10271 cpu=48.7994s valid=1
[435/1200] QLEARNING C2_4_10 run9 -> veh=12 dist=3804.18 cpu=107.665s valid=1
[436/1200] QLEARNING C2_4_10 run10 -> veh=12 dist=3832.44 cpu=107.669s valid=1
[437/1200] QLEARNING R1_4_2 run7 -> veh=36 dist=10267.4 cpu=49.115s valid=1
[438/1200] CLASSIC R1_4_3 run2 -> veh=36 dist=8783.16 cpu=47.9502s valid=1
[439/1200] CLASSIC R1_4_3 run3 -> veh=36 dist=8980.38 cpu=48.6246s valid=1
[440/1200] CLASSIC R1_4_3 run4 -> veh=36 dist=9063.86 cpu=47.8491s valid=1
[441/1200] QLEARNING R1_4_2 run8 -> veh=36 dist=10319.3 cpu=51.8819s valid=1
[442/1200] CLASSIC R1_4_3 run1 -> veh=36 dist=8768.6 cpu=50.2843s valid=1
[443/1200] QLEARNING R1_4_2 run9 -> veh=36 dist=10196.8 cpu=51.3881s valid=1
[444/1200] QLEARNING R1_4_2 run10 -> veh=36 dist=10397.5 cpu=53.3881s valid=1
[445/1200] CLASSIC R1_4_3 run6 -> veh=36 dist=8917.73 cpu=46.3787s valid=1
[446/1200] CLASSIC R1_4_3 run5 -> veh=36 dist=8945.57 cpu=48.451s valid=1
[447/1200] CLASSIC R1_4_3 run7 -> veh=36 dist=8760.66 cpu=48.066s valid=1
[448/1200] CLASSIC R1_4_3 run8 -> veh=36 dist=8850.23 cpu=48.3432s valid=1
[449/1200] CLASSIC R1_4_3 run9 -> veh=36 dist=8943.35 cpu=48.3185s valid=1
[450/1200] CLASSIC R1_4_3 run10 -> veh=36 dist=8939.56 cpu=47.6896s valid=1
[451/1200] QLEARNING R1_4_3 run1 -> veh=36 dist=8626.69 cpu=48.6169s valid=1
[452/1200] QLEARNING R1_4_3 run2 -> veh=36 dist=8643.47 cpu=53.3505s valid=1
[453/1200] QLEARNING R1_4_3 run7 -> veh=36 dist=8805.75 cpu=45.3728s valid=1
[454/1200] QLEARNING R1_4_3 run3 -> veh=36 dist=8801.08 cpu=53.047s valid=1
[455/1200] QLEARNING R1_4_3 run6 -> veh=36 dist=8762.42 cpu=53.2804s valid=1
[456/1200] QLEARNING R1_4_3 run5 -> veh=36 dist=8658.41 cpu=54.8106s valid=1
[457/1200] QLEARNING R1_4_3 run8 -> veh=36 dist=8606.1 cpu=50.5484s valid=1
[458/1200] QLEARNING R1_4_3 run4 -> veh=36 dist=8748.21 cpu=62.8719s valid=1
[459/1200] CLASSIC R1_4_5 run1 -> veh=36 dist=11249.2 cpu=24.1642s valid=1
[460/1200] QLEARNING R1_4_3 run9 -> veh=36 dist=8675.89 cpu=54.0053s valid=1
[461/1200] CLASSIC R1_4_5 run2 -> veh=37 dist=10172 cpu=27.4056s valid=1
[462/1200] QLEARNING R1_4_3 run10 -> veh=36 dist=8658.39 cpu=55.0557s valid=1
[463/1200] CLASSIC R1_4_5 run3 -> veh=37 dist=10108.7 cpu=27.3686s valid=1
[464/1200] CLASSIC R1_4_5 run7 -> veh=36 dist=10526.2 cpu=20.8654s valid=1
[465/1200] CLASSIC R1_4_5 run4 -> veh=36 dist=12443.1 cpu=26.5222s valid=1
[466/1200] CLASSIC R1_4_5 run5 -> veh=37 dist=10037.9 cpu=26.8719s valid=1
[467/1200] CLASSIC R1_4_5 run6 -> veh=37 dist=9446.45 cpu=27.7909s valid=1
[468/1200] CLASSIC R1_4_5 run8 -> veh=36 dist=11638.5 cpu=24.2899s valid=1
[469/1200] CLASSIC R1_4_5 run9 -> veh=37 dist=9974.15 cpu=27.1936s valid=1
[470/1200] CLASSIC R1_4_5 run10 -> veh=37 dist=10134.1 cpu=27.3165s valid=1
[471/1200] CLASSIC R1_4_4 run2 -> veh=36 dist=8127.46 cpu=75.7942s valid=1
[472/1200] CLASSIC R1_4_4 run1 -> veh=36 dist=8289.9 cpu=78.8293s valid=1
[473/1200] CLASSIC R1_4_4 run4 -> veh=36 dist=8153.86 cpu=77.9463s valid=1
[474/1200] CLASSIC R1_4_4 run3 -> veh=36 dist=8354.78 cpu=79.5565s valid=1
[475/1200] CLASSIC R1_4_4 run5 -> veh=36 dist=8027.67 cpu=78.5678s valid=1
[476/1200] CLASSIC R1_4_4 run8 -> veh=36 dist=8232.52 cpu=75.2544s valid=1
[477/1200] QLEARNING R1_4_4 run8 -> veh=36 dist=8040.01 cpu=62.6969s valid=1
[478/1200] QLEARNING R1_4_5 run1 -> veh=37 dist=9794.04 cpu=33.628s valid=1
[479/1200] CLASSIC R1_4_4 run6 -> veh=36 dist=8459.94 cpu=78.7021s valid=1
[480/1200] QLEARNING R1_4_5 run2 -> veh=37 dist=9689.2 cpu=33.326s valid=1
[481/1200] QLEARNING R1_4_4 run1 -> veh=36 dist=8019.26 cpu=72.0488s valid=1
[482/1200] CLASSIC R1_4_4 run7 -> veh=36 dist=8290.49 cpu=79.3582s valid=1
[483/1200] QLEARNING R1_4_4 run4 -> veh=36 dist=8048.14 cpu=71.7221s valid=1
[484/1200] CLASSIC R1_4_4 run9 -> veh=36 dist=8063.16 cpu=77.1776s valid=1
[485/1200] QLEARNING R1_4_4 run3 -> veh=36 dist=8078.69 cpu=72.5872s valid=1
[486/1200] QLEARNING R1_4_4 run9 -> veh=36 dist=8021.98 cpu=63.5379s valid=1
[487/1200] QLEARNING R1_4_5 run3 -> veh=37 dist=9790.51 cpu=33.983s valid=1
[488/1200] QLEARNING R1_4_5 run5 -> veh=36 dist=10795.9 cpu=33.5846s valid=1
[489/1200] QLEARNING R1_4_5 run4 -> veh=37 dist=9617.09 cpu=33.7568s valid=1
[490/1200] QLEARNING R1_4_5 run6 -> veh=37 dist=9843.16 cpu=32.814s valid=1
[491/1200] QLEARNING R1_4_4 run2 -> veh=36 dist=8049.21 cpu=77.4176s valid=1
[492/1200] QLEARNING R1_4_5 run7 -> veh=36 dist=10875.1 cpu=32.7858s valid=1
[493/1200] CLASSIC R1_4_4 run10 -> veh=36 dist=8395.87 cpu=80.3917s valid=1
[494/1200] QLEARNING R1_4_5 run8 -> veh=37 dist=9773.35 cpu=33.8562s valid=1
[495/1200] QLEARNING R1_4_5 run9 -> veh=37 dist=9760.78 cpu=33.6707s valid=1
[496/1200] QLEARNING R1_4_4 run6 -> veh=36 dist=8100.09 cpu=76.9774s valid=1
[497/1200] QLEARNING R1_4_5 run10 -> veh=37 dist=9721.89 cpu=33.0396s valid=1
[498/1200] QLEARNING R1_4_4 run5 -> veh=36 dist=8060.73 cpu=80.8324s valid=1
[499/1200] QLEARNING R1_4_4 run7 -> veh=36 dist=8015.28 cpu=78.5577s valid=1
[500/1200] CLASSIC R1_4_6 run1 -> veh=36 dist=9660.53 cpu=34.3445s valid=1
[501/1200] QLEARNING R1_4_4 run10 -> veh=36 dist=7948.46 cpu=76.9898s valid=1
[502/1200] CLASSIC R1_4_6 run2 -> veh=36 dist=9990 cpu=35.7111s valid=1
[503/1200] CLASSIC R1_4_6 run3 -> veh=36 dist=9635.87 cpu=29.6479s valid=1
[504/1200] CLASSIC R1_4_6 run6 -> veh=36 dist=9734.64 cpu=29.4808s valid=1
[505/1200] CLASSIC R1_4_6 run4 -> veh=36 dist=9700.27 cpu=33.2561s valid=1
[506/1200] CLASSIC R1_4_6 run5 -> veh=36 dist=9659.13 cpu=32.5694s valid=1
[507/1200] CLASSIC R1_4_6 run7 -> veh=36 dist=9716.6 cpu=32.5641s valid=1
[508/1200] CLASSIC R1_4_6 run8 -> veh=36 dist=9742.96 cpu=32.3349s valid=1
[509/1200] CLASSIC R1_4_6 run9 -> veh=36 dist=9853.03 cpu=35.0791s valid=1
[510/1200] CLASSIC R1_4_6 run10 -> veh=36 dist=9828.97 cpu=36.1183s valid=1
[511/1200] QLEARNING R1_4_6 run1 -> veh=36 dist=9366 cpu=37.2786s valid=1
[512/1200] QLEARNING R1_4_6 run5 -> veh=36 dist=9463.37 cpu=35.6535s valid=1
[513/1200] QLEARNING R1_4_6 run4 -> veh=36 dist=9514.69 cpu=36.5861s valid=1
[514/1200] QLEARNING R1_4_6 run2 -> veh=36 dist=9411.58 cpu=37.8434s valid=1
[515/1200] QLEARNING R1_4_6 run8 -> veh=36 dist=9374.51 cpu=41.2704s valid=1
[516/1200] QLEARNING R1_4_6 run6 -> veh=36 dist=9198.37 cpu=42.8914s valid=1
[517/1200] QLEARNING R1_4_6 run3 -> veh=36 dist=9511.31 cpu=44.3308s valid=1
[518/1200] QLEARNING R1_4_6 run9 -> veh=36 dist=9445.43 cpu=42.6726s valid=1
[519/1200] QLEARNING R1_4_6 run7 -> veh=36 dist=9360.36 cpu=45.2526s valid=1
[520/1200] QLEARNING R1_4_6 run10 -> veh=36 dist=9462.92 cpu=48.7326s valid=1
[521/1200] CLASSIC R1_4_7 run1 -> veh=36 dist=8382.68 cpu=50.6231s valid=1
[522/1200] CLASSIC R1_4_7 run3 -> veh=36 dist=8613.11 cpu=51.4927s valid=1
[523/1200] CLASSIC R1_4_7 run5 -> veh=36 dist=8469.92 cpu=50.1908s valid=1
[524/1200] CLASSIC R1_4_7 run4 -> veh=36 dist=8536.48 cpu=52.0023s valid=1
[525/1200] CLASSIC R1_4_7 run7 -> veh=36 dist=8218.11 cpu=50.0307s valid=1
[526/1200] CLASSIC R1_4_7 run2 -> veh=36 dist=8281 cpu=53.8048s valid=1
[527/1200] QLEARNING R1_4_7 run1 -> veh=36 dist=8346.1 cpu=49.4079s valid=1
[528/1200] CLASSIC R1_4_7 run9 -> veh=36 dist=8606.78 cpu=52.171s valid=1
[529/1200] CLASSIC R1_4_7 run6 -> veh=36 dist=8880.36 cpu=53.8105s valid=1
[530/1200] CLASSIC R1_4_7 run8 -> veh=36 dist=8729.75 cpu=54.0662s valid=1
[531/1200] CLASSIC R1_4_7 run10 -> veh=36 dist=8810.31 cpu=54.2491s valid=1
[532/1200] QLEARNING R1_4_7 run3 -> veh=36 dist=8396.89 cpu=53.2831s valid=1
[533/1200] QLEARNING R1_4_7 run4 -> veh=36 dist=8395.58 cpu=52.9538s valid=1
[534/1200] QLEARNING R1_4_7 run6 -> veh=36 dist=8384.72 cpu=50.5601s valid=1
[535/1200] QLEARNING R1_4_7 run2 -> veh=36 dist=8499.6 cpu=60.798s valid=1
[536/1200] QLEARNING R1_4_7 run5 -> veh=36 dist=8421.16 cpu=56.9898s valid=1
[537/1200] CLASSIC R1_4_9 run3 -> veh=36 dist=10741.4 cpu=13.9633s valid=1
[538/1200] QLEARNING R1_4_7 run9 -> veh=36 dist=8328.76 cpu=51.5064s valid=1
[539/1200] CLASSIC R1_4_9 run1 -> veh=36 dist=10078.6 cpu=18.515s valid=1
[540/1200] QLEARNING R1_4_7 run10 -> veh=36 dist=8456.86 cpu=54.3335s valid=1
[541/1200] QLEARNING R1_4_7 run7 -> veh=36 dist=8448.38 cpu=57.765s valid=1
[542/1200] CLASSIC R1_4_9 run4 -> veh=36 dist=10149.8 cpu=16.1805s valid=1
[543/1200] QLEARNING R1_4_7 run8 -> veh=36 dist=8295.57 cpu=59.5161s valid=1
[544/1200] CLASSIC R1_4_9 run5 -> veh=36 dist=10241.1 cpu=18.3984s valid=1
[545/1200] CLASSIC R1_4_9 run2 -> veh=36 dist=10251.3 cpu=31.4641s valid=1
[546/1200] CLASSIC R1_4_9 run7 -> veh=36 dist=10852.9 cpu=20.2399s valid=1
[547/1200] CLASSIC R1_4_9 run9 -> veh=36 dist=10996.3 cpu=19.3352s valid=1
[548/1200] CLASSIC R1_4_9 run8 -> veh=36 dist=10056.2 cpu=20.3931s valid=1
[549/1200] CLASSIC R1_4_9 run6 -> veh=36 dist=10450 cpu=23.4808s valid=1
[550/1200] CLASSIC R1_4_9 run10 -> veh=36 dist=10270.4 cpu=27.5074s valid=1
[551/1200] QLEARNING R1_4_9 run1 -> veh=36 dist=10119 cpu=31.5121s valid=1
[552/1200] CLASSIC R1_4_8 run2 -> veh=36 dist=8008.29 cpu=80.814s valid=1
[553/1200] QLEARNING R1_4_9 run3 -> veh=36 dist=10124.4 cpu=30.0962s valid=1
[554/1200] CLASSIC R1_4_8 run1 -> veh=36 dist=8013.08 cpu=82.2543s valid=1
[555/1200] QLEARNING R1_4_9 run4 -> veh=36 dist=9835.66 cpu=30.5003s valid=1
[556/1200] QLEARNING R1_4_9 run2 -> veh=36 dist=10567.9 cpu=33.1861s valid=1
[557/1200] CLASSIC R1_4_8 run4 -> veh=36 dist=8345.24 cpu=82.1986s valid=1
[558/1200] QLEARNING R1_4_8 run1 -> veh=36 dist=7968.08 cpu=72.6883s valid=1
[559/1200] CLASSIC R1_4_8 run3 -> veh=36 dist=8133.98 cpu=83.1109s valid=1
[560/1200] QLEARNING R1_4_9 run5 -> veh=36 dist=10097.7 cpu=32.9835s valid=1
[561/1200] CLASSIC R1_4_8 run6 -> veh=36 dist=7784.71 cpu=82.6428s valid=1
[562/1200] CLASSIC R1_4_8 run5 -> veh=36 dist=8322.56 cpu=83.5686s valid=1
[563/1200] CLASSIC R1_4_8 run7 -> veh=36 dist=7941.84 cpu=79.5964s valid=1
[564/1200] QLEARNING R1_4_9 run6 -> veh=36 dist=10134.8 cpu=31.0619s valid=1
[565/1200] CLASSIC R1_4_8 run9 -> veh=36 dist=7913.66 cpu=79.0381s valid=1
[566/1200] CLASSIC R1_4_8 run8 -> veh=36 dist=7957.72 cpu=80.1075s valid=1
[567/1200] QLEARNING R1_4_8 run2 -> veh=36 dist=7974.02 cpu=72.5399s valid=1
[568/1200] CLASSIC R1_4_10 run1 -> veh=36 dist=9318.81 cpu=26.4993s valid=1
[569/1200] CLASSIC R1_4_8 run10 -> veh=36 dist=8255.87 cpu=81.5629s valid=1
[570/1200] QLEARNING R1_4_9 run7 -> veh=36 dist=9965.97 cpu=32.2919s valid=1
[571/1200] QLEARNING R1_4_8 run4 -> veh=36 dist=7945.34 cpu=69.7553s valid=1
[572/1200] QLEARNING R1_4_9 run9 -> veh=36 dist=10355.9 cpu=29.6531s valid=1
[573/1200] QLEARNING R1_4_8 run7 -> veh=36 dist=8007.53 cpu=69.4869s valid=1
[574/1200] QLEARNING R1_4_9 run8 -> veh=36 dist=10307.1 cpu=31.5641s valid=1
[575/1200] QLEARNING R1_4_9 run10 -> veh=36 dist=10320 cpu=30.4032s valid=1
[576/1200] QLEARNING R1_4_8 run6 -> veh=36 dist=7860.08 cpu=71.2405s valid=1
[577/1200] QLEARNING R1_4_8 run3 -> veh=36 dist=7956.65 cpu=76.2176s valid=1
[578/1200] QLEARNING R1_4_8 run10 -> veh=36 dist=8014.28 cpu=71.1541s valid=1
[579/1200] CLASSIC R1_4_10 run2 -> veh=36 dist=9093.48 cpu=25.7364s valid=1
[580/1200] QLEARNING R1_4_8 run5 -> veh=36 dist=7906.9 cpu=76.4476s valid=1
[581/1200] QLEARNING R1_4_8 run8 -> veh=36 dist=8055.41 cpu=76.9037s valid=1
[582/1200] CLASSIC R1_4_10 run3 -> veh=36 dist=9607.96 cpu=26.1434s valid=1
[583/1200] QLEARNING R1_4_8 run9 -> veh=36 dist=7982.48 cpu=79.0078s valid=1
[584/1200] CLASSIC R1_4_10 run8 -> veh=36 dist=9532.33 cpu=24.9328s valid=1
[585/1200] CLASSIC R1_4_10 run4 -> veh=36 dist=9522.22 cpu=26.4225s valid=1
[586/1200] CLASSIC R1_4_10 run5 -> veh=36 dist=9398.5 cpu=26.8919s valid=1
[587/1200] CLASSIC R1_4_10 run7 -> veh=36 dist=9564.89 cpu=26.465s valid=1
[588/1200] CLASSIC R1_4_10 run6 -> veh=36 dist=9532.27 cpu=27.0828s valid=1
[589/1200] CLASSIC R1_4_10 run10 -> veh=36 dist=9637.8 cpu=25.3963s valid=1
[590/1200] CLASSIC R1_4_10 run9 -> veh=36 dist=9408.16 cpu=27.4783s valid=1
[591/1200] QLEARNING R1_4_10 run3 -> veh=36 dist=9165.04 cpu=35.7686s valid=1
[592/1200] QLEARNING R1_4_10 run2 -> veh=36 dist=9054.59 cpu=36.0375s valid=1
[593/1200] QLEARNING R1_4_10 run4 -> veh=36 dist=9221.65 cpu=35.8488s valid=1
[594/1200] QLEARNING R1_4_10 run5 -> veh=36 dist=8892.92 cpu=33.9131s valid=1
[595/1200] QLEARNING R1_4_10 run7 -> veh=36 dist=9106.59 cpu=33.592s valid=1
[596/1200] QLEARNING R1_4_10 run6 -> veh=36 dist=9149.17 cpu=35.9962s valid=1
[597/1200] QLEARNING R1_4_10 run9 -> veh=36 dist=9040.19 cpu=35.4377s valid=1
[598/1200] QLEARNING R1_4_10 run1 -> veh=36 dist=9028 cpu=40.5362s valid=1
[599/1200] QLEARNING R1_4_10 run8 -> veh=36 dist=9063.06 cpu=37.2164s valid=1
[600/1200] QLEARNING R1_4_10 run10 -> veh=36 dist=9147.57 cpu=38.6978s valid=1
[601/1200] CLASSIC R2_4_1 run1 -> veh=8 dist=9821.69 cpu=60.3136s valid=1
[602/1200] CLASSIC R2_4_1 run3 -> veh=8 dist=9697.07 cpu=60.7373s valid=1
[603/1200] CLASSIC R2_4_1 run5 -> veh=8 dist=9773.56 cpu=59.711s valid=1
[604/1200] CLASSIC R2_4_1 run4 -> veh=8 dist=9948.67 cpu=60.2762s valid=1
[605/1200] CLASSIC R2_4_1 run2 -> veh=8 dist=9649.74 cpu=61.7519s valid=1
[606/1200] CLASSIC R2_4_1 run6 -> veh=8 dist=9928.83 cpu=59.9821s valid=1
[607/1200] CLASSIC R2_4_1 run9 -> veh=8 dist=9982.52 cpu=60.1175s valid=1
[608/1200] CLASSIC R2_4_1 run7 -> veh=8 dist=9502.89 cpu=61.6376s valid=1
[609/1200] CLASSIC R2_4_1 run8 -> veh=8 dist=9690.86 cpu=61.4183s valid=1
[610/1200] CLASSIC R2_4_1 run10 -> veh=8 dist=9983 cpu=60.3735s valid=1
[611/1200] QLEARNING R2_4_1 run1 -> veh=9 dist=9149.83 cpu=61.6573s valid=1
[612/1200] QLEARNING R2_4_1 run2 -> veh=8 dist=9662.9 cpu=61.5228s valid=1
[613/1200] QLEARNING R2_4_1 run3 -> veh=8 dist=9620.3 cpu=61.7492s valid=1
[614/1200] QLEARNING R2_4_1 run4 -> veh=8 dist=9917.06 cpu=61.6464s valid=1
[615/1200] QLEARNING R2_4_1 run6 -> veh=8 dist=10055.5 cpu=61.2758s valid=1
[616/1200] QLEARNING R2_4_1 run5 -> veh=8 dist=9670.78 cpu=62.908s valid=1
[617/1200] QLEARNING R2_4_1 run8 -> veh=8 dist=9714.78 cpu=61.575s valid=1
[618/1200] QLEARNING R2_4_1 run10 -> veh=9 dist=9170.09 cpu=61.3992s valid=1
[619/1200] QLEARNING R2_4_1 run7 -> veh=8 dist=9687.63 cpu=62.5584s valid=1
[620/1200] QLEARNING R2_4_1 run9 -> veh=8 dist=9608.27 cpu=62.6206s valid=1
[621/1200] CLASSIC R2_4_2 run1 -> veh=8 dist=8014.29 cpu=132.194s valid=1
[622/1200] CLASSIC R2_4_2 run2 -> veh=8 dist=7978.19 cpu=133.101s valid=1
[623/1200] CLASSIC R2_4_2 run3 -> veh=8 dist=8261.29 cpu=131.371s valid=1
[624/1200] CLASSIC R2_4_2 run9 -> veh=8 dist=8179.04 cpu=130.604s valid=1
[625/1200] CLASSIC R2_4_2 run8 -> veh=8 dist=8025.81 cpu=132.024s valid=1
[626/1200] CLASSIC R2_4_2 run4 -> veh=8 dist=8003.35 cpu=135.006s valid=1
[627/1200] CLASSIC R2_4_2 run6 -> veh=8 dist=8053.91 cpu=135.045s valid=1
[628/1200] CLASSIC R2_4_2 run7 -> veh=8 dist=7822.17 cpu=134.77s valid=1
[629/1200] CLASSIC R2_4_2 run5 -> veh=8 dist=7809.67 cpu=138.149s valid=1
[630/1200] CLASSIC R2_4_2 run10 -> veh=8 dist=7861.82 cpu=139.536s valid=1
[631/1200] QLEARNING R2_4_2 run1 -> veh=8 dist=7907.67 cpu=148.311s valid=1
[632/1200] QLEARNING R2_4_2 run2 -> veh=8 dist=7897.35 cpu=150.715s valid=1
[633/1200] QLEARNING R2_4_2 run8 -> veh=8 dist=7852.84 cpu=150.129s valid=1
[634/1200] QLEARNING R2_4_2 run3 -> veh=8 dist=7859.09 cpu=152.503s valid=1
[635/1200] QLEARNING R2_4_2 run6 -> veh=8 dist=7971.53 cpu=151.651s valid=1
[636/1200] QLEARNING R2_4_2 run5 -> veh=8 dist=7855.68 cpu=152.062s valid=1
[637/1200] QLEARNING R2_4_2 run7 -> veh=8 dist=7875.39 cpu=151.924s valid=1
[638/1200] QLEARNING R2_4_2 run4 -> veh=8 dist=7925.11 cpu=153.527s valid=1
[639/1200] QLEARNING R2_4_2 run10 -> veh=8 dist=7860.66 cpu=151.043s valid=1
[640/1200] QLEARNING R2_4_2 run9 -> veh=8 dist=7927.55 cpu=153.212s valid=1
[641/1200] CLASSIC R2_4_3 run1 -> veh=8 dist=6207.63 cpu=198.83s valid=1
[642/1200] CLASSIC R2_4_3 run2 -> veh=8 dist=6356.68 cpu=200.298s valid=1
[643/1200] CLASSIC R2_4_3 run3 -> veh=8 dist=6535.75 cpu=200.558s valid=1
[644/1200] CLASSIC R2_4_3 run5 -> veh=8 dist=6451.09 cpu=200.454s valid=1
[645/1200] CLASSIC R2_4_3 run4 -> veh=8 dist=6364.49 cpu=204.815s valid=1
[646/1200] CLASSIC R2_4_3 run6 -> veh=8 dist=6223.98 cpu=202.867s valid=1
[647/1200] CLASSIC R2_4_3 run10 -> veh=8 dist=6546.55 cpu=199.899s valid=1
[648/1200] CLASSIC R2_4_3 run9 -> veh=8 dist=6227.82 cpu=200.595s valid=1
[649/1200] CLASSIC R2_4_3 run7 -> veh=8 dist=6152.62 cpu=201.983s valid=1
[650/1200] CLASSIC R2_4_3 run8 -> veh=8 dist=6146.16 cpu=204.205s valid=1
[651/1200] QLEARNING R2_4_3 run1 -> veh=8 dist=6200.17 cpu=212.218s valid=1
[652/1200] QLEARNING R2_4_3 run2 -> veh=8 dist=6215.31 cpu=213.876s valid=1
[653/1200] CLASSIC R2_4_5 run1 -> veh=8 dist=7314.95 cpu=84.2374s valid=1
[654/1200] CLASSIC R2_4_5 run2 -> veh=8 dist=7582.6 cpu=83.331s valid=1
[655/1200] QLEARNING R2_4_3 run4 -> veh=8 dist=6199.29 cpu=211.666s valid=1
[656/1200] QLEARNING R2_4_3 run3 -> veh=8 dist=6165.88 cpu=221.112s valid=1
[657/1200] QLEARNING R2_4_3 run5 -> veh=8 dist=6137.96 cpu=213.129s valid=1
[658/1200] QLEARNING R2_4_3 run9 -> veh=8 dist=6116.37 cpu=210.312s valid=1
[659/1200] QLEARNING R2_4_3 run6 -> veh=8 dist=6164.07 cpu=211.488s valid=1
[660/1200] CLASSIC R2_4_5 run4 -> veh=8 dist=7340.68 cpu=83.9715s valid=1
[661/1200] QLEARNING R2_4_3 run7 -> veh=8 dist=6207.8 cpu=212.541s valid=1
[662/1200] CLASSIC R2_4_5 run3 -> veh=8 dist=7376.18 cpu=87.187s valid=1
[663/1200] QLEARNING R2_4_3 run8 -> veh=8 dist=6187.64 cpu=214.942s valid=1
[664/1200] QLEARNING R2_4_3 run10 -> veh=8 dist=6223.14 cpu=220.733s valid=1
[665/1200] CLASSIC R2_4_5 run5 -> veh=8 dist=7521.81 cpu=85.6501s valid=1
[666/1200] CLASSIC R2_4_5 run6 -> veh=8 dist=7420.08 cpu=84.8241s valid=1
[667/1200] CLASSIC R2_4_5 run7 -> veh=8 dist=7283.43 cpu=90.5608s valid=1
[668/1200] CLASSIC R2_4_5 run8 -> veh=8 dist=7653.42 cpu=83.5262s valid=1
[669/1200] CLASSIC R2_4_5 run9 -> veh=8 dist=7688.33 cpu=81.8967s valid=1
[670/1200] CLASSIC R2_4_5 run10 -> veh=8 dist=7705.35 cpu=81.659s valid=1
[671/1200] QLEARNING R2_4_5 run1 -> veh=8 dist=7512.33 cpu=82.1562s valid=1
[672/1200] QLEARNING R2_4_5 run2 -> veh=8 dist=7467.15 cpu=82.4583s valid=1
[673/1200] QLEARNING R2_4_5 run3 -> veh=8 dist=7535.18 cpu=83.4832s valid=1
[674/1200] QLEARNING R2_4_5 run4 -> veh=8 dist=7393.74 cpu=83.4006s valid=1
[675/1200] QLEARNING R2_4_5 run5 -> veh=8 dist=7579.37 cpu=81.5294s valid=1
[676/1200] QLEARNING R2_4_4 run1 -> veh=8 dist=4454.82 cpu=255.157s valid=1
[677/1200] QLEARNING R2_4_5 run6 -> veh=8 dist=7408.57 cpu=84.1774s valid=1
[678/1200] QLEARNING R2_4_4 run2 -> veh=8 dist=4407.75 cpu=255.502s valid=1
[679/1200] CLASSIC R2_4_4 run1 -> veh=8 dist=4413.11 cpu=323.567s valid=1
[680/1200] CLASSIC R2_4_4 run3 -> veh=8 dist=4497.41 cpu=313.777s valid=1
[681/1200] CLASSIC R2_4_4 run4 -> veh=8 dist=4648.57 cpu=311.96s valid=1
[682/1200] CLASSIC R2_4_4 run2 -> veh=8 dist=4451.74 cpu=327.195s valid=1
[683/1200] QLEARNING R2_4_4 run3 -> veh=8 dist=4415.72 cpu=249.87s valid=1
[684/1200] QLEARNING R2_4_4 run6 -> veh=8 dist=4494.4 cpu=245.868s valid=1
[685/1200] CLASSIC R2_4_4 run6 -> veh=8 dist=4436.1 cpu=308.152s valid=1
[686/1200] CLASSIC R2_4_4 run10 -> veh=8 dist=4611.81 cpu=307.281s valid=1
[687/1200] QLEARNING R2_4_4 run10 -> veh=8 dist=4452.58 cpu=245.607s valid=1
[688/1200] CLASSIC R2_4_4 run8 -> veh=8 dist=4702.27 cpu=310.152s valid=1
[689/1200] CLASSIC R2_4_4 run5 -> veh=8 dist=4597.49 cpu=315.518s valid=1
[690/1200] QLEARNING R2_4_4 run4 -> veh=8 dist=4445.58 cpu=260.961s valid=1
[691/1200] CLASSIC R2_4_4 run7 -> veh=8 dist=4559.2 cpu=316.447s valid=1
[692/1200] QLEARNING R2_4_5 run7 -> veh=8 dist=7427.43 cpu=83.2227s valid=1
[693/1200] QLEARNING R2_4_5 run8 -> veh=8 dist=7520.13 cpu=82.5304s valid=1
[694/1200] CLASSIC R2_4_4 run9 -> veh=8 dist=4490.22 cpu=318.333s valid=1
[695/1200] QLEARNING R2_4_4 run7 -> veh=8 dist=4437.22 cpu=259.824s valid=1
[696/1200] QLEARNING R2_4_4 run8 -> veh=8 dist=4502.22 cpu=257.399s valid=1
[697/1200] QLEARNING R2_4_5 run9 -> veh=8 dist=7561.47 cpu=83.1929s valid=1
[698/1200] QLEARNING R2_4_4 run5 -> veh=8 dist=4469.39 cpu=271.533s valid=1
[699/1200] QLEARNING R2_4_5 run10 -> veh=8 dist=7479.3 cpu=85.088s valid=1
[700/1200] QLEARNING R2_4_4 run9 -> veh=8 dist=4467.78 cpu=267.577s valid=1
[701/1200] CLASSIC R2_4_6 run2 -> veh=8 dist=6607.24 cpu=164.1s valid=1
[702/1200] CLASSIC R2_4_6 run6 -> veh=8 dist=6836.03 cpu=160.605s valid=1
[703/1200] CLASSIC R2_4_6 run4 -> veh=8 dist=6546.42 cpu=163.795s valid=1
[704/1200] CLASSIC R2_4_6 run3 -> veh=8 dist=6469.7 cpu=166.864s valid=1
[705/1200] CLASSIC R2_4_6 run1 -> veh=8 dist=6377.94 cpu=170.649s valid=1
[706/1200] CLASSIC R2_4_6 run7 -> veh=8 dist=6433.14 cpu=166.428s valid=1
[707/1200] CLASSIC R2_4_6 run5 -> veh=8 dist=6329.18 cpu=167.91s valid=1
[708/1200] CLASSIC R2_4_6 run8 -> veh=8 dist=6516.09 cpu=163.053s valid=1
[709/1200] CLASSIC R2_4_6 run9 -> veh=8 dist=6505.14 cpu=168.218s valid=1
[710/1200] CLASSIC R2_4_6 run10 -> veh=8 dist=6285.11 cpu=172.931s valid=1
[711/1200] QLEARNING R2_4_6 run1 -> veh=8 dist=6399.01 cpu=167.117s valid=1
[712/1200] QLEARNING R2_4_6 run2 -> veh=8 dist=6440.71 cpu=165.128s valid=1
[713/1200] QLEARNING R2_4_6 run4 -> veh=8 dist=6477.23 cpu=167.483s valid=1
[714/1200] QLEARNING R2_4_6 run3 -> veh=8 dist=6440.87 cpu=168.605s valid=1
[715/1200] QLEARNING R2_4_6 run6 -> veh=8 dist=6356.89 cpu=163.503s valid=1
[716/1200] QLEARNING R2_4_6 run5 -> veh=8 dist=6413.09 cpu=168.494s valid=1
[717/1200] QLEARNING R2_4_6 run7 -> veh=8 dist=6477.02 cpu=166.312s valid=1
[718/1200] QLEARNING R2_4_6 run9 -> veh=8 dist=6450.48 cpu=165.389s valid=1
[719/1200] QLEARNING R2_4_6 run10 -> veh=8 dist=6474.67 cpu=168.337s valid=1
[720/1200] QLEARNING R2_4_6 run8 -> veh=8 dist=6424.77 cpu=171.573s valid=1
[721/1200] QLEARNING R2_4_7 run1 -> veh=8 dist=5233.89 cpu=218.719s valid=1
[722/1200] QLEARNING R2_4_7 run2 -> veh=8 dist=5289.41 cpu=220.511s valid=1
[723/1200] CLASSIC R2_4_7 run7 -> veh=8 dist=5542.4 cpu=234.63s valid=1
[724/1200] CLASSIC R2_4_7 run2 -> veh=8 dist=5241.23 cpu=244.081s valid=1
[725/1200] CLASSIC R2_4_7 run5 -> veh=8 dist=5255.61 cpu=240.694s valid=1
[726/1200] CLASSIC R2_4_7 run4 -> veh=8 dist=5315.94 cpu=243.14s valid=1
[727/1200] CLASSIC R2_4_7 run1 -> veh=8 dist=5280.92 cpu=246.746s valid=1
[728/1200] CLASSIC R2_4_7 run6 -> veh=8 dist=5543.1 cpu=244.961s valid=1
[729/1200] CLASSIC R2_4_7 run3 -> veh=8 dist=5255.77 cpu=248.865s valid=1
[730/1200] CLASSIC R2_4_7 run8 -> veh=8 dist=5281.35 cpu=243.551s valid=1
[731/1200] CLASSIC R2_4_7 run9 -> veh=8 dist=5223.85 cpu=244.031s valid=1
[732/1200] CLASSIC R2_4_7 run10 -> veh=8 dist=5299.82 cpu=247.917s valid=1
[733/1200] QLEARNING R2_4_7 run3 -> veh=8 dist=5282.9 cpu=218.697s valid=1
[734/1200] QLEARNING R2_4_7 run4 -> veh=8 dist=5277.3 cpu=225.242s valid=1
[735/1200] QLEARNING R2_4_7 run5 -> veh=8 dist=5295.73 cpu=224.346s valid=1
[736/1200] QLEARNING R2_4_7 run6 -> veh=8 dist=5281.06 cpu=223.196s valid=1
[737/1200] QLEARNING R2_4_7 run7 -> veh=8 dist=5286.84 cpu=223.451s valid=1
[738/1200] QLEARNING R2_4_7 run8 -> veh=8 dist=5270.31 cpu=223.01s valid=1
[739/1200] QLEARNING R2_4_7 run10 -> veh=8 dist=5242.27 cpu=221.061s valid=1
[740/1200] QLEARNING R2_4_7 run9 -> veh=8 dist=5295.15 cpu=229.409s valid=1
[741/1200] CLASSIC R2_4_9 run1 -> veh=8 dist=6844.2 cpu=109.681s valid=1
[742/1200] CLASSIC R2_4_9 run3 -> veh=8 dist=6906.8 cpu=109.223s valid=1
[743/1200] CLASSIC R2_4_9 run2 -> veh=8 dist=6662.3 cpu=112.873s valid=1
[744/1200] CLASSIC R2_4_9 run4 -> veh=8 dist=6605.92 cpu=111.331s valid=1
[745/1200] CLASSIC R2_4_9 run5 -> veh=8 dist=6810.55 cpu=108.259s valid=1
[746/1200] CLASSIC R2_4_9 run8 -> veh=8 dist=6877 cpu=108.31s valid=1
[747/1200] CLASSIC R2_4_9 run6 -> veh=8 dist=6752.33 cpu=109.829s valid=1
[748/1200] QLEARNING R2_4_9 run1 -> veh=8 dist=6583.35 cpu=102.574s valid=1
[749/1200] CLASSIC R2_4_9 run9 -> veh=8 dist=6888.59 cpu=107.174s valid=1
[750/1200] CLASSIC R2_4_9 run7 -> veh=8 dist=6676.63 cpu=110.377s valid=1
[751/1200] CLASSIC R2_4_9 run10 -> veh=8 dist=6746.97 cpu=108.319s valid=1
[752/1200] QLEARNING R2_4_9 run2 -> veh=8 dist=6718.61 cpu=101.887s valid=1
[753/1200] QLEARNING R2_4_8 run1 -> veh=8 dist=4127.66 cpu=271.353s valid=1
[754/1200] QLEARNING R2_4_8 run2 -> veh=8 dist=4154.33 cpu=274.902s valid=1
[755/1200] CLASSIC R2_4_8 run2 -> veh=8 dist=4361.43 cpu=338.113s valid=1
[756/1200] CLASSIC R2_4_8 run1 -> veh=8 dist=4122.65 cpu=349.813s valid=1
[757/1200] QLEARNING R2_4_9 run3 -> veh=8 dist=6737.06 cpu=102.924s valid=1
[758/1200] QLEARNING R2_4_9 run4 -> veh=8 dist=6614.91 cpu=102.771s valid=1
[759/1200] QLEARNING R2_4_9 run5 -> veh=8 dist=6656.75 cpu=102.295s valid=1
[760/1200] CLASSIC R2_4_8 run3 -> veh=8 dist=4147.8 cpu=342.49s valid=1
[761/1200] QLEARNING R2_4_9 run6 -> veh=8 dist=6708.12 cpu=104.159s valid=1
[762/1200] CLASSIC R2_4_8 run4 -> veh=8 dist=4149.46 cpu=345.424s valid=1
[763/1200] CLASSIC R2_4_8 run5 -> veh=8 dist=4256.16 cpu=345.26s valid=1
[764/1200] CLASSIC R2_4_8 run6 -> veh=8 dist=4186.8 cpu=346.302s valid=1
[765/1200] CLASSIC R2_4_8 run7 -> veh=8 dist=4241.83 cpu=340.469s valid=1
[766/1200] QLEARNING R2_4_8 run3 -> veh=8 dist=4170.91 cpu=264.255s valid=1
[767/1200] CLASSIC R2_4_8 run8 -> veh=8 dist=4160.69 cpu=341.865s valid=1
[768/1200] QLEARNING R2_4_8 run5 -> veh=8 dist=4181.27 cpu=262.08s valid=1
[769/1200] QLEARNING R2_4_8 run4 -> veh=8 dist=4209.9 cpu=265.291s valid=1
[770/1200] CLASSIC R2_4_8 run10 -> veh=8 dist=4218.47 cpu=343.746s valid=1
[771/1200] QLEARNING R2_4_8 run7 -> veh=8 dist=4172.1 cpu=261.066s valid=1
[772/1200] QLEARNING R2_4_8 run10 -> veh=8 dist=4228.86 cpu=256.154s valid=1
[773/1200] QLEARNING R2_4_8 run8 -> veh=8 dist=4109.48 cpu=259.364s valid=1
[774/1200] CLASSIC R2_4_8 run9 -> veh=8 dist=4142.68 cpu=347.264s valid=1
[775/1200] QLEARNING R2_4_8 run6 -> veh=8 dist=4177.32 cpu=264.382s valid=1
[776/1200] QLEARNING R2_4_8 run9 -> veh=8 dist=4171.7 cpu=270.877s valid=1
[777/1200] QLEARNING R2_4_9 run7 -> veh=8 dist=6692.2 cpu=101.298s valid=1
[778/1200] QLEARNING R2_4_9 run9 -> veh=8 dist=6616.49 cpu=99.2626s valid=1
[779/1200] CLASSIC RC1_4_1 run1 -> veh=37 dist=9001.13 cpu=23.9653s valid=1
[780/1200] CLASSIC RC1_4_1 run2 -> veh=37 dist=9107.84 cpu=24.047s valid=1
[781/1200] CLASSIC RC1_4_1 run3 -> veh=37 dist=9028.75 cpu=23.9309s valid=1
[782/1200] CLASSIC RC1_4_1 run4 -> veh=37 dist=9086.27 cpu=24.3145s valid=1
[783/1200] CLASSIC RC1_4_1 run6 -> veh=37 dist=9271.16 cpu=23.4853s valid=1
[784/1200] QLEARNING R2_4_9 run10 -> veh=8 dist=6661.02 cpu=101.341s valid=1
[785/1200] CLASSIC RC1_4_1 run5 -> veh=37 dist=9024.91 cpu=24.3947s valid=1
[786/1200] QLEARNING R2_4_9 run8 -> veh=8 dist=6700 cpu=102.495s valid=1
[787/1200] CLASSIC RC1_4_1 run7 -> veh=37 dist=9132.71 cpu=23.4974s valid=1
[788/1200] CLASSIC RC1_4_1 run8 -> veh=37 dist=9073.47 cpu=24.1661s valid=1
[789/1200] CLASSIC RC1_4_1 run9 -> veh=37 dist=9123.55 cpu=24.6016s valid=1
[790/1200] CLASSIC RC1_4_1 run10 -> veh=37 dist=9113.92 cpu=24.1032s valid=1
[791/1200] QLEARNING RC1_4_1 run1 -> veh=37 dist=9003.91 cpu=36.3001s valid=1
[792/1200] QLEARNING RC1_4_1 run3 -> veh=36 dist=9530.75 cpu=35.3491s valid=1
[793/1200] QLEARNING RC1_4_1 run5 -> veh=37 dist=8994.66 cpu=35.4466s valid=1
[794/1200] QLEARNING RC1_4_1 run2 -> veh=37 dist=8949.6 cpu=36.3437s valid=1
[795/1200] QLEARNING RC1_4_1 run6 -> veh=37 dist=8987.5 cpu=35.5069s valid=1
[796/1200] QLEARNING RC1_4_1 run7 -> veh=37 dist=8968.88 cpu=36.1584s valid=1
[797/1200] QLEARNING RC1_4_1 run4 -> veh=37 dist=9010.65 cpu=36.6804s valid=1
[798/1200] QLEARNING RC1_4_1 run8 -> veh=37 dist=9008.26 cpu=36.7007s valid=1
[799/1200] CLASSIC R2_4_10 run4 -> veh=8 dist=6258.7 cpu=135.678s valid=1
[800/1200] QLEARNING RC1_4_1 run9 -> veh=37 dist=8933.41 cpu=36.3548s valid=1
[801/1200] CLASSIC R2_4_10 run2 -> veh=8 dist=6055.88 cpu=138.727s valid=1
[802/1200] CLASSIC R2_4_10 run3 -> veh=8 dist=6074.42 cpu=137.846s valid=1
[803/1200] CLASSIC R2_4_10 run1 -> veh=8 dist=6106.35 cpu=141.75s valid=1
[804/1200] CLASSIC RC1_4_2 run2 -> veh=36 dist=9217.14 cpu=19.8225s valid=1
[805/1200] CLASSIC R2_4_10 run5 -> veh=8 dist=5973.28 cpu=136.438s valid=1
[806/1200] CLASSIC RC1_4_2 run1 -> veh=36 dist=9302.71 cpu=28.1957s valid=1
[807/1200] CLASSIC R2_4_10 run6 -> veh=8 dist=6219.87 cpu=135.079s valid=1
[808/1200] QLEARNING RC1_4_1 run10 -> veh=37 dist=8930.89 cpu=36.4641s valid=1
[809/1200] CLASSIC RC1_4_2 run10 -> veh=36 dist=9967.34 cpu=18.8298s valid=1
[810/1200] QLEARNING R2_4_10 run1 -> veh=8 dist=6123.54 cpu=121.907s valid=1
[811/1200] CLASSIC RC1_4_2 run6 -> veh=36 dist=9362.73 cpu=26.7092s valid=1
[812/1200] CLASSIC RC1_4_2 run4 -> veh=36 dist=9191.23 cpu=28.1342s valid=1
[813/1200] QLEARNING R2_4_10 run2 -> veh=8 dist=6128.62 cpu=119.847s valid=1
[814/1200] CLASSIC RC1_4_2 run5 -> veh=36 dist=9408.86 cpu=27.9417s valid=1
[815/1200] CLASSIC RC1_4_2 run3 -> veh=36 dist=9305.44 cpu=29.7567s valid=1
[816/1200] CLASSIC R2_4_10 run7 -> veh=8 dist=6080.38 cpu=139.864s valid=1
[817/1200] QLEARNING R2_4_10 run3 -> veh=8 dist=6057.75 cpu=120.076s valid=1
[818/1200] CLASSIC R2_4_10 run8 -> veh=8 dist=6316.47 cpu=136.022s valid=1
[819/1200] CLASSIC RC1_4_2 run8 -> veh=36 dist=9301.01 cpu=30.7371s valid=1
[820/1200] QLEARNING R2_4_10 run4 -> veh=8 dist=6147.92 cpu=120.311s valid=1
[821/1200] QLEARNING RC1_4_2 run6 -> veh=36 dist=8917.13 cpu=31.3506s valid=1
[822/1200] CLASSIC RC1_4_2 run7 -> veh=36 dist=9567.85 cpu=37.2921s valid=1
[823/1200] CLASSIC R2_4_10 run10 -> veh=8 dist=5991.7 cpu=137.448s valid=1
[824/1200] CLASSIC R2_4_10 run9 -> veh=8 dist=6010.53 cpu=139.363s valid=1
[825/1200] QLEARNING R2_4_10 run5 -> veh=8 dist=6117.9 cpu=121.497s valid=1
[826/1200] CLASSIC RC1_4_2 run9 -> veh=36 dist=8956.9 cpu=40.734s valid=1
[827/1200] QLEARNING RC1_4_2 run8 -> veh=36 dist=9194.08 cpu=33.5892s valid=1
[828/1200] QLEARNING R2_4_10 run6 -> veh=8 dist=6157.2 cpu=121.206s valid=1
[829/1200] QLEARNING RC1_4_2 run4 -> veh=36 dist=8952.78 cpu=43.2337s valid=1
[830/1200] QLEARNING RC1_4_2 run3 -> veh=36 dist=9279.41 cpu=43.3862s valid=1
[831/1200] QLEARNING RC1_4_2 run1 -> veh=36 dist=9180.07 cpu=46.1228s valid=1
[832/1200] QLEARNING RC1_4_2 run2 -> veh=36 dist=9033.43 cpu=45.3941s valid=1
[833/1200] QLEARNING R2_4_10 run7 -> veh=8 dist=6199.03 cpu=120.797s valid=1
[834/1200] CLASSIC RC1_4_3 run3 -> veh=36 dist=9086.24 cpu=22.0312s valid=1
[835/1200] QLEARNING RC1_4_2 run7 -> veh=36 dist=9075.45 cpu=43.591s valid=1
[836/1200] QLEARNING R2_4_10 run9 -> veh=8 dist=6090.71 cpu=120.577s valid=1
[837/1200] QLEARNING R2_4_10 run8 -> veh=8 dist=6090.29 cpu=123.155s valid=1
[838/1200] QLEARNING RC1_4_2 run10 -> veh=36 dist=9025.8 cpu=40.9382s valid=1
[839/1200] CLASSIC RC1_4_3 run4 -> veh=36 dist=8815.56 cpu=28.2676s valid=1
[840/1200] CLASSIC RC1_4_3 run9 -> veh=36 dist=8848.09 cpu=25.539s valid=1
[841/1200] CLASSIC RC1_4_3 run2 -> veh=36 dist=8645.11 cpu=33.2294s valid=1
[842/1200] QLEARNING RC1_4_2 run9 -> veh=36 dist=8987.26 cpu=47.0114s valid=1
[843/1200] QLEARNING R2_4_10 run10 -> veh=8 dist=6142.88 cpu=120.501s valid=1
[844/1200] QLEARNING RC1_4_2 run5 -> veh=36 dist=8959.04 cpu=52.4468s valid=1
[845/1200] CLASSIC RC1_4_3 run7 -> veh=36 dist=8911.42 cpu=29.8854s valid=1
[846/1200] CLASSIC RC1_4_3 run6 -> veh=36 dist=8924.03 cpu=31.6997s valid=1
[847/1200] CLASSIC RC1_4_3 run10 -> veh=36 dist=8716.79 cpu=28.8241s valid=1
[848/1200] CLASSIC RC1_4_3 run5 -> veh=36 dist=8792.76 cpu=34.5546s valid=1
[849/1200] CLASSIC RC1_4_3 run1 -> veh=36 dist=8541.74 cpu=44.0279s valid=1
[850/1200] CLASSIC RC1_4_3 run8 -> veh=36 dist=8970.78 cpu=37.2544s valid=1
[851/1200] QLEARNING RC1_4_3 run2 -> veh=36 dist=8667.69 cpu=33.7451s valid=1
[852/1200] QLEARNING RC1_4_3 run3 -> veh=36 dist=8592.68 cpu=31.0834s valid=1
[853/1200] QLEARNING RC1_4_3 run1 -> veh=36 dist=8415.38 cpu=39.4655s valid=1
[854/1200] QLEARNING RC1_4_3 run4 -> veh=36 dist=8505.16 cpu=34.5422s valid=1
[855/1200] QLEARNING RC1_4_3 run6 -> veh=36 dist=8696.58 cpu=33.5552s valid=1
[856/1200] QLEARNING RC1_4_3 run5 -> veh=36 dist=8958.92 cpu=37.9101s valid=1
[857/1200] QLEARNING RC1_4_3 run7 -> veh=36 dist=8558.91 cpu=35.8568s valid=1
[858/1200] QLEARNING RC1_4_3 run8 -> veh=36 dist=8672.37 cpu=37.8251s valid=1
[859/1200] QLEARNING RC1_4_3 run9 -> veh=36 dist=8529.37 cpu=38.4798s valid=1
[860/1200] CLASSIC RC1_4_4 run4 -> veh=36 dist=9071.59 cpu=33.829s valid=1
[861/1200] QLEARNING RC1_4_3 run10 -> veh=36 dist=8805.84 cpu=41.1517s valid=1
[862/1200] CLASSIC RC1_4_4 run9 -> veh=36 dist=9285.43 cpu=34.0524s valid=1
[863/1200] CLASSIC RC1_4_4 run1 -> veh=36 dist=8843.54 cpu=43.3151s valid=1
[864/1200] CLASSIC RC1_4_4 run6 -> veh=36 dist=8594.16 cpu=41.1147s valid=1
[865/1200] CLASSIC RC1_4_5 run5 -> veh=36 dist=10273.3 cpu=19.0852s valid=1
[866/1200] CLASSIC RC1_4_4 run2 -> veh=36 dist=8692.32 cpu=44.5226s valid=1
[867/1200] CLASSIC RC1_4_4 run5 -> veh=36 dist=9195.01 cpu=43.3313s valid=1
[868/1200] CLASSIC RC1_4_4 run8 -> veh=36 dist=9004.81 cpu=41.8532s valid=1
[869/1200] CLASSIC RC1_4_4 run7 -> veh=36 dist=9098.18 cpu=43.1557s valid=1
[870/1200] CLASSIC RC1_4_5 run1 -> veh=37 dist=8984.66 cpu=30.3443s valid=1
[871/1200] CLASSIC RC1_4_4 run3 -> veh=36 dist=9004.22 cpu=47.9491s valid=1
[872/1200] CLASSIC RC1_4_4 run10 -> veh=36 dist=8899.71 cpu=41.86s valid=1
[873/1200] CLASSIC RC1_4_5 run2 -> veh=37 dist=9058.17 cpu=29.8433s valid=1
[874/1200] CLASSIC RC1_4_5 run4 -> veh=37 dist=8957.71 cpu=29.4909s valid=1
[875/1200] QLEARNING RC1_4_4 run2 -> veh=36 dist=8444.13 cpu=42.4134s valid=1
[876/1200] QLEARNING RC1_4_4 run7 -> veh=36 dist=8537.26 cpu=39.8448s valid=1
[877/1200] CLASSIC RC1_4_5 run3 -> veh=37 dist=8910.8 cpu=30.5613s valid=1
[878/1200] CLASSIC RC1_4_5 run6 -> veh=37 dist=9052.99 cpu=29.1388s valid=1
[879/1200] QLEARNING RC1_4_4 run6 -> veh=36 dist=8439.09 cpu=43.2351s valid=1
[880/1200] QLEARNING RC1_4_4 run4 -> veh=36 dist=8560.01 cpu=44.4133s valid=1
[881/1200] QLEARNING RC1_4_4 run1 -> veh=36 dist=8632.63 cpu=46.5275s valid=1
[882/1200] QLEARNING RC1_4_4 run5 -> veh=36 dist=8334.64 cpu=44.513s valid=1
[883/1200] CLASSIC RC1_4_5 run7 -> veh=37 dist=8958 cpu=30.3163s valid=1
[884/1200] QLEARNING RC1_4_4 run8 -> veh=36 dist=8284.98 cpu=44.8889s valid=1
[885/1200] CLASSIC RC1_4_5 run10 -> veh=36 dist=9363.3 cpu=25.6751s valid=1
[886/1200] QLEARNING RC1_4_4 run3 -> veh=36 dist=8503.14 cpu=48.3222s valid=1
[887/1200] CLASSIC RC1_4_5 run8 -> veh=37 dist=9082.12 cpu=29.3571s valid=1
[888/1200] CLASSIC RC1_4_5 run9 -> veh=37 dist=9107.04 cpu=30.0453s valid=1
[889/1200] QLEARNING RC1_4_4 run9 -> veh=36 dist=8518.84 cpu=51.4601s valid=1
[890/1200] QLEARNING RC1_4_4 run10 -> veh=36 dist=8575.42 cpu=49.9503s valid=1
[891/1200] CLASSIC RC1_4_6 run3 -> veh=36 dist=9999.2 cpu=20.3625s valid=1
[892/1200] QLEARNING RC1_4_5 run2 -> veh=36 dist=9543.66 cpu=35.5975s valid=1
[893/1200] QLEARNING RC1_4_5 run7 -> veh=36 dist=9736.63 cpu=28.2099s valid=1
[894/1200] CLASSIC RC1_4_6 run1 -> veh=37 dist=9000.22 cpu=26.4033s valid=1
[895/1200] CLASSIC RC1_4_6 run2 -> veh=37 dist=8963.89 cpu=25.9767s valid=1
[896/1200] CLASSIC RC1_4_6 run4 -> veh=37 dist=8916.21 cpu=25.713s valid=1
[897/1200] QLEARNING RC1_4_5 run1 -> veh=37 dist=8854.12 cpu=40.656s valid=1
[898/1200] CLASSIC RC1_4_6 run6 -> veh=37 dist=9034.28 cpu=26.1371s valid=1
[899/1200] CLASSIC RC1_4_6 run5 -> veh=37 dist=8970.46 cpu=27.1222s valid=1
[900/1200] CLASSIC RC1_4_6 run7 -> veh=37 dist=8965.37 cpu=25.6935s valid=1
[901/1200] QLEARNING RC1_4_5 run3 -> veh=37 dist=8769.27 cpu=40.3482s valid=1
[902/1200] CLASSIC RC1_4_6 run9 -> veh=37 dist=8829.06 cpu=26.3123s valid=1
[903/1200] CLASSIC RC1_4_6 run8 -> veh=37 dist=8951.19 cpu=27.0432s valid=1
[904/1200] QLEARNING RC1_4_5 run4 -> veh=37 dist=8777.16 cpu=40.4414s valid=1
[905/1200] QLEARNING RC1_4_5 run8 -> veh=36 dist=10347.6 cpu=36.5393s valid=1
[906/1200] CLASSIC RC1_4_6 run10 -> veh=37 dist=9068.98 cpu=26.9497s valid=1
[907/1200] QLEARNING RC1_4_5 run6 -> veh=37 dist=8773.35 cpu=40.6453s valid=1
[908/1200] QLEARNING RC1_4_5 run5 -> veh=37 dist=8871.41 cpu=41.0255s valid=1
[909/1200] QLEARNING RC1_4_5 run10 -> veh=37 dist=8915.58 cpu=39.5458s valid=1
[910/1200] QLEARNING RC1_4_5 run9 -> veh=37 dist=8774.03 cpu=40.5857s valid=1
[911/1200] QLEARNING RC1_4_6 run5 -> veh=36 dist=9321.26 cpu=35.1957s valid=1
[912/1200] QLEARNING RC1_4_6 run2 -> veh=36 dist=9852.8 cpu=37.4652s valid=1
[913/1200] QLEARNING RC1_4_6 run8 -> veh=36 dist=9518.05 cpu=33.9506s valid=1
[914/1200] QLEARNING RC1_4_6 run1 -> veh=37 dist=8852.71 cpu=40.4951s valid=1
[915/1200] QLEARNING RC1_4_6 run3 -> veh=37 dist=8846.77 cpu=39.6945s valid=1
[916/1200] QLEARNING RC1_4_6 run4 -> veh=37 dist=8879.22 cpu=39.996s valid=1
[917/1200] QLEARNING RC1_4_6 run7 -> veh=37 dist=8798.3 cpu=38.6012s valid=1
[918/1200] QLEARNING RC1_4_6 run6 -> veh=37 dist=8797.13 cpu=39.5751s valid=1
[919/1200] QLEARNING RC1_4_6 run9 -> veh=37 dist=8736.68 cpu=39.1102s valid=1
[920/1200] CLASSIC RC1_4_7 run1 -> veh=37 dist=8710.04 cpu=34.2299s valid=1
[921/1200] CLASSIC RC1_4_7 run2 -> veh=37 dist=8956.18 cpu=33.8335s valid=1
[922/1200] CLASSIC RC1_4_8 run2 -> veh=36 dist=9691.21 cpu=14.9979s valid=1
[923/1200] QLEARNING RC1_4_6 run10 -> veh=37 dist=8809.64 cpu=40.1537s valid=1
[924/1200] CLASSIC RC1_4_7 run3 -> veh=37 dist=8933.81 cpu=33.8191s valid=1
[925/1200] CLASSIC RC1_4_7 run4 -> veh=37 dist=8857.17 cpu=33.8895s valid=1
[926/1200] CLASSIC RC1_4_7 run5 -> veh=37 dist=8788.97 cpu=33.7668s valid=1
[927/1200] CLASSIC RC1_4_7 run6 -> veh=37 dist=8982.22 cpu=32.8962s valid=1
[928/1200] CLASSIC RC1_4_8 run7 -> veh=36 dist=10080.6 cpu=11.3337s valid=1
[929/1200] CLASSIC RC1_4_7 run7 -> veh=37 dist=8729.58 cpu=33.8617s valid=1
[930/1200] CLASSIC RC1_4_7 run9 -> veh=37 dist=8909.24 cpu=34.1036s valid=1
[931/1200] CLASSIC RC1_4_7 run8 -> veh=37 dist=8821.09 cpu=34.1751s valid=1
[932/1200] CLASSIC RC1_4_7 run10 -> veh=36 dist=10071.3 cpu=32.2755s valid=1
[933/1200] CLASSIC RC1_4_8 run8 -> veh=36 dist=10821.9 cpu=16.0805s valid=1
[934/1200] CLASSIC RC1_4_8 run10 -> veh=36 dist=10935.8 cpu=16.6752s valid=1
[935/1200] QLEARNING RC1_4_7 run4 -> veh=36 dist=9928.23 cpu=36.0801s valid=1
[936/1200] QLEARNING RC1_4_7 run2 -> veh=36 dist=9912.78 cpu=39.5178s valid=1
[937/1200] QLEARNING RC1_4_7 run1 -> veh=37 dist=8599.2 cpu=43.4029s valid=1
[938/1200] QLEARNING RC1_4_7 run7 -> veh=36 dist=9298.02 cpu=39.9778s valid=1
[939/1200] QLEARNING RC1_4_7 run5 -> veh=37 dist=8603.38 cpu=43.9613s valid=1
[940/1200] QLEARNING RC1_4_7 run3 -> veh=37 dist=8725.14 cpu=45.06s valid=1
[941/1200] QLEARNING RC1_4_7 run6 -> veh=37 dist=8687.78 cpu=44.1105s valid=1
[942/1200] QLEARNING RC1_4_7 run8 -> veh=37 dist=8581.45 cpu=44.3762s valid=1
[943/1200] CLASSIC RC1_4_8 run1 -> veh=37 dist=8766.92 cpu=40.3018s valid=1
[944/1200] QLEARNING RC1_4_7 run9 -> veh=37 dist=8661.1 cpu=43.383s valid=1
[945/1200] QLEARNING RC1_4_7 run10 -> veh=37 dist=8493.81 cpu=44.214s valid=1
[946/1200] QLEARNING RC1_4_8 run3 -> veh=36 dist=9821.77 cpu=29.5833s valid=1
[947/1200] QLEARNING RC1_4_8 run2 -> veh=36 dist=9208.4 cpu=32.2356s valid=1
[948/1200] CLASSIC RC1_4_8 run3 -> veh=37 dist=8702.34 cpu=40.447s valid=1
[949/1200] CLASSIC RC1_4_8 run4 -> veh=37 dist=8550.73 cpu=39.9831s valid=1
[950/1200] CLASSIC RC1_4_8 run5 -> veh=37 dist=8533.88 cpu=39.8279s valid=1
[951/1200] QLEARNING RC1_4_8 run4 -> veh=36 dist=9229.61 cpu=31.9227s valid=1
[952/1200] CLASSIC RC1_4_9 run2 -> veh=36 dist=9900.1 cpu=24.2689s valid=1
[953/1200] QLEARNING RC1_4_8 run1 -> veh=36 dist=9095.4 cpu=35.5428s valid=1
[954/1200] CLASSIC RC1_4_9 run3 -> veh=36 dist=9941.29 cpu=25.334s valid=1
[955/1200] CLASSIC RC1_4_8 run6 -> veh=37 dist=8486.53 cpu=41.0326s valid=1
[956/1200] CLASSIC RC1_4_8 run9 -> veh=37 dist=8676.57 cpu=40.0524s valid=1
[957/1200] CLASSIC RC1_4_9 run8 -> veh=36 dist=10264 cpu=20.9798s valid=1
[958/1200] CLASSIC RC1_4_9 run9 -> veh=36 dist=9794.34 cpu=19.5441s valid=1
[959/1200] QLEARNING RC1_4_8 run10 -> veh=36 dist=9377.42 cpu=35.7238s valid=1
[960/1200] QLEARNING RC1_4_9 run6 -> veh=36 dist=9776.51 cpu=17.1772s valid=1
[961/1200] CLASSIC RC1_4_10 run3 -> veh=36 dist=9892.59 cpu=12.3534s valid=1
[962/1200] CLASSIC RC1_4_9 run1 -> veh=37 dist=8697.05 cpu=37.4687s valid=1
[963/1200] CLASSIC RC1_4_9 run4 -> veh=36 dist=10333.5 cpu=36.7647s valid=1
[964/1200] CLASSIC RC1_4_10 run1 -> veh=36 dist=10061.9 cpu=14.3189s valid=1
[965/1200] CLASSIC RC1_4_9 run6 -> veh=36 dist=9388.65 cpu=33.6448s valid=1
[966/1200] CLASSIC RC1_4_10 run6 -> veh=36 dist=10344.9 cpu=13.7485s valid=1
[967/1200] CLASSIC RC1_4_10 run5 -> veh=36 dist=10106.3 cpu=15.0454s valid=1
[968/1200] CLASSIC RC1_4_9 run5 -> veh=37 dist=8559.72 cpu=38.633s valid=1
[969/1200] QLEARNING RC1_4_8 run8 -> veh=36 dist=9873.59 cpu=45.0912s valid=1
[970/1200] CLASSIC RC1_4_9 run7 -> veh=36 dist=9680.26 cpu=36.1028s valid=1
[971/1200] QLEARNING RC1_4_8 run5 -> veh=37 dist=8544.93 cpu=49.7134s valid=1
[972/1200] QLEARNING RC1_4_8 run9 -> veh=36 dist=9170.01 cpu=45.3498s valid=1
[973/1200] CLASSIC RC1_4_10 run4 -> veh=36 dist=9643.96 cpu=18.6692s valid=1
[974/1200] CLASSIC RC1_4_10 run7 -> veh=36 dist=10479.7 cpu=15.808s valid=1
[975/1200] CLASSIC RC1_4_10 run2 -> veh=36 dist=9402.49 cpu=19.4073s valid=1
[976/1200] QLEARNING RC1_4_8 run6 -> veh=37 dist=8398.14 cpu=49.2706s valid=1
[977/1200] CLASSIC RC1_4_10 run8 -> veh=36 dist=9688.14 cpu=15.331s valid=1
[978/1200] CLASSIC RC1_4_10 run9 -> veh=36 dist=9900.72 cpu=14.6994s valid=1
[979/1200] QLEARNING RC1_4_9 run4 -> veh=36 dist=9450.05 cpu=27.4245s valid=1
[980/1200] QLEARNING RC1_4_8 run7 -> veh=37 dist=8505.46 cpu=49.3323s valid=1
[981/1200] CLASSIC RC1_4_9 run10 -> veh=37 dist=8696.4 cpu=37.7371s valid=1
[982/1200] QLEARNING RC1_4_9 run8 -> veh=36 dist=9171.81 cpu=30.9435s valid=1
[983/1200] CLASSIC RC1_4_10 run10 -> veh=36 dist=10353.9 cpu=20.6482s valid=1
[984/1200] QLEARNING RC1_4_9 run3 -> veh=36 dist=9250.19 cpu=38.7025s valid=1
[985/1200] QLEARNING RC1_4_9 run5 -> veh=36 dist=10079.6 cpu=39.8471s valid=1
[986/1200] QLEARNING RC1_4_9 run2 -> veh=36 dist=9752.3 cpu=43.8617s valid=1
[987/1200] QLEARNING RC1_4_9 run1 -> veh=36 dist=8655.65 cpu=45.3163s valid=1
[988/1200] QLEARNING RC1_4_10 run5 -> veh=36 dist=10035.4 cpu=25.9029s valid=1
[989/1200] QLEARNING RC1_4_10 run1 -> veh=36 dist=10176 cpu=30.5816s valid=1
[990/1200] QLEARNING RC1_4_10 run6 -> veh=36 dist=9287.16 cpu=29.0301s valid=1
[991/1200] QLEARNING RC1_4_9 run7 -> veh=37 dist=8455.84 cpu=47.2993s valid=1
[992/1200] QLEARNING RC1_4_10 run3 -> veh=36 dist=8817.6 cpu=33.0313s valid=1
[993/1200] QLEARNING RC1_4_9 run9 -> veh=36 dist=9063.38 cpu=47.2969s valid=1
[994/1200] QLEARNING RC1_4_10 run4 -> veh=36 dist=9465.48 cpu=32.8973s valid=1
[995/1200] QLEARNING RC1_4_10 run9 -> veh=36 dist=9254.91 cpu=30.1547s valid=1
[996/1200] QLEARNING RC1_4_9 run10 -> veh=37 dist=8469.35 cpu=47.7209s valid=1
[997/1200] QLEARNING RC1_4_10 run2 -> veh=36 dist=9356.26 cpu=35.3907s valid=1
[998/1200] QLEARNING RC1_4_10 run10 -> veh=36 dist=9551.87 cpu=33.4424s valid=1
[999/1200] QLEARNING RC1_4_10 run7 -> veh=36 dist=8817.59 cpu=39.1038s valid=1
[1000/1200] QLEARNING RC1_4_10 run8 -> veh=36 dist=8998 cpu=44.7805s valid=1
[1001/1200] CLASSIC RC2_4_1 run2 -> veh=12 dist=6934.64 cpu=50.0564s valid=1
[1002/1200] CLASSIC RC2_4_1 run1 -> veh=12 dist=6842.71 cpu=50.4264s valid=1
[1003/1200] CLASSIC RC2_4_1 run3 -> veh=12 dist=7057.65 cpu=50.6001s valid=1
[1004/1200] CLASSIC RC2_4_1 run4 -> veh=12 dist=6823.01 cpu=50.2792s valid=1
[1005/1200] CLASSIC RC2_4_1 run5 -> veh=12 dist=7102.73 cpu=50.1619s valid=1
[1006/1200] CLASSIC RC2_4_1 run6 -> veh=12 dist=6940.5 cpu=50.3063s valid=1
[1007/1200] CLASSIC RC2_4_1 run8 -> veh=12 dist=6984.57 cpu=49.7217s valid=1
[1008/1200] CLASSIC RC2_4_1 run7 -> veh=12 dist=7003.53 cpu=50.1543s valid=1
[1009/1200] CLASSIC RC2_4_1 run10 -> veh=12 dist=6993.21 cpu=51.0344s valid=1
[1010/1200] CLASSIC RC2_4_1 run9 -> veh=12 dist=6658.36 cpu=55.7709s valid=1
[1011/1200] QLEARNING RC2_4_1 run2 -> veh=12 dist=6869.09 cpu=54.5622s valid=1
[1012/1200] QLEARNING RC2_4_1 run1 -> veh=12 dist=6804.75 cpu=56.1627s valid=1
[1013/1200] QLEARNING RC2_4_1 run4 -> veh=12 dist=6917.97 cpu=53.3477s valid=1
[1014/1200] QLEARNING RC2_4_1 run3 -> veh=12 dist=6852.08 cpu=57.1846s valid=1
[1015/1200] QLEARNING RC2_4_1 run5 -> veh=12 dist=6964.99 cpu=56.8463s valid=1
[1016/1200] QLEARNING RC2_4_1 run6 -> veh=12 dist=6844.35 cpu=55.5477s valid=1
[1017/1200] QLEARNING RC2_4_1 run7 -> veh=12 dist=6897.73 cpu=56.2268s valid=1
[1018/1200] QLEARNING RC2_4_1 run8 -> veh=12 dist=6867.75 cpu=56.3527s valid=1
[1019/1200] QLEARNING RC2_4_1 run9 -> veh=12 dist=6889.41 cpu=55.9774s valid=1
[1020/1200] QLEARNING RC2_4_1 run10 -> veh=12 dist=6969.63 cpu=55.7305s valid=1
[1021/1200] CLASSIC RC2_4_2 run1 -> veh=11 dist=6131.59 cpu=103.153s valid=1
[1022/1200] CLASSIC RC2_4_2 run3 -> veh=11 dist=5883.98 cpu=104.879s valid=1
[1023/1200] CLASSIC RC2_4_2 run2 -> veh=11 dist=6014.84 cpu=105.405s valid=1
[1024/1200] CLASSIC RC2_4_2 run4 -> veh=10 dist=6373.21 cpu=103.985s valid=1
[1025/1200] CLASSIC RC2_4_2 run8 -> veh=11 dist=6330.64 cpu=104.051s valid=1
[1026/1200] CLASSIC RC2_4_2 run6 -> veh=11 dist=5891.95 cpu=106.671s valid=1
[1027/1200] CLASSIC RC2_4_2 run5 -> veh=11 dist=6004.99 cpu=106.709s valid=1
[1028/1200] CLASSIC RC2_4_2 run7 -> veh=11 dist=5956.54 cpu=108.691s valid=1
[1029/1200] CLASSIC RC2_4_2 run10 -> veh=11 dist=6075.59 cpu=104.03s valid=1
[1030/1200] CLASSIC RC2_4_2 run9 -> veh=11 dist=5868.49 cpu=109.057s valid=1
[1031/1200] QLEARNING RC2_4_2 run1 -> veh=11 dist=5995.31 cpu=120.143s valid=1
[1032/1200] QLEARNING RC2_4_2 run2 -> veh=11 dist=5850.04 cpu=123.341s valid=1
[1033/1200] QLEARNING RC2_4_2 run6 -> veh=11 dist=5956.23 cpu=123.071s valid=1
[1034/1200] QLEARNING RC2_4_2 run3 -> veh=11 dist=5914.34 cpu=124.221s valid=1
[1035/1200] QLEARNING RC2_4_2 run4 -> veh=11 dist=5856.11 cpu=124.866s valid=1
[1036/1200] QLEARNING RC2_4_2 run10 -> veh=10 dist=6232.69 cpu=123.338s valid=1
[1037/1200] QLEARNING RC2_4_2 run9 -> veh=11 dist=5980.9 cpu=124.266s valid=1
[1038/1200] QLEARNING RC2_4_2 run8 -> veh=11 dist=5842.34 cpu=124.28s valid=1
[1039/1200] QLEARNING RC2_4_2 run7 -> veh=10 dist=6153.02 cpu=126.179s valid=1
[1040/1200] QLEARNING RC2_4_2 run5 -> veh=11 dist=5804.35 cpu=126.673s valid=1
[1041/1200] CLASSIC RC2_4_3 run4 -> veh=8 dist=5577.15 cpu=166.161s valid=1
[1042/1200] CLASSIC RC2_4_3 run1 -> veh=8 dist=5211.58 cpu=173.393s valid=1
[1043/1200] CLASSIC RC2_4_3 run2 -> veh=8 dist=5381.45 cpu=172.424s valid=1
[1044/1200] CLASSIC RC2_4_3 run3 -> veh=8 dist=5289.42 cpu=178.289s valid=1
[1045/1200] CLASSIC RC2_4_3 run5 -> veh=8 dist=5158.81 cpu=179.543s valid=1
[1046/1200] CLASSIC RC2_4_3 run6 -> veh=8 dist=5154.18 cpu=178.763s valid=1
[1047/1200] CLASSIC RC2_4_3 run8 -> veh=8 dist=5172.89 cpu=177.17s valid=1
[1048/1200] CLASSIC RC2_4_3 run7 -> veh=8 dist=5281.47 cpu=180.234s valid=1
[1049/1200] CLASSIC RC2_4_3 run9 -> veh=8 dist=5105.56 cpu=178.955s valid=1
[1050/1200] CLASSIC RC2_4_3 run10 -> veh=8 dist=5850.18 cpu=180.187s valid=1
[1051/1200] QLEARNING RC2_4_3 run2 -> veh=8 dist=5242.69 cpu=192.267s valid=1
[1052/1200] QLEARNING RC2_4_3 run1 -> veh=8 dist=5260.52 cpu=202.705s valid=1
[1053/1200] QLEARNING RC2_4_3 run3 -> veh=8 dist=5191.81 cpu=199.355s valid=1
[1054/1200] QLEARNING RC2_4_3 run5 -> veh=8 dist=5293.59 cpu=197.005s valid=1
[1055/1200] QLEARNING RC2_4_3 run6 -> veh=8 dist=5321.61 cpu=198.05s valid=1
[1056/1200] QLEARNING RC2_4_3 run10 -> veh=9 dist=5060.48 cpu=194.133s valid=1
[1057/1200] QLEARNING RC2_4_3 run4 -> veh=8 dist=5241.25 cpu=202.051s valid=1
[1058/1200] QLEARNING RC2_4_3 run7 -> veh=9 dist=4983 cpu=199.55s valid=1
[1059/1200] QLEARNING RC2_4_3 run8 -> veh=9 dist=4933.6 cpu=198.104s valid=1
[1060/1200] CLASSIC RC2_4_5 run1 -> veh=10 dist=6201.14 cpu=86.2585s valid=1
[1061/1200] QLEARNING RC2_4_3 run9 -> veh=8 dist=5191.86 cpu=202.164s valid=1
[1062/1200] CLASSIC RC2_4_5 run2 -> veh=10 dist=6122.47 cpu=84.9379s valid=1
[1063/1200] CLASSIC RC2_4_5 run3 -> veh=10 dist=6225.78 cpu=85.5332s valid=1
[1064/1200] CLASSIC RC2_4_5 run4 -> veh=10 dist=6222.32 cpu=86.3698s valid=1
[1065/1200] CLASSIC RC2_4_4 run2 -> veh=8 dist=3877.74 cpu=263.941s valid=1
[1066/1200] CLASSIC RC2_4_5 run7 -> veh=10 dist=6276.4 cpu=84.0416s valid=1
[1067/1200] CLASSIC RC2_4_5 run8 -> veh=10 dist=6362.82 cpu=83.7229s valid=1
[1068/1200] CLASSIC RC2_4_5 run6 -> veh=10 dist=6043.04 cpu=87.4995s valid=1
[1069/1200] CLASSIC RC2_4_5 run10 -> veh=10 dist=6161.81 cpu=84.4883s valid=1
[1070/1200] CLASSIC RC2_4_5 run5 -> veh=10 dist=5930.11 cpu=93.1321s valid=1
[1071/1200] CLASSIC RC2_4_4 run1 -> veh=8 dist=3703.66 cpu=281.28s valid=1
[1072/1200] CLASSIC RC2_4_5 run9 -> veh=10 dist=6178.38 cpu=86.5261s valid=1
[1073/1200] QLEARNING RC2_4_4 run1 -> veh=8 dist=3738.23 cpu=242.345s valid=1
[1074/1200] QLEARNING RC2_4_5 run1 -> veh=10 dist=6101.6 cpu=89.6441s valid=1
[1075/1200] CLASSIC RC2_4_4 run3 -> veh=8 dist=4000.57 cpu=266.173s valid=1
[1076/1200] QLEARNING RC2_4_5 run2 -> veh=10 dist=6172.42 cpu=89.8098s valid=1
[1077/1200] QLEARNING RC2_4_4 run2 -> veh=8 dist=3798.48 cpu=249.899s valid=1
[1078/1200] QLEARNING RC2_4_5 run4 -> veh=10 dist=6149.5 cpu=90.0208s valid=1
[1079/1200] QLEARNING RC2_4_5 run3 -> veh=10 dist=6038.25 cpu=91.3555s valid=1
[1080/1200] CLASSIC RC2_4_4 run6 -> veh=8 dist=3920.32 cpu=268.799s valid=1
[1081/1200] QLEARNING RC2_4_5 run5 -> veh=10 dist=6172.35 cpu=88.8489s valid=1
[1082/1200] CLASSIC RC2_4_4 run8 -> veh=8 dist=3808.09 cpu=270.216s valid=1
[1083/1200] CLASSIC RC2_4_4 run10 -> veh=8 dist=3839.1 cpu=272.508s valid=1
[1084/1200] CLASSIC RC2_4_4 run7 -> veh=8 dist=3798.08 cpu=273.212s valid=1
[1085/1200] CLASSIC RC2_4_4 run9 -> veh=8 dist=3827.07 cpu=275.207s valid=1
[1086/1200] QLEARNING RC2_4_5 run6 -> veh=10 dist=6113.67 cpu=90.2671s valid=1
[1087/1200] CLASSIC RC2_4_4 run5 -> veh=8 dist=3777.27 cpu=283.439s valid=1
[1088/1200] QLEARNING RC2_4_4 run3 -> veh=8 dist=3829.74 cpu=238.427s valid=1
[1089/1200] QLEARNING RC2_4_4 run4 -> veh=8 dist=3838.87 cpu=240.579s valid=1
[1090/1200] CLASSIC RC2_4_4 run4 -> veh=8 dist=3732.14 cpu=303.174s valid=1
[1091/1200] QLEARNING RC2_4_4 run6 -> veh=8 dist=3824.45 cpu=235.092s valid=1
[1092/1200] QLEARNING RC2_4_4 run5 -> veh=8 dist=3742.22 cpu=241.946s valid=1
[1093/1200] QLEARNING RC2_4_4 run7 -> veh=8 dist=3700.24 cpu=234.075s valid=1
[1094/1200] QLEARNING RC2_4_4 run10 -> veh=8 dist=3830.03 cpu=234.816s valid=1
[1095/1200] QLEARNING RC2_4_4 run8 -> veh=8 dist=3789.21 cpu=239.469s valid=1
[1096/1200] QLEARNING RC2_4_4 run9 -> veh=8 dist=3714.94 cpu=239.667s valid=1
[1097/1200] QLEARNING RC2_4_5 run7 -> veh=10 dist=6172.26 cpu=88.3752s valid=1
[1098/1200] CLASSIC RC2_4_6 run1 -> veh=9 dist=6094.8 cpu=80.9884s valid=1
[1099/1200] CLASSIC RC2_4_6 run2 -> veh=9 dist=6087.73 cpu=80.1133s valid=1
[1100/1200] CLASSIC RC2_4_6 run4 -> veh=9 dist=6218.03 cpu=81.0058s valid=1
[1101/1200] CLASSIC RC2_4_6 run3 -> veh=9 dist=6032.96 cpu=82.7474s valid=1
[1102/1200] CLASSIC RC2_4_6 run5 -> veh=9 dist=6224.19 cpu=81.7499s valid=1
[1103/1200] QLEARNING RC2_4_5 run8 -> veh=10 dist=6071.38 cpu=88.262s valid=1
[1104/1200] CLASSIC RC2_4_6 run6 -> veh=9 dist=6288.02 cpu=80.0235s valid=1
[1105/1200] QLEARNING RC2_4_5 run10 -> veh=10 dist=6094.8 cpu=87.6406s valid=1
[1106/1200] QLEARNING RC2_4_5 run9 -> veh=10 dist=5908.56 cpu=87.8772s valid=1
[1107/1200] CLASSIC RC2_4_6 run7 -> veh=9 dist=6145.61 cpu=81.6105s valid=1
[1108/1200] CLASSIC RC2_4_6 run8 -> veh=9 dist=5793.35 cpu=81.0952s valid=1
[1109/1200] CLASSIC RC2_4_6 run10 -> veh=9 dist=6141.41 cpu=80.0277s valid=1
[1110/1200] CLASSIC RC2_4_6 run9 -> veh=9 dist=6259.89 cpu=81.5362s valid=1
[1111/1200] QLEARNING RC2_4_6 run1 -> veh=9 dist=5847 cpu=85.0063s valid=1
[1112/1200] QLEARNING RC2_4_6 run3 -> veh=9 dist=6055.66 cpu=82.8983s valid=1
[1113/1200] QLEARNING RC2_4_6 run2 -> veh=9 dist=5951.01 cpu=84.5009s valid=1
[1114/1200] QLEARNING RC2_4_6 run4 -> veh=9 dist=6141.24 cpu=84.7271s valid=1
[1115/1200] QLEARNING RC2_4_6 run5 -> veh=9 dist=6136.13 cpu=84.6164s valid=1
[1116/1200] QLEARNING RC2_4_6 run6 -> veh=9 dist=5751.01 cpu=85.4962s valid=1
[1117/1200] QLEARNING RC2_4_6 run7 -> veh=9 dist=6088.92 cpu=85.2179s valid=1
[1118/1200] QLEARNING RC2_4_6 run8 -> veh=9 dist=6100.49 cpu=84.2653s valid=1
[1119/1200] QLEARNING RC2_4_6 run9 -> veh=9 dist=6067.86 cpu=84.0118s valid=1
[1120/1200] QLEARNING RC2_4_6 run10 -> veh=9 dist=6027.69 cpu=84.7896s valid=1
[1121/1200] CLASSIC RC2_4_7 run2 -> veh=8 dist=5817.9 cpu=108.444s valid=1
[1122/1200] CLASSIC RC2_4_7 run1 -> veh=8 dist=5970.76 cpu=110.876s valid=1
[1123/1200] CLASSIC RC2_4_7 run3 -> veh=8 dist=5919.55 cpu=107.679s valid=1
[1124/1200] CLASSIC RC2_4_7 run4 -> veh=8 dist=5828.49 cpu=107.471s valid=1
[1125/1200] CLASSIC RC2_4_7 run5 -> veh=8 dist=5928.84 cpu=110.796s valid=1
[1126/1200] CLASSIC RC2_4_7 run6 -> veh=8 dist=6050.79 cpu=109.845s valid=1
[1127/1200] CLASSIC RC2_4_7 run7 -> veh=8 dist=6017.94 cpu=109.173s valid=1
[1128/1200] CLASSIC RC2_4_7 run8 -> veh=8 dist=5921.58 cpu=108.68s valid=1
[1129/1200] CLASSIC RC2_4_7 run9 -> veh=8 dist=6020.57 cpu=106.722s valid=1
[1130/1200] CLASSIC RC2_4_7 run10 -> veh=8 dist=6042.27 cpu=109.968s valid=1
[1131/1200] QLEARNING RC2_4_7 run1 -> veh=8 dist=5799.71 cpu=113.802s valid=1
[1132/1200] QLEARNING RC2_4_7 run2 -> veh=8 dist=5810.81 cpu=114.237s valid=1
[1133/1200] QLEARNING RC2_4_7 run5 -> veh=8 dist=5881.17 cpu=112.248s valid=1
[1134/1200] QLEARNING RC2_4_7 run4 -> veh=8 dist=6031.24 cpu=112.645s valid=1
[1135/1200] QLEARNING RC2_4_7 run3 -> veh=8 dist=5805.88 cpu=114.054s valid=1
[1136/1200] QLEARNING RC2_4_7 run6 -> veh=8 dist=5944.3 cpu=113.677s valid=1
[1137/1200] QLEARNING RC2_4_7 run9 -> veh=9 dist=5581.62 cpu=111.778s valid=1
[1138/1200] QLEARNING RC2_4_7 run7 -> veh=8 dist=5798.62 cpu=114.313s valid=1
[1139/1200] QLEARNING RC2_4_7 run8 -> veh=8 dist=5688.35 cpu=115.631s valid=1
[1140/1200] QLEARNING RC2_4_7 run10 -> veh=8 dist=5855.18 cpu=113.776s valid=1
[1141/1200] CLASSIC RC2_4_8 run1 -> veh=8 dist=5160.13 cpu=136.566s valid=1
[1142/1200] CLASSIC RC2_4_8 run2 -> veh=8 dist=5003.37 cpu=138.034s valid=1
[1143/1200] CLASSIC RC2_4_8 run3 -> veh=8 dist=5115.63 cpu=137.042s valid=1
[1144/1200] CLASSIC RC2_4_8 run4 -> veh=8 dist=5247.35 cpu=132.944s valid=1
[1145/1200] CLASSIC RC2_4_8 run5 -> veh=8 dist=5111.83 cpu=136.836s valid=1
[1146/1200] CLASSIC RC2_4_8 run7 -> veh=8 dist=5388.81 cpu=132.099s valid=1
[1147/1200] CLASSIC RC2_4_8 run10 -> veh=8 dist=5303.7 cpu=134.967s valid=1
[1148/1200] CLASSIC RC2_4_8 run6 -> veh=8 dist=4941.12 cpu=140.717s valid=1
[1149/1200] CLASSIC RC2_4_8 run9 -> veh=8 dist=5149.15 cpu=136.691s valid=1
[1150/1200] CLASSIC RC2_4_8 run8 -> veh=8 dist=5123.62 cpu=140.821s valid=1
[1151/1200] QLEARNING RC2_4_8 run1 -> veh=8 dist=5104.93 cpu=134.174s valid=1
[1152/1200] QLEARNING RC2_4_8 run2 -> veh=8 dist=5150.38 cpu=133.752s valid=1
[1153/1200] QLEARNING RC2_4_8 run5 -> veh=8 dist=5168.06 cpu=134.268s valid=1
[1154/1200] QLEARNING RC2_4_8 run3 -> veh=8 dist=5218.5 cpu=136.728s valid=1
[1155/1200] QLEARNING RC2_4_8 run6 -> veh=8 dist=5071.06 cpu=135.717s valid=1
[1156/1200] QLEARNING RC2_4_8 run4 -> veh=8 dist=5203.41 cpu=138.016s valid=1
[1157/1200] QLEARNING RC2_4_8 run7 -> veh=8 dist=5139.19 cpu=136.154s valid=1
[1158/1200] QLEARNING RC2_4_8 run9 -> veh=8 dist=5100.47 cpu=135.498s valid=1
[1159/1200] QLEARNING RC2_4_8 run8 -> veh=8 dist=5184.9 cpu=137.021s valid=1
[1160/1200] QLEARNING RC2_4_8 run10 -> veh=8 dist=5063.11 cpu=137.609s valid=1
[1161/1200] CLASSIC RC2_4_9 run1 -> veh=8 dist=5013.27 cpu=136.144s valid=1
[1162/1200] CLASSIC RC2_4_9 run2 -> veh=8 dist=5132.64 cpu=134.931s valid=1
[1163/1200] CLASSIC RC2_4_9 run5 -> veh=8 dist=5171.28 cpu=135.225s valid=1
[1164/1200] CLASSIC RC2_4_9 run3 -> veh=8 dist=5143.97 cpu=137.73s valid=1
[1165/1200] CLASSIC RC2_4_9 run4 -> veh=8 dist=4992.29 cpu=137.398s valid=1
[1166/1200] CLASSIC RC2_4_9 run9 -> veh=8 dist=4927.96 cpu=137.702s valid=1
[1167/1200] CLASSIC RC2_4_9 run7 -> veh=8 dist=5121.1 cpu=138.767s valid=1
[1168/1200] CLASSIC RC2_4_9 run6 -> veh=8 dist=4703.48 cpu=142.461s valid=1
[1169/1200] QLEARNING RC2_4_9 run1 -> veh=8 dist=4873.4 cpu=138.664s valid=1
[1170/1200] QLEARNING RC2_4_9 run2 -> veh=8 dist=4882.05 cpu=137.716s valid=1
[1171/1200] CLASSIC RC2_4_9 run10 -> veh=8 dist=4648.03 cpu=143.885s valid=1
[1172/1200] CLASSIC RC2_4_9 run8 -> veh=8 dist=4770.83 cpu=151.294s valid=1
[1173/1200] QLEARNING RC2_4_9 run7 -> veh=8 dist=4850.8 cpu=116.895s valid=1
[1174/1200] QLEARNING RC2_4_9 run3 -> veh=8 dist=4870.8 cpu=139.725s valid=1
[1175/1200] QLEARNING RC2_4_9 run4 -> veh=8 dist=4893.58 cpu=137.508s valid=1
[1176/1200] QLEARNING RC2_4_9 run10 -> veh=8 dist=4935.12 cpu=114.988s valid=1
[1177/1200] QLEARNING RC2_4_9 run5 -> veh=8 dist=4913.35 cpu=138.811s valid=1
[1178/1200] QLEARNING RC2_4_9 run8 -> veh=8 dist=4865.7 cpu=129.031s valid=1
[1179/1200] QLEARNING RC2_4_9 run6 -> veh=8 dist=4961.79 cpu=134.512s valid=1
[1180/1200] QLEARNING RC2_4_9 run9 -> veh=8 dist=4828.02 cpu=125.291s valid=1
[1181/1200] CLASSIC RC2_4_10 run3 -> veh=8 dist=4785.59 cpu=127.48s valid=1
[1182/1200] CLASSIC RC2_4_10 run2 -> veh=8 dist=4470.37 cpu=142.069s valid=1
[1183/1200] CLASSIC RC2_4_10 run1 -> veh=8 dist=4503.21 cpu=149.402s valid=1
[1184/1200] CLASSIC RC2_4_10 run4 -> veh=8 dist=4444.79 cpu=142.823s valid=1
[1185/1200] CLASSIC RC2_4_10 run7 -> veh=8 dist=4593.03 cpu=112.596s valid=1
[1186/1200] CLASSIC RC2_4_10 run8 -> veh=8 dist=4583.89 cpu=120.87s valid=1
[1187/1200] QLEARNING RC2_4_10 run1 -> veh=8 dist=4563.57 cpu=111.949s valid=1
[1188/1200] QLEARNING RC2_4_10 run2 -> veh=8 dist=4582.66 cpu=109.256s valid=1
[1189/1200] CLASSIC RC2_4_10 run6 -> veh=8 dist=4485.2 cpu=128.345s valid=1
[1190/1200] CLASSIC RC2_4_10 run9 -> veh=8 dist=4564.16 cpu=121.244s valid=1
[1191/1200] CLASSIC RC2_4_10 run5 -> veh=8 dist=4590.62 cpu=132.743s valid=1
[1192/1200] QLEARNING RC2_4_10 run5 -> veh=8 dist=4564.98 cpu=97.0528s valid=1
[1193/1200] QLEARNING RC2_4_10 run7 -> veh=8 dist=4517.17 cpu=96.7633s valid=1
[1194/1200] QLEARNING RC2_4_10 run8 -> veh=8 dist=4614.73 cpu=97.7855s valid=1
[1195/1200] QLEARNING RC2_4_10 run3 -> veh=8 dist=4601 cpu=118.049s valid=1
[1196/1200] QLEARNING RC2_4_10 run10 -> veh=8 dist=4551.4 cpu=97.8531s valid=1
[1197/1200] CLASSIC RC2_4_10 run10 -> veh=8 dist=4539.01 cpu=126.858s valid=1
[1198/1200] QLEARNING RC2_4_10 run6 -> veh=8 dist=4548.87 cpu=107.38s valid=1
[1199/1200] QLEARNING RC2_4_10 run4 -> veh=8 dist=4597.9 cpu=114.099s valid=1
[1200/1200] QLEARNING RC2_4_10 run9 -> veh=8 dist=4530.48 cpu=104.331s valid=1
=== Fin size=400. Nuevas: 1200 | errores: 0 | Wall-clock: 0h 55m 59.3s ===
Campaña para size=400 finalizada.
