============================================================
Job ID:           55487
Nodo asignado:    n003
Workers asignados: 32
============================================================
=== Campana PARALELA | size=200 | hilos: 32 | params: (por defecto) ===
=== Instancias: 60 | corridas objetivo: 1200 | ya hechas: 0 | pendientes: 1200 ===
=== Maestro: /home/jose.osnayo/PFC_VRPTW/Experiments/results/master_gh200.csv (SOBRESCRIBE, se guarda corrida a corrida) ===
[1/1200] QLEARNING C1_2_1 run5 -> veh=20 dist=2704.57 cpu=7.7637s valid=1
[2/1200] QLEARNING C1_2_1 run10 -> veh=20 dist=2704.57 cpu=7.78932s valid=1
[3/1200] CLASSIC C1_2_1 run5 -> veh=20 dist=2704.57 cpu=7.91258s valid=1
[4/1200] CLASSIC C1_2_1 run3 -> veh=20 dist=2704.57 cpu=7.9261s valid=1
[5/1200] CLASSIC C1_2_1 run1 -> veh=20 dist=2704.57 cpu=7.94249s valid=1
[6/1200] CLASSIC C1_2_1 run2 -> veh=20 dist=2704.57 cpu=8.04666s valid=1
[7/1200] CLASSIC C1_2_1 run10 -> veh=20 dist=2704.57 cpu=8.06851s valid=1
[8/1200] CLASSIC C1_2_1 run7 -> veh=20 dist=2704.57 cpu=8.07674s valid=1
[9/1200] CLASSIC C1_2_1 run8 -> veh=20 dist=2704.57 cpu=8.06849s valid=1
[10/1200] CLASSIC C1_2_1 run9 -> veh=20 dist=2704.57 cpu=8.08568s valid=1
[11/1200] CLASSIC C1_2_1 run4 -> veh=20 dist=2704.57 cpu=8.21961s valid=1
[12/1200] QLEARNING C1_2_1 run2 -> veh=20 dist=2704.57 cpu=8.30001s valid=1
[13/1200] CLASSIC C1_2_1 run6 -> veh=20 dist=2704.57 cpu=8.34954s valid=1
[14/1200] QLEARNING C1_2_1 run7 -> veh=20 dist=2704.57 cpu=8.35107s valid=1
[15/1200] QLEARNING C1_2_1 run6 -> veh=20 dist=2704.57 cpu=8.47263s valid=1
[16/1200] QLEARNING C1_2_1 run9 -> veh=20 dist=2704.57 cpu=8.47019s valid=1
[17/1200] QLEARNING C1_2_1 run4 -> veh=20 dist=2704.57 cpu=8.70143s valid=1
[18/1200] QLEARNING C1_2_1 run1 -> veh=20 dist=2704.57 cpu=8.83306s valid=1
[19/1200] QLEARNING C1_2_1 run3 -> veh=20 dist=2704.57 cpu=8.83161s valid=1
[20/1200] QLEARNING C1_2_1 run8 -> veh=20 dist=2704.57 cpu=9.17308s valid=1
[21/1200] CLASSIC C1_2_2 run10 -> veh=18 dist=2962.27 cpu=9.18116s valid=1
[22/1200] CLASSIC C1_2_2 run1 -> veh=18 dist=3054.71 cpu=9.21795s valid=1
[23/1200] CLASSIC C1_2_2 run7 -> veh=18 dist=2994.35 cpu=9.35328s valid=1
[24/1200] CLASSIC C1_2_2 run3 -> veh=18 dist=2965.14 cpu=9.37919s valid=1
[25/1200] CLASSIC C1_2_2 run4 -> veh=18 dist=3049.52 cpu=9.39165s valid=1
[26/1200] CLASSIC C1_2_2 run5 -> veh=18 dist=2960.26 cpu=9.39526s valid=1
[27/1200] CLASSIC C1_2_2 run9 -> veh=18 dist=3015.61 cpu=9.4043s valid=1
[28/1200] CLASSIC C1_2_2 run6 -> veh=18 dist=2977.87 cpu=9.44978s valid=1
[29/1200] CLASSIC C1_2_2 run2 -> veh=18 dist=2996.99 cpu=9.47622s valid=1
[30/1200] CLASSIC C1_2_2 run8 -> veh=18 dist=2961.96 cpu=9.48256s valid=1
[31/1200] QLEARNING C1_2_2 run1 -> veh=18 dist=2965.14 cpu=10.4998s valid=1
[32/1200] QLEARNING C1_2_2 run2 -> veh=18 dist=2965.14 cpu=10.5106s valid=1
[33/1200] QLEARNING C1_2_2 run10 -> veh=18 dist=2949.45 cpu=9.68769s valid=1
[34/1200] QLEARNING C1_2_2 run3 -> veh=18 dist=2949.28 cpu=10.4438s valid=1
[35/1200] QLEARNING C1_2_2 run9 -> veh=18 dist=2965.14 cpu=10.1949s valid=1
[36/1200] QLEARNING C1_2_2 run6 -> veh=18 dist=3004.25 cpu=10.3411s valid=1
[37/1200] QLEARNING C1_2_2 run8 -> veh=18 dist=3009.38 cpu=10.2963s valid=1
[38/1200] QLEARNING C1_2_2 run5 -> veh=18 dist=2965.14 cpu=10.4463s valid=1
[39/1200] QLEARNING C1_2_2 run7 -> veh=18 dist=2943.83 cpu=10.6237s valid=1
[40/1200] QLEARNING C1_2_2 run4 -> veh=18 dist=2995.71 cpu=10.7981s valid=1
[41/1200] CLASSIC C1_2_3 run1 -> veh=18 dist=2763.15 cpu=11.5646s valid=1
[42/1200] CLASSIC C1_2_3 run2 -> veh=18 dist=2737.55 cpu=11.5866s valid=1
[43/1200] CLASSIC C1_2_3 run4 -> veh=18 dist=2757.66 cpu=11.4299s valid=1
[44/1200] CLASSIC C1_2_3 run3 -> veh=18 dist=2719.62 cpu=11.5377s valid=1
[45/1200] CLASSIC C1_2_3 run5 -> veh=18 dist=2770.75 cpu=11.5527s valid=1
[46/1200] CLASSIC C1_2_3 run6 -> veh=18 dist=2754.88 cpu=11.7135s valid=1
[47/1200] CLASSIC C1_2_3 run8 -> veh=18 dist=2719.9 cpu=11.5483s valid=1
[48/1200] CLASSIC C1_2_3 run7 -> veh=18 dist=2755.39 cpu=11.6636s valid=1
[49/1200] CLASSIC C1_2_3 run9 -> veh=18 dist=2755.39 cpu=11.6576s valid=1
[50/1200] CLASSIC C1_2_3 run10 -> veh=18 dist=2722.49 cpu=11.7104s valid=1
[51/1200] QLEARNING C1_2_3 run7 -> veh=18 dist=2710.31 cpu=11.2808s valid=1
[52/1200] QLEARNING C1_2_3 run2 -> veh=18 dist=2707.35 cpu=12.3117s valid=1
[53/1200] QLEARNING C1_2_3 run1 -> veh=18 dist=2723.83 cpu=12.6904s valid=1
[54/1200] QLEARNING C1_2_3 run5 -> veh=18 dist=2721.42 cpu=12.4227s valid=1
[55/1200] QLEARNING C1_2_3 run3 -> veh=18 dist=2707.35 cpu=12.6267s valid=1
[56/1200] QLEARNING C1_2_3 run10 -> veh=18 dist=2753.64 cpu=12.6089s valid=1
[57/1200] QLEARNING C1_2_3 run8 -> veh=18 dist=2722.72 cpu=12.8873s valid=1
[58/1200] QLEARNING C1_2_3 run9 -> veh=18 dist=2722.49 cpu=12.8794s valid=1
[59/1200] QLEARNING C1_2_3 run6 -> veh=18 dist=2720.24 cpu=13.0532s valid=1
[60/1200] QLEARNING C1_2_3 run4 -> veh=18 dist=2721.27 cpu=13.3434s valid=1
[61/1200] CLASSIC C1_2_4 run2 -> veh=18 dist=2655.02 cpu=13.7421s valid=1
[62/1200] CLASSIC C1_2_4 run1 -> veh=18 dist=2648.51 cpu=13.8875s valid=1
[63/1200] CLASSIC C1_2_4 run3 -> veh=18 dist=2649.09 cpu=13.5116s valid=1
[64/1200] CLASSIC C1_2_4 run4 -> veh=18 dist=2649.55 cpu=13.7688s valid=1
[65/1200] CLASSIC C1_2_5 run1 -> veh=20 dist=2702.05 cpu=8.75712s valid=1
[66/1200] CLASSIC C1_2_5 run2 -> veh=20 dist=2702.05 cpu=8.82836s valid=1
[67/1200] CLASSIC C1_2_5 run3 -> veh=20 dist=2702.05 cpu=8.86382s valid=1
[68/1200] CLASSIC C1_2_5 run4 -> veh=20 dist=2702.05 cpu=8.7499s valid=1
[69/1200] CLASSIC C1_2_5 run5 -> veh=20 dist=2702.05 cpu=8.73675s valid=1
[70/1200] CLASSIC C1_2_5 run7 -> veh=20 dist=2702.05 cpu=8.75965s valid=1
[71/1200] CLASSIC C1_2_5 run6 -> veh=20 dist=2702.05 cpu=8.87173s valid=1
[72/1200] CLASSIC C1_2_5 run8 -> veh=20 dist=2702.05 cpu=8.81805s valid=1
[73/1200] CLASSIC C1_2_5 run10 -> veh=20 dist=2702.05 cpu=8.70721s valid=1
[74/1200] CLASSIC C1_2_5 run9 -> veh=20 dist=2702.05 cpu=8.7621s valid=1
[75/1200] QLEARNING C1_2_5 run1 -> veh=20 dist=2702.05 cpu=9.13747s valid=1
[76/1200] CLASSIC C1_2_4 run9 -> veh=18 dist=2651.97 cpu=13.2913s valid=1
[77/1200] CLASSIC C1_2_4 run5 -> veh=18 dist=2650.67 cpu=13.8675s valid=1
[78/1200] CLASSIC C1_2_4 run7 -> veh=18 dist=2648.15 cpu=13.4025s valid=1
[79/1200] CLASSIC C1_2_4 run10 -> veh=18 dist=2652.36 cpu=13.3196s valid=1
[80/1200] CLASSIC C1_2_4 run6 -> veh=18 dist=2647.53 cpu=13.5606s valid=1
[81/1200] QLEARNING C1_2_5 run2 -> veh=20 dist=2702.05 cpu=9.33113s valid=1
[82/1200] QLEARNING C1_2_5 run4 -> veh=20 dist=2702.05 cpu=8.61841s valid=1
[83/1200] CLASSIC C1_2_4 run8 -> veh=18 dist=2645.21 cpu=13.7233s valid=1
[84/1200] QLEARNING C1_2_4 run2 -> veh=18 dist=2647.12 cpu=13.6622s valid=1
[85/1200] QLEARNING C1_2_5 run3 -> veh=20 dist=2702.05 cpu=9.08314s valid=1
[86/1200] QLEARNING C1_2_5 run6 -> veh=20 dist=2702.05 cpu=8.52625s valid=1
[87/1200] QLEARNING C1_2_5 run5 -> veh=20 dist=2702.05 cpu=8.90668s valid=1
[88/1200] QLEARNING C1_2_4 run3 -> veh=18 dist=2646.97 cpu=13.5025s valid=1
[89/1200] QLEARNING C1_2_4 run7 -> veh=18 dist=2647.58 cpu=13.2928s valid=1
[90/1200] QLEARNING C1_2_4 run4 -> veh=18 dist=2646.74 cpu=13.9702s valid=1
[91/1200] QLEARNING C1_2_4 run9 -> veh=18 dist=2648.13 cpu=13.5929s valid=1
[92/1200] QLEARNING C1_2_4 run1 -> veh=18 dist=2650.56 cpu=15.5582s valid=1
[93/1200] QLEARNING C1_2_4 run6 -> veh=18 dist=2649.18 cpu=14.6023s valid=1
[94/1200] QLEARNING C1_2_4 run10 -> veh=18 dist=2649.97 cpu=14.266s valid=1
[95/1200] QLEARNING C1_2_4 run5 -> veh=18 dist=2646.36 cpu=14.801s valid=1
[96/1200] QLEARNING C1_2_4 run8 -> veh=18 dist=2647.24 cpu=14.6114s valid=1
[97/1200] QLEARNING C1_2_5 run8 -> veh=20 dist=2702.05 cpu=8.31335s valid=1
[98/1200] QLEARNING C1_2_5 run7 -> veh=20 dist=2702.05 cpu=8.81533s valid=1
[99/1200] QLEARNING C1_2_5 run9 -> veh=20 dist=2702.05 cpu=8.86114s valid=1
[100/1200] QLEARNING C1_2_5 run10 -> veh=20 dist=2702.05 cpu=8.46092s valid=1
[101/1200] CLASSIC C1_2_6 run1 -> veh=20 dist=2701.04 cpu=9.7243s valid=1
[102/1200] CLASSIC C1_2_6 run3 -> veh=20 dist=2701.04 cpu=9.37655s valid=1
[103/1200] CLASSIC C1_2_6 run4 -> veh=20 dist=2701.04 cpu=9.61763s valid=1
[104/1200] CLASSIC C1_2_6 run6 -> veh=20 dist=2701.04 cpu=9.7005s valid=1
[105/1200] CLASSIC C1_2_6 run9 -> veh=20 dist=2701.04 cpu=9.34676s valid=1
[106/1200] CLASSIC C1_2_6 run8 -> veh=20 dist=2701.04 cpu=9.54843s valid=1
[107/1200] CLASSIC C1_2_6 run2 -> veh=20 dist=2701.04 cpu=10.6403s valid=1
[108/1200] CLASSIC C1_2_6 run5 -> veh=20 dist=2701.04 cpu=10.2387s valid=1
[109/1200] CLASSIC C1_2_6 run7 -> veh=20 dist=2701.04 cpu=9.66968s valid=1
[110/1200] QLEARNING C1_2_6 run2 -> veh=20 dist=2701.04 cpu=9.81874s valid=1
[111/1200] QLEARNING C1_2_6 run4 -> veh=20 dist=2701.04 cpu=9.68278s valid=1
[112/1200] QLEARNING C1_2_6 run1 -> veh=20 dist=2701.04 cpu=10.2079s valid=1
[113/1200] CLASSIC C1_2_6 run10 -> veh=20 dist=2701.04 cpu=10.3457s valid=1
[114/1200] QLEARNING C1_2_6 run5 -> veh=20 dist=2701.04 cpu=10.1062s valid=1
[115/1200] QLEARNING C1_2_6 run8 -> veh=20 dist=2701.04 cpu=9.39419s valid=1
[116/1200] QLEARNING C1_2_6 run3 -> veh=20 dist=2701.04 cpu=10.6566s valid=1
[117/1200] QLEARNING C1_2_6 run6 -> veh=20 dist=2701.04 cpu=10.3673s valid=1
[118/1200] QLEARNING C1_2_6 run9 -> veh=20 dist=2701.04 cpu=9.76617s valid=1
[119/1200] QLEARNING C1_2_6 run7 -> veh=20 dist=2701.04 cpu=10.6955s valid=1
[120/1200] QLEARNING C1_2_6 run10 -> veh=20 dist=2701.04 cpu=9.91914s valid=1
[121/1200] CLASSIC C1_2_7 run2 -> veh=20 dist=2701.04 cpu=10.8463s valid=1
[122/1200] CLASSIC C1_2_7 run4 -> veh=20 dist=2701.04 cpu=10.4336s valid=1
[123/1200] CLASSIC C1_2_7 run6 -> veh=20 dist=2701.04 cpu=10.5635s valid=1
[124/1200] CLASSIC C1_2_7 run8 -> veh=20 dist=2701.04 cpu=10.472s valid=1
[125/1200] CLASSIC C1_2_7 run5 -> veh=20 dist=2701.04 cpu=11.0307s valid=1
[126/1200] QLEARNING C1_2_7 run1 -> veh=20 dist=2701.04 cpu=10.6897s valid=1
[127/1200] QLEARNING C1_2_7 run3 -> veh=20 dist=2701.04 cpu=10.4057s valid=1
[128/1200] QLEARNING C1_2_7 run4 -> veh=20 dist=2701.04 cpu=10.7593s valid=1
[129/1200] QLEARNING C1_2_7 run5 -> veh=20 dist=2701.04 cpu=10.8695s valid=1
[130/1200] QLEARNING C1_2_7 run7 -> veh=20 dist=2701.04 cpu=10.9198s valid=1
[131/1200] QLEARNING C1_2_7 run6 -> veh=20 dist=2701.04 cpu=11.2248s valid=1
[132/1200] CLASSIC C1_2_7 run1 -> veh=20 dist=2701.04 cpu=19.2052s valid=1
[133/1200] CLASSIC C1_2_8 run1 -> veh=19 dist=2824.82 cpu=11.2657s valid=1
[134/1200] CLASSIC C1_2_7 run3 -> veh=20 dist=2701.04 cpu=18.9692s valid=1
[135/1200] QLEARNING C1_2_7 run10 -> veh=20 dist=2701.04 cpu=11.6348s valid=1
[136/1200] CLASSIC C1_2_8 run3 -> veh=19 dist=2801.18 cpu=11.2257s valid=1
[137/1200] CLASSIC C1_2_8 run2 -> veh=19 dist=2776.94 cpu=11.6331s valid=1
[138/1200] CLASSIC C1_2_8 run7 -> veh=19 dist=2790.77 cpu=11.2883s valid=1
[139/1200] CLASSIC C1_2_8 run6 -> veh=19 dist=2780.26 cpu=11.7203s valid=1
[140/1200] CLASSIC C1_2_7 run7 -> veh=20 dist=2701.04 cpu=19.3027s valid=1
[141/1200] CLASSIC C1_2_8 run4 -> veh=19 dist=2780.26 cpu=12.1322s valid=1
[142/1200] QLEARNING C1_2_8 run2 -> veh=19 dist=2820.78 cpu=10.9758s valid=1
[143/1200] CLASSIC C1_2_8 run8 -> veh=19 dist=2821.7 cpu=11.7799s valid=1
[144/1200] QLEARNING C1_2_8 run1 -> veh=19 dist=2799.7 cpu=11.4236s valid=1
[145/1200] CLASSIC C1_2_8 run9 -> veh=19 dist=2788.38 cpu=11.9181s valid=1
[146/1200] CLASSIC C1_2_8 run10 -> veh=19 dist=2781.09 cpu=11.9984s valid=1
[147/1200] QLEARNING C1_2_8 run3 -> veh=19 dist=2798.13 cpu=11.1337s valid=1
[148/1200] QLEARNING C1_2_8 run4 -> veh=19 dist=2838.76 cpu=11.444s valid=1
[149/1200] QLEARNING C1_2_8 run6 -> veh=19 dist=2801.08 cpu=11.218s valid=1
[150/1200] QLEARNING C1_2_8 run5 -> veh=19 dist=2821.28 cpu=11.6303s valid=1
[151/1200] CLASSIC C1_2_7 run9 -> veh=20 dist=2701.04 cpu=19.2206s valid=1
[152/1200] CLASSIC C1_2_7 run10 -> veh=20 dist=2701.04 cpu=19.0869s valid=1
[153/1200] QLEARNING C1_2_8 run7 -> veh=19 dist=2838.77 cpu=11.8105s valid=1
[154/1200] QLEARNING C1_2_7 run2 -> veh=20 dist=2701.04 cpu=19.4237s valid=1
[155/1200] QLEARNING C1_2_8 run8 -> veh=19 dist=2800.23 cpu=11.2938s valid=1
[156/1200] QLEARNING C1_2_7 run9 -> veh=20 dist=2701.04 cpu=19.5556s valid=1
[157/1200] QLEARNING C1_2_8 run10 -> veh=19 dist=2814.16 cpu=11.2126s valid=1
[158/1200] CLASSIC C1_2_8 run5 -> veh=19 dist=2790.41 cpu=20.0741s valid=1
[159/1200] QLEARNING C1_2_7 run8 -> veh=20 dist=2701.04 cpu=21.6603s valid=1
[160/1200] QLEARNING C1_2_8 run9 -> veh=19 dist=2820.13 cpu=12.6028s valid=1
[161/1200] CLASSIC C1_2_9 run1 -> veh=18 dist=2810.18 cpu=11.6812s valid=1
[162/1200] CLASSIC C1_2_9 run2 -> veh=18 dist=2762.79 cpu=11.4286s valid=1
[163/1200] CLASSIC C1_2_9 run3 -> veh=18 dist=2741.57 cpu=11.4547s valid=1
[164/1200] CLASSIC C1_2_9 run4 -> veh=18 dist=2708 cpu=11.6619s valid=1
[165/1200] QLEARNING C1_2_9 run2 -> veh=18 dist=2779.48 cpu=10.48s valid=1
[166/1200] CLASSIC C1_2_9 run5 -> veh=18 dist=2740.16 cpu=11.8139s valid=1
[167/1200] QLEARNING C1_2_9 run3 -> veh=18 dist=2758.17 cpu=10.5438s valid=1
[168/1200] CLASSIC C1_2_9 run6 -> veh=18 dist=2702.46 cpu=11.961s valid=1
[169/1200] CLASSIC C1_2_9 run9 -> veh=18 dist=2856.06 cpu=11.4923s valid=1
[170/1200] QLEARNING C1_2_9 run4 -> veh=18 dist=2688.88 cpu=10.7832s valid=1
[171/1200] CLASSIC C1_2_9 run7 -> veh=18 dist=2746.35 cpu=12.016s valid=1
[172/1200] QLEARNING C1_2_9 run5 -> veh=18 dist=2777.06 cpu=10.5877s valid=1
[173/1200] CLASSIC C1_2_9 run8 -> veh=18 dist=2739.92 cpu=12.3509s valid=1
[174/1200] QLEARNING C1_2_9 run8 -> veh=18 dist=2750.36 cpu=10.6669s valid=1
[175/1200] CLASSIC C1_2_9 run10 -> veh=18 dist=2828.47 cpu=12.1148s valid=1
[176/1200] QLEARNING C1_2_9 run1 -> veh=18 dist=2724.28 cpu=12.0472s valid=1
[177/1200] QLEARNING C1_2_9 run6 -> veh=18 dist=2760.16 cpu=11.5139s valid=1
[178/1200] QLEARNING C1_2_9 run7 -> veh=18 dist=2717.88 cpu=11.8186s valid=1
[179/1200] QLEARNING C1_2_9 run9 -> veh=18 dist=2738.29 cpu=11.7869s valid=1
[180/1200] QLEARNING C1_2_9 run10 -> veh=18 dist=2823.59 cpu=12.2261s valid=1
[181/1200] CLASSIC C1_2_10 run1 -> veh=18 dist=2662.03 cpu=13.1191s valid=1
[182/1200] CLASSIC C1_2_10 run2 -> veh=18 dist=2688.59 cpu=13.0625s valid=1
[183/1200] CLASSIC C1_2_10 run4 -> veh=18 dist=2681.64 cpu=13.0045s valid=1
[184/1200] CLASSIC C1_2_10 run3 -> veh=18 dist=2783.98 cpu=13.4272s valid=1
[185/1200] CLASSIC C1_2_10 run5 -> veh=18 dist=2669.06 cpu=13.1504s valid=1
[186/1200] CLASSIC C1_2_10 run6 -> veh=18 dist=2667.89 cpu=13.1998s valid=1
[187/1200] CLASSIC C1_2_10 run7 -> veh=18 dist=2651.11 cpu=12.6798s valid=1
[188/1200] CLASSIC C1_2_10 run8 -> veh=18 dist=2689.03 cpu=13.3214s valid=1
[189/1200] CLASSIC C2_2_1 run1 -> veh=6 dist=1931.44 cpu=9.86059s valid=1
[190/1200] CLASSIC C2_2_1 run3 -> veh=6 dist=1931.44 cpu=9.72379s valid=1
[191/1200] CLASSIC C2_2_1 run4 -> veh=6 dist=1931.44 cpu=9.68797s valid=1
[192/1200] CLASSIC C2_2_1 run2 -> veh=6 dist=1931.44 cpu=9.76956s valid=1
[193/1200] CLASSIC C1_2_10 run9 -> veh=18 dist=2646.16 cpu=12.8759s valid=1
[194/1200] CLASSIC C2_2_1 run5 -> veh=6 dist=1931.44 cpu=9.71801s valid=1
[195/1200] CLASSIC C1_2_10 run10 -> veh=18 dist=2654.38 cpu=13.1406s valid=1
[196/1200] CLASSIC C2_2_1 run6 -> veh=6 dist=1931.44 cpu=9.94141s valid=1
[197/1200] QLEARNING C1_2_10 run2 -> veh=18 dist=2701.18 cpu=12.3578s valid=1
[198/1200] QLEARNING C1_2_10 run3 -> veh=18 dist=2650.78 cpu=12.5313s valid=1
[199/1200] CLASSIC C2_2_1 run7 -> veh=6 dist=1931.44 cpu=9.95775s valid=1
[200/1200] CLASSIC C2_2_1 run8 -> veh=6 dist=1931.44 cpu=9.78254s valid=1
[201/1200] CLASSIC C2_2_1 run9 -> veh=6 dist=1931.44 cpu=9.72665s valid=1
[202/1200] QLEARNING C1_2_10 run1 -> veh=18 dist=2696.97 cpu=12.8756s valid=1
[203/1200] CLASSIC C2_2_1 run10 -> veh=6 dist=1931.44 cpu=9.90019s valid=1
[204/1200] QLEARNING C1_2_10 run5 -> veh=18 dist=2666.2 cpu=12.8923s valid=1
[205/1200] QLEARNING C1_2_10 run6 -> veh=18 dist=2666.8 cpu=12.335s valid=1
[206/1200] QLEARNING C1_2_10 run7 -> veh=18 dist=2680.66 cpu=12.3323s valid=1
[207/1200] QLEARNING C1_2_10 run10 -> veh=18 dist=2660.82 cpu=12.2494s valid=1
[208/1200] QLEARNING C1_2_10 run4 -> veh=18 dist=2659.38 cpu=13.843s valid=1
[209/1200] QLEARNING C2_2_1 run1 -> veh=6 dist=1931.44 cpu=9.73046s valid=1
[210/1200] QLEARNING C1_2_10 run9 -> veh=18 dist=2702.35 cpu=12.7628s valid=1
[211/1200] QLEARNING C1_2_10 run8 -> veh=18 dist=2650.97 cpu=13.3952s valid=1
[212/1200] QLEARNING C2_2_1 run2 -> veh=6 dist=1931.44 cpu=9.81228s valid=1
[213/1200] QLEARNING C2_2_1 run3 -> veh=6 dist=1931.44 cpu=9.76867s valid=1
[214/1200] QLEARNING C2_2_1 run4 -> veh=6 dist=1931.44 cpu=9.83248s valid=1
[215/1200] QLEARNING C2_2_1 run5 -> veh=6 dist=1931.44 cpu=9.6784s valid=1
[216/1200] QLEARNING C2_2_1 run6 -> veh=6 dist=1931.44 cpu=9.76676s valid=1
[217/1200] QLEARNING C2_2_1 run7 -> veh=6 dist=1931.44 cpu=9.90561s valid=1
[218/1200] QLEARNING C2_2_1 run8 -> veh=6 dist=1931.44 cpu=9.82945s valid=1
[219/1200] QLEARNING C2_2_1 run9 -> veh=6 dist=1931.44 cpu=9.54494s valid=1
[220/1200] QLEARNING C2_2_1 run10 -> veh=6 dist=1931.44 cpu=9.61566s valid=1
[221/1200] CLASSIC C2_2_2 run3 -> veh=6 dist=1863.16 cpu=18.3543s valid=1
[222/1200] CLASSIC C2_2_2 run4 -> veh=6 dist=1863.16 cpu=18.5378s valid=1
[223/1200] CLASSIC C2_2_2 run1 -> veh=6 dist=1863.16 cpu=18.857s valid=1
[224/1200] CLASSIC C2_2_2 run8 -> veh=6 dist=1863.16 cpu=18.3463s valid=1
[225/1200] CLASSIC C2_2_2 run2 -> veh=6 dist=1863.16 cpu=19.0576s valid=1
[226/1200] CLASSIC C2_2_2 run6 -> veh=6 dist=1863.16 cpu=18.847s valid=1
[227/1200] CLASSIC C2_2_2 run7 -> veh=6 dist=1863.16 cpu=18.7067s valid=1
[228/1200] CLASSIC C2_2_2 run9 -> veh=6 dist=1863.16 cpu=18.6073s valid=1
[229/1200] CLASSIC C2_2_2 run5 -> veh=6 dist=1863.16 cpu=19.3303s valid=1
[230/1200] CLASSIC C2_2_2 run10 -> veh=6 dist=1863.16 cpu=18.8983s valid=1
[231/1200] QLEARNING C2_2_2 run4 -> veh=6 dist=1863.16 cpu=19.1332s valid=1
[232/1200] QLEARNING C2_2_2 run3 -> veh=6 dist=1863.16 cpu=19.2525s valid=1
[233/1200] QLEARNING C2_2_2 run2 -> veh=6 dist=1863.16 cpu=19.4204s valid=1
[234/1200] QLEARNING C2_2_2 run1 -> veh=6 dist=1863.16 cpu=19.7881s valid=1
[235/1200] QLEARNING C2_2_2 run5 -> veh=6 dist=1863.16 cpu=19.3962s valid=1
[236/1200] QLEARNING C2_2_2 run6 -> veh=6 dist=1863.16 cpu=19.4036s valid=1
[237/1200] QLEARNING C2_2_2 run7 -> veh=6 dist=1863.16 cpu=19.7339s valid=1
[238/1200] QLEARNING C2_2_2 run8 -> veh=6 dist=1863.16 cpu=19.7364s valid=1
[239/1200] QLEARNING C2_2_2 run10 -> veh=6 dist=1863.16 cpu=19.4927s valid=1
[240/1200] QLEARNING C2_2_2 run9 -> veh=6 dist=1863.16 cpu=19.996s valid=1
[241/1200] CLASSIC C2_2_3 run2 -> veh=6 dist=1782.37 cpu=23.277s valid=1
[242/1200] CLASSIC C2_2_3 run4 -> veh=6 dist=1786.39 cpu=22.9671s valid=1
[243/1200] CLASSIC C2_2_3 run3 -> veh=6 dist=1786.39 cpu=23.4557s valid=1
[244/1200] CLASSIC C2_2_3 run1 -> veh=6 dist=1797.4 cpu=24.8469s valid=1
[245/1200] CLASSIC C2_2_3 run8 -> veh=6 dist=1776.96 cpu=22.5616s valid=1
[246/1200] CLASSIC C2_2_3 run5 -> veh=6 dist=1786.39 cpu=23.5866s valid=1
[247/1200] CLASSIC C2_2_3 run6 -> veh=6 dist=1781.76 cpu=24.395s valid=1
[248/1200] CLASSIC C2_2_3 run7 -> veh=6 dist=1804 cpu=24.6673s valid=1
[249/1200] CLASSIC C2_2_3 run9 -> veh=6 dist=1776.96 cpu=24.5629s valid=1
[250/1200] CLASSIC C2_2_3 run10 -> veh=6 dist=1787 cpu=23.6848s valid=1
[251/1200] QLEARNING C2_2_3 run1 -> veh=6 dist=1776.96 cpu=24.7153s valid=1
[252/1200] QLEARNING C2_2_3 run2 -> veh=6 dist=1787 cpu=24.8304s valid=1
[253/1200] CLASSIC C2_2_5 run1 -> veh=6 dist=1879.31 cpu=12.0677s valid=1
[254/1200] CLASSIC C2_2_5 run2 -> veh=6 dist=1879.31 cpu=12.2157s valid=1
[255/1200] QLEARNING C2_2_3 run3 -> veh=6 dist=1782.37 cpu=24.7054s valid=1
[256/1200] QLEARNING C2_2_3 run5 -> veh=6 dist=1786.39 cpu=24.4862s valid=1
[257/1200] QLEARNING C2_2_3 run4 -> veh=6 dist=1797.95 cpu=25.0887s valid=1
[258/1200] QLEARNING C2_2_3 run6 -> veh=6 dist=1800.07 cpu=24.6397s valid=1
[259/1200] QLEARNING C2_2_3 run9 -> veh=6 dist=1782.37 cpu=24.6011s valid=1
[260/1200] QLEARNING C2_2_3 run7 -> veh=6 dist=1786.39 cpu=24.9684s valid=1
[261/1200] QLEARNING C2_2_3 run8 -> veh=6 dist=1787 cpu=25.0842s valid=1
[262/1200] QLEARNING C2_2_3 run10 -> veh=6 dist=1800.83 cpu=24.9085s valid=1
[263/1200] CLASSIC C2_2_5 run3 -> veh=6 dist=1879.31 cpu=12.1133s valid=1
[264/1200] CLASSIC C2_2_5 run4 -> veh=6 dist=1879.31 cpu=11.9093s valid=1
[265/1200] CLASSIC C2_2_4 run5 -> veh=6 dist=1759.59 cpu=26.3899s valid=1
[266/1200] CLASSIC C2_2_4 run4 -> veh=6 dist=1725.86 cpu=26.7983s valid=1
[267/1200] CLASSIC C2_2_4 run2 -> veh=6 dist=1730.88 cpu=27.3448s valid=1
[268/1200] CLASSIC C2_2_4 run1 -> veh=6 dist=1747.92 cpu=27.6908s valid=1
[269/1200] CLASSIC C2_2_4 run3 -> veh=6 dist=1721.35 cpu=27.1161s valid=1
[270/1200] CLASSIC C2_2_4 run7 -> veh=6 dist=1741.97 cpu=26.4317s valid=1
[271/1200] CLASSIC C2_2_4 run10 -> veh=6 dist=1723.6 cpu=26.1074s valid=1
[272/1200] CLASSIC C2_2_4 run9 -> veh=6 dist=1744.86 cpu=27.0682s valid=1
[273/1200] CLASSIC C2_2_4 run8 -> veh=6 dist=1713.46 cpu=27.5594s valid=1
[274/1200] CLASSIC C2_2_4 run6 -> veh=6 dist=1729.04 cpu=28.0098s valid=1
[275/1200] QLEARNING C2_2_4 run1 -> veh=6 dist=1734.46 cpu=27.3636s valid=1
[276/1200] QLEARNING C2_2_4 run2 -> veh=6 dist=1739.63 cpu=28.3862s valid=1
[277/1200] QLEARNING C2_2_4 run4 -> veh=6 dist=1718.35 cpu=26.7098s valid=1
[278/1200] QLEARNING C2_2_4 run5 -> veh=6 dist=1736.25 cpu=27.2697s valid=1
[279/1200] CLASSIC C2_2_5 run5 -> veh=6 dist=1879.31 cpu=11.9249s valid=1
[280/1200] CLASSIC C2_2_5 run6 -> veh=6 dist=1879.31 cpu=11.9757s valid=1
[281/1200] CLASSIC C2_2_5 run7 -> veh=6 dist=1879.31 cpu=11.884s valid=1
[282/1200] QLEARNING C2_2_5 run4 -> veh=6 dist=1879.31 cpu=10.9954s valid=1
[283/1200] QLEARNING C2_2_4 run3 -> veh=6 dist=1713.46 cpu=29.3391s valid=1
[284/1200] CLASSIC C2_2_5 run9 -> veh=6 dist=1879.31 cpu=11.6794s valid=1
[285/1200] CLASSIC C2_2_5 run8 -> veh=6 dist=1879.31 cpu=12.1333s valid=1
[286/1200] CLASSIC C2_2_5 run10 -> veh=6 dist=1883.51 cpu=11.7945s valid=1
[287/1200] QLEARNING C2_2_5 run2 -> veh=6 dist=1879.31 cpu=12.0769s valid=1
[288/1200] QLEARNING C2_2_4 run9 -> veh=6 dist=1709.94 cpu=26.8887s valid=1
[289/1200] QLEARNING C2_2_5 run5 -> veh=6 dist=1879.31 cpu=11.5572s valid=1
[290/1200] QLEARNING C2_2_5 run3 -> veh=6 dist=1879.31 cpu=12.1605s valid=1
[291/1200] QLEARNING C2_2_5 run1 -> veh=6 dist=1879.31 cpu=12.5574s valid=1
[292/1200] QLEARNING C2_2_4 run7 -> veh=6 dist=1732.28 cpu=28.4329s valid=1
[293/1200] QLEARNING C2_2_4 run6 -> veh=6 dist=1707.46 cpu=29.0893s valid=1
[294/1200] QLEARNING C2_2_4 run8 -> veh=6 dist=1740.38 cpu=28.5508s valid=1
[295/1200] QLEARNING C2_2_4 run10 -> veh=6 dist=1713.46 cpu=28.491s valid=1
[296/1200] QLEARNING C2_2_5 run6 -> veh=6 dist=1879.31 cpu=12.4141s valid=1
[297/1200] QLEARNING C2_2_5 run7 -> veh=6 dist=1879.31 cpu=12.2362s valid=1
[298/1200] QLEARNING C2_2_5 run9 -> veh=6 dist=1879.31 cpu=12.1261s valid=1
[299/1200] QLEARNING C2_2_5 run8 -> veh=6 dist=1879.31 cpu=12.3013s valid=1
[300/1200] QLEARNING C2_2_5 run10 -> veh=6 dist=1879.31 cpu=12.161s valid=1
[301/1200] CLASSIC C2_2_6 run1 -> veh=6 dist=1857.35 cpu=14.8247s valid=1
[302/1200] CLASSIC C2_2_6 run2 -> veh=6 dist=1867.09 cpu=14.8431s valid=1
[303/1200] CLASSIC C2_2_6 run3 -> veh=6 dist=1857.35 cpu=14.8363s valid=1
[304/1200] CLASSIC C2_2_6 run4 -> veh=6 dist=1857.35 cpu=14.7315s valid=1
[305/1200] CLASSIC C2_2_6 run5 -> veh=6 dist=1857.35 cpu=14.6907s valid=1
[306/1200] CLASSIC C2_2_6 run6 -> veh=6 dist=1857.35 cpu=14.9278s valid=1
[307/1200] CLASSIC C2_2_6 run7 -> veh=6 dist=1857.35 cpu=14.9279s valid=1
[308/1200] CLASSIC C2_2_6 run8 -> veh=6 dist=1857.35 cpu=14.7441s valid=1
[309/1200] CLASSIC C2_2_6 run9 -> veh=6 dist=1857.35 cpu=14.9616s valid=1
[310/1200] CLASSIC C2_2_6 run10 -> veh=6 dist=1857.35 cpu=14.6963s valid=1
[311/1200] QLEARNING C2_2_6 run2 -> veh=6 dist=1857.35 cpu=14.8234s valid=1
[312/1200] QLEARNING C2_2_6 run1 -> veh=6 dist=1857.35 cpu=15.153s valid=1
[313/1200] QLEARNING C2_2_6 run3 -> veh=6 dist=1857.35 cpu=14.9408s valid=1
[314/1200] QLEARNING C2_2_6 run6 -> veh=6 dist=1857.35 cpu=14.6702s valid=1
[315/1200] QLEARNING C2_2_6 run4 -> veh=6 dist=1857.35 cpu=14.8781s valid=1
[316/1200] QLEARNING C2_2_6 run5 -> veh=6 dist=1857.35 cpu=15.1743s valid=1
[317/1200] QLEARNING C2_2_6 run9 -> veh=6 dist=1857.35 cpu=14.4028s valid=1
[318/1200] QLEARNING C2_2_6 run8 -> veh=6 dist=1857.35 cpu=15.0643s valid=1
[319/1200] QLEARNING C2_2_6 run7 -> veh=6 dist=1857.35 cpu=15.0975s valid=1
[320/1200] QLEARNING C2_2_6 run10 -> veh=6 dist=1858.59 cpu=14.8402s valid=1
[321/1200] CLASSIC C2_2_7 run1 -> veh=6 dist=1850.13 cpu=15.6175s valid=1
[322/1200] CLASSIC C2_2_7 run3 -> veh=6 dist=1850.13 cpu=15.711s valid=1
[323/1200] CLASSIC C2_2_7 run4 -> veh=6 dist=1849.46 cpu=16.0199s valid=1
[324/1200] CLASSIC C2_2_7 run2 -> veh=6 dist=1849.46 cpu=16.1457s valid=1
[325/1200] CLASSIC C2_2_7 run5 -> veh=6 dist=1849.46 cpu=15.8782s valid=1
[326/1200] CLASSIC C2_2_7 run6 -> veh=6 dist=1850.13 cpu=15.751s valid=1
[327/1200] CLASSIC C2_2_7 run8 -> veh=6 dist=1849.46 cpu=15.8417s valid=1
[328/1200] CLASSIC C2_2_7 run7 -> veh=6 dist=1849.46 cpu=16.0561s valid=1
[329/1200] CLASSIC C2_2_7 run9 -> veh=6 dist=1850.13 cpu=15.5361s valid=1
[330/1200] CLASSIC C2_2_7 run10 -> veh=6 dist=1850.13 cpu=15.7465s valid=1
[331/1200] QLEARNING C2_2_7 run2 -> veh=6 dist=1849.46 cpu=16.1319s valid=1
[332/1200] QLEARNING C2_2_7 run1 -> veh=6 dist=1884.93 cpu=16.2751s valid=1
[333/1200] QLEARNING C2_2_7 run4 -> veh=6 dist=1850.13 cpu=16.1001s valid=1
[334/1200] QLEARNING C2_2_7 run3 -> veh=6 dist=1849.46 cpu=16.6028s valid=1
[335/1200] QLEARNING C2_2_7 run5 -> veh=6 dist=1849.46 cpu=16.5211s valid=1
[336/1200] QLEARNING C2_2_7 run7 -> veh=6 dist=1849.46 cpu=16.2132s valid=1
[337/1200] QLEARNING C2_2_7 run8 -> veh=6 dist=1850.13 cpu=16.4529s valid=1
[338/1200] QLEARNING C2_2_7 run6 -> veh=6 dist=1885.61 cpu=17.2275s valid=1
[339/1200] QLEARNING C2_2_7 run9 -> veh=6 dist=1849.46 cpu=16.5226s valid=1
[340/1200] QLEARNING C2_2_7 run10 -> veh=6 dist=1849.46 cpu=16.4572s valid=1
[341/1200] CLASSIC C2_2_8 run1 -> veh=6 dist=1833.14 cpu=16.5027s valid=1
[342/1200] CLASSIC C2_2_8 run2 -> veh=6 dist=1823.88 cpu=16.5079s valid=1
[343/1200] CLASSIC C2_2_8 run3 -> veh=6 dist=1824.52 cpu=15.9796s valid=1
[344/1200] CLASSIC C2_2_8 run4 -> veh=6 dist=1824.52 cpu=16.3271s valid=1
[345/1200] CLASSIC C2_2_8 run5 -> veh=6 dist=1823.88 cpu=16.2159s valid=1
[346/1200] CLASSIC C2_2_8 run7 -> veh=6 dist=1839.21 cpu=16.2347s valid=1
[347/1200] CLASSIC C2_2_8 run10 -> veh=6 dist=1824.52 cpu=15.8505s valid=1
[348/1200] CLASSIC C2_2_8 run6 -> veh=6 dist=1823.88 cpu=16.5426s valid=1
[349/1200] CLASSIC C2_2_8 run8 -> veh=6 dist=1832.45 cpu=16.2407s valid=1
[350/1200] QLEARNING C2_2_8 run2 -> veh=6 dist=1836.25 cpu=15.7617s valid=1
[351/1200] QLEARNING C2_2_8 run1 -> veh=6 dist=1823.88 cpu=16.3611s valid=1
[352/1200] CLASSIC C2_2_8 run9 -> veh=6 dist=1823.88 cpu=16.7391s valid=1
[353/1200] QLEARNING C2_2_8 run5 -> veh=6 dist=1841.64 cpu=15.8154s valid=1
[354/1200] QLEARNING C2_2_8 run4 -> veh=6 dist=1820.53 cpu=16.6131s valid=1
[355/1200] QLEARNING C2_2_8 run3 -> veh=6 dist=1833.03 cpu=17.0069s valid=1
[356/1200] QLEARNING C2_2_8 run8 -> veh=6 dist=1832.12 cpu=16.5371s valid=1
[357/1200] QLEARNING C2_2_8 run7 -> veh=6 dist=1833.03 cpu=16.5999s valid=1
[358/1200] QLEARNING C2_2_8 run6 -> veh=6 dist=1823.88 cpu=17.0875s valid=1
[359/1200] QLEARNING C2_2_8 run10 -> veh=6 dist=1823.88 cpu=16.5177s valid=1
[360/1200] QLEARNING C2_2_8 run9 -> veh=6 dist=1823.91 cpu=16.7141s valid=1
[361/1200] CLASSIC C2_2_9 run1 -> veh=6 dist=1830.05 cpu=18.579s valid=1
[362/1200] CLASSIC C2_2_9 run2 -> veh=6 dist=1835.65 cpu=18.4264s valid=1
[363/1200] CLASSIC C2_2_9 run4 -> veh=6 dist=1835.65 cpu=18.2767s valid=1
[364/1200] CLASSIC C2_2_9 run3 -> veh=6 dist=1832.43 cpu=18.4211s valid=1
[365/1200] CLASSIC C2_2_9 run5 -> veh=6 dist=1832.43 cpu=18.2825s valid=1
[366/1200] CLASSIC C2_2_9 run6 -> veh=6 dist=1830.05 cpu=18.3857s valid=1
[367/1200] CLASSIC C2_2_9 run8 -> veh=6 dist=1837.35 cpu=18.3703s valid=1
[368/1200] CLASSIC C2_2_9 run7 -> veh=6 dist=1831.74 cpu=18.983s valid=1
[369/1200] CLASSIC C2_2_9 run9 -> veh=6 dist=1830.05 cpu=18.6763s valid=1
[370/1200] CLASSIC C2_2_9 run10 -> veh=6 dist=1830.05 cpu=18.5869s valid=1
[371/1200] QLEARNING C2_2_9 run1 -> veh=6 dist=1830.05 cpu=18.2802s valid=1
[372/1200] QLEARNING C2_2_9 run2 -> veh=6 dist=1835.65 cpu=18.1884s valid=1
[373/1200] QLEARNING C2_2_9 run3 -> veh=6 dist=1836.51 cpu=18.3162s valid=1
[374/1200] QLEARNING C2_2_9 run5 -> veh=6 dist=1837.35 cpu=18.0758s valid=1
[375/1200] QLEARNING C2_2_9 run4 -> veh=6 dist=1835.65 cpu=18.8245s valid=1
[376/1200] QLEARNING C2_2_9 run6 -> veh=6 dist=1831.74 cpu=18.5655s valid=1
[377/1200] QLEARNING C2_2_9 run9 -> veh=6 dist=1833.75 cpu=18.3831s valid=1
[378/1200] QLEARNING C2_2_9 run7 -> veh=6 dist=1887.89 cpu=18.7456s valid=1
[379/1200] QLEARNING C2_2_9 run8 -> veh=6 dist=1835.65 cpu=18.5903s valid=1
[380/1200] QLEARNING C2_2_9 run10 -> veh=6 dist=1843.65 cpu=19.2689s valid=1
[381/1200] CLASSIC C2_2_10 run2 -> veh=6 dist=1808.72 cpu=19.1056s valid=1
[382/1200] CLASSIC C2_2_10 run1 -> veh=6 dist=1808.72 cpu=19.2561s valid=1
[383/1200] CLASSIC C2_2_10 run3 -> veh=6 dist=1815.33 cpu=19.0375s valid=1
[384/1200] CLASSIC C2_2_10 run4 -> veh=6 dist=1810.06 cpu=19.1745s valid=1
[385/1200] CLASSIC C2_2_10 run5 -> veh=6 dist=1821.57 cpu=19.3746s valid=1
[386/1200] CLASSIC C2_2_10 run6 -> veh=6 dist=1808.72 cpu=19.2801s valid=1
[387/1200] CLASSIC C2_2_10 run7 -> veh=6 dist=1815.33 cpu=19.1068s valid=1
[388/1200] CLASSIC C2_2_10 run10 -> veh=6 dist=1815.58 cpu=18.4888s valid=1
[389/1200] CLASSIC C2_2_10 run9 -> veh=6 dist=1808.21 cpu=18.9191s valid=1
[390/1200] CLASSIC C2_2_10 run8 -> veh=6 dist=1808.72 cpu=19.3129s valid=1
[391/1200] QLEARNING C2_2_10 run2 -> veh=6 dist=1815.68 cpu=18.0861s valid=1
[392/1200] QLEARNING C2_2_10 run1 -> veh=6 dist=1822.94 cpu=19.0393s valid=1
[393/1200] CLASSIC R1_2_1 run1 -> veh=20 dist=4802.85 cpu=14.0243s valid=1
[394/1200] CLASSIC R1_2_1 run2 -> veh=20 dist=4823.18 cpu=13.8448s valid=1
[395/1200] CLASSIC R1_2_1 run3 -> veh=20 dist=4849.89 cpu=13.9447s valid=1
[396/1200] QLEARNING C2_2_10 run6 -> veh=6 dist=1818.28 cpu=19.1978s valid=1
[397/1200] QLEARNING C2_2_10 run3 -> veh=6 dist=1810.32 cpu=20.0165s valid=1
[398/1200] QLEARNING C2_2_10 run4 -> veh=6 dist=1810.33 cpu=20.3454s valid=1
[399/1200] CLASSIC R1_2_1 run4 -> veh=20 dist=4806.02 cpu=13.9339s valid=1
[400/1200] QLEARNING C2_2_10 run5 -> veh=6 dist=1810.06 cpu=20.16s valid=1
[401/1200] QLEARNING C2_2_10 run8 -> veh=6 dist=1817.75 cpu=18.1054s valid=1
[402/1200] QLEARNING C2_2_10 run7 -> veh=6 dist=1810.33 cpu=19.446s valid=1
[403/1200] CLASSIC R1_2_1 run5 -> veh=20 dist=4805.9 cpu=14.0025s valid=1
[404/1200] CLASSIC R1_2_1 run6 -> veh=20 dist=4813.96 cpu=14.0738s valid=1
[405/1200] QLEARNING C2_2_10 run9 -> veh=6 dist=1817.75 cpu=19.6014s valid=1
[406/1200] CLASSIC R1_2_1 run7 -> veh=20 dist=4823.76 cpu=13.9825s valid=1
[407/1200] CLASSIC R1_2_1 run8 -> veh=20 dist=4806.73 cpu=13.9423s valid=1
[408/1200] CLASSIC R1_2_2 run1 -> veh=18 dist=4194.25 cpu=10.1066s valid=1
[409/1200] CLASSIC R1_2_1 run9 -> veh=20 dist=4802.94 cpu=13.7711s valid=1
[410/1200] CLASSIC R1_2_2 run2 -> veh=18 dist=4091.21 cpu=10.0764s valid=1
[411/1200] QLEARNING C2_2_10 run10 -> veh=6 dist=1810.06 cpu=20.4504s valid=1
[412/1200] CLASSIC R1_2_1 run10 -> veh=20 dist=4824.04 cpu=14.0411s valid=1
[413/1200] CLASSIC R1_2_2 run3 -> veh=18 dist=4148.31 cpu=10.0175s valid=1
[414/1200] QLEARNING R1_2_1 run1 -> veh=20 dist=4802.57 cpu=14.0151s valid=1
[415/1200] QLEARNING R1_2_1 run2 -> veh=20 dist=4869.16 cpu=13.6571s valid=1
[416/1200] QLEARNING R1_2_1 run3 -> veh=20 dist=4852.7 cpu=13.9194s valid=1
[417/1200] QLEARNING R1_2_1 run5 -> veh=20 dist=4823.25 cpu=13.9159s valid=1
[418/1200] CLASSIC R1_2_2 run4 -> veh=18 dist=4074.46 cpu=10.0646s valid=1
[419/1200] QLEARNING R1_2_1 run4 -> veh=20 dist=4799.83 cpu=14.2097s valid=1
[420/1200] QLEARNING R1_2_1 run6 -> veh=20 dist=4821.64 cpu=15.0086s valid=1
[421/1200] QLEARNING R1_2_1 run8 -> veh=20 dist=4802.49 cpu=13.6958s valid=1
[422/1200] QLEARNING R1_2_1 run9 -> veh=20 dist=4803.09 cpu=14.0407s valid=1
[423/1200] QLEARNING R1_2_1 run7 -> veh=20 dist=4859.03 cpu=14.484s valid=1
[424/1200] QLEARNING R1_2_1 run10 -> veh=20 dist=4811.09 cpu=14.2862s valid=1
[425/1200] CLASSIC R1_2_2 run6 -> veh=18 dist=4132.61 cpu=9.97684s valid=1
[426/1200] CLASSIC R1_2_2 run5 -> veh=18 dist=4176.04 cpu=10.1083s valid=1
[427/1200] CLASSIC R1_2_2 run8 -> veh=18 dist=4142.54 cpu=10.0996s valid=1
[428/1200] CLASSIC R1_2_2 run7 -> veh=18 dist=4209.16 cpu=10.2274s valid=1
[429/1200] CLASSIC R1_2_2 run9 -> veh=18 dist=4091.85 cpu=10.2623s valid=1
[430/1200] QLEARNING R1_2_2 run1 -> veh=18 dist=4071.03 cpu=9.77906s valid=1
[431/1200] CLASSIC R1_2_2 run10 -> veh=18 dist=4124.24 cpu=10.0868s valid=1
[432/1200] QLEARNING R1_2_2 run2 -> veh=18 dist=4124.66 cpu=10.231s valid=1
[433/1200] QLEARNING R1_2_2 run3 -> veh=18 dist=4080.56 cpu=10.4352s valid=1
[434/1200] QLEARNING R1_2_2 run4 -> veh=18 dist=4096.96 cpu=9.91158s valid=1
[435/1200] QLEARNING R1_2_2 run7 -> veh=18 dist=4078.53 cpu=9.58891s valid=1
[436/1200] QLEARNING R1_2_2 run5 -> veh=18 dist=4081.61 cpu=10.3514s valid=1
[437/1200] QLEARNING R1_2_2 run6 -> veh=18 dist=4086.78 cpu=10.1643s valid=1
[438/1200] QLEARNING R1_2_2 run8 -> veh=18 dist=4105.33 cpu=10.0401s valid=1
[439/1200] QLEARNING R1_2_2 run9 -> veh=18 dist=4178.65 cpu=9.71441s valid=1
[440/1200] QLEARNING R1_2_2 run10 -> veh=18 dist=4122.85 cpu=9.94293s valid=1
[441/1200] CLASSIC R1_2_3 run3 -> veh=18 dist=3435.93 cpu=12.5057s valid=1
[442/1200] CLASSIC R1_2_3 run2 -> veh=18 dist=3425.82 cpu=12.6782s valid=1
[443/1200] CLASSIC R1_2_3 run1 -> veh=18 dist=3471.06 cpu=12.7265s valid=1
[444/1200] CLASSIC R1_2_3 run4 -> veh=18 dist=3452.22 cpu=12.5195s valid=1
[445/1200] CLASSIC R1_2_3 run5 -> veh=18 dist=3417.61 cpu=12.6923s valid=1
[446/1200] CLASSIC R1_2_3 run6 -> veh=18 dist=3431.94 cpu=12.7461s valid=1
[447/1200] CLASSIC R1_2_3 run7 -> veh=18 dist=3460.59 cpu=12.7932s valid=1
[448/1200] CLASSIC R1_2_3 run10 -> veh=18 dist=3447.85 cpu=12.369s valid=1
[449/1200] CLASSIC R1_2_3 run8 -> veh=18 dist=3447.25 cpu=12.5782s valid=1
[450/1200] CLASSIC R1_2_3 run9 -> veh=18 dist=3486.38 cpu=12.7894s valid=1
[451/1200] QLEARNING R1_2_3 run1 -> veh=18 dist=3410.25 cpu=12.7426s valid=1
[452/1200] QLEARNING R1_2_3 run4 -> veh=18 dist=3405.28 cpu=12.2775s valid=1
[453/1200] QLEARNING R1_2_3 run6 -> veh=18 dist=3431.19 cpu=12.1865s valid=1
[454/1200] QLEARNING R1_2_3 run3 -> veh=18 dist=3434.4 cpu=12.8667s valid=1
[455/1200] QLEARNING R1_2_3 run5 -> veh=18 dist=3420.75 cpu=12.4681s valid=1
[456/1200] QLEARNING R1_2_3 run2 -> veh=18 dist=3429.73 cpu=13.4956s valid=1
[457/1200] QLEARNING R1_2_3 run7 -> veh=18 dist=3446.76 cpu=12.4102s valid=1
[458/1200] QLEARNING R1_2_3 run8 -> veh=18 dist=3421.74 cpu=12.692s valid=1
[459/1200] QLEARNING R1_2_3 run9 -> veh=18 dist=3411.03 cpu=12.4946s valid=1
[460/1200] QLEARNING R1_2_3 run10 -> veh=18 dist=3416.37 cpu=12.5757s valid=1
[461/1200] CLASSIC R1_2_4 run1 -> veh=18 dist=3092.18 cpu=14.5062s valid=1
[462/1200] CLASSIC R1_2_4 run2 -> veh=18 dist=3181.94 cpu=14.8592s valid=1
[463/1200] CLASSIC R1_2_4 run4 -> veh=18 dist=3146.06 cpu=14.6683s valid=1
[464/1200] CLASSIC R1_2_4 run3 -> veh=18 dist=3114.78 cpu=15.1169s valid=1
[465/1200] CLASSIC R1_2_5 run1 -> veh=18 dist=4291.07 cpu=6.94585s valid=1
[466/1200] CLASSIC R1_2_5 run2 -> veh=18 dist=4192.11 cpu=6.87659s valid=1
[467/1200] CLASSIC R1_2_5 run3 -> veh=18 dist=4259.92 cpu=6.84628s valid=1
[468/1200] CLASSIC R1_2_4 run5 -> veh=18 dist=3139.02 cpu=14.604s valid=1
[469/1200] CLASSIC R1_2_4 run6 -> veh=18 dist=3109.67 cpu=14.6373s valid=1
[470/1200] CLASSIC R1_2_5 run4 -> veh=18 dist=4217.44 cpu=6.8026s valid=1
[471/1200] CLASSIC R1_2_5 run5 -> veh=18 dist=4201.64 cpu=6.9154s valid=1
[472/1200] CLASSIC R1_2_5 run6 -> veh=18 dist=4252.9 cpu=6.88732s valid=1
[473/1200] CLASSIC R1_2_5 run8 -> veh=18 dist=4230.65 cpu=6.87959s valid=1
[474/1200] CLASSIC R1_2_4 run7 -> veh=18 dist=3128.06 cpu=14.7118s valid=1
[475/1200] CLASSIC R1_2_5 run7 -> veh=18 dist=4182.14 cpu=7.1621s valid=1
[476/1200] CLASSIC R1_2_4 run8 -> veh=18 dist=3125.51 cpu=14.7284s valid=1
[477/1200] CLASSIC R1_2_5 run9 -> veh=18 dist=4311.58 cpu=6.86263s valid=1
[478/1200] CLASSIC R1_2_4 run10 -> veh=18 dist=3129.91 cpu=14.5195s valid=1
[479/1200] CLASSIC R1_2_4 run9 -> veh=18 dist=3147.04 cpu=14.8787s valid=1
[480/1200] CLASSIC R1_2_5 run10 -> veh=18 dist=4214 cpu=6.87897s valid=1
[481/1200] QLEARNING R1_2_4 run2 -> veh=18 dist=3125.64 cpu=14.291s valid=1
[482/1200] QLEARNING R1_2_5 run2 -> veh=18 dist=4244.39 cpu=6.90752s valid=1
[483/1200] QLEARNING R1_2_5 run1 -> veh=18 dist=4202.16 cpu=7.06494s valid=1
[484/1200] QLEARNING R1_2_4 run1 -> veh=18 dist=3085.83 cpu=14.9578s valid=1
[485/1200] QLEARNING R1_2_4 run3 -> veh=18 dist=3087.21 cpu=13.6233s valid=1
[486/1200] QLEARNING R1_2_5 run3 -> veh=18 dist=4294.66 cpu=6.83057s valid=1
[487/1200] QLEARNING R1_2_4 run6 -> veh=18 dist=3118.74 cpu=14.0873s valid=1
[488/1200] QLEARNING R1_2_4 run4 -> veh=18 dist=3126.43 cpu=14.3999s valid=1
[489/1200] QLEARNING R1_2_5 run4 -> veh=18 dist=4312.73 cpu=7.20962s valid=1
[490/1200] QLEARNING R1_2_5 run6 -> veh=18 dist=4237.24 cpu=6.98472s valid=1
[491/1200] QLEARNING R1_2_5 run5 -> veh=18 dist=4243.54 cpu=7.12556s valid=1
[492/1200] QLEARNING R1_2_5 run7 -> veh=18 dist=4221.62 cpu=6.9301s valid=1
[493/1200] QLEARNING R1_2_4 run9 -> veh=18 dist=3110.51 cpu=14.0077s valid=1
[494/1200] QLEARNING R1_2_4 run7 -> veh=18 dist=3094.81 cpu=14.6613s valid=1
[495/1200] QLEARNING R1_2_5 run8 -> veh=18 dist=4272.53 cpu=6.89633s valid=1
[496/1200] QLEARNING R1_2_5 run9 -> veh=18 dist=4205.29 cpu=6.74302s valid=1
[497/1200] QLEARNING R1_2_4 run8 -> veh=18 dist=3118.89 cpu=15.0372s valid=1
[498/1200] QLEARNING R1_2_4 run5 -> veh=18 dist=3135.44 cpu=15.837s valid=1
[499/1200] QLEARNING R1_2_5 run10 -> veh=18 dist=4226.88 cpu=7.05365s valid=1
[500/1200] QLEARNING R1_2_4 run10 -> veh=18 dist=3112.76 cpu=15.1416s valid=1
[501/1200] CLASSIC R1_2_6 run1 -> veh=18 dist=3643.41 cpu=10.5043s valid=1
[502/1200] CLASSIC R1_2_6 run2 -> veh=18 dist=3664.23 cpu=10.6398s valid=1
[503/1200] CLASSIC R1_2_6 run3 -> veh=18 dist=3629.88 cpu=10.8452s valid=1
[504/1200] CLASSIC R1_2_6 run6 -> veh=18 dist=3661.52 cpu=10.5964s valid=1
[505/1200] CLASSIC R1_2_6 run5 -> veh=18 dist=3624.39 cpu=10.6978s valid=1
[506/1200] CLASSIC R1_2_6 run4 -> veh=18 dist=3636.07 cpu=10.9537s valid=1
[507/1200] CLASSIC R1_2_6 run7 -> veh=18 dist=3646.26 cpu=10.7423s valid=1
[508/1200] CLASSIC R1_2_6 run8 -> veh=18 dist=3699.82 cpu=10.6819s valid=1
[509/1200] CLASSIC R1_2_6 run9 -> veh=18 dist=3688.68 cpu=10.9361s valid=1
[510/1200] QLEARNING R1_2_6 run1 -> veh=18 dist=3630.15 cpu=10.8366s valid=1
[511/1200] CLASSIC R1_2_6 run10 -> veh=18 dist=3651.3 cpu=10.9323s valid=1
[512/1200] QLEARNING R1_2_6 run2 -> veh=18 dist=3666.4 cpu=10.9199s valid=1
[513/1200] QLEARNING R1_2_6 run4 -> veh=18 dist=3636.47 cpu=10.9025s valid=1
[514/1200] QLEARNING R1_2_6 run3 -> veh=18 dist=3661.14 cpu=11.1538s valid=1
[515/1200] QLEARNING R1_2_6 run6 -> veh=18 dist=3751.63 cpu=11.0068s valid=1
[516/1200] QLEARNING R1_2_6 run5 -> veh=18 dist=3683 cpu=11.1272s valid=1
[517/1200] QLEARNING R1_2_6 run8 -> veh=18 dist=3665.05 cpu=10.3673s valid=1
[518/1200] QLEARNING R1_2_6 run7 -> veh=18 dist=3670.47 cpu=11.1208s valid=1
[519/1200] QLEARNING R1_2_6 run9 -> veh=18 dist=3641.85 cpu=10.8721s valid=1
[520/1200] QLEARNING R1_2_6 run10 -> veh=18 dist=3676.06 cpu=10.872s valid=1
[521/1200] CLASSIC R1_2_7 run1 -> veh=18 dist=3193.46 cpu=12.9767s valid=1
[522/1200] CLASSIC R1_2_7 run6 -> veh=18 dist=3211.26 cpu=12.9155s valid=1
[523/1200] CLASSIC R1_2_7 run4 -> veh=18 dist=3225.9 cpu=13.0789s valid=1
[524/1200] CLASSIC R1_2_7 run5 -> veh=18 dist=3209.28 cpu=13.1167s valid=1
[525/1200] CLASSIC R1_2_7 run7 -> veh=18 dist=3228.52 cpu=12.9985s valid=1
[526/1200] CLASSIC R1_2_7 run3 -> veh=18 dist=3222.17 cpu=13.3385s valid=1
[527/1200] CLASSIC R1_2_7 run2 -> veh=18 dist=3179.18 cpu=13.4897s valid=1
[528/1200] CLASSIC R1_2_7 run8 -> veh=18 dist=3210.23 cpu=13.143s valid=1
[529/1200] CLASSIC R1_2_7 run9 -> veh=18 dist=3192.14 cpu=13.0988s valid=1
[530/1200] CLASSIC R1_2_7 run10 -> veh=18 dist=3200.9 cpu=12.9995s valid=1
[531/1200] QLEARNING R1_2_7 run1 -> veh=18 dist=3202.6 cpu=13.0039s valid=1
[532/1200] QLEARNING R1_2_7 run2 -> veh=18 dist=3196.41 cpu=13.0124s valid=1
[533/1200] QLEARNING R1_2_7 run3 -> veh=18 dist=3216.32 cpu=12.3192s valid=1
[534/1200] QLEARNING R1_2_7 run7 -> veh=18 dist=3208.13 cpu=11.6466s valid=1
[535/1200] QLEARNING R1_2_7 run4 -> veh=18 dist=3176.05 cpu=12.3867s valid=1
[536/1200] QLEARNING R1_2_7 run9 -> veh=18 dist=3185.35 cpu=12.7157s valid=1
[537/1200] QLEARNING R1_2_7 run8 -> veh=18 dist=3230.71 cpu=12.8352s valid=1
[538/1200] QLEARNING R1_2_7 run5 -> veh=18 dist=3205.4 cpu=13.0633s valid=1
[539/1200] QLEARNING R1_2_7 run6 -> veh=18 dist=3229.49 cpu=13.0212s valid=1
[540/1200] QLEARNING R1_2_7 run10 -> veh=18 dist=3212.58 cpu=13.1154s valid=1
[541/1200] CLASSIC R1_2_8 run2 -> veh=18 dist=3020.7 cpu=14.5924s valid=1
[542/1200] CLASSIC R1_2_9 run1 -> veh=18 dist=3956.68 cpu=8.02532s valid=1
[543/1200] CLASSIC R1_2_8 run1 -> veh=18 dist=3012.9 cpu=14.8756s valid=1
[544/1200] CLASSIC R1_2_9 run2 -> veh=18 dist=3868.53 cpu=8.00221s valid=1
[545/1200] CLASSIC R1_2_8 run4 -> veh=18 dist=3002.31 cpu=14.6647s valid=1
[546/1200] CLASSIC R1_2_9 run3 -> veh=18 dist=3925.87 cpu=8.05317s valid=1
[547/1200] CLASSIC R1_2_9 run4 -> veh=18 dist=3899.64 cpu=7.99326s valid=1
[548/1200] CLASSIC R1_2_8 run5 -> veh=18 dist=2981.03 cpu=14.8108s valid=1
[549/1200] CLASSIC R1_2_8 run6 -> veh=18 dist=2996.65 cpu=14.9347s valid=1
[550/1200] CLASSIC R1_2_8 run8 -> veh=18 dist=2997.31 cpu=15.0547s valid=1
[551/1200] CLASSIC R1_2_8 run3 -> veh=18 dist=2968.56 cpu=15.8877s valid=1
[552/1200] CLASSIC R1_2_8 run9 -> veh=18 dist=3006.8 cpu=14.5831s valid=1
[553/1200] CLASSIC R1_2_8 run7 -> veh=18 dist=2981.99 cpu=16.7069s valid=1
[554/1200] CLASSIC R1_2_8 run10 -> veh=18 dist=3034.02 cpu=14.8189s valid=1
[555/1200] CLASSIC R1_2_9 run5 -> veh=18 dist=3889.52 cpu=8.00913s valid=1
[556/1200] QLEARNING R1_2_8 run1 -> veh=18 dist=2976.24 cpu=15.2278s valid=1
[557/1200] QLEARNING R1_2_8 run2 -> veh=18 dist=2987.6 cpu=15.0851s valid=1
[558/1200] CLASSIC R1_2_9 run6 -> veh=18 dist=3934.96 cpu=8.07033s valid=1
[559/1200] CLASSIC R1_2_9 run7 -> veh=18 dist=3867.93 cpu=8.01426s valid=1
[560/1200] QLEARNING R1_2_8 run3 -> veh=18 dist=3006.65 cpu=14.0395s valid=1
[561/1200] CLASSIC R1_2_9 run10 -> veh=18 dist=3929.55 cpu=7.91683s valid=1
[562/1200] QLEARNING R1_2_8 run5 -> veh=18 dist=2978.69 cpu=14.0699s valid=1
[563/1200] CLASSIC R1_2_9 run9 -> veh=18 dist=3900.21 cpu=8.06905s valid=1
[564/1200] CLASSIC R1_2_9 run8 -> veh=18 dist=3887.19 cpu=8.1068s valid=1
[565/1200] QLEARNING R1_2_9 run1 -> veh=18 dist=3892.54 cpu=8.02063s valid=1
[566/1200] QLEARNING R1_2_9 run2 -> veh=18 dist=3883.71 cpu=8.04927s valid=1
[567/1200] QLEARNING R1_2_8 run9 -> veh=18 dist=2971.01 cpu=14.3324s valid=1
[568/1200] QLEARNING R1_2_8 run7 -> veh=18 dist=3001 cpu=14.5092s valid=1
[569/1200] QLEARNING R1_2_8 run4 -> veh=18 dist=2998.72 cpu=14.7559s valid=1
[570/1200] QLEARNING R1_2_8 run6 -> veh=18 dist=3020.92 cpu=14.6686s valid=1
[571/1200] QLEARNING R1_2_8 run10 -> veh=18 dist=3004.3 cpu=14.5244s valid=1
[572/1200] QLEARNING R1_2_8 run8 -> veh=18 dist=3018.21 cpu=14.7648s valid=1
[573/1200] QLEARNING R1_2_9 run4 -> veh=18 dist=3915.2 cpu=7.70473s valid=1
[574/1200] QLEARNING R1_2_9 run7 -> veh=18 dist=3914.36 cpu=7.84333s valid=1
[575/1200] QLEARNING R1_2_9 run3 -> veh=18 dist=3937.16 cpu=8.17622s valid=1
[576/1200] QLEARNING R1_2_9 run5 -> veh=18 dist=3950.72 cpu=8.15108s valid=1
[577/1200] QLEARNING R1_2_9 run6 -> veh=18 dist=3893.8 cpu=8.1126s valid=1
[578/1200] QLEARNING R1_2_9 run8 -> veh=18 dist=3877.33 cpu=8.09705s valid=1
[579/1200] QLEARNING R1_2_9 run10 -> veh=18 dist=3902.67 cpu=8.04257s valid=1
[580/1200] QLEARNING R1_2_9 run9 -> veh=18 dist=3858.18 cpu=8.14619s valid=1
[581/1200] CLASSIC R1_2_10 run1 -> veh=18 dist=3372.35 cpu=10.4163s valid=1
[582/1200] CLASSIC R1_2_10 run3 -> veh=18 dist=3360.32 cpu=10.1467s valid=1
[583/1200] CLASSIC R1_2_10 run2 -> veh=18 dist=3379.87 cpu=10.2909s valid=1
[584/1200] CLASSIC R1_2_10 run4 -> veh=18 dist=3356.97 cpu=10.3366s valid=1
[585/1200] CLASSIC R1_2_10 run5 -> veh=18 dist=3406.55 cpu=9.93509s valid=1
[586/1200] CLASSIC R1_2_10 run6 -> veh=18 dist=3368.84 cpu=10.2125s valid=1
[587/1200] CLASSIC R1_2_10 run7 -> veh=18 dist=3434.44 cpu=10.0503s valid=1
[588/1200] CLASSIC R1_2_10 run8 -> veh=18 dist=3371.72 cpu=10.4422s valid=1
[589/1200] CLASSIC R1_2_10 run9 -> veh=18 dist=3357.31 cpu=10.4535s valid=1
[590/1200] CLASSIC R1_2_10 run10 -> veh=18 dist=3356.67 cpu=10.391s valid=1
[591/1200] QLEARNING R1_2_10 run1 -> veh=18 dist=3350.18 cpu=10.3822s valid=1
[592/1200] QLEARNING R1_2_10 run2 -> veh=18 dist=3358.42 cpu=9.80671s valid=1
[593/1200] QLEARNING R1_2_10 run3 -> veh=18 dist=3352.19 cpu=10.1594s valid=1
[594/1200] QLEARNING R1_2_10 run8 -> veh=18 dist=3343.5 cpu=9.6671s valid=1
[595/1200] QLEARNING R1_2_10 run6 -> veh=18 dist=3338.86 cpu=10.0866s valid=1
[596/1200] QLEARNING R1_2_10 run4 -> veh=18 dist=3352.4 cpu=10.1587s valid=1
[597/1200] QLEARNING R1_2_10 run5 -> veh=18 dist=3378.33 cpu=10.5171s valid=1
[598/1200] QLEARNING R1_2_10 run7 -> veh=18 dist=3351.91 cpu=10.824s valid=1
[599/1200] QLEARNING R1_2_10 run10 -> veh=18 dist=3332.09 cpu=10.6451s valid=1
[600/1200] QLEARNING R1_2_10 run9 -> veh=18 dist=3357.3 cpu=10.7512s valid=1
[601/1200] CLASSIC R2_2_1 run4 -> veh=4 dist=4764.76 cpu=14.48s valid=1
[602/1200] CLASSIC R2_2_1 run8 -> veh=4 dist=4694.97 cpu=14.1079s valid=1
[603/1200] QLEARNING R2_2_1 run2 -> veh=4 dist=4670.76 cpu=15.0169s valid=1
[604/1200] QLEARNING R2_2_1 run3 -> veh=4 dist=4591.71 cpu=14.6222s valid=1
[605/1200] QLEARNING R2_2_1 run9 -> veh=4 dist=4710.84 cpu=13.5841s valid=1
[606/1200] QLEARNING R2_2_1 run6 -> veh=4 dist=4654.05 cpu=15.518s valid=1
[607/1200] QLEARNING R2_2_1 run8 -> veh=4 dist=4534.48 cpu=16.4722s valid=1
[608/1200] CLASSIC R2_2_1 run7 -> veh=4 dist=4745.36 cpu=21.8679s valid=1
[609/1200] CLASSIC R2_2_1 run1 -> veh=5 dist=4105.05 cpu=25.6168s valid=1
[610/1200] CLASSIC R2_2_1 run3 -> veh=5 dist=4068.39 cpu=25.5379s valid=1
[611/1200] CLASSIC R2_2_1 run2 -> veh=5 dist=4080.58 cpu=25.6567s valid=1
[612/1200] CLASSIC R2_2_1 run5 -> veh=5 dist=4055.91 cpu=25.4317s valid=1
[613/1200] CLASSIC R2_2_1 run6 -> veh=5 dist=4086.18 cpu=25.1455s valid=1
[614/1200] CLASSIC R2_2_1 run9 -> veh=5 dist=4120.89 cpu=25.3958s valid=1
[615/1200] CLASSIC R2_2_1 run10 -> veh=5 dist=4061.01 cpu=25.188s valid=1
[616/1200] QLEARNING R2_2_1 run1 -> veh=5 dist=4063 cpu=25.6762s valid=1
[617/1200] QLEARNING R2_2_1 run4 -> veh=5 dist=4055.07 cpu=25.3294s valid=1
[618/1200] QLEARNING R2_2_1 run5 -> veh=5 dist=4061.26 cpu=25.6476s valid=1
[619/1200] CLASSIC R2_2_2 run2 -> veh=4 dist=3686.15 cpu=23.1199s valid=1
[620/1200] QLEARNING R2_2_1 run10 -> veh=4 dist=4584.1 cpu=23.7774s valid=1
[621/1200] CLASSIC R2_2_2 run1 -> veh=4 dist=3654.73 cpu=23.8713s valid=1
[622/1200] QLEARNING R2_2_1 run7 -> veh=5 dist=4076.02 cpu=25.7074s valid=1
[623/1200] CLASSIC R2_2_2 run4 -> veh=4 dist=3699.44 cpu=23.8591s valid=1
[624/1200] CLASSIC R2_2_2 run7 -> veh=4 dist=3731.31 cpu=23.7132s valid=1
[625/1200] CLASSIC R2_2_2 run6 -> veh=4 dist=3694.87 cpu=23.9208s valid=1
[626/1200] CLASSIC R2_2_2 run3 -> veh=4 dist=3718.88 cpu=24.8214s valid=1
[627/1200] CLASSIC R2_2_2 run8 -> veh=4 dist=3665.43 cpu=23.9509s valid=1
[628/1200] CLASSIC R2_2_2 run9 -> veh=4 dist=3772.82 cpu=23.5855s valid=1
[629/1200] CLASSIC R2_2_2 run10 -> veh=4 dist=3735.05 cpu=23.6212s valid=1
[630/1200] CLASSIC R2_2_2 run5 -> veh=4 dist=3695.88 cpu=24.7321s valid=1
[631/1200] QLEARNING R2_2_2 run2 -> veh=4 dist=3751.26 cpu=25.6101s valid=1
[632/1200] QLEARNING R2_2_2 run1 -> veh=4 dist=3715.4 cpu=26.9629s valid=1
[633/1200] QLEARNING R2_2_2 run3 -> veh=4 dist=3712.31 cpu=23.9762s valid=1
[634/1200] QLEARNING R2_2_2 run4 -> veh=4 dist=3674.58 cpu=24.7873s valid=1
[635/1200] QLEARNING R2_2_2 run5 -> veh=4 dist=3700.58 cpu=25.1954s valid=1
[636/1200] QLEARNING R2_2_2 run6 -> veh=4 dist=3752.32 cpu=26.3567s valid=1
[637/1200] QLEARNING R2_2_2 run8 -> veh=4 dist=3719.3 cpu=25.2748s valid=1
[638/1200] QLEARNING R2_2_2 run7 -> veh=4 dist=3758.52 cpu=26.4078s valid=1
[639/1200] QLEARNING R2_2_2 run9 -> veh=4 dist=3743.81 cpu=24.1831s valid=1
[640/1200] QLEARNING R2_2_2 run10 -> veh=4 dist=3670.9 cpu=24.6601s valid=1
[641/1200] CLASSIC R2_2_3 run2 -> veh=4 dist=2947.57 cpu=32.2351s valid=1
[642/1200] CLASSIC R2_2_3 run1 -> veh=4 dist=2923.55 cpu=33.5246s valid=1
[643/1200] CLASSIC R2_2_3 run4 -> veh=4 dist=2919.61 cpu=32.6037s valid=1
[644/1200] CLASSIC R2_2_3 run6 -> veh=4 dist=2919.61 cpu=32.2215s valid=1
[645/1200] CLASSIC R2_2_3 run5 -> veh=4 dist=2904.61 cpu=33.1225s valid=1
[646/1200] CLASSIC R2_2_3 run3 -> veh=4 dist=2936.1 cpu=35.0206s valid=1
[647/1200] CLASSIC R2_2_3 run7 -> veh=4 dist=2939.23 cpu=33.9587s valid=1
[648/1200] CLASSIC R2_2_3 run8 -> veh=4 dist=2948.53 cpu=35.4479s valid=1
[649/1200] QLEARNING R2_2_3 run2 -> veh=4 dist=3005.15 cpu=32.5355s valid=1
[650/1200] CLASSIC R2_2_3 run10 -> veh=4 dist=2964.98 cpu=33.6063s valid=1
[651/1200] CLASSIC R2_2_3 run9 -> veh=4 dist=2916.41 cpu=34.5883s valid=1
[652/1200] QLEARNING R2_2_3 run4 -> veh=4 dist=2920.73 cpu=33.1093s valid=1
[653/1200] QLEARNING R2_2_3 run3 -> veh=4 dist=2975.42 cpu=33.7959s valid=1
[654/1200] QLEARNING R2_2_3 run10 -> veh=4 dist=2920.79 cpu=32.3582s valid=1
[655/1200] QLEARNING R2_2_3 run5 -> veh=4 dist=2942.35 cpu=33.3688s valid=1
[656/1200] QLEARNING R2_2_3 run8 -> veh=4 dist=2944.49 cpu=32.7405s valid=1
[657/1200] QLEARNING R2_2_3 run6 -> veh=4 dist=2960.53 cpu=34.0635s valid=1
[658/1200] QLEARNING R2_2_3 run9 -> veh=4 dist=2903.43 cpu=34.6321s valid=1
[659/1200] QLEARNING R2_2_3 run7 -> veh=4 dist=2973.65 cpu=34.9899s valid=1
[660/1200] QLEARNING R2_2_3 run1 -> veh=4 dist=2967.1 cpu=36.7849s valid=1
[661/1200] CLASSIC R2_2_4 run2 -> veh=4 dist=1984.96 cpu=39.0584s valid=1
[662/1200] CLASSIC R2_2_4 run1 -> veh=4 dist=1994.04 cpu=39.9333s valid=1
[663/1200] CLASSIC R2_2_4 run3 -> veh=4 dist=1983.22 cpu=39.3258s valid=1
[664/1200] CLASSIC R2_2_4 run4 -> veh=4 dist=1981.3 cpu=38.9695s valid=1
[665/1200] CLASSIC R2_2_4 run5 -> veh=4 dist=1998.67 cpu=39.7332s valid=1
[666/1200] CLASSIC R2_2_5 run1 -> veh=4 dist=3459.65 cpu=16.35s valid=1
[667/1200] CLASSIC R2_2_4 run6 -> veh=4 dist=1984.96 cpu=39.6588s valid=1
[668/1200] CLASSIC R2_2_5 run2 -> veh=4 dist=3428.57 cpu=16.1947s valid=1
[669/1200] CLASSIC R2_2_5 run3 -> veh=4 dist=3420.99 cpu=16.194s valid=1
[670/1200] CLASSIC R2_2_4 run7 -> veh=4 dist=1983.22 cpu=38.6989s valid=1
[671/1200] CLASSIC R2_2_5 run6 -> veh=4 dist=3468.58 cpu=15.8542s valid=1
[672/1200] CLASSIC R2_2_5 run4 -> veh=4 dist=3423.54 cpu=16.357s valid=1
[673/1200] CLASSIC R2_2_5 run7 -> veh=4 dist=3381.68 cpu=15.8902s valid=1
[674/1200] CLASSIC R2_2_5 run5 -> veh=4 dist=3381.85 cpu=16.4297s valid=1
[675/1200] CLASSIC R2_2_5 run8 -> veh=4 dist=3420.16 cpu=16.193s valid=1
[676/1200] CLASSIC R2_2_5 run9 -> veh=4 dist=3409.37 cpu=16.3053s valid=1
[677/1200] QLEARNING R2_2_5 run1 -> veh=4 dist=3460.76 cpu=16.1239s valid=1
[678/1200] CLASSIC R2_2_5 run10 -> veh=4 dist=3497.48 cpu=16.4647s valid=1
[679/1200] QLEARNING R2_2_5 run2 -> veh=4 dist=3399.47 cpu=16.5927s valid=1
[680/1200] CLASSIC R2_2_4 run9 -> veh=4 dist=2026.2 cpu=38.868s valid=1
[681/1200] CLASSIC R2_2_4 run8 -> veh=4 dist=1984.96 cpu=39.9465s valid=1
[682/1200] CLASSIC R2_2_4 run10 -> veh=4 dist=1983.22 cpu=38.6831s valid=1
[683/1200] QLEARNING R2_2_4 run1 -> veh=4 dist=1983.22 cpu=39.976s valid=1
[684/1200] QLEARNING R2_2_4 run2 -> veh=4 dist=1981.3 cpu=41.2286s valid=1
[685/1200] QLEARNING R2_2_5 run4 -> veh=4 dist=3408.41 cpu=15.9657s valid=1
[686/1200] QLEARNING R2_2_5 run3 -> veh=4 dist=3403.69 cpu=16.5628s valid=1
[687/1200] QLEARNING R2_2_5 run5 -> veh=4 dist=3514.95 cpu=16.6309s valid=1
[688/1200] QLEARNING R2_2_5 run6 -> veh=4 dist=3423.09 cpu=16.2694s valid=1
[689/1200] QLEARNING R2_2_5 run7 -> veh=4 dist=3413.51 cpu=16.7322s valid=1
[690/1200] QLEARNING R2_2_5 run10 -> veh=4 dist=3464.77 cpu=14.7141s valid=1
[691/1200] QLEARNING R2_2_4 run3 -> veh=4 dist=2021.1 cpu=39.2054s valid=1
[692/1200] QLEARNING R2_2_5 run8 -> veh=4 dist=3452.86 cpu=16.5744s valid=1
[693/1200] QLEARNING R2_2_5 run9 -> veh=4 dist=3446.09 cpu=16.6612s valid=1
[694/1200] QLEARNING R2_2_4 run4 -> veh=4 dist=1987.22 cpu=39.5503s valid=1
[695/1200] QLEARNING R2_2_4 run6 -> veh=4 dist=1983.22 cpu=39.3754s valid=1
[696/1200] QLEARNING R2_2_4 run5 -> veh=4 dist=1987.79 cpu=40.0402s valid=1
[697/1200] QLEARNING R2_2_4 run7 -> veh=4 dist=1984.87 cpu=39.9219s valid=1
[698/1200] QLEARNING R2_2_4 run9 -> veh=4 dist=1987.22 cpu=40.2728s valid=1
[699/1200] QLEARNING R2_2_4 run8 -> veh=4 dist=2003.81 cpu=43.6376s valid=1
[700/1200] QLEARNING R2_2_4 run10 -> veh=4 dist=1983.22 cpu=40.7901s valid=1
[701/1200] CLASSIC R2_2_6 run1 -> veh=4 dist=2949.94 cpu=27.7096s valid=1
[702/1200] CLASSIC R2_2_6 run2 -> veh=4 dist=2935.2 cpu=27.8912s valid=1
[703/1200] CLASSIC R2_2_6 run4 -> veh=4 dist=2965.08 cpu=28.0517s valid=1
[704/1200] CLASSIC R2_2_6 run3 -> veh=4 dist=2940.66 cpu=28.1754s valid=1
[705/1200] CLASSIC R2_2_6 run7 -> veh=4 dist=2987.38 cpu=27.7616s valid=1
[706/1200] CLASSIC R2_2_6 run5 -> veh=4 dist=2923.04 cpu=28.5067s valid=1
[707/1200] QLEARNING R2_2_6 run3 -> veh=4 dist=2970.86 cpu=24.0765s valid=1
[708/1200] QLEARNING R2_2_6 run1 -> veh=4 dist=2943.56 cpu=25.6071s valid=1
[709/1200] CLASSIC R2_2_6 run6 -> veh=4 dist=2989.19 cpu=28.7753s valid=1
[710/1200] CLASSIC R2_2_6 run8 -> veh=4 dist=3034.6 cpu=28.5062s valid=1
[711/1200] CLASSIC R2_2_6 run10 -> veh=4 dist=3001.83 cpu=27.8102s valid=1
[712/1200] CLASSIC R2_2_6 run9 -> veh=4 dist=2936.27 cpu=28.1164s valid=1
[713/1200] QLEARNING R2_2_6 run4 -> veh=4 dist=2924.76 cpu=27.1948s valid=1
[714/1200] QLEARNING R2_2_6 run2 -> veh=4 dist=2921.72 cpu=28.6199s valid=1
[715/1200] QLEARNING R2_2_6 run7 -> veh=4 dist=2941.65 cpu=25.7916s valid=1
[716/1200] QLEARNING R2_2_6 run5 -> veh=4 dist=2958.07 cpu=28.0508s valid=1
[717/1200] QLEARNING R2_2_6 run8 -> veh=4 dist=2922.03 cpu=28.111s valid=1
[718/1200] QLEARNING R2_2_6 run6 -> veh=4 dist=2958.12 cpu=30.429s valid=1
[719/1200] QLEARNING R2_2_6 run10 -> veh=4 dist=2989.72 cpu=28.2665s valid=1
[720/1200] QLEARNING R2_2_6 run9 -> veh=4 dist=2926 cpu=29.5916s valid=1
[721/1200] CLASSIC R2_2_7 run2 -> veh=4 dist=2460.59 cpu=34.9078s valid=1
[722/1200] CLASSIC R2_2_7 run1 -> veh=4 dist=2473.12 cpu=35.5574s valid=1
[723/1200] CLASSIC R2_2_7 run4 -> veh=4 dist=2467.58 cpu=35.507s valid=1
[724/1200] CLASSIC R2_2_7 run3 -> veh=4 dist=2484.28 cpu=36.4306s valid=1
[725/1200] CLASSIC R2_2_7 run5 -> veh=4 dist=2488.41 cpu=36.2027s valid=1
[726/1200] CLASSIC R2_2_7 run7 -> veh=4 dist=2460.59 cpu=35.8648s valid=1
[727/1200] CLASSIC R2_2_7 run6 -> veh=4 dist=2462.15 cpu=37.0081s valid=1
[728/1200] CLASSIC R2_2_7 run8 -> veh=4 dist=2459.79 cpu=36.0586s valid=1
[729/1200] CLASSIC R2_2_7 run9 -> veh=4 dist=2471.75 cpu=36.4774s valid=1
[730/1200] CLASSIC R2_2_7 run10 -> veh=4 dist=2478.92 cpu=35.2641s valid=1
[731/1200] QLEARNING R2_2_7 run1 -> veh=4 dist=2460.97 cpu=34.6092s valid=1
[732/1200] QLEARNING R2_2_7 run2 -> veh=4 dist=2457.58 cpu=37.2052s valid=1
[733/1200] QLEARNING R2_2_7 run6 -> veh=4 dist=2465.73 cpu=34.8164s valid=1
[734/1200] QLEARNING R2_2_7 run4 -> veh=4 dist=2472.48 cpu=36.2559s valid=1
[735/1200] QLEARNING R2_2_7 run8 -> veh=4 dist=2478.42 cpu=35.9481s valid=1
[736/1200] QLEARNING R2_2_7 run7 -> veh=4 dist=2475.56 cpu=36.9907s valid=1
[737/1200] QLEARNING R2_2_7 run9 -> veh=4 dist=2510.77 cpu=37.0541s valid=1
[738/1200] QLEARNING R2_2_7 run10 -> veh=4 dist=2456.29 cpu=36.9005s valid=1
[739/1200] QLEARNING R2_2_7 run5 -> veh=4 dist=2460.3 cpu=37.842s valid=1
[740/1200] QLEARNING R2_2_7 run3 -> veh=4 dist=2492.11 cpu=39.0264s valid=1
[741/1200] CLASSIC R2_2_8 run1 -> veh=4 dist=1852.5 cpu=41.58s valid=1
[742/1200] CLASSIC R2_2_8 run2 -> veh=4 dist=1920.38 cpu=40.7174s valid=1
[743/1200] CLASSIC R2_2_8 run4 -> veh=4 dist=1866.65 cpu=40.8899s valid=1
[744/1200] CLASSIC R2_2_8 run3 -> veh=4 dist=1852.5 cpu=41.9089s valid=1
[745/1200] CLASSIC R2_2_8 run5 -> veh=4 dist=1892.88 cpu=40.9568s valid=1
[746/1200] CLASSIC R2_2_8 run6 -> veh=4 dist=1852.5 cpu=41.034s valid=1
[747/1200] CLASSIC R2_2_9 run1 -> veh=4 dist=3140.78 cpu=20.2456s valid=1
[748/1200] CLASSIC R2_2_9 run2 -> veh=4 dist=3116.49 cpu=19.9124s valid=1
[749/1200] CLASSIC R2_2_8 run8 -> veh=4 dist=1850.85 cpu=41.6112s valid=1
[750/1200] CLASSIC R2_2_8 run7 -> veh=4 dist=1852.5 cpu=42.3035s valid=1
[751/1200] CLASSIC R2_2_9 run3 -> veh=4 dist=3118.94 cpu=19.8252s valid=1
[752/1200] CLASSIC R2_2_8 run9 -> veh=4 dist=1850.85 cpu=42.3503s valid=1
[753/1200] CLASSIC R2_2_8 run10 -> veh=4 dist=1849.87 cpu=41.2331s valid=1
[754/1200] CLASSIC R2_2_9 run4 -> veh=4 dist=3112.39 cpu=19.8932s valid=1
[755/1200] QLEARNING R2_2_8 run2 -> veh=4 dist=1903.67 cpu=40.9477s valid=1
[756/1200] QLEARNING R2_2_8 run1 -> veh=4 dist=1860.02 cpu=42.396s valid=1
[757/1200] CLASSIC R2_2_9 run5 -> veh=4 dist=3149.39 cpu=19.7445s valid=1
[758/1200] CLASSIC R2_2_9 run7 -> veh=4 dist=3168.2 cpu=19.194s valid=1
[759/1200] CLASSIC R2_2_9 run6 -> veh=4 dist=3188.43 cpu=19.9924s valid=1
[760/1200] CLASSIC R2_2_9 run8 -> veh=4 dist=3129.93 cpu=19.295s valid=1
[761/1200] QLEARNING R2_2_9 run1 -> veh=4 dist=3155.47 cpu=19.426s valid=1
[762/1200] CLASSIC R2_2_9 run9 -> veh=4 dist=3144.55 cpu=19.859s valid=1
[763/1200] CLASSIC R2_2_9 run10 -> veh=4 dist=3127.3 cpu=19.8313s valid=1
[764/1200] QLEARNING R2_2_9 run2 -> veh=4 dist=3157.86 cpu=20.183s valid=1
[765/1200] QLEARNING R2_2_8 run3 -> veh=4 dist=1890.4 cpu=40.4841s valid=1
[766/1200] QLEARNING R2_2_8 run4 -> veh=4 dist=1881.25 cpu=40.8959s valid=1
[767/1200] QLEARNING R2_2_9 run3 -> veh=4 dist=3156.11 cpu=19.6876s valid=1
[768/1200] QLEARNING R2_2_9 run4 -> veh=4 dist=3117.38 cpu=20.3151s valid=1
[769/1200] QLEARNING R2_2_9 run7 -> veh=4 dist=3150.09 cpu=19.406s valid=1
[770/1200] QLEARNING R2_2_8 run5 -> veh=4 dist=1939.79 cpu=41.4139s valid=1
[771/1200] QLEARNING R2_2_9 run6 -> veh=4 dist=3163.38 cpu=20.6304s valid=1
[772/1200] QLEARNING R2_2_9 run5 -> veh=4 dist=3148.48 cpu=21.5255s valid=1
[773/1200] QLEARNING R2_2_8 run6 -> veh=4 dist=1863.7 cpu=41.6819s valid=1
[774/1200] QLEARNING R2_2_9 run8 -> veh=4 dist=3147.53 cpu=20.8891s valid=1
[775/1200] QLEARNING R2_2_8 run7 -> veh=4 dist=1849.87 cpu=43.1535s valid=1
[776/1200] QLEARNING R2_2_9 run9 -> veh=4 dist=3123.76 cpu=20.2246s valid=1
[777/1200] QLEARNING R2_2_8 run8 -> veh=4 dist=1887.93 cpu=42.3857s valid=1
[778/1200] QLEARNING R2_2_8 run9 -> veh=4 dist=1849.87 cpu=42.1357s valid=1
[779/1200] CLASSIC R2_2_10 run1 -> veh=4 dist=2775.93 cpu=21.8274s valid=1
[780/1200] QLEARNING R2_2_9 run10 -> veh=4 dist=3138.29 cpu=22.323s valid=1
[781/1200] CLASSIC R2_2_10 run2 -> veh=4 dist=2722.59 cpu=22.5695s valid=1
[782/1200] CLASSIC RC1_2_1 run1 -> veh=18 dist=3865.87 cpu=7.11735s valid=1
[783/1200] CLASSIC R2_2_10 run3 -> veh=4 dist=2755.95 cpu=22.2326s valid=1
[784/1200] CLASSIC RC1_2_1 run2 -> veh=18 dist=3924.38 cpu=7.20147s valid=1
[785/1200] QLEARNING R2_2_8 run10 -> veh=4 dist=1849.87 cpu=45.9069s valid=1
[786/1200] CLASSIC RC1_2_1 run3 -> veh=18 dist=3784.92 cpu=6.89908s valid=1
[787/1200] CLASSIC RC1_2_1 run4 -> veh=18 dist=3960.19 cpu=7.25737s valid=1
[788/1200] CLASSIC RC1_2_1 run5 -> veh=18 dist=3783.16 cpu=7.2065s valid=1
[789/1200] CLASSIC R2_2_10 run4 -> veh=4 dist=2705.14 cpu=22.4285s valid=1
[790/1200] CLASSIC RC1_2_1 run6 -> veh=18 dist=3911.68 cpu=7.0638s valid=1
[791/1200] CLASSIC R2_2_10 run5 -> veh=4 dist=2703.7 cpu=22.0664s valid=1
[792/1200] CLASSIC RC1_2_1 run7 -> veh=18 dist=3782.17 cpu=7.15774s valid=1
[793/1200] CLASSIC R2_2_10 run6 -> veh=4 dist=2729.03 cpu=22.3567s valid=1
[794/1200] CLASSIC RC1_2_1 run8 -> veh=18 dist=3752.33 cpu=7.26506s valid=1
[795/1200] CLASSIC RC1_2_1 run9 -> veh=18 dist=3832.74 cpu=7.05706s valid=1
[796/1200] CLASSIC R2_2_10 run7 -> veh=4 dist=2700.07 cpu=22.0473s valid=1
[797/1200] CLASSIC RC1_2_1 run10 -> veh=18 dist=3751.46 cpu=7.41893s valid=1
[798/1200] CLASSIC R2_2_10 run8 -> veh=4 dist=2671.44 cpu=21.8165s valid=1
[799/1200] QLEARNING RC1_2_1 run2 -> veh=18 dist=3806.51 cpu=6.91477s valid=1
[800/1200] QLEARNING RC1_2_1 run1 -> veh=18 dist=3757.84 cpu=7.34359s valid=1
[801/1200] CLASSIC R2_2_10 run9 -> veh=4 dist=2720.16 cpu=22.1783s valid=1
[802/1200] QLEARNING RC1_2_1 run3 -> veh=18 dist=3898.54 cpu=6.72078s valid=1
[803/1200] QLEARNING RC1_2_1 run4 -> veh=18 dist=3728.89 cpu=6.60272s valid=1
[804/1200] CLASSIC R2_2_10 run10 -> veh=4 dist=2711.02 cpu=22.384s valid=1
[805/1200] QLEARNING RC1_2_1 run5 -> veh=18 dist=3856.86 cpu=7.12653s valid=1
[806/1200] QLEARNING R2_2_10 run1 -> veh=4 dist=2709.81 cpu=22.6306s valid=1
[807/1200] QLEARNING RC1_2_1 run8 -> veh=18 dist=3805.85 cpu=6.86475s valid=1
[808/1200] QLEARNING RC1_2_1 run6 -> veh=18 dist=3884.79 cpu=7.28186s valid=1
[809/1200] QLEARNING RC1_2_1 run7 -> veh=18 dist=3888.38 cpu=7.42813s valid=1
[810/1200] QLEARNING RC1_2_1 run9 -> veh=18 dist=3971.16 cpu=6.77126s valid=1
[811/1200] QLEARNING RC1_2_1 run10 -> veh=18 dist=3864.18 cpu=7.03533s valid=1
[812/1200] QLEARNING R2_2_10 run2 -> veh=4 dist=2692.8 cpu=23.1472s valid=1
[813/1200] QLEARNING R2_2_10 run4 -> veh=4 dist=2701.04 cpu=22.5541s valid=1
[814/1200] QLEARNING R2_2_10 run5 -> veh=4 dist=2701.85 cpu=22.6552s valid=1
[815/1200] QLEARNING R2_2_10 run3 -> veh=4 dist=2694.65 cpu=23.0615s valid=1
[816/1200] QLEARNING R2_2_10 run6 -> veh=4 dist=2717.32 cpu=22.7279s valid=1
[817/1200] CLASSIC RC1_2_2 run1 -> veh=18 dist=3363.71 cpu=10.0399s valid=1
[818/1200] QLEARNING R2_2_10 run7 -> veh=4 dist=2734.55 cpu=23.0679s valid=1
[819/1200] CLASSIC RC1_2_2 run3 -> veh=18 dist=3379.35 cpu=10.4389s valid=1
[820/1200] CLASSIC RC1_2_2 run2 -> veh=18 dist=3394.28 cpu=10.5819s valid=1
[821/1200] CLASSIC RC1_2_2 run5 -> veh=18 dist=3365.58 cpu=10.4688s valid=1
[822/1200] CLASSIC RC1_2_2 run4 -> veh=18 dist=3400.94 cpu=10.6115s valid=1
[823/1200] QLEARNING R2_2_10 run8 -> veh=4 dist=2699.18 cpu=23.0561s valid=1
[824/1200] CLASSIC RC1_2_2 run6 -> veh=18 dist=3398.36 cpu=10.4385s valid=1
[825/1200] QLEARNING R2_2_10 run9 -> veh=4 dist=2730.24 cpu=22.7168s valid=1
[826/1200] CLASSIC RC1_2_2 run8 -> veh=18 dist=3415.97 cpu=10.1955s valid=1
[827/1200] CLASSIC RC1_2_2 run7 -> veh=18 dist=3326.64 cpu=10.8302s valid=1
[828/1200] CLASSIC RC1_2_2 run9 -> veh=18 dist=3449.85 cpu=10.505s valid=1
[829/1200] CLASSIC RC1_2_2 run10 -> veh=18 dist=3360.34 cpu=10.6794s valid=1
[830/1200] QLEARNING R2_2_10 run10 -> veh=4 dist=2692.92 cpu=22.8711s valid=1
[831/1200] QLEARNING RC1_2_2 run1 -> veh=18 dist=3339.45 cpu=9.70062s valid=1
[832/1200] QLEARNING RC1_2_2 run2 -> veh=18 dist=3324.55 cpu=10.3945s valid=1
[833/1200] QLEARNING RC1_2_2 run4 -> veh=18 dist=3411.01 cpu=9.76686s valid=1
[834/1200] QLEARNING RC1_2_2 run3 -> veh=18 dist=3384.53 cpu=10.7238s valid=1
[835/1200] QLEARNING RC1_2_2 run5 -> veh=18 dist=3411.64 cpu=10.3043s valid=1
[836/1200] QLEARNING RC1_2_2 run6 -> veh=18 dist=3306.73 cpu=10.2756s valid=1
[837/1200] QLEARNING RC1_2_2 run10 -> veh=18 dist=3397.95 cpu=10.0813s valid=1
[838/1200] QLEARNING RC1_2_2 run8 -> veh=18 dist=3301.55 cpu=10.8733s valid=1
[839/1200] QLEARNING RC1_2_2 run7 -> veh=18 dist=3338.1 cpu=10.9806s valid=1
[840/1200] QLEARNING RC1_2_2 run9 -> veh=18 dist=3334.47 cpu=10.8593s valid=1
[841/1200] CLASSIC RC1_2_3 run2 -> veh=18 dist=3141.94 cpu=12.3275s valid=1
[842/1200] CLASSIC RC1_2_3 run1 -> veh=18 dist=3077.75 cpu=12.8446s valid=1
[843/1200] CLASSIC RC1_2_3 run6 -> veh=18 dist=3060.48 cpu=11.959s valid=1
[844/1200] CLASSIC RC1_2_3 run3 -> veh=18 dist=3076.68 cpu=12.5309s valid=1
[845/1200] CLASSIC RC1_2_3 run5 -> veh=18 dist=3072.96 cpu=12.0567s valid=1
[846/1200] CLASSIC RC1_2_3 run4 -> veh=18 dist=3140.4 cpu=12.7649s valid=1
[847/1200] CLASSIC RC1_2_3 run7 -> veh=18 dist=3069.71 cpu=12.4812s valid=1
[848/1200] CLASSIC RC1_2_3 run8 -> veh=18 dist=3106.93 cpu=12.0785s valid=1
[849/1200] CLASSIC RC1_2_3 run9 -> veh=18 dist=3106.91 cpu=12.1713s valid=1
[850/1200] QLEARNING RC1_2_3 run2 -> veh=18 dist=3093.55 cpu=11.9879s valid=1
[851/1200] QLEARNING RC1_2_3 run1 -> veh=18 dist=3057.16 cpu=12.5991s valid=1
[852/1200] CLASSIC RC1_2_3 run10 -> veh=18 dist=3085.04 cpu=12.6736s valid=1
[853/1200] QLEARNING RC1_2_3 run5 -> veh=18 dist=3085.6 cpu=12.1462s valid=1
[854/1200] QLEARNING RC1_2_3 run6 -> veh=18 dist=3035.14 cpu=12.3805s valid=1
[855/1200] QLEARNING RC1_2_3 run3 -> veh=18 dist=3105.48 cpu=12.978s valid=1
[856/1200] QLEARNING RC1_2_3 run8 -> veh=18 dist=3071.79 cpu=12.5203s valid=1
[857/1200] QLEARNING RC1_2_3 run4 -> veh=18 dist=3114.03 cpu=13.5389s valid=1
[858/1200] QLEARNING RC1_2_3 run7 -> veh=18 dist=3100.29 cpu=13.5176s valid=1
[859/1200] QLEARNING RC1_2_3 run9 -> veh=18 dist=3101.99 cpu=13.3773s valid=1
[860/1200] QLEARNING RC1_2_3 run10 -> veh=18 dist=3082.62 cpu=13.0658s valid=1
[861/1200] CLASSIC RC1_2_4 run1 -> veh=18 dist=2935.86 cpu=13.6188s valid=1
[862/1200] CLASSIC RC1_2_4 run3 -> veh=18 dist=2940.58 cpu=14.1778s valid=1
[863/1200] CLASSIC RC1_2_4 run4 -> veh=18 dist=2976.03 cpu=13.6576s valid=1
[864/1200] CLASSIC RC1_2_4 run5 -> veh=18 dist=2903.48 cpu=14.3035s valid=1
[865/1200] CLASSIC RC1_2_4 run7 -> veh=18 dist=2971.17 cpu=13.5591s valid=1
[866/1200] CLASSIC RC1_2_4 run6 -> veh=18 dist=2896.8 cpu=14.0599s valid=1
[867/1200] CLASSIC RC1_2_4 run2 -> veh=18 dist=2931.46 cpu=16.3202s valid=1
[868/1200] CLASSIC RC1_2_4 run8 -> veh=18 dist=2932.87 cpu=14.2715s valid=1
[869/1200] QLEARNING RC1_2_4 run1 -> veh=18 dist=2968.96 cpu=13.273s valid=1
[870/1200] CLASSIC RC1_2_4 run10 -> veh=18 dist=2959.6 cpu=13.9174s valid=1
[871/1200] CLASSIC RC1_2_4 run9 -> veh=18 dist=2906.09 cpu=14.3198s valid=1
[872/1200] CLASSIC RC1_2_5 run1 -> veh=18 dist=3664.16 cpu=8.25452s valid=1
[873/1200] QLEARNING RC1_2_4 run2 -> veh=18 dist=2929.59 cpu=14.1931s valid=1
[874/1200] CLASSIC RC1_2_5 run2 -> veh=18 dist=3614.1 cpu=8.16897s valid=1
[875/1200] CLASSIC RC1_2_5 run5 -> veh=18 dist=3618.73 cpu=8.11435s valid=1
[876/1200] CLASSIC RC1_2_5 run3 -> veh=18 dist=3589.75 cpu=8.35428s valid=1
[877/1200] CLASSIC RC1_2_5 run4 -> veh=18 dist=3660.29 cpu=8.40321s valid=1
[878/1200] QLEARNING RC1_2_4 run4 -> veh=18 dist=2927.06 cpu=13.4348s valid=1
[879/1200] CLASSIC RC1_2_5 run6 -> veh=18 dist=3578.1 cpu=8.41191s valid=1
[880/1200] CLASSIC RC1_2_5 run7 -> veh=18 dist=3653.02 cpu=8.27075s valid=1
[881/1200] CLASSIC RC1_2_5 run8 -> veh=18 dist=3603.32 cpu=8.23367s valid=1
[882/1200] QLEARNING RC1_2_4 run3 -> veh=18 dist=2913.02 cpu=14.3366s valid=1
[883/1200] QLEARNING RC1_2_4 run7 -> veh=18 dist=2900.23 cpu=13.9688s valid=1
[884/1200] QLEARNING RC1_2_4 run9 -> veh=18 dist=2900.64 cpu=13.4673s valid=1
[885/1200] QLEARNING RC1_2_4 run6 -> veh=18 dist=2913.61 cpu=14.2371s valid=1
[886/1200] CLASSIC RC1_2_5 run9 -> veh=18 dist=3610.42 cpu=8.25004s valid=1
[887/1200] QLEARNING RC1_2_4 run5 -> veh=18 dist=2930.41 cpu=14.5541s valid=1
[888/1200] QLEARNING RC1_2_4 run8 -> veh=18 dist=2899.65 cpu=14.2623s valid=1
[889/1200] CLASSIC RC1_2_5 run10 -> veh=18 dist=3619.53 cpu=8.32782s valid=1
[890/1200] QLEARNING RC1_2_4 run10 -> veh=18 dist=2901.78 cpu=13.6882s valid=1
[891/1200] QLEARNING RC1_2_5 run2 -> veh=18 dist=3594.9 cpu=8.02818s valid=1
[892/1200] QLEARNING RC1_2_5 run1 -> veh=18 dist=3676.81 cpu=8.58247s valid=1
[893/1200] QLEARNING RC1_2_5 run3 -> veh=18 dist=3592.82 cpu=8.58193s valid=1
[894/1200] QLEARNING RC1_2_5 run4 -> veh=18 dist=3549.18 cpu=8.22863s valid=1
[895/1200] QLEARNING RC1_2_5 run5 -> veh=18 dist=3628.04 cpu=8.02296s valid=1
[896/1200] QLEARNING RC1_2_5 run6 -> veh=18 dist=3616.2 cpu=8.05301s valid=1
[897/1200] QLEARNING RC1_2_5 run7 -> veh=18 dist=3666.66 cpu=8.27163s valid=1
[898/1200] QLEARNING RC1_2_5 run8 -> veh=18 dist=3682.74 cpu=8.40106s valid=1
[899/1200] QLEARNING RC1_2_5 run9 -> veh=18 dist=3706.71 cpu=7.66394s valid=1
[900/1200] QLEARNING RC1_2_5 run10 -> veh=18 dist=3637.27 cpu=8.09768s valid=1
[901/1200] CLASSIC RC1_2_6 run1 -> veh=18 dist=3546.99 cpu=8.21531s valid=1
[902/1200] CLASSIC RC1_2_6 run2 -> veh=18 dist=3448.18 cpu=8.23509s valid=1
[903/1200] CLASSIC RC1_2_6 run4 -> veh=18 dist=3503.14 cpu=8.16538s valid=1
[904/1200] CLASSIC RC1_2_6 run3 -> veh=18 dist=3637.3 cpu=8.40441s valid=1
[905/1200] CLASSIC RC1_2_6 run5 -> veh=18 dist=3506.54 cpu=8.31694s valid=1
[906/1200] CLASSIC RC1_2_6 run6 -> veh=18 dist=3591.25 cpu=8.17978s valid=1
[907/1200] CLASSIC RC1_2_6 run7 -> veh=18 dist=3511.51 cpu=8.08041s valid=1
[908/1200] CLASSIC RC1_2_6 run8 -> veh=18 dist=3553.31 cpu=8.31775s valid=1
[909/1200] CLASSIC RC1_2_6 run9 -> veh=18 dist=3576.11 cpu=8.39491s valid=1
[910/1200] CLASSIC RC1_2_6 run10 -> veh=18 dist=3527.39 cpu=8.19518s valid=1
[911/1200] QLEARNING RC1_2_6 run2 -> veh=18 dist=3442.61 cpu=8.02113s valid=1
[912/1200] QLEARNING RC1_2_6 run4 -> veh=18 dist=3568.56 cpu=7.95942s valid=1
[913/1200] QLEARNING RC1_2_6 run5 -> veh=18 dist=3507.96 cpu=7.73902s valid=1
[914/1200] QLEARNING RC1_2_6 run8 -> veh=18 dist=3458.84 cpu=7.7841s valid=1
[915/1200] QLEARNING RC1_2_6 run6 -> veh=18 dist=3504.92 cpu=7.97103s valid=1
[916/1200] QLEARNING RC1_2_6 run1 -> veh=18 dist=3477.05 cpu=8.63889s valid=1
[917/1200] QLEARNING RC1_2_6 run3 -> veh=18 dist=3595.66 cpu=8.5005s valid=1
[918/1200] QLEARNING RC1_2_6 run7 -> veh=18 dist=3422.88 cpu=8.45224s valid=1
[919/1200] QLEARNING RC1_2_6 run9 -> veh=18 dist=3514.58 cpu=8.26145s valid=1
[920/1200] QLEARNING RC1_2_6 run10 -> veh=18 dist=3498.67 cpu=8.22051s valid=1
[921/1200] CLASSIC RC1_2_7 run1 -> veh=18 dist=3270.41 cpu=9.33441s valid=1
[922/1200] CLASSIC RC1_2_7 run2 -> veh=18 dist=3398.33 cpu=9.40312s valid=1
[923/1200] CLASSIC RC1_2_7 run3 -> veh=18 dist=3323.62 cpu=9.38571s valid=1
[924/1200] CLASSIC RC1_2_7 run4 -> veh=18 dist=3399.1 cpu=9.36832s valid=1
[925/1200] CLASSIC RC1_2_7 run6 -> veh=18 dist=3355.11 cpu=8.81087s valid=1
[926/1200] CLASSIC RC1_2_7 run5 -> veh=18 dist=3466.26 cpu=9.22032s valid=1
[927/1200] CLASSIC RC1_2_7 run7 -> veh=18 dist=3332.47 cpu=9.1437s valid=1
[928/1200] CLASSIC RC1_2_7 run8 -> veh=18 dist=3418.29 cpu=9.08704s valid=1
[929/1200] QLEARNING RC1_2_7 run1 -> veh=18 dist=3413.91 cpu=8.80809s valid=1
[930/1200] QLEARNING RC1_2_7 run2 -> veh=18 dist=3409.22 cpu=8.44071s valid=1
[931/1200] CLASSIC RC1_2_7 run10 -> veh=18 dist=3403.45 cpu=9.20276s valid=1
[932/1200] CLASSIC RC1_2_7 run9 -> veh=18 dist=3302.78 cpu=9.3674s valid=1
[933/1200] QLEARNING RC1_2_7 run4 -> veh=18 dist=3360.07 cpu=8.80933s valid=1
[934/1200] QLEARNING RC1_2_7 run3 -> veh=18 dist=3446.86 cpu=9.72118s valid=1
[935/1200] QLEARNING RC1_2_7 run6 -> veh=18 dist=3270.69 cpu=9.03605s valid=1
[936/1200] QLEARNING RC1_2_7 run7 -> veh=18 dist=3355.09 cpu=9.1637s valid=1
[937/1200] QLEARNING RC1_2_7 run8 -> veh=18 dist=3415.41 cpu=9.14392s valid=1
[938/1200] QLEARNING RC1_2_7 run5 -> veh=18 dist=3353.9 cpu=10.1289s valid=1
[939/1200] QLEARNING RC1_2_7 run10 -> veh=18 dist=3366.3 cpu=8.89703s valid=1
[940/1200] QLEARNING RC1_2_7 run9 -> veh=18 dist=3252.02 cpu=9.28463s valid=1
[941/1200] CLASSIC RC1_2_8 run1 -> veh=18 dist=3252.98 cpu=10.2351s valid=1
[942/1200] CLASSIC RC1_2_8 run4 -> veh=18 dist=3166.74 cpu=10.1708s valid=1
[943/1200] CLASSIC RC1_2_8 run2 -> veh=18 dist=3168.27 cpu=10.4256s valid=1
[944/1200] CLASSIC RC1_2_8 run3 -> veh=18 dist=3332.34 cpu=10.4595s valid=1
[945/1200] CLASSIC RC1_2_8 run5 -> veh=18 dist=3264.45 cpu=10.339s valid=1
[946/1200] CLASSIC RC1_2_8 run6 -> veh=18 dist=3191.78 cpu=10.1862s valid=1
[947/1200] CLASSIC RC1_2_8 run7 -> veh=18 dist=3246.47 cpu=10.1839s valid=1
[948/1200] CLASSIC RC1_2_8 run9 -> veh=18 dist=3214.59 cpu=10.2811s valid=1
[949/1200] CLASSIC RC1_2_8 run8 -> veh=18 dist=3268.17 cpu=10.3513s valid=1
[950/1200] CLASSIC RC1_2_8 run10 -> veh=18 dist=3178.43 cpu=10.3914s valid=1
[951/1200] QLEARNING RC1_2_8 run2 -> veh=18 dist=3188.13 cpu=10.6019s valid=1
[952/1200] QLEARNING RC1_2_8 run1 -> veh=18 dist=3265.51 cpu=10.872s valid=1
[953/1200] QLEARNING RC1_2_8 run5 -> veh=18 dist=3233.24 cpu=9.71375s valid=1
[954/1200] QLEARNING RC1_2_8 run4 -> veh=18 dist=3262.73 cpu=9.9086s valid=1
[955/1200] QLEARNING RC1_2_8 run3 -> veh=18 dist=3239.6 cpu=10.0674s valid=1
[956/1200] QLEARNING RC1_2_8 run9 -> veh=18 dist=3377.59 cpu=9.61715s valid=1
[957/1200] QLEARNING RC1_2_8 run7 -> veh=18 dist=3167.51 cpu=10.3662s valid=1
[958/1200] QLEARNING RC1_2_8 run6 -> veh=18 dist=3249.58 cpu=11.3648s valid=1
[959/1200] QLEARNING RC1_2_8 run10 -> veh=18 dist=3225.12 cpu=10.3155s valid=1
[960/1200] QLEARNING RC1_2_8 run8 -> veh=18 dist=3243.03 cpu=11.5308s valid=1
[961/1200] CLASSIC RC1_2_9 run1 -> veh=18 dist=3158.11 cpu=10.2536s valid=1
[962/1200] CLASSIC RC1_2_9 run2 -> veh=18 dist=3159.61 cpu=10.3122s valid=1
[963/1200] CLASSIC RC1_2_9 run4 -> veh=18 dist=3198.03 cpu=10.4169s valid=1
[964/1200] CLASSIC RC1_2_9 run3 -> veh=18 dist=3190.51 cpu=10.5896s valid=1
[965/1200] CLASSIC RC1_2_9 run5 -> veh=18 dist=3134.83 cpu=10.3848s valid=1
[966/1200] CLASSIC RC1_2_9 run7 -> veh=18 dist=3184.55 cpu=10.2181s valid=1
[967/1200] CLASSIC RC1_2_9 run6 -> veh=18 dist=3192.88 cpu=10.6296s valid=1
[968/1200] CLASSIC RC1_2_9 run10 -> veh=18 dist=3167.06 cpu=10.0644s valid=1
[969/1200] CLASSIC RC1_2_9 run8 -> veh=18 dist=3202.41 cpu=10.3304s valid=1
[970/1200] CLASSIC RC1_2_9 run9 -> veh=18 dist=3154.98 cpu=10.2235s valid=1
[971/1200] QLEARNING RC1_2_9 run2 -> veh=18 dist=3136.78 cpu=10.1982s valid=1
[972/1200] QLEARNING RC1_2_9 run1 -> veh=18 dist=3138.2 cpu=10.6216s valid=1
[973/1200] QLEARNING RC1_2_9 run3 -> veh=18 dist=3168.58 cpu=9.56662s valid=1
[974/1200] QLEARNING RC1_2_9 run4 -> veh=18 dist=3276.25 cpu=9.93399s valid=1
[975/1200] QLEARNING RC1_2_9 run5 -> veh=18 dist=3210.48 cpu=10.0409s valid=1
[976/1200] QLEARNING RC1_2_9 run8 -> veh=18 dist=3182.51 cpu=9.84192s valid=1
[977/1200] QLEARNING RC1_2_9 run7 -> veh=18 dist=3186.13 cpu=9.96682s valid=1
[978/1200] QLEARNING RC1_2_9 run10 -> veh=18 dist=3155.24 cpu=9.7029s valid=1
[979/1200] QLEARNING RC1_2_9 run6 -> veh=18 dist=3173.34 cpu=10.631s valid=1
[980/1200] QLEARNING RC1_2_9 run9 -> veh=18 dist=3237.11 cpu=10.6368s valid=1
[981/1200] CLASSIC RC1_2_10 run1 -> veh=18 dist=3084.15 cpu=11.237s valid=1
[982/1200] CLASSIC RC1_2_10 run2 -> veh=18 dist=3062.92 cpu=11.3329s valid=1
[983/1200] CLASSIC RC1_2_10 run3 -> veh=18 dist=3072.02 cpu=11.2735s valid=1
[984/1200] CLASSIC RC1_2_10 run4 -> veh=18 dist=3060.38 cpu=11.3476s valid=1
[985/1200] CLASSIC RC1_2_10 run5 -> veh=18 dist=3071.94 cpu=11.2054s valid=1
[986/1200] CLASSIC RC1_2_10 run7 -> veh=18 dist=3103.7 cpu=10.9798s valid=1
[987/1200] CLASSIC RC1_2_10 run6 -> veh=18 dist=3069.25 cpu=11.2316s valid=1
[988/1200] CLASSIC RC1_2_10 run8 -> veh=18 dist=3066.68 cpu=11.4459s valid=1
[989/1200] CLASSIC RC1_2_10 run10 -> veh=18 dist=3104.52 cpu=10.857s valid=1
[990/1200] CLASSIC RC1_2_10 run9 -> veh=18 dist=3081.63 cpu=11.4063s valid=1
[991/1200] QLEARNING RC1_2_10 run3 -> veh=18 dist=3108.19 cpu=10.3435s valid=1
[992/1200] QLEARNING RC1_2_10 run1 -> veh=18 dist=3122.13 cpu=10.9446s valid=1
[993/1200] QLEARNING RC1_2_10 run2 -> veh=18 dist=3102.14 cpu=11.0038s valid=1
[994/1200] QLEARNING RC1_2_10 run4 -> veh=18 dist=3058.88 cpu=11.2669s valid=1
[995/1200] QLEARNING RC1_2_10 run5 -> veh=18 dist=3083.08 cpu=11.1053s valid=1
[996/1200] QLEARNING RC1_2_10 run6 -> veh=18 dist=3128.01 cpu=11.0334s valid=1
[997/1200] QLEARNING RC1_2_10 run7 -> veh=18 dist=3031.56 cpu=10.7416s valid=1
[998/1200] QLEARNING RC1_2_10 run9 -> veh=18 dist=3087.26 cpu=10.9183s valid=1
[999/1200] QLEARNING RC1_2_10 run8 -> veh=18 dist=3051.86 cpu=11.1342s valid=1
[1000/1200] QLEARNING RC1_2_10 run10 -> veh=18 dist=3070.33 cpu=10.7871s valid=1
[1001/1200] CLASSIC RC2_2_1 run9 -> veh=6 dist=3179.62 cpu=13.392s valid=1
[1002/1200] CLASSIC RC2_2_1 run7 -> veh=6 dist=3193.44 cpu=14.5093s valid=1
[1003/1200] QLEARNING RC2_2_1 run3 -> veh=6 dist=3161.37 cpu=13.1728s valid=1
[1004/1200] CLASSIC RC2_2_1 run1 -> veh=6 dist=3164.29 cpu=25.3094s valid=1
[1005/1200] CLASSIC RC2_2_1 run2 -> veh=6 dist=3134.67 cpu=25.7964s valid=1
[1006/1200] CLASSIC RC2_2_1 run3 -> veh=6 dist=3147.59 cpu=25.5103s valid=1
[1007/1200] CLASSIC RC2_2_1 run4 -> veh=6 dist=3143.12 cpu=25.9543s valid=1
[1008/1200] CLASSIC RC2_2_1 run5 -> veh=6 dist=3132.8 cpu=25.8445s valid=1
[1009/1200] CLASSIC RC2_2_1 run6 -> veh=6 dist=3136.18 cpu=25.4624s valid=1
[1010/1200] CLASSIC RC2_2_1 run8 -> veh=6 dist=3173.5 cpu=25.6805s valid=1
[1011/1200] CLASSIC RC2_2_1 run10 -> veh=6 dist=3140.8 cpu=25.6067s valid=1
[1012/1200] QLEARNING RC2_2_1 run1 -> veh=6 dist=3199.26 cpu=25.5968s valid=1
[1013/1200] QLEARNING RC2_2_1 run2 -> veh=6 dist=3176.24 cpu=25.6226s valid=1
[1014/1200] QLEARNING RC2_2_1 run9 -> veh=6 dist=3196.57 cpu=24.9828s valid=1
[1015/1200] QLEARNING RC2_2_1 run7 -> veh=6 dist=3193.81 cpu=25.2602s valid=1
[1016/1200] QLEARNING RC2_2_1 run4 -> veh=6 dist=3151.39 cpu=26.1407s valid=1
[1017/1200] QLEARNING RC2_2_1 run8 -> veh=6 dist=3155.51 cpu=25.669s valid=1
[1018/1200] QLEARNING RC2_2_1 run5 -> veh=6 dist=3148.01 cpu=26.3616s valid=1
[1019/1200] QLEARNING RC2_2_1 run6 -> veh=6 dist=3149.25 cpu=26.21s valid=1
[1020/1200] QLEARNING RC2_2_1 run10 -> veh=6 dist=3134.18 cpu=25.7357s valid=1
[1021/1200] CLASSIC RC2_2_2 run1 -> veh=5 dist=2835.16 cpu=25.8267s valid=1
[1022/1200] CLASSIC RC2_2_2 run5 -> veh=5 dist=2867.68 cpu=25.0267s valid=1
[1023/1200] QLEARNING RC2_2_2 run4 -> veh=5 dist=2849.81 cpu=26.2253s valid=1
[1024/1200] QLEARNING RC2_2_2 run6 -> veh=5 dist=2835.8 cpu=24.9953s valid=1
[1025/1200] QLEARNING RC2_2_2 run10 -> veh=5 dist=2870.47 cpu=25.5709s valid=1
[1026/1200] CLASSIC RC2_2_2 run2 -> veh=5 dist=2859.59 cpu=47.5605s valid=1
[1027/1200] CLASSIC RC2_2_2 run3 -> veh=5 dist=2870.94 cpu=48.4177s valid=1
[1028/1200] CLASSIC RC2_2_2 run4 -> veh=5 dist=2854.36 cpu=49.0654s valid=1
[1029/1200] CLASSIC RC2_2_2 run8 -> veh=5 dist=2871.12 cpu=48.6492s valid=1
[1030/1200] CLASSIC RC2_2_2 run7 -> veh=5 dist=2852.68 cpu=48.7926s valid=1
[1031/1200] QLEARNING RC2_2_2 run1 -> veh=5 dist=2906.12 cpu=48.2822s valid=1
[1032/1200] CLASSIC RC2_2_2 run6 -> veh=5 dist=2842.53 cpu=49.8479s valid=1
[1033/1200] CLASSIC RC2_2_2 run9 -> veh=5 dist=2878.55 cpu=49.1656s valid=1
[1034/1200] CLASSIC RC2_2_2 run10 -> veh=5 dist=2885.68 cpu=48.8142s valid=1
[1035/1200] QLEARNING RC2_2_2 run2 -> veh=5 dist=2837.61 cpu=49.5842s valid=1
[1036/1200] CLASSIC RC2_2_3 run1 -> veh=4 dist=2689.07 cpu=33.6273s valid=1
[1037/1200] CLASSIC RC2_2_3 run2 -> veh=4 dist=2639.37 cpu=33.4572s valid=1
[1038/1200] CLASSIC RC2_2_3 run3 -> veh=4 dist=2655.53 cpu=33.5143s valid=1
[1039/1200] CLASSIC RC2_2_3 run4 -> veh=4 dist=2655.91 cpu=33.2747s valid=1
[1040/1200] CLASSIC RC2_2_3 run5 -> veh=4 dist=2643.97 cpu=33.3326s valid=1
[1041/1200] CLASSIC RC2_2_3 run7 -> veh=4 dist=2679.62 cpu=32.7981s valid=1
[1042/1200] CLASSIC RC2_2_3 run8 -> veh=4 dist=2660.67 cpu=32.8761s valid=1
[1043/1200] CLASSIC RC2_2_3 run10 -> veh=4 dist=2678.96 cpu=32.8096s valid=1
[1044/1200] CLASSIC RC2_2_3 run9 -> veh=4 dist=2647.97 cpu=33.0442s valid=1
[1045/1200] CLASSIC RC2_2_3 run6 -> veh=4 dist=2668.16 cpu=33.7278s valid=1
[1046/1200] QLEARNING RC2_2_2 run5 -> veh=5 dist=2845.02 cpu=47.8831s valid=1
[1047/1200] QLEARNING RC2_2_2 run3 -> veh=5 dist=2876.45 cpu=49.4174s valid=1
[1048/1200] QLEARNING RC2_2_3 run1 -> veh=4 dist=2657.48 cpu=34.1459s valid=1
[1049/1200] QLEARNING RC2_2_3 run2 -> veh=4 dist=2702.91 cpu=32.8902s valid=1
[1050/1200] QLEARNING RC2_2_3 run4 -> veh=4 dist=2657.32 cpu=32.4802s valid=1
[1051/1200] QLEARNING RC2_2_3 run3 -> veh=4 dist=2661.46 cpu=32.9282s valid=1
[1052/1200] QLEARNING RC2_2_2 run9 -> veh=5 dist=2868.98 cpu=48.0229s valid=1
[1053/1200] QLEARNING RC2_2_2 run7 -> veh=5 dist=2864.97 cpu=49.4985s valid=1
[1054/1200] QLEARNING RC2_2_2 run8 -> veh=5 dist=2867.72 cpu=49.348s valid=1
[1055/1200] QLEARNING RC2_2_3 run5 -> veh=4 dist=2736.01 cpu=33.1554s valid=1
[1056/1200] QLEARNING RC2_2_3 run6 -> veh=4 dist=2687.01 cpu=33.2908s valid=1
[1057/1200] CLASSIC RC2_2_5 run2 -> veh=4 dist=3255.12 cpu=18.6812s valid=1
[1058/1200] QLEARNING RC2_2_3 run7 -> veh=4 dist=2675.56 cpu=33.5923s valid=1
[1059/1200] QLEARNING RC2_2_3 run8 -> veh=4 dist=2657.49 cpu=32.7857s valid=1
[1060/1200] CLASSIC RC2_2_5 run3 -> veh=4 dist=2984.17 cpu=22.9401s valid=1
[1061/1200] QLEARNING RC2_2_3 run9 -> veh=4 dist=2639.49 cpu=33.0512s valid=1
[1062/1200] QLEARNING RC2_2_3 run10 -> veh=4 dist=2705.15 cpu=32.8761s valid=1
[1063/1200] CLASSIC RC2_2_5 run7 -> veh=4 dist=3107.64 cpu=19.4532s valid=1
[1064/1200] CLASSIC RC2_2_4 run5 -> veh=4 dist=2065.29 cpu=37.1274s valid=1
[1065/1200] CLASSIC RC2_2_4 run2 -> veh=4 dist=2109.21 cpu=38.782s valid=1
[1066/1200] CLASSIC RC2_2_4 run3 -> veh=4 dist=2064.43 cpu=38.2562s valid=1
[1067/1200] CLASSIC RC2_2_4 run1 -> veh=4 dist=2071.9 cpu=39.2128s valid=1
[1068/1200] CLASSIC RC2_2_4 run4 -> veh=4 dist=2070.54 cpu=38.9028s valid=1
[1069/1200] CLASSIC RC2_2_4 run6 -> veh=4 dist=2122.13 cpu=39.1094s valid=1
[1070/1200] CLASSIC RC2_2_4 run7 -> veh=4 dist=2056.6 cpu=38.186s valid=1
[1071/1200] CLASSIC RC2_2_5 run4 -> veh=4 dist=3126.61 cpu=23.844s valid=1
[1072/1200] CLASSIC RC2_2_4 run8 -> veh=4 dist=2050.3 cpu=38.1611s valid=1
[1073/1200] CLASSIC RC2_2_4 run9 -> veh=4 dist=2082.36 cpu=38.0441s valid=1
[1074/1200] QLEARNING RC2_2_4 run1 -> veh=4 dist=2051.48 cpu=38.2483s valid=1
[1075/1200] CLASSIC RC2_2_5 run5 -> veh=4 dist=3324.28 cpu=25.3664s valid=1
[1076/1200] QLEARNING RC2_2_4 run2 -> veh=4 dist=2128.42 cpu=38.6406s valid=1
[1077/1200] CLASSIC RC2_2_4 run10 -> veh=4 dist=2135.85 cpu=39.2669s valid=1
[1078/1200] CLASSIC RC2_2_5 run1 -> veh=5 dist=2733.71 cpu=36.8162s valid=1
[1079/1200] QLEARNING RC2_2_4 run6 -> veh=4 dist=2065.24 cpu=38.6921s valid=1
[1080/1200] CLASSIC RC2_2_5 run9 -> veh=4 dist=3027.46 cpu=18.5101s valid=1
[1081/1200] QLEARNING RC2_2_4 run4 -> veh=4 dist=2065.73 cpu=39.2745s valid=1
[1082/1200] QLEARNING RC2_2_4 run10 -> veh=4 dist=2089.85 cpu=37.4066s valid=1
[1083/1200] QLEARNING RC2_2_4 run5 -> veh=4 dist=2066.3 cpu=39.265s valid=1
[1084/1200] QLEARNING RC2_2_4 run3 -> veh=4 dist=2116.3 cpu=39.9176s valid=1
[1085/1200] QLEARNING RC2_2_4 run8 -> veh=4 dist=2107.98 cpu=39.1616s valid=1
[1086/1200] QLEARNING RC2_2_4 run9 -> veh=4 dist=2129.43 cpu=39.5486s valid=1
[1087/1200] QLEARNING RC2_2_4 run7 -> veh=4 dist=2101.29 cpu=40.7294s valid=1
[1088/1200] QLEARNING RC2_2_5 run1 -> veh=4 dist=3318.46 cpu=20.808s valid=1
[1089/1200] QLEARNING RC2_2_5 run4 -> veh=4 dist=3040.55 cpu=20.701s valid=1
[1090/1200] CLASSIC RC2_2_5 run6 -> veh=5 dist=2739.58 cpu=35.6092s valid=1
[1091/1200] QLEARNING RC2_2_5 run2 -> veh=4 dist=3107.68 cpu=23.8715s valid=1
[1092/1200] QLEARNING RC2_2_5 run5 -> veh=4 dist=2982.08 cpu=19.2464s valid=1
[1093/1200] QLEARNING RC2_2_5 run6 -> veh=4 dist=3094.77 cpu=19.2409s valid=1
[1094/1200] QLEARNING RC2_2_5 run7 -> veh=4 dist=3127.28 cpu=18.6961s valid=1
[1095/1200] QLEARNING RC2_2_5 run9 -> veh=4 dist=3138.81 cpu=18.5641s valid=1
[1096/1200] CLASSIC RC2_2_5 run10 -> veh=4 dist=3177.12 cpu=29.5659s valid=1
[1097/1200] QLEARNING RC2_2_5 run10 -> veh=4 dist=3161.13 cpu=19.387s valid=1
[1098/1200] CLASSIC RC2_2_6 run3 -> veh=4 dist=2974.56 cpu=18.1867s valid=1
[1099/1200] QLEARNING RC2_2_5 run8 -> veh=4 dist=3207.07 cpu=21.7852s valid=1
[1100/1200] CLASSIC RC2_2_5 run8 -> veh=5 dist=2727.78 cpu=36.7704s valid=1
[1101/1200] QLEARNING RC2_2_6 run1 -> veh=4 dist=3015.81 cpu=18.6761s valid=1
[1102/1200] QLEARNING RC2_2_5 run3 -> veh=4 dist=3082.45 cpu=32.9972s valid=1
[1103/1200] QLEARNING RC2_2_6 run5 -> veh=4 dist=3074 cpu=19.1931s valid=1
[1104/1200] CLASSIC RC2_2_6 run6 -> veh=4 dist=3068.6 cpu=26.8274s valid=1
[1105/1200] CLASSIC RC2_2_6 run10 -> veh=4 dist=3074.58 cpu=25.2215s valid=1
[1106/1200] CLASSIC RC2_2_6 run8 -> veh=4 dist=3080.07 cpu=27.3644s valid=1
[1107/1200] QLEARNING RC2_2_6 run3 -> veh=4 dist=3039.25 cpu=27.1047s valid=1
[1108/1200] CLASSIC RC2_2_6 run1 -> veh=5 dist=2653.08 cpu=32.6574s valid=1
[1109/1200] CLASSIC RC2_2_7 run1 -> veh=4 dist=2568.4 cpu=20.4188s valid=1
[1110/1200] QLEARNING RC2_2_6 run9 -> veh=4 dist=3055.56 cpu=26.0662s valid=1
[1111/1200] CLASSIC RC2_2_6 run2 -> veh=5 dist=2635.87 cpu=32.9661s valid=1
[1112/1200] CLASSIC RC2_2_6 run4 -> veh=5 dist=2641.91 cpu=32.2576s valid=1
[1113/1200] CLASSIC RC2_2_7 run2 -> veh=4 dist=2605.43 cpu=21.006s valid=1
[1114/1200] CLASSIC RC2_2_6 run5 -> veh=5 dist=2622.5 cpu=33.5344s valid=1
[1115/1200] CLASSIC RC2_2_7 run3 -> veh=4 dist=2577.81 cpu=20.5727s valid=1
[1116/1200] CLASSIC RC2_2_6 run7 -> veh=5 dist=2660.91 cpu=32.975s valid=1
[1117/1200] CLASSIC RC2_2_6 run9 -> veh=5 dist=2728.75 cpu=33.7613s valid=1
[1118/1200] CLASSIC RC2_2_7 run5 -> veh=4 dist=2583.04 cpu=20.1241s valid=1
[1119/1200] CLASSIC RC2_2_7 run4 -> veh=4 dist=2598.04 cpu=20.2817s valid=1
[1120/1200] CLASSIC RC2_2_7 run6 -> veh=4 dist=2601.82 cpu=20.3455s valid=1
[1121/1200] QLEARNING RC2_2_6 run7 -> veh=4 dist=3104.13 cpu=31.3239s valid=1
[1122/1200] CLASSIC RC2_2_7 run7 -> veh=4 dist=2632.52 cpu=20.7603s valid=1
[1123/1200] CLASSIC RC2_2_7 run8 -> veh=4 dist=2600 cpu=20.3824s valid=1
[1124/1200] QLEARNING RC2_2_6 run6 -> veh=5 dist=2647.9 cpu=33.1601s valid=1
[1125/1200] QLEARNING RC2_2_6 run2 -> veh=5 dist=2684.67 cpu=34.2296s valid=1
[1126/1200] CLASSIC RC2_2_7 run9 -> veh=4 dist=2594.57 cpu=20.3528s valid=1
[1127/1200] CLASSIC RC2_2_7 run10 -> veh=4 dist=2579.24 cpu=20.9053s valid=1
[1128/1200] QLEARNING RC2_2_6 run4 -> veh=5 dist=2674.02 cpu=36.2374s valid=1
[1129/1200] QLEARNING RC2_2_7 run1 -> veh=4 dist=2669.75 cpu=20.8328s valid=1
[1130/1200] QLEARNING RC2_2_6 run8 -> veh=5 dist=2634.37 cpu=34.4809s valid=1
[1131/1200] QLEARNING RC2_2_7 run2 -> veh=4 dist=2568.06 cpu=20.943s valid=1
[1132/1200] QLEARNING RC2_2_7 run4 -> veh=4 dist=2583.6 cpu=21.3857s valid=1
[1133/1200] QLEARNING RC2_2_6 run10 -> veh=5 dist=2623.69 cpu=35.1771s valid=1
[1134/1200] QLEARNING RC2_2_7 run5 -> veh=4 dist=2578.94 cpu=21.1699s valid=1
[1135/1200] QLEARNING RC2_2_7 run3 -> veh=4 dist=2569.7 cpu=22.8016s valid=1
[1136/1200] QLEARNING RC2_2_7 run6 -> veh=4 dist=2591.51 cpu=21.1164s valid=1
[1137/1200] QLEARNING RC2_2_7 run8 -> veh=4 dist=2586.63 cpu=20.1226s valid=1
[1138/1200] QLEARNING RC2_2_7 run7 -> veh=4 dist=2579.98 cpu=21.1318s valid=1
[1139/1200] QLEARNING RC2_2_7 run9 -> veh=4 dist=2633.61 cpu=22.3684s valid=1
[1140/1200] QLEARNING RC2_2_7 run10 -> veh=4 dist=2570.61 cpu=23.2961s valid=1
[1141/1200] CLASSIC RC2_2_8 run3 -> veh=4 dist=2337.61 cpu=23.4777s valid=1
[1142/1200] CLASSIC RC2_2_8 run1 -> veh=4 dist=2356.17 cpu=23.9218s valid=1
[1143/1200] CLASSIC RC2_2_8 run2 -> veh=4 dist=2368.74 cpu=24.024s valid=1
[1144/1200] CLASSIC RC2_2_8 run4 -> veh=4 dist=2316.82 cpu=23.6374s valid=1
[1145/1200] CLASSIC RC2_2_8 run5 -> veh=4 dist=2335.49 cpu=23.4841s valid=1
[1146/1200] CLASSIC RC2_2_8 run6 -> veh=4 dist=2329.7 cpu=23.6183s valid=1
[1147/1200] CLASSIC RC2_2_8 run7 -> veh=4 dist=2379.25 cpu=23.6137s valid=1
[1148/1200] CLASSIC RC2_2_8 run8 -> veh=4 dist=2348.24 cpu=23.334s valid=1
[1149/1200] CLASSIC RC2_2_8 run9 -> veh=4 dist=2353.59 cpu=23.7623s valid=1
[1150/1200] QLEARNING RC2_2_8 run1 -> veh=4 dist=2334.39 cpu=23.7471s valid=1
[1151/1200] CLASSIC RC2_2_8 run10 -> veh=4 dist=2358.12 cpu=24.3695s valid=1
[1152/1200] QLEARNING RC2_2_8 run3 -> veh=4 dist=2328.83 cpu=23.9901s valid=1
[1153/1200] QLEARNING RC2_2_8 run2 -> veh=4 dist=2342.72 cpu=24.7168s valid=1
[1154/1200] QLEARNING RC2_2_8 run4 -> veh=4 dist=2338.06 cpu=24.4264s valid=1
[1155/1200] QLEARNING RC2_2_8 run6 -> veh=4 dist=2373.1 cpu=24.1647s valid=1
[1156/1200] QLEARNING RC2_2_8 run9 -> veh=4 dist=2343.12 cpu=23.6682s valid=1
[1157/1200] QLEARNING RC2_2_8 run5 -> veh=4 dist=2337.85 cpu=25.1849s valid=1
[1158/1200] QLEARNING RC2_2_8 run7 -> veh=4 dist=2389.67 cpu=24.8203s valid=1
[1159/1200] CLASSIC RC2_2_9 run1 -> veh=4 dist=2233.98 cpu=22.947s valid=1
[1160/1200] QLEARNING RC2_2_8 run8 -> veh=4 dist=2330.57 cpu=25.1572s valid=1
[1161/1200] QLEARNING RC2_2_8 run10 -> veh=4 dist=2336.73 cpu=24.3142s valid=1
[1162/1200] CLASSIC RC2_2_9 run2 -> veh=4 dist=2317.72 cpu=24.4696s valid=1
[1163/1200] CLASSIC RC2_2_9 run3 -> veh=4 dist=2212.2 cpu=24.1378s valid=1
[1164/1200] CLASSIC RC2_2_9 run6 -> veh=4 dist=2261.02 cpu=22.9962s valid=1
[1165/1200] CLASSIC RC2_2_9 run5 -> veh=4 dist=2280.01 cpu=23.745s valid=1
[1166/1200] CLASSIC RC2_2_9 run4 -> veh=4 dist=2186.06 cpu=23.906s valid=1
[1167/1200] CLASSIC RC2_2_9 run7 -> veh=4 dist=2261.38 cpu=24.1596s valid=1
[1168/1200] CLASSIC RC2_2_9 run9 -> veh=4 dist=2283.41 cpu=23.6361s valid=1
[1169/1200] CLASSIC RC2_2_9 run8 -> veh=4 dist=2223.65 cpu=24.1628s valid=1
[1170/1200] CLASSIC RC2_2_9 run10 -> veh=4 dist=2204.34 cpu=23.8273s valid=1
[1171/1200] QLEARNING RC2_2_9 run2 -> veh=4 dist=2239.37 cpu=22.046s valid=1
[1172/1200] QLEARNING RC2_2_9 run1 -> veh=4 dist=2227.62 cpu=24.1201s valid=1
[1173/1200] QLEARNING RC2_2_9 run4 -> veh=4 dist=2235.17 cpu=22.9611s valid=1
[1174/1200] QLEARNING RC2_2_9 run9 -> veh=4 dist=2216.34 cpu=21.3987s valid=1
[1175/1200] QLEARNING RC2_2_9 run3 -> veh=4 dist=2227.1 cpu=23.6975s valid=1
[1176/1200] QLEARNING RC2_2_9 run7 -> veh=4 dist=2213.22 cpu=23.4205s valid=1
[1177/1200] QLEARNING RC2_2_9 run6 -> veh=4 dist=2242.09 cpu=24.5275s valid=1
[1178/1200] QLEARNING RC2_2_9 run5 -> veh=4 dist=2251.45 cpu=24.8971s valid=1
[1179/1200] CLASSIC RC2_2_10 run4 -> veh=4 dist=2015.7 cpu=21.2647s valid=1
[1180/1200] QLEARNING RC2_2_9 run8 -> veh=4 dist=2249.88 cpu=24.3566s valid=1
[1181/1200] QLEARNING RC2_2_9 run10 -> veh=4 dist=2254.6 cpu=25.1092s valid=1
[1182/1200] CLASSIC RC2_2_10 run5 -> veh=4 dist=2095.45 cpu=22.487s valid=1
[1183/1200] CLASSIC RC2_2_10 run3 -> veh=4 dist=2110.17 cpu=24.366s valid=1
[1184/1200] CLASSIC RC2_2_10 run2 -> veh=4 dist=2058.31 cpu=25.099s valid=1
[1185/1200] CLASSIC RC2_2_10 run1 -> veh=4 dist=2109.19 cpu=25.7978s valid=1
[1186/1200] QLEARNING RC2_2_10 run3 -> veh=4 dist=2074.24 cpu=21.8822s valid=1
[1187/1200] CLASSIC RC2_2_10 run10 -> veh=4 dist=2020.68 cpu=23.4212s valid=1
[1188/1200] QLEARNING RC2_2_10 run1 -> veh=4 dist=2067.8 cpu=23.1869s valid=1
[1189/1200] CLASSIC RC2_2_10 run6 -> veh=4 dist=2051.06 cpu=24.9688s valid=1
[1190/1200] CLASSIC RC2_2_10 run9 -> veh=4 dist=2069.64 cpu=24.2515s valid=1
[1191/1200] QLEARNING RC2_2_10 run4 -> veh=4 dist=2064.28 cpu=22.0509s valid=1
[1192/1200] CLASSIC RC2_2_10 run8 -> veh=4 dist=2032.57 cpu=24.7135s valid=1
[1193/1200] QLEARNING RC2_2_10 run2 -> veh=4 dist=2034.94 cpu=24.2348s valid=1
[1194/1200] QLEARNING RC2_2_10 run5 -> veh=4 dist=2044.93 cpu=21.4792s valid=1
[1195/1200] CLASSIC RC2_2_10 run7 -> veh=4 dist=2147.19 cpu=25.9895s valid=1
[1196/1200] QLEARNING RC2_2_10 run6 -> veh=4 dist=2031.75 cpu=20.8121s valid=1
[1197/1200] QLEARNING RC2_2_10 run9 -> veh=4 dist=2037.27 cpu=19.4857s valid=1
[1198/1200] QLEARNING RC2_2_10 run7 -> veh=4 dist=2031.8 cpu=21.0793s valid=1
[1199/1200] QLEARNING RC2_2_10 run10 -> veh=4 dist=2111.36 cpu=17.2475s valid=1
[1200/1200] QLEARNING RC2_2_10 run8 -> veh=4 dist=2105.37 cpu=21.6613s valid=1
=== Fin size=200. Nuevas: 1200 | errores: 0 | Wall-clock: 0h 11m 23.1s ===
Campaña para size=200 finalizada.
