============================================================
Job ID:           54161
Nodo asignado:    n004
Workers asignados: 32
============================================================
=== Campana PARALELA | size=800 | hilos: 32 | params: (por defecto) ===
=== Instancias: 60 | corridas objetivo: 1200 | ya hechas: 0 | pendientes: 1200 ===
=== Maestro: /home/jose.osnayo/PFC_VRPTW/Experiments/results/master_gh800.csv (SOBRESCRIBE, se guarda corrida a corrida) ===
[1/1200] CLASSIC C1_8_1 run6 -> veh=80 dist=25184.4 cpu=109.289s valid=1
[2/1200] CLASSIC C1_8_1 run10 -> veh=80 dist=25184.4 cpu=111.397s valid=1
[3/1200] CLASSIC C1_8_1 run3 -> veh=80 dist=25184.4 cpu=112.395s valid=1
[4/1200] CLASSIC C1_8_1 run8 -> veh=80 dist=25184.4 cpu=112.511s valid=1
[5/1200] CLASSIC C1_8_1 run2 -> veh=80 dist=25184.4 cpu=112.958s valid=1
[6/1200] CLASSIC C1_8_1 run1 -> veh=80 dist=25184.4 cpu=113.089s valid=1
[7/1200] CLASSIC C1_8_1 run5 -> veh=80 dist=25184.4 cpu=115.583s valid=1
[8/1200] CLASSIC C1_8_1 run9 -> veh=80 dist=25184.4 cpu=115.324s valid=1
[9/1200] CLASSIC C1_8_1 run7 -> veh=80 dist=25184.4 cpu=116.005s valid=1
[10/1200] CLASSIC C1_8_1 run4 -> veh=80 dist=25184.4 cpu=116.41s valid=1
[11/1200] QLEARNING C1_8_1 run2 -> veh=80 dist=25184.4 cpu=125.551s valid=1
[12/1200] QLEARNING C1_8_1 run5 -> veh=80 dist=25184.4 cpu=128.592s valid=1
[13/1200] QLEARNING C1_8_1 run10 -> veh=80 dist=25184.4 cpu=130.091s valid=1
[14/1200] QLEARNING C1_8_1 run8 -> veh=80 dist=25184.4 cpu=130.539s valid=1
[15/1200] QLEARNING C1_8_1 run9 -> veh=80 dist=25184.4 cpu=131.227s valid=1
[16/1200] QLEARNING C1_8_1 run6 -> veh=80 dist=25184.4 cpu=131.83s valid=1
[17/1200] QLEARNING C1_8_1 run7 -> veh=80 dist=25184.4 cpu=132.988s valid=1
[18/1200] QLEARNING C1_8_1 run1 -> veh=80 dist=25184.4 cpu=133.081s valid=1
[19/1200] QLEARNING C1_8_1 run3 -> veh=80 dist=25184.4 cpu=134.122s valid=1
[20/1200] QLEARNING C1_8_1 run4 -> veh=80 dist=25184.4 cpu=134.408s valid=1
[21/1200] CLASSIC C1_8_2 run2 -> veh=76 dist=25817.6 cpu=187.186s valid=1
[22/1200] CLASSIC C1_8_2 run1 -> veh=76 dist=26522.4 cpu=191.601s valid=1
[23/1200] CLASSIC C1_8_2 run8 -> veh=76 dist=26560.3 cpu=208.373s valid=1
[24/1200] CLASSIC C1_8_2 run6 -> veh=75 dist=26431.5 cpu=211.947s valid=1
[25/1200] CLASSIC C1_8_2 run3 -> veh=76 dist=26249.3 cpu=217.25s valid=1
[26/1200] CLASSIC C1_8_2 run10 -> veh=76 dist=26159.6 cpu=217.792s valid=1
[27/1200] CLASSIC C1_8_2 run7 -> veh=76 dist=27926.8 cpu=218.362s valid=1
[28/1200] CLASSIC C1_8_2 run4 -> veh=76 dist=25977 cpu=219.296s valid=1
[29/1200] CLASSIC C1_8_2 run9 -> veh=76 dist=26674.3 cpu=221.633s valid=1
[30/1200] CLASSIC C1_8_2 run5 -> veh=75 dist=26864.3 cpu=222.009s valid=1
[31/1200] QLEARNING C1_8_2 run2 -> veh=76 dist=26339 cpu=276.367s valid=1
[32/1200] QLEARNING C1_8_2 run1 -> veh=75 dist=26824.8 cpu=279.002s valid=1
[33/1200] QLEARNING C1_8_2 run6 -> veh=76 dist=26095.7 cpu=248.374s valid=1
[34/1200] QLEARNING C1_8_2 run8 -> veh=76 dist=26349.6 cpu=250.669s valid=1
[35/1200] QLEARNING C1_8_2 run3 -> veh=76 dist=26414.3 cpu=282.572s valid=1
[36/1200] CLASSIC C1_8_3 run4 -> veh=72 dist=27243.2 cpu=266.654s valid=1
[37/1200] QLEARNING C1_8_2 run5 -> veh=76 dist=26074.7 cpu=283.841s valid=1
[38/1200] QLEARNING C1_8_2 run4 -> veh=76 dist=26245.1 cpu=285.507s valid=1
[39/1200] QLEARNING C1_8_2 run10 -> veh=75 dist=26159.1 cpu=282.887s valid=1
[40/1200] QLEARNING C1_8_2 run7 -> veh=75 dist=26453.4 cpu=287.772s valid=1
[41/1200] QLEARNING C1_8_2 run9 -> veh=76 dist=26358.7 cpu=287.412s valid=1
[42/1200] CLASSIC C1_8_3 run5 -> veh=72 dist=26410.3 cpu=280.137s valid=1
[43/1200] CLASSIC C1_8_3 run3 -> veh=72 dist=27058.4 cpu=285.825s valid=1
[44/1200] QLEARNING C1_8_3 run4 -> veh=72 dist=26347.6 cpu=220.544s valid=1
[45/1200] CLASSIC C1_8_3 run6 -> veh=72 dist=27111.9 cpu=282.648s valid=1
[46/1200] CLASSIC C1_8_3 run8 -> veh=72 dist=27097 cpu=282.499s valid=1
[47/1200] CLASSIC C1_8_3 run9 -> veh=72 dist=26850.9 cpu=282.398s valid=1
[48/1200] CLASSIC C1_8_3 run7 -> veh=72 dist=27549.6 cpu=292.128s valid=1
[49/1200] CLASSIC C1_8_3 run1 -> veh=72 dist=26987.8 cpu=308.758s valid=1
[50/1200] CLASSIC C1_8_3 run10 -> veh=72 dist=27103.1 cpu=293.008s valid=1
[51/1200] CLASSIC C1_8_3 run2 -> veh=72 dist=26947.7 cpu=311.776s valid=1
[52/1200] QLEARNING C1_8_3 run3 -> veh=72 dist=26381.7 cpu=246.258s valid=1
[53/1200] QLEARNING C1_8_3 run2 -> veh=72 dist=26521.6 cpu=304.367s valid=1
[54/1200] QLEARNING C1_8_3 run1 -> veh=72 dist=26260.1 cpu=335.857s valid=1
[55/1200] QLEARNING C1_8_3 run7 -> veh=72 dist=26280.7 cpu=277.224s valid=1
[56/1200] QLEARNING C1_8_3 run6 -> veh=72 dist=25890.3 cpu=283.798s valid=1
[57/1200] QLEARNING C1_8_3 run9 -> veh=72 dist=26170.5 cpu=284.055s valid=1
[58/1200] QLEARNING C1_8_3 run5 -> veh=72 dist=26102.2 cpu=300.116s valid=1
[59/1200] QLEARNING C1_8_3 run10 -> veh=72 dist=26135.9 cpu=303.622s valid=1
[60/1200] QLEARNING C1_8_3 run8 -> veh=72 dist=26088.8 cpu=314.571s valid=1
[61/1200] CLASSIC C1_8_5 run1 -> veh=81 dist=25587.8 cpu=114.963s valid=1
[62/1200] CLASSIC C1_8_5 run2 -> veh=80 dist=25166.3 cpu=120.818s valid=1
[63/1200] CLASSIC C1_8_5 run4 -> veh=80 dist=25166.3 cpu=114.747s valid=1
[64/1200] CLASSIC C1_8_5 run3 -> veh=80 dist=25169.7 cpu=122.409s valid=1
[65/1200] CLASSIC C1_8_5 run5 -> veh=80 dist=25166.3 cpu=116.356s valid=1
[66/1200] CLASSIC C1_8_5 run6 -> veh=80 dist=25220.7 cpu=113.871s valid=1
[67/1200] CLASSIC C1_8_4 run2 -> veh=72 dist=25607 cpu=380.85s valid=1
[68/1200] CLASSIC C1_8_5 run7 -> veh=80 dist=25166.3 cpu=113.878s valid=1
[69/1200] CLASSIC C1_8_5 run8 -> veh=80 dist=25182 cpu=115.22s valid=1
[70/1200] CLASSIC C1_8_5 run9 -> veh=80 dist=25166.3 cpu=114.381s valid=1
[71/1200] CLASSIC C1_8_5 run10 -> veh=80 dist=25200.9 cpu=115.786s valid=1
[72/1200] CLASSIC C1_8_4 run1 -> veh=72 dist=26548.3 cpu=422.135s valid=1
[73/1200] QLEARNING C1_8_5 run1 -> veh=80 dist=25166.3 cpu=139.217s valid=1
[74/1200] QLEARNING C1_8_4 run6 -> veh=72 dist=25644 cpu=261.999s valid=1
[75/1200] QLEARNING C1_8_5 run2 -> veh=80 dist=25167.4 cpu=141.957s valid=1
[76/1200] CLASSIC C1_8_4 run3 -> veh=72 dist=25729.7 cpu=400.461s valid=1
[77/1200] QLEARNING C1_8_5 run3 -> veh=80 dist=25166.3 cpu=144.12s valid=1
[78/1200] QLEARNING C1_8_5 run5 -> veh=80 dist=25166.3 cpu=138.558s valid=1
[79/1200] QLEARNING C1_8_5 run4 -> veh=80 dist=25169.7 cpu=147.176s valid=1
[80/1200] QLEARNING C1_8_4 run8 -> veh=72 dist=25475.4 cpu=280.748s valid=1
[81/1200] QLEARNING C1_8_5 run7 -> veh=80 dist=25182 cpu=141.484s valid=1
[82/1200] CLASSIC C1_8_4 run8 -> veh=72 dist=25803.3 cpu=304.897s valid=1
[83/1200] QLEARNING C1_8_5 run6 -> veh=80 dist=25169.7 cpu=150.827s valid=1
[84/1200] CLASSIC C1_8_4 run4 -> veh=72 dist=25870.2 cpu=429.578s valid=1
[85/1200] QLEARNING C1_8_5 run8 -> veh=80 dist=25166.3 cpu=140.494s valid=1
[86/1200] QLEARNING C1_8_4 run3 -> veh=72 dist=25601.3 cpu=323.183s valid=1
[87/1200] CLASSIC C1_8_6 run1 -> veh=80 dist=25272.8 cpu=117.739s valid=1
[88/1200] QLEARNING C1_8_4 run5 -> veh=72 dist=25429.1 cpu=324.986s valid=1
[89/1200] CLASSIC C1_8_6 run2 -> veh=80 dist=25246.5 cpu=119.258s valid=1
[90/1200] CLASSIC C1_8_6 run3 -> veh=80 dist=25594.9 cpu=119.095s valid=1
[91/1200] QLEARNING C1_8_5 run9 -> veh=80 dist=25167.6 cpu=141.803s valid=1
[92/1200] QLEARNING C1_8_5 run10 -> veh=80 dist=25166.9 cpu=141.503s valid=1
[93/1200] CLASSIC C1_8_4 run5 -> veh=72 dist=26351.4 cpu=390.355s valid=1
[94/1200] CLASSIC C1_8_4 run6 -> veh=72 dist=26857.2 cpu=389.013s valid=1
[95/1200] QLEARNING C1_8_4 run2 -> veh=72 dist=25813.7 cpu=355.864s valid=1
[96/1200] CLASSIC C1_8_6 run4 -> veh=81 dist=25778.4 cpu=117.947s valid=1
[97/1200] QLEARNING C1_8_4 run4 -> veh=72 dist=25355.8 cpu=351.554s valid=1
[98/1200] QLEARNING C1_8_4 run10 -> veh=72 dist=25264.3 cpu=340.943s valid=1
[99/1200] QLEARNING C1_8_4 run9 -> veh=72 dist=25329.5 cpu=358.842s valid=1
[100/1200] CLASSIC C1_8_6 run5 -> veh=80 dist=26424.4 cpu=119.931s valid=1
[101/1200] CLASSIC C1_8_6 run6 -> veh=81 dist=25592.1 cpu=117.113s valid=1
[102/1200] QLEARNING C1_8_4 run1 -> veh=72 dist=25698.9 cpu=392.4s valid=1
[103/1200] CLASSIC C1_8_6 run7 -> veh=80 dist=25247 cpu=121.987s valid=1
[104/1200] CLASSIC C1_8_6 run8 -> veh=80 dist=25917.3 cpu=121.53s valid=1
[105/1200] CLASSIC C1_8_6 run10 -> veh=81 dist=25964.8 cpu=116.657s valid=1
[106/1200] CLASSIC C1_8_6 run9 -> veh=80 dist=25231.8 cpu=120.042s valid=1
[107/1200] CLASSIC C1_8_4 run7 -> veh=72 dist=26980.3 cpu=416.959s valid=1
[108/1200] CLASSIC C1_8_4 run9 -> veh=72 dist=26719.9 cpu=412.836s valid=1
[109/1200] QLEARNING C1_8_4 run7 -> veh=72 dist=25468.2 cpu=396.522s valid=1
[110/1200] CLASSIC C1_8_4 run10 -> veh=72 dist=26320.5 cpu=415.434s valid=1
[111/1200] QLEARNING C1_8_6 run2 -> veh=80 dist=25162.5 cpu=153.4s valid=1
[112/1200] CLASSIC C1_8_7 run1 -> veh=80 dist=25183.3 cpu=111.194s valid=1
[113/1200] QLEARNING C1_8_6 run4 -> veh=80 dist=25203 cpu=152.182s valid=1
[114/1200] CLASSIC C1_8_7 run2 -> veh=80 dist=25314.2 cpu=108.904s valid=1
[115/1200] CLASSIC C1_8_7 run5 -> veh=80 dist=25646.5 cpu=102.427s valid=1
[116/1200] QLEARNING C1_8_6 run1 -> veh=80 dist=25163.5 cpu=159.857s valid=1
[117/1200] QLEARNING C1_8_6 run3 -> veh=80 dist=25232.2 cpu=159.383s valid=1
[118/1200] CLASSIC C1_8_7 run3 -> veh=82 dist=27577.4 cpu=113.698s valid=1
[119/1200] CLASSIC C1_8_7 run6 -> veh=81 dist=26801.4 cpu=105.214s valid=1
[120/1200] CLASSIC C1_8_7 run4 -> veh=81 dist=26147.6 cpu=114.968s valid=1
[121/1200] QLEARNING C1_8_6 run5 -> veh=80 dist=25162.5 cpu=165.645s valid=1
[122/1200] CLASSIC C1_8_7 run8 -> veh=80 dist=26267.5 cpu=107.975s valid=1
[123/1200] CLASSIC C1_8_7 run10 -> veh=80 dist=25249.2 cpu=105.936s valid=1
[124/1200] QLEARNING C1_8_6 run6 -> veh=80 dist=25162.5 cpu=162.585s valid=1
[125/1200] CLASSIC C1_8_7 run7 -> veh=80 dist=25165.8 cpu=116.659s valid=1
[126/1200] CLASSIC C1_8_7 run9 -> veh=80 dist=25235.1 cpu=113.355s valid=1
[127/1200] QLEARNING C1_8_6 run9 -> veh=80 dist=25162.5 cpu=155.601s valid=1
[128/1200] QLEARNING C1_8_6 run7 -> veh=80 dist=25188.7 cpu=165.024s valid=1
[129/1200] QLEARNING C1_8_6 run8 -> veh=80 dist=25232.2 cpu=164.31s valid=1
[130/1200] QLEARNING C1_8_6 run10 -> veh=80 dist=25168.4 cpu=156.159s valid=1
[131/1200] CLASSIC C1_8_8 run2 -> veh=78 dist=26642.6 cpu=107.001s valid=1
[132/1200] CLASSIC C1_8_8 run1 -> veh=77 dist=26213.3 cpu=110.314s valid=1
[133/1200] CLASSIC C1_8_8 run5 -> veh=78 dist=26664 cpu=84.81s valid=1
[134/1200] QLEARNING C1_8_7 run1 -> veh=80 dist=25160.3 cpu=163.839s valid=1
[135/1200] CLASSIC C1_8_8 run3 -> veh=78 dist=26360.5 cpu=98.6553s valid=1
[136/1200] CLASSIC C1_8_8 run4 -> veh=77 dist=26226.8 cpu=101.994s valid=1
[137/1200] QLEARNING C1_8_7 run3 -> veh=80 dist=25181.1 cpu=161.158s valid=1
[138/1200] CLASSIC C1_8_8 run6 -> veh=77 dist=25827.9 cpu=104.024s valid=1
[139/1200] CLASSIC C1_8_8 run7 -> veh=78 dist=25960 cpu=104.06s valid=1
[140/1200] QLEARNING C1_8_7 run4 -> veh=80 dist=25200 cpu=165.752s valid=1
[141/1200] CLASSIC C1_8_9 run1 -> veh=76 dist=29200.9 cpu=68.8201s valid=1
[142/1200] QLEARNING C1_8_7 run2 -> veh=80 dist=25160 cpu=175.138s valid=1
[143/1200] CLASSIC C1_8_8 run8 -> veh=77 dist=25950.6 cpu=110.895s valid=1
[144/1200] CLASSIC C1_8_8 run9 -> veh=78 dist=25617.7 cpu=108.632s valid=1
[145/1200] QLEARNING C1_8_7 run5 -> veh=80 dist=25164.9 cpu=168.839s valid=1
[146/1200] QLEARNING C1_8_7 run6 -> veh=80 dist=25166.3 cpu=168.28s valid=1
[147/1200] CLASSIC C1_8_8 run10 -> veh=78 dist=25621.1 cpu=111.118s valid=1
[148/1200] QLEARNING C1_8_7 run7 -> veh=80 dist=25166 cpu=167.586s valid=1
[149/1200] QLEARNING C1_8_7 run10 -> veh=80 dist=25184 cpu=163.527s valid=1
[150/1200] QLEARNING C1_8_7 run8 -> veh=80 dist=25184.5 cpu=170.152s valid=1
[151/1200] CLASSIC C1_8_9 run2 -> veh=75 dist=27285.3 cpu=81.7305s valid=1
[152/1200] QLEARNING C1_8_7 run9 -> veh=80 dist=25165.3 cpu=169.306s valid=1
[153/1200] CLASSIC C1_8_9 run4 -> veh=77 dist=27435.5 cpu=80.5191s valid=1
[154/1200] CLASSIC C1_8_9 run3 -> veh=76 dist=26684.5 cpu=82.678s valid=1
[155/1200] CLASSIC C1_8_9 run9 -> veh=75 dist=28011 cpu=59.7667s valid=1
[156/1200] CLASSIC C1_8_9 run7 -> veh=75 dist=26778.6 cpu=72.0583s valid=1
[157/1200] CLASSIC C1_8_9 run6 -> veh=76 dist=26939.1 cpu=85.6092s valid=1
[158/1200] CLASSIC C1_8_9 run5 -> veh=75 dist=26680.5 cpu=88.9509s valid=1
[159/1200] QLEARNING C1_8_8 run1 -> veh=77 dist=25715.3 cpu=167.875s valid=1
[160/1200] CLASSIC C1_8_9 run8 -> veh=75 dist=27758 cpu=82.9392s valid=1
[161/1200] CLASSIC C1_8_9 run10 -> veh=75 dist=26331.2 cpu=83.47s valid=1
[162/1200] QLEARNING C1_8_8 run2 -> veh=77 dist=25643.6 cpu=176.754s valid=1
[163/1200] QLEARNING C1_8_8 run5 -> veh=77 dist=25678.1 cpu=171.713s valid=1
[164/1200] QLEARNING C1_8_8 run9 -> veh=78 dist=25445.6 cpu=164.219s valid=1
[165/1200] QLEARNING C1_8_8 run3 -> veh=78 dist=25430.5 cpu=180.731s valid=1
[166/1200] QLEARNING C1_8_8 run4 -> veh=77 dist=25378.4 cpu=182.823s valid=1
[167/1200] QLEARNING C1_8_8 run7 -> veh=78 dist=25653 cpu=179.422s valid=1
[168/1200] QLEARNING C1_8_8 run6 -> veh=77 dist=25537 cpu=184.135s valid=1
[169/1200] QLEARNING C1_8_8 run8 -> veh=78 dist=25394 cpu=182.752s valid=1
[170/1200] QLEARNING C1_8_8 run10 -> veh=77 dist=25756.6 cpu=178.154s valid=1
[171/1200] CLASSIC C1_8_10 run3 -> veh=74 dist=27839.4 cpu=102.045s valid=1
[172/1200] CLASSIC C1_8_10 run2 -> veh=75 dist=27451.7 cpu=104.848s valid=1
[173/1200] CLASSIC C1_8_10 run1 -> veh=75 dist=27052.1 cpu=109.075s valid=1
[174/1200] CLASSIC C1_8_10 run4 -> veh=74 dist=27054.8 cpu=111.405s valid=1
[175/1200] CLASSIC C1_8_10 run7 -> veh=74 dist=26731.4 cpu=85.3589s valid=1
[176/1200] QLEARNING C1_8_9 run6 -> veh=75 dist=26351.3 cpu=140.283s valid=1
[177/1200] CLASSIC C1_8_10 run6 -> veh=75 dist=26959.4 cpu=104.084s valid=1
[178/1200] QLEARNING C1_8_9 run3 -> veh=74 dist=26595.3 cpu=154.556s valid=1
[179/1200] QLEARNING C1_8_9 run5 -> veh=75 dist=25414.6 cpu=157.426s valid=1
[180/1200] QLEARNING C1_8_9 run2 -> veh=75 dist=25935.4 cpu=169.648s valid=1
[181/1200] QLEARNING C1_8_9 run9 -> veh=75 dist=26368 cpu=158.89s valid=1
[182/1200] QLEARNING C1_8_9 run1 -> veh=75 dist=25693.5 cpu=171.98s valid=1
[183/1200] CLASSIC C1_8_10 run8 -> veh=74 dist=27116 cpu=114.685s valid=1
[184/1200] CLASSIC C1_8_10 run9 -> veh=75 dist=27138.6 cpu=111.218s valid=1
[185/1200] QLEARNING C1_8_9 run4 -> veh=74 dist=25834.9 cpu=176.649s valid=1
[186/1200] QLEARNING C1_8_9 run8 -> veh=75 dist=25603.2 cpu=174.818s valid=1
[187/1200] QLEARNING C1_8_9 run7 -> veh=75 dist=26131.9 cpu=180.972s valid=1
[188/1200] CLASSIC C1_8_10 run5 -> veh=74 dist=28118.4 cpu=156.23s valid=1
[189/1200] QLEARNING C1_8_9 run10 -> veh=75 dist=25655.6 cpu=197.512s valid=1
[190/1200] CLASSIC C1_8_10 run10 -> veh=74 dist=27494.6 cpu=142.403s valid=1
[191/1200] CLASSIC C2_8_1 run1 -> veh=26 dist=13691.2 cpu=139.995s valid=1
[192/1200] QLEARNING C1_8_10 run1 -> veh=74 dist=25590.5 cpu=179.05s valid=1
[193/1200] CLASSIC C2_8_1 run2 -> veh=25 dist=13840.4 cpu=141.095s valid=1
[194/1200] QLEARNING C1_8_10 run5 -> veh=74 dist=25902.7 cpu=171.518s valid=1
[195/1200] CLASSIC C2_8_1 run4 -> veh=25 dist=13097.9 cpu=137.111s valid=1
[196/1200] CLASSIC C2_8_1 run3 -> veh=25 dist=13172.9 cpu=141.208s valid=1
[197/1200] CLASSIC C2_8_1 run5 -> veh=26 dist=13693.4 cpu=139.078s valid=1
[198/1200] QLEARNING C1_8_10 run3 -> veh=74 dist=25326.2 cpu=184.533s valid=1
[199/1200] CLASSIC C2_8_1 run6 -> veh=26 dist=13716.6 cpu=143.421s valid=1
[200/1200] CLASSIC C2_8_1 run7 -> veh=25 dist=13081.1 cpu=137.22s valid=1
[201/1200] QLEARNING C1_8_10 run7 -> veh=74 dist=25400.3 cpu=187.802s valid=1
[202/1200] QLEARNING C1_8_10 run9 -> veh=74 dist=25557.3 cpu=187.623s valid=1
[203/1200] CLASSIC C2_8_1 run9 -> veh=26 dist=13708.5 cpu=137.299s valid=1
[204/1200] QLEARNING C1_8_10 run8 -> veh=74 dist=26059.1 cpu=191.011s valid=1
[205/1200] QLEARNING C1_8_10 run2 -> veh=74 dist=26153 cpu=210.993s valid=1
[206/1200] CLASSIC C2_8_1 run8 -> veh=26 dist=13957.5 cpu=141.744s valid=1
[207/1200] CLASSIC C2_8_1 run10 -> veh=25 dist=13108.7 cpu=134.927s valid=1
[208/1200] QLEARNING C1_8_10 run6 -> veh=74 dist=25187 cpu=206.299s valid=1
[209/1200] QLEARNING C1_8_10 run4 -> veh=74 dist=26073.1 cpu=220.301s valid=1
[210/1200] QLEARNING C1_8_10 run10 -> veh=74 dist=26352 cpu=213.927s valid=1
[211/1200] QLEARNING C2_8_1 run1 -> veh=25 dist=12583.2 cpu=157.299s valid=1
[212/1200] QLEARNING C2_8_1 run3 -> veh=25 dist=12529.6 cpu=156.985s valid=1
[213/1200] QLEARNING C2_8_1 run4 -> veh=25 dist=12656.1 cpu=158.217s valid=1
[214/1200] QLEARNING C2_8_1 run2 -> veh=25 dist=12137.4 cpu=159.025s valid=1
[215/1200] QLEARNING C2_8_1 run6 -> veh=25 dist=12615.7 cpu=156.262s valid=1
[216/1200] QLEARNING C2_8_1 run5 -> veh=25 dist=12422.4 cpu=157.314s valid=1
[217/1200] QLEARNING C2_8_1 run7 -> veh=25 dist=12673.2 cpu=158.226s valid=1
[218/1200] QLEARNING C2_8_1 run8 -> veh=25 dist=12344.3 cpu=158.484s valid=1
[219/1200] QLEARNING C2_8_1 run9 -> veh=25 dist=12554.3 cpu=158.828s valid=1
[220/1200] QLEARNING C2_8_1 run10 -> veh=25 dist=12598.4 cpu=154.704s valid=1
[221/1200] CLASSIC C2_8_2 run6 -> veh=24 dist=12200.6 cpu=355.361s valid=1
[222/1200] CLASSIC C2_8_2 run4 -> veh=24 dist=12101.4 cpu=368.632s valid=1
[223/1200] CLASSIC C2_8_2 run8 -> veh=24 dist=12383.7 cpu=360.508s valid=1
[224/1200] CLASSIC C2_8_2 run1 -> veh=24 dist=12346.4 cpu=413.101s valid=1
[225/1200] CLASSIC C2_8_2 run2 -> veh=24 dist=12695.2 cpu=422.565s valid=1
[226/1200] CLASSIC C2_8_2 run3 -> veh=24 dist=12242.6 cpu=427.213s valid=1
[227/1200] CLASSIC C2_8_2 run5 -> veh=24 dist=12271.3 cpu=424.23s valid=1
[228/1200] CLASSIC C2_8_2 run9 -> veh=24 dist=12155.2 cpu=416.2s valid=1
[229/1200] CLASSIC C2_8_2 run7 -> veh=24 dist=11941.4 cpu=440.545s valid=1
[230/1200] CLASSIC C2_8_2 run10 -> veh=24 dist=12451.6 cpu=432.723s valid=1
[231/1200] QLEARNING C2_8_2 run10 -> veh=24 dist=11991.5 cpu=432.382s valid=1
[232/1200] QLEARNING C2_8_2 run2 -> veh=24 dist=11738.1 cpu=528.929s valid=1
[233/1200] QLEARNING C2_8_2 run3 -> veh=24 dist=11951.7 cpu=529.552s valid=1
[234/1200] QLEARNING C2_8_2 run5 -> veh=24 dist=11701.2 cpu=524.938s valid=1
[235/1200] QLEARNING C2_8_2 run1 -> veh=24 dist=11724.3 cpu=539.881s valid=1
[236/1200] QLEARNING C2_8_2 run7 -> veh=24 dist=11915.4 cpu=537.738s valid=1
[237/1200] QLEARNING C2_8_2 run8 -> veh=24 dist=11728.4 cpu=539.047s valid=1
[238/1200] QLEARNING C2_8_2 run6 -> veh=24 dist=11788.4 cpu=543.481s valid=1
[239/1200] QLEARNING C2_8_2 run4 -> veh=24 dist=11886.7 cpu=548.983s valid=1
[240/1200] QLEARNING C2_8_2 run9 -> veh=24 dist=11804.5 cpu=543.397s valid=1
[241/1200] CLASSIC C2_8_3 run4 -> veh=24 dist=11917.1 cpu=564.591s valid=1
[242/1200] CLASSIC C2_8_3 run5 -> veh=24 dist=11856 cpu=580.864s valid=1
[243/1200] CLASSIC C2_8_3 run8 -> veh=24 dist=11868.6 cpu=584.463s valid=1
[244/1200] CLASSIC C2_8_3 run6 -> veh=24 dist=11848.5 cpu=588.862s valid=1
[245/1200] CLASSIC C2_8_3 run1 -> veh=24 dist=12206.3 cpu=687.639s valid=1
[246/1200] CLASSIC C2_8_3 run3 -> veh=24 dist=12434.4 cpu=679.622s valid=1
[247/1200] CLASSIC C2_8_3 run2 -> veh=24 dist=12305.1 cpu=688.562s valid=1
[248/1200] CLASSIC C2_8_3 run7 -> veh=24 dist=12527.4 cpu=681.58s valid=1
[249/1200] CLASSIC C2_8_3 run9 -> veh=24 dist=12418.9 cpu=689.72s valid=1
[250/1200] CLASSIC C2_8_3 run10 -> veh=24 dist=12131.4 cpu=692.294s valid=1
[251/1200] QLEARNING C2_8_3 run1 -> veh=24 dist=11988.2 cpu=754.082s valid=1
[252/1200] QLEARNING C2_8_3 run2 -> veh=24 dist=11572.4 cpu=779.039s valid=1
[253/1200] CLASSIC C2_8_5 run1 -> veh=26 dist=13835.5 cpu=179.775s valid=1
[254/1200] CLASSIC C2_8_5 run2 -> veh=25 dist=12539.3 cpu=177.345s valid=1
[255/1200] CLASSIC C2_8_5 run3 -> veh=25 dist=13319.6 cpu=169.538s valid=1
[256/1200] QLEARNING C2_8_3 run3 -> veh=24 dist=11564 cpu=684.647s valid=1
[257/1200] CLASSIC C2_8_5 run4 -> veh=26 dist=13917.7 cpu=180.654s valid=1
[258/1200] QLEARNING C2_8_3 run5 -> veh=24 dist=11643 cpu=695.11s valid=1
[259/1200] QLEARNING C2_8_3 run4 -> veh=24 dist=11676.6 cpu=699.765s valid=1
[260/1200] CLASSIC C2_8_5 run5 -> veh=25 dist=12833.1 cpu=161.882s valid=1
[261/1200] CLASSIC C2_8_5 run6 -> veh=25 dist=13236.6 cpu=183.902s valid=1
[262/1200] CLASSIC C2_8_5 run7 -> veh=25 dist=13116.2 cpu=159.752s valid=1
[263/1200] CLASSIC C2_8_4 run3 -> veh=23 dist=11724.2 cpu=711.02s valid=1
[264/1200] QLEARNING C2_8_3 run6 -> veh=24 dist=11721.7 cpu=817.377s valid=1
[265/1200] QLEARNING C2_8_3 run7 -> veh=24 dist=11863.4 cpu=829.638s valid=1
[266/1200] CLASSIC C2_8_5 run8 -> veh=26 dist=13553.4 cpu=170.69s valid=1
[267/1200] CLASSIC C2_8_5 run10 -> veh=25 dist=13077.3 cpu=166.134s valid=1
[268/1200] QLEARNING C2_8_3 run8 -> veh=24 dist=11577.2 cpu=815.552s valid=1
[269/1200] CLASSIC C2_8_5 run9 -> veh=26 dist=13904.9 cpu=174.868s valid=1
[270/1200] QLEARNING C2_8_3 run10 -> veh=24 dist=11661.7 cpu=816.342s valid=1
[271/1200] QLEARNING C2_8_3 run9 -> veh=24 dist=11571.2 cpu=834.71s valid=1
[272/1200] QLEARNING C2_8_5 run1 -> veh=25 dist=12191.4 cpu=198.798s valid=1
[273/1200] QLEARNING C2_8_5 run2 -> veh=25 dist=12805.5 cpu=189.038s valid=1
[274/1200] QLEARNING C2_8_5 run3 -> veh=25 dist=12437.9 cpu=210.071s valid=1
[275/1200] CLASSIC C2_8_4 run2 -> veh=23 dist=12245.6 cpu=909.667s valid=1
[276/1200] CLASSIC C2_8_4 run1 -> veh=23 dist=11588.9 cpu=927.158s valid=1
[277/1200] QLEARNING C2_8_5 run5 -> veh=25 dist=12853.7 cpu=195.206s valid=1
[278/1200] QLEARNING C2_8_5 run4 -> veh=25 dist=12903 cpu=209.839s valid=1
[279/1200] QLEARNING C2_8_5 run8 -> veh=25 dist=12445.2 cpu=180.937s valid=1
[280/1200] QLEARNING C2_8_5 run6 -> veh=25 dist=13978.6 cpu=219.597s valid=1
[281/1200] QLEARNING C2_8_5 run9 -> veh=25 dist=12822.6 cpu=202.015s valid=1
[282/1200] QLEARNING C2_8_5 run7 -> veh=25 dist=12592.6 cpu=220.521s valid=1
[283/1200] QLEARNING C2_8_4 run3 -> veh=23 dist=11790.1 cpu=793.245s valid=1
[284/1200] QLEARNING C2_8_5 run10 -> veh=25 dist=12409.2 cpu=218.977s valid=1
[285/1200] QLEARNING C2_8_4 run4 -> veh=23 dist=11806.6 cpu=800.225s valid=1
[286/1200] QLEARNING C2_8_4 run5 -> veh=23 dist=11845.2 cpu=800.482s valid=1
[287/1200] CLASSIC C2_8_4 run5 -> veh=23 dist=12419 cpu=915.074s valid=1
[288/1200] CLASSIC C2_8_4 run4 -> veh=23 dist=12628.9 cpu=923.786s valid=1
[289/1200] QLEARNING C2_8_4 run6 -> veh=23 dist=11870.6 cpu=812.836s valid=1
[290/1200] CLASSIC C2_8_4 run7 -> veh=23 dist=12376.1 cpu=926.86s valid=1
[291/1200] CLASSIC C2_8_4 run8 -> veh=23 dist=12911.5 cpu=932.083s valid=1
[292/1200] CLASSIC C2_8_6 run4 -> veh=25 dist=13544.8 cpu=248.889s valid=1
[293/1200] CLASSIC C2_8_4 run10 -> veh=23 dist=12010.7 cpu=934.201s valid=1
[294/1200] QLEARNING C2_8_4 run2 -> veh=23 dist=11814.2 cpu=930.404s valid=1
[295/1200] CLASSIC C2_8_6 run1 -> veh=25 dist=12730.5 cpu=278.928s valid=1
[296/1200] CLASSIC C2_8_4 run9 -> veh=23 dist=12711 cpu=938.148s valid=1
[297/1200] CLASSIC C2_8_4 run6 -> veh=23 dist=11253.5 cpu=959.094s valid=1
[298/1200] CLASSIC C2_8_6 run2 -> veh=25 dist=13244.7 cpu=275.771s valid=1
[299/1200] QLEARNING C2_8_4 run1 -> veh=23 dist=11710.4 cpu=946.755s valid=1
[300/1200] CLASSIC C2_8_6 run3 -> veh=25 dist=12805.4 cpu=275.19s valid=1
[301/1200] CLASSIC C2_8_6 run5 -> veh=25 dist=12775.8 cpu=273.677s valid=1
[302/1200] CLASSIC C2_8_6 run7 -> veh=25 dist=12770.2 cpu=272.048s valid=1
[303/1200] CLASSIC C2_8_6 run6 -> veh=25 dist=13345.9 cpu=281.281s valid=1
[304/1200] CLASSIC C2_8_6 run8 -> veh=25 dist=12683.7 cpu=265.895s valid=1
[305/1200] CLASSIC C2_8_6 run9 -> veh=25 dist=13068 cpu=258.464s valid=1
[306/1200] QLEARNING C2_8_4 run8 -> veh=23 dist=11840.5 cpu=913.652s valid=1
[307/1200] CLASSIC C2_8_6 run10 -> veh=25 dist=13028.2 cpu=278.667s valid=1
[308/1200] QLEARNING C2_8_6 run1 -> veh=25 dist=12263.8 cpu=275.901s valid=1
[309/1200] QLEARNING C2_8_4 run7 -> veh=23 dist=11659 cpu=943.507s valid=1
[310/1200] QLEARNING C2_8_6 run7 -> veh=25 dist=12775.6 cpu=228.089s valid=1
[311/1200] QLEARNING C2_8_4 run9 -> veh=23 dist=11873.2 cpu=937.94s valid=1
[312/1200] QLEARNING C2_8_4 run10 -> veh=23 dist=11717.1 cpu=927.656s valid=1
[313/1200] QLEARNING C2_8_6 run5 -> veh=25 dist=12496.1 cpu=257.46s valid=1
[314/1200] QLEARNING C2_8_6 run2 -> veh=25 dist=12349.1 cpu=283.963s valid=1
[315/1200] QLEARNING C2_8_6 run3 -> veh=25 dist=12232.2 cpu=268.466s valid=1
[316/1200] QLEARNING C2_8_6 run8 -> veh=25 dist=12729.1 cpu=248.464s valid=1
[317/1200] QLEARNING C2_8_6 run6 -> veh=25 dist=12440 cpu=265.107s valid=1
[318/1200] QLEARNING C2_8_6 run4 -> veh=25 dist=12473.2 cpu=285.4s valid=1
[319/1200] CLASSIC C2_8_7 run1 -> veh=25 dist=12850.1 cpu=285.838s valid=1
[320/1200] QLEARNING C2_8_6 run9 -> veh=25 dist=12307.3 cpu=295.583s valid=1
[321/1200] QLEARNING C2_8_6 run10 -> veh=24 dist=12379.8 cpu=289.837s valid=1
[322/1200] CLASSIC C2_8_7 run4 -> veh=25 dist=13343.3 cpu=299.184s valid=1
[323/1200] CLASSIC C2_8_7 run2 -> veh=26 dist=12968.2 cpu=332.537s valid=1
[324/1200] CLASSIC C2_8_7 run7 -> veh=25 dist=12731.6 cpu=320.11s valid=1
[325/1200] CLASSIC C2_8_7 run9 -> veh=25 dist=12822.2 cpu=322.209s valid=1
[326/1200] CLASSIC C2_8_7 run5 -> veh=25 dist=13373 cpu=331.626s valid=1
[327/1200] CLASSIC C2_8_7 run10 -> veh=25 dist=12890.6 cpu=325.505s valid=1
[328/1200] CLASSIC C2_8_7 run3 -> veh=26 dist=13103.3 cpu=338.332s valid=1
[329/1200] CLASSIC C2_8_7 run8 -> veh=25 dist=12912.8 cpu=337.298s valid=1
[330/1200] CLASSIC C2_8_7 run6 -> veh=25 dist=12634.2 cpu=340.937s valid=1
[331/1200] QLEARNING C2_8_7 run1 -> veh=25 dist=12493.5 cpu=344.452s valid=1
[332/1200] QLEARNING C2_8_7 run2 -> veh=25 dist=12498.2 cpu=345.817s valid=1
[333/1200] QLEARNING C2_8_7 run3 -> veh=25 dist=12548.6 cpu=360.223s valid=1
[334/1200] QLEARNING C2_8_7 run7 -> veh=25 dist=12512.5 cpu=313.457s valid=1
[335/1200] QLEARNING C2_8_7 run10 -> veh=25 dist=13135.7 cpu=303.125s valid=1
[336/1200] CLASSIC C2_8_8 run3 -> veh=25 dist=13434 cpu=288.204s valid=1
[337/1200] QLEARNING C2_8_7 run6 -> veh=25 dist=12455.5 cpu=338.886s valid=1
[338/1200] CLASSIC C2_8_8 run7 -> veh=25 dist=13317.8 cpu=281.201s valid=1
[339/1200] CLASSIC C2_8_8 run2 -> veh=25 dist=13115.4 cpu=297.157s valid=1
[340/1200] QLEARNING C2_8_7 run5 -> veh=25 dist=12599.5 cpu=346.706s valid=1
[341/1200] QLEARNING C2_8_7 run4 -> veh=25 dist=12962.4 cpu=356.243s valid=1
[342/1200] CLASSIC C2_8_8 run5 -> veh=25 dist=12552.4 cpu=297.818s valid=1
[343/1200] QLEARNING C2_8_7 run8 -> veh=25 dist=12607.8 cpu=326.289s valid=1
[344/1200] QLEARNING C2_8_7 run9 -> veh=25 dist=12457.6 cpu=333.208s valid=1
[345/1200] CLASSIC C2_8_8 run4 -> veh=25 dist=13404.2 cpu=311.293s valid=1
[346/1200] CLASSIC C2_8_8 run8 -> veh=25 dist=13367 cpu=290.442s valid=1
[347/1200] CLASSIC C2_8_8 run6 -> veh=25 dist=12808.2 cpu=322.017s valid=1
[348/1200] CLASSIC C2_8_8 run1 -> veh=25 dist=13549.1 cpu=337.729s valid=1
[349/1200] CLASSIC C2_8_8 run9 -> veh=25 dist=12953.2 cpu=321.338s valid=1
[350/1200] CLASSIC C2_8_8 run10 -> veh=25 dist=13163.6 cpu=322.842s valid=1
[351/1200] QLEARNING C2_8_8 run1 -> veh=24 dist=12655.9 cpu=301.051s valid=1
[352/1200] QLEARNING C2_8_8 run3 -> veh=25 dist=12449.6 cpu=322.33s valid=1
[353/1200] QLEARNING C2_8_8 run2 -> veh=25 dist=12369 cpu=323.966s valid=1
[354/1200] QLEARNING C2_8_8 run4 -> veh=25 dist=12467.5 cpu=284.068s valid=1
[355/1200] QLEARNING C2_8_8 run9 -> veh=25 dist=12258.5 cpu=296.412s valid=1
[356/1200] QLEARNING C2_8_8 run5 -> veh=25 dist=12497.6 cpu=323.972s valid=1
[357/1200] QLEARNING C2_8_8 run6 -> veh=25 dist=12508.4 cpu=316.334s valid=1
[358/1200] QLEARNING C2_8_8 run10 -> veh=25 dist=12584.9 cpu=305.088s valid=1
[359/1200] QLEARNING C2_8_8 run7 -> veh=25 dist=12486.8 cpu=337.047s valid=1
[360/1200] QLEARNING C2_8_8 run8 -> veh=25 dist=12453.5 cpu=343.591s valid=1
[361/1200] CLASSIC C2_8_9 run1 -> veh=25 dist=12960.6 cpu=422.964s valid=1
[362/1200] CLASSIC C2_8_9 run2 -> veh=25 dist=12280.2 cpu=442.994s valid=1
[363/1200] CLASSIC C2_8_9 run4 -> veh=25 dist=13166.1 cpu=433.514s valid=1
[364/1200] CLASSIC C2_8_9 run3 -> veh=25 dist=12480.2 cpu=443.583s valid=1
[365/1200] CLASSIC C2_8_9 run6 -> veh=25 dist=12515.1 cpu=382.945s valid=1
[366/1200] CLASSIC C2_8_9 run7 -> veh=25 dist=12305.4 cpu=385.381s valid=1
[367/1200] CLASSIC C2_8_9 run10 -> veh=25 dist=12266.9 cpu=383.419s valid=1
[368/1200] QLEARNING C2_8_9 run4 -> veh=25 dist=11901.1 cpu=388.243s valid=1
[369/1200] CLASSIC C2_8_9 run5 -> veh=25 dist=12375.4 cpu=437.218s valid=1
[370/1200] QLEARNING C2_8_9 run1 -> veh=25 dist=11975.5 cpu=412.396s valid=1
[371/1200] CLASSIC C2_8_9 run8 -> veh=25 dist=12856.1 cpu=419.869s valid=1
[372/1200] CLASSIC C2_8_9 run9 -> veh=25 dist=12178.2 cpu=422.881s valid=1
[373/1200] QLEARNING C2_8_9 run8 -> veh=25 dist=12063.9 cpu=401.046s valid=1
[374/1200] CLASSIC C2_8_10 run1 -> veh=24 dist=12093.5 cpu=380.132s valid=1
[375/1200] QLEARNING C2_8_9 run3 -> veh=25 dist=11901.9 cpu=443.598s valid=1
[376/1200] QLEARNING C2_8_9 run2 -> veh=25 dist=12096.6 cpu=460.873s valid=1
[377/1200] QLEARNING C2_8_9 run5 -> veh=25 dist=11943.1 cpu=454.156s valid=1
[378/1200] QLEARNING C2_8_9 run7 -> veh=25 dist=11939.7 cpu=454.082s valid=1
[379/1200] QLEARNING C2_8_9 run6 -> veh=24 dist=12918.9 cpu=459.923s valid=1
[380/1200] CLASSIC C2_8_10 run2 -> veh=24 dist=13393 cpu=438.071s valid=1
[381/1200] QLEARNING C2_8_9 run9 -> veh=25 dist=11902.7 cpu=469.554s valid=1
[382/1200] CLASSIC C2_8_10 run6 -> veh=25 dist=13117.3 cpu=390.707s valid=1
[383/1200] CLASSIC R1_8_1 run4 -> veh=80 dist=39254.9 cpu=82.9323s valid=1
[384/1200] QLEARNING C2_8_9 run10 -> veh=25 dist=12376.1 cpu=464.583s valid=1
[385/1200] CLASSIC R1_8_1 run1 -> veh=80 dist=39723.8 cpu=107.844s valid=1
[386/1200] CLASSIC C2_8_10 run3 -> veh=24 dist=12086.1 cpu=428.229s valid=1
[387/1200] CLASSIC R1_8_1 run3 -> veh=80 dist=40531.5 cpu=116.926s valid=1
[388/1200] CLASSIC R1_8_1 run2 -> veh=80 dist=44030.4 cpu=127.628s valid=1
[389/1200] CLASSIC C2_8_10 run4 -> veh=24 dist=13148.6 cpu=439.985s valid=1
[390/1200] CLASSIC R1_8_1 run5 -> veh=80 dist=43955.4 cpu=124.705s valid=1
[391/1200] CLASSIC C2_8_10 run5 -> veh=25 dist=12495.1 cpu=440.769s valid=1
[392/1200] CLASSIC R1_8_1 run6 -> veh=80 dist=40117.2 cpu=114.032s valid=1
[393/1200] CLASSIC R1_8_1 run7 -> veh=80 dist=41434.5 cpu=117.054s valid=1
[394/1200] CLASSIC C2_8_10 run7 -> veh=25 dist=13571.7 cpu=416.55s valid=1
[395/1200] CLASSIC R1_8_1 run8 -> veh=80 dist=40240.1 cpu=113.199s valid=1
[396/1200] CLASSIC R1_8_1 run9 -> veh=80 dist=41199.6 cpu=114.754s valid=1
[397/1200] CLASSIC C2_8_10 run9 -> veh=25 dist=12795.4 cpu=414.625s valid=1
[398/1200] CLASSIC R1_8_1 run10 -> veh=80 dist=43625.6 cpu=129.569s valid=1
[399/1200] QLEARNING C2_8_10 run2 -> veh=25 dist=12060.7 cpu=407.169s valid=1
[400/1200] CLASSIC C2_8_10 run10 -> veh=25 dist=12790.7 cpu=447.364s valid=1
[401/1200] CLASSIC C2_8_10 run8 -> veh=24 dist=12339 cpu=454.793s valid=1
[402/1200] QLEARNING C2_8_10 run1 -> veh=24 dist=12587.6 cpu=428.57s valid=1
[403/1200] QLEARNING R1_8_1 run1 -> veh=80 dist=40531.3 cpu=149.503s valid=1
[404/1200] QLEARNING R1_8_1 run4 -> veh=80 dist=38008.6 cpu=142.832s valid=1
[405/1200] QLEARNING R1_8_1 run3 -> veh=80 dist=41689.6 cpu=143.503s valid=1
[406/1200] QLEARNING R1_8_1 run5 -> veh=80 dist=40098.8 cpu=144.18s valid=1
[407/1200] QLEARNING R1_8_1 run6 -> veh=80 dist=37910.2 cpu=144.998s valid=1
[408/1200] QLEARNING R1_8_1 run2 -> veh=80 dist=40426.5 cpu=152.676s valid=1
[409/1200] QLEARNING R1_8_1 run8 -> veh=80 dist=40530 cpu=141.782s valid=1
[410/1200] QLEARNING R1_8_1 run7 -> veh=80 dist=42334.1 cpu=151.346s valid=1
[411/1200] QLEARNING R1_8_1 run9 -> veh=80 dist=40327.3 cpu=146.429s valid=1
[412/1200] QLEARNING R1_8_1 run10 -> veh=80 dist=40136.2 cpu=150.071s valid=1
[413/1200] QLEARNING C2_8_10 run5 -> veh=24 dist=12481.2 cpu=374.897s valid=1
[414/1200] QLEARNING C2_8_10 run3 -> veh=24 dist=12405.1 cpu=416.357s valid=1
[415/1200] QLEARNING C2_8_10 run7 -> veh=25 dist=12218.2 cpu=382.776s valid=1
[416/1200] QLEARNING C2_8_10 run4 -> veh=25 dist=12201.5 cpu=425.777s valid=1
[417/1200] QLEARNING C2_8_10 run6 -> veh=25 dist=12113 cpu=410.292s valid=1
[418/1200] CLASSIC R1_8_2 run2 -> veh=72 dist=39157.2 cpu=203.133s valid=1
[419/1200] CLASSIC R1_8_2 run1 -> veh=72 dist=39865.2 cpu=214.593s valid=1
[420/1200] CLASSIC R1_8_2 run4 -> veh=72 dist=39051.6 cpu=220.327s valid=1
[421/1200] CLASSIC R1_8_2 run3 -> veh=72 dist=40428.3 cpu=225.209s valid=1
[422/1200] QLEARNING C2_8_10 run9 -> veh=25 dist=12129.8 cpu=396.327s valid=1
[423/1200] CLASSIC R1_8_2 run6 -> veh=72 dist=40355 cpu=203.803s valid=1
[424/1200] QLEARNING C2_8_10 run8 -> veh=24 dist=12651.3 cpu=411.923s valid=1
[425/1200] CLASSIC R1_8_2 run5 -> veh=72 dist=40026.2 cpu=222.387s valid=1
[426/1200] QLEARNING C2_8_10 run10 -> veh=25 dist=12093.5 cpu=399.52s valid=1
[427/1200] CLASSIC R1_8_2 run7 -> veh=72 dist=40087.1 cpu=223.035s valid=1
[428/1200] CLASSIC R1_8_2 run8 -> veh=72 dist=39825.6 cpu=222.053s valid=1
[429/1200] CLASSIC R1_8_2 run9 -> veh=72 dist=39904.1 cpu=223.617s valid=1
[430/1200] CLASSIC R1_8_2 run10 -> veh=72 dist=40126.4 cpu=219.49s valid=1
[431/1200] QLEARNING R1_8_2 run1 -> veh=72 dist=38864.6 cpu=266.695s valid=1
[432/1200] QLEARNING R1_8_2 run3 -> veh=72 dist=38547.4 cpu=268.881s valid=1
[433/1200] QLEARNING R1_8_2 run2 -> veh=72 dist=38593.7 cpu=274.059s valid=1
[434/1200] QLEARNING R1_8_2 run6 -> veh=72 dist=39218.4 cpu=247.736s valid=1
[435/1200] QLEARNING R1_8_2 run4 -> veh=72 dist=38931.7 cpu=272.726s valid=1
[436/1200] QLEARNING R1_8_2 run5 -> veh=72 dist=38896.2 cpu=269.941s valid=1
[437/1200] QLEARNING R1_8_2 run7 -> veh=72 dist=38871.5 cpu=267.161s valid=1
[438/1200] QLEARNING R1_8_2 run9 -> veh=72 dist=37496.3 cpu=267.037s valid=1
[439/1200] QLEARNING R1_8_2 run10 -> veh=72 dist=38911.5 cpu=268.421s valid=1
[440/1200] QLEARNING R1_8_2 run8 -> veh=72 dist=37724.4 cpu=273.381s valid=1
[441/1200] CLASSIC R1_8_3 run1 -> veh=72 dist=34109.8 cpu=330.612s valid=1
[442/1200] CLASSIC R1_8_3 run2 -> veh=72 dist=34386.9 cpu=346.534s valid=1
[443/1200] CLASSIC R1_8_3 run3 -> veh=72 dist=34818.3 cpu=339.069s valid=1
[444/1200] CLASSIC R1_8_3 run5 -> veh=72 dist=32989.2 cpu=320.48s valid=1
[445/1200] CLASSIC R1_8_3 run4 -> veh=72 dist=34198.4 cpu=337.993s valid=1
[446/1200] CLASSIC R1_8_3 run7 -> veh=72 dist=33638.6 cpu=308.161s valid=1
[447/1200] CLASSIC R1_8_3 run6 -> veh=72 dist=34706.3 cpu=351.653s valid=1
[448/1200] CLASSIC R1_8_3 run10 -> veh=72 dist=33996.8 cpu=315.48s valid=1
[449/1200] CLASSIC R1_8_3 run8 -> veh=72 dist=34065.3 cpu=340.695s valid=1
[450/1200] CLASSIC R1_8_3 run9 -> veh=72 dist=33797.2 cpu=338.283s valid=1
[451/1200] QLEARNING R1_8_3 run4 -> veh=72 dist=33457.2 cpu=334.47s valid=1
[452/1200] QLEARNING R1_8_3 run5 -> veh=72 dist=33320.1 cpu=333.056s valid=1
[453/1200] QLEARNING R1_8_3 run3 -> veh=72 dist=33461.6 cpu=343.898s valid=1
[454/1200] QLEARNING R1_8_3 run6 -> veh=72 dist=33445.4 cpu=333.659s valid=1
[455/1200] QLEARNING R1_8_3 run1 -> veh=72 dist=33474.8 cpu=361.039s valid=1
[456/1200] QLEARNING R1_8_3 run8 -> veh=72 dist=33408.8 cpu=341.942s valid=1
[457/1200] QLEARNING R1_8_3 run2 -> veh=72 dist=33174.1 cpu=380.526s valid=1
[458/1200] QLEARNING R1_8_3 run9 -> veh=72 dist=33313.8 cpu=359.229s valid=1
[459/1200] QLEARNING R1_8_3 run7 -> veh=72 dist=33219.2 cpu=382.827s valid=1
[460/1200] QLEARNING R1_8_3 run10 -> veh=72 dist=33625 cpu=386.594s valid=1
[461/1200] CLASSIC R1_8_5 run2 -> veh=72 dist=46440.3 cpu=105.333s valid=1
[462/1200] CLASSIC R1_8_5 run1 -> veh=72 dist=46825.8 cpu=106.412s valid=1
[463/1200] CLASSIC R1_8_5 run4 -> veh=72 dist=44327.6 cpu=101.701s valid=1
[464/1200] CLASSIC R1_8_5 run3 -> veh=72 dist=44439.7 cpu=102.588s valid=1
[465/1200] CLASSIC R1_8_5 run6 -> veh=72 dist=43459.3 cpu=102.571s valid=1
[466/1200] CLASSIC R1_8_5 run5 -> veh=72 dist=46730.8 cpu=105.391s valid=1
[467/1200] CLASSIC R1_8_5 run7 -> veh=72 dist=44503.5 cpu=105.448s valid=1
[468/1200] CLASSIC R1_8_5 run8 -> veh=72 dist=45686.6 cpu=105.869s valid=1
[469/1200] CLASSIC R1_8_5 run9 -> veh=73 dist=38567.1 cpu=104.886s valid=1
[470/1200] CLASSIC R1_8_5 run10 -> veh=72 dist=48188.3 cpu=103.085s valid=1
[471/1200] QLEARNING R1_8_5 run1 -> veh=73 dist=37883.1 cpu=127.582s valid=1
[472/1200] QLEARNING R1_8_5 run3 -> veh=73 dist=37706.6 cpu=125.994s valid=1
[473/1200] QLEARNING R1_8_5 run2 -> veh=72 dist=47120 cpu=126.798s valid=1
[474/1200] QLEARNING R1_8_5 run4 -> veh=72 dist=43889.9 cpu=126.708s valid=1
[475/1200] QLEARNING R1_8_5 run6 -> veh=73 dist=37858.7 cpu=120.098s valid=1
[476/1200] QLEARNING R1_8_5 run5 -> veh=73 dist=37222.3 cpu=124.093s valid=1
[477/1200] CLASSIC R1_8_4 run1 -> veh=72 dist=31556.9 cpu=539.414s valid=1
[478/1200] QLEARNING R1_8_5 run8 -> veh=73 dist=37153.2 cpu=124.107s valid=1
[479/1200] QLEARNING R1_8_5 run7 -> veh=73 dist=37573 cpu=125.816s valid=1
[480/1200] QLEARNING R1_8_5 run9 -> veh=73 dist=37320.7 cpu=126.056s valid=1
[481/1200] QLEARNING R1_8_5 run10 -> veh=73 dist=37641.3 cpu=123.276s valid=1
[482/1200] CLASSIC R1_8_4 run2 -> veh=72 dist=31647 cpu=546.612s valid=1
[483/1200] CLASSIC R1_8_4 run7 -> veh=72 dist=31645.9 cpu=500.804s valid=1
[484/1200] QLEARNING R1_8_4 run1 -> veh=72 dist=31067.2 cpu=479.894s valid=1
[485/1200] QLEARNING R1_8_4 run2 -> veh=72 dist=30624.3 cpu=487.735s valid=1
[486/1200] QLEARNING R1_8_4 run3 -> veh=72 dist=30603.4 cpu=436.514s valid=1
[487/1200] CLASSIC R1_8_4 run3 -> veh=72 dist=32161.3 cpu=543.235s valid=1
[488/1200] CLASSIC R1_8_4 run4 -> veh=72 dist=31015.1 cpu=541.986s valid=1
[489/1200] CLASSIC R1_8_4 run5 -> veh=72 dist=31562 cpu=542.002s valid=1
[490/1200] CLASSIC R1_8_4 run6 -> veh=72 dist=32260.3 cpu=543.819s valid=1
[491/1200] CLASSIC R1_8_4 run9 -> veh=72 dist=31791.8 cpu=542.811s valid=1
[492/1200] CLASSIC R1_8_4 run10 -> veh=72 dist=32171.1 cpu=540.728s valid=1
[493/1200] CLASSIC R1_8_4 run8 -> veh=72 dist=31245.6 cpu=566.313s valid=1
[494/1200] CLASSIC R1_8_6 run2 -> veh=72 dist=36035.9 cpu=222.39s valid=1
[495/1200] CLASSIC R1_8_6 run1 -> veh=72 dist=37335.2 cpu=241.02s valid=1
[496/1200] QLEARNING R1_8_4 run8 -> veh=72 dist=31252 cpu=456.114s valid=1
[497/1200] QLEARNING R1_8_4 run10 -> veh=72 dist=31011.3 cpu=436.382s valid=1
[498/1200] QLEARNING R1_8_4 run6 -> veh=72 dist=31002.8 cpu=505.474s valid=1
[499/1200] CLASSIC R1_8_6 run3 -> veh=72 dist=36729.1 cpu=232.429s valid=1
[500/1200] CLASSIC R1_8_6 run6 -> veh=72 dist=36515.6 cpu=222.811s valid=1
[501/1200] QLEARNING R1_8_4 run5 -> veh=72 dist=31162.4 cpu=528.778s valid=1
[502/1200] CLASSIC R1_8_6 run5 -> veh=72 dist=37243.3 cpu=232.269s valid=1
[503/1200] CLASSIC R1_8_6 run7 -> veh=72 dist=37652.9 cpu=213.08s valid=1
[504/1200] CLASSIC R1_8_6 run4 -> veh=72 dist=37023.3 cpu=239.081s valid=1
[505/1200] CLASSIC R1_8_6 run8 -> veh=72 dist=36634.7 cpu=218.577s valid=1
[506/1200] CLASSIC R1_8_6 run10 -> veh=72 dist=36608.9 cpu=209.483s valid=1
[507/1200] QLEARNING R1_8_4 run4 -> veh=72 dist=31249.1 cpu=560.014s valid=1
[508/1200] QLEARNING R1_8_4 run9 -> veh=72 dist=31198.9 cpu=505.107s valid=1
[509/1200] CLASSIC R1_8_6 run9 -> veh=72 dist=36888.8 cpu=228.546s valid=1
[510/1200] QLEARNING R1_8_4 run7 -> veh=72 dist=31260.3 cpu=563.867s valid=1
[511/1200] QLEARNING R1_8_6 run1 -> veh=72 dist=36150.2 cpu=268.96s valid=1
[512/1200] QLEARNING R1_8_6 run2 -> veh=72 dist=35361 cpu=268.227s valid=1
[513/1200] QLEARNING R1_8_6 run5 -> veh=72 dist=35668.1 cpu=247.113s valid=1
[514/1200] QLEARNING R1_8_6 run3 -> veh=72 dist=35976.5 cpu=283.151s valid=1
[515/1200] QLEARNING R1_8_6 run4 -> veh=72 dist=35493.4 cpu=286.349s valid=1
[516/1200] QLEARNING R1_8_6 run8 -> veh=72 dist=35938.6 cpu=257.926s valid=1
[517/1200] QLEARNING R1_8_6 run6 -> veh=72 dist=35971.3 cpu=283.536s valid=1
[518/1200] QLEARNING R1_8_6 run7 -> veh=72 dist=36006.2 cpu=285.134s valid=1
[519/1200] QLEARNING R1_8_6 run10 -> veh=72 dist=35745.4 cpu=263.743s valid=1
[520/1200] QLEARNING R1_8_6 run9 -> veh=72 dist=35501.2 cpu=289.66s valid=1
[521/1200] CLASSIC R1_8_7 run1 -> veh=72 dist=33946.2 cpu=350.313s valid=1
[522/1200] CLASSIC R1_8_7 run2 -> veh=72 dist=34299.3 cpu=363.609s valid=1
[523/1200] CLASSIC R1_8_7 run4 -> veh=72 dist=33245.2 cpu=351.77s valid=1
[524/1200] CLASSIC R1_8_7 run5 -> veh=72 dist=33735.5 cpu=352.181s valid=1
[525/1200] CLASSIC R1_8_7 run3 -> veh=72 dist=33438.4 cpu=362.247s valid=1
[526/1200] CLASSIC R1_8_7 run9 -> veh=72 dist=33090.3 cpu=329.906s valid=1
[527/1200] CLASSIC R1_8_7 run8 -> veh=72 dist=33624 cpu=331.134s valid=1
[528/1200] CLASSIC R1_8_7 run6 -> veh=72 dist=34017.2 cpu=362.568s valid=1
[529/1200] CLASSIC R1_8_7 run7 -> veh=72 dist=33294.4 cpu=356.746s valid=1
[530/1200] CLASSIC R1_8_7 run10 -> veh=72 dist=33117.4 cpu=346.131s valid=1
[531/1200] QLEARNING R1_8_7 run5 -> veh=72 dist=32628 cpu=331.21s valid=1
[532/1200] QLEARNING R1_8_7 run8 -> veh=72 dist=32449.1 cpu=327.663s valid=1
[533/1200] QLEARNING R1_8_7 run7 -> veh=72 dist=32664.4 cpu=351.246s valid=1
[534/1200] QLEARNING R1_8_7 run4 -> veh=72 dist=32855.9 cpu=371.918s valid=1
[535/1200] QLEARNING R1_8_7 run3 -> veh=72 dist=32550.2 cpu=375.933s valid=1
[536/1200] QLEARNING R1_8_7 run1 -> veh=72 dist=32707.8 cpu=390.269s valid=1
[537/1200] QLEARNING R1_8_7 run2 -> veh=72 dist=32140.2 cpu=386.436s valid=1
[538/1200] QLEARNING R1_8_7 run6 -> veh=72 dist=32631.5 cpu=371.594s valid=1
[539/1200] QLEARNING R1_8_7 run9 -> veh=72 dist=32166.9 cpu=369.077s valid=1
[540/1200] QLEARNING R1_8_7 run10 -> veh=72 dist=32436.1 cpu=396.405s valid=1
[541/1200] CLASSIC R1_8_9 run1 -> veh=72 dist=39883.2 cpu=119.471s valid=1
[542/1200] CLASSIC R1_8_9 run3 -> veh=72 dist=39129.1 cpu=113.466s valid=1
[543/1200] CLASSIC R1_8_9 run2 -> veh=72 dist=40115 cpu=120.333s valid=1
[544/1200] CLASSIC R1_8_9 run4 -> veh=72 dist=39705.6 cpu=121.778s valid=1
[545/1200] CLASSIC R1_8_9 run5 -> veh=72 dist=39477.9 cpu=116.171s valid=1
[546/1200] CLASSIC R1_8_9 run10 -> veh=72 dist=39702.6 cpu=112.183s valid=1
[547/1200] CLASSIC R1_8_9 run7 -> veh=72 dist=39815.6 cpu=118.016s valid=1
[548/1200] CLASSIC R1_8_9 run8 -> veh=72 dist=40159.3 cpu=118.937s valid=1
[549/1200] CLASSIC R1_8_9 run6 -> veh=72 dist=41007.6 cpu=122.668s valid=1
[550/1200] CLASSIC R1_8_9 run9 -> veh=72 dist=39397.9 cpu=119.782s valid=1
[551/1200] QLEARNING R1_8_9 run1 -> veh=72 dist=37766.8 cpu=138.092s valid=1
[552/1200] QLEARNING R1_8_9 run2 -> veh=72 dist=37797.7 cpu=134.847s valid=1
[553/1200] CLASSIC R1_8_8 run1 -> veh=72 dist=31369.3 cpu=528.303s valid=1
[554/1200] QLEARNING R1_8_9 run3 -> veh=72 dist=37996.5 cpu=135.654s valid=1
[555/1200] QLEARNING R1_8_9 run4 -> veh=72 dist=37775.2 cpu=128.438s valid=1
[556/1200] QLEARNING R1_8_9 run5 -> veh=72 dist=39615.7 cpu=135.055s valid=1
[557/1200] QLEARNING R1_8_9 run6 -> veh=72 dist=38922 cpu=138.09s valid=1
[558/1200] QLEARNING R1_8_9 run7 -> veh=72 dist=38496.3 cpu=130.482s valid=1
[559/1200] CLASSIC R1_8_8 run2 -> veh=72 dist=31673.6 cpu=575.306s valid=1
[560/1200] QLEARNING R1_8_9 run9 -> veh=72 dist=38537.6 cpu=137.645s valid=1
[561/1200] QLEARNING R1_8_9 run8 -> veh=72 dist=38839.7 cpu=138.447s valid=1
[562/1200] QLEARNING R1_8_9 run10 -> veh=72 dist=39006.1 cpu=133.74s valid=1
[563/1200] CLASSIC R1_8_8 run5 -> veh=72 dist=31908.2 cpu=533.529s valid=1
[564/1200] CLASSIC R1_8_10 run2 -> veh=72 dist=36786.8 cpu=137.797s valid=1
[565/1200] CLASSIC R1_8_8 run4 -> veh=72 dist=31965.5 cpu=565.588s valid=1
[566/1200] CLASSIC R1_8_10 run1 -> veh=72 dist=37589.7 cpu=146.58s valid=1
[567/1200] CLASSIC R1_8_8 run3 -> veh=72 dist=31884.1 cpu=572.543s valid=1
[568/1200] CLASSIC R1_8_8 run6 -> veh=72 dist=31103.1 cpu=552.823s valid=1
[569/1200] QLEARNING R1_8_8 run1 -> veh=72 dist=30733 cpu=508.071s valid=1
[570/1200] CLASSIC R1_8_10 run3 -> veh=72 dist=37278.3 cpu=144.355s valid=1
[571/1200] QLEARNING R1_8_8 run2 -> veh=72 dist=30718.4 cpu=512.621s valid=1
[572/1200] CLASSIC R1_8_10 run5 -> veh=72 dist=36464.6 cpu=137.531s valid=1
[573/1200] CLASSIC R1_8_8 run8 -> veh=72 dist=31095.6 cpu=565.996s valid=1
[574/1200] CLASSIC R1_8_10 run4 -> veh=72 dist=37170 cpu=143.818s valid=1
[575/1200] CLASSIC R1_8_8 run7 -> veh=72 dist=31859.5 cpu=588.978s valid=1
[576/1200] CLASSIC R1_8_8 run10 -> veh=72 dist=30957.6 cpu=553.703s valid=1
[577/1200] QLEARNING R1_8_8 run3 -> veh=72 dist=30793.3 cpu=466.703s valid=1
[578/1200] CLASSIC R1_8_10 run6 -> veh=72 dist=37162.6 cpu=147.472s valid=1
[579/1200] CLASSIC R1_8_8 run9 -> veh=72 dist=31354.6 cpu=576.957s valid=1
[580/1200] CLASSIC R1_8_10 run7 -> veh=72 dist=37377.2 cpu=140.028s valid=1
[581/1200] CLASSIC R1_8_10 run8 -> veh=72 dist=37438.9 cpu=138.15s valid=1
[582/1200] CLASSIC R1_8_10 run9 -> veh=72 dist=36806.5 cpu=143.705s valid=1
[583/1200] CLASSIC R1_8_10 run10 -> veh=72 dist=36790.2 cpu=136.867s valid=1
[584/1200] QLEARNING R1_8_8 run9 -> veh=72 dist=30880.5 cpu=488.59s valid=1
[585/1200] QLEARNING R1_8_8 run8 -> veh=72 dist=30703.4 cpu=492.396s valid=1
[586/1200] QLEARNING R1_8_10 run1 -> veh=72 dist=35867.8 cpu=160.062s valid=1
[587/1200] QLEARNING R1_8_8 run6 -> veh=72 dist=30825 cpu=519.934s valid=1
[588/1200] QLEARNING R1_8_10 run5 -> veh=72 dist=35922.1 cpu=158.803s valid=1
[589/1200] QLEARNING R1_8_10 run2 -> veh=72 dist=35705.3 cpu=161.194s valid=1
[590/1200] QLEARNING R1_8_10 run4 -> veh=72 dist=35991.5 cpu=161.024s valid=1
[591/1200] QLEARNING R1_8_10 run3 -> veh=72 dist=35815.8 cpu=161.618s valid=1
[592/1200] QLEARNING R1_8_8 run4 -> veh=72 dist=30898.7 cpu=541.258s valid=1
[593/1200] QLEARNING R1_8_10 run6 -> veh=72 dist=35735 cpu=159.464s valid=1
[594/1200] QLEARNING R1_8_10 run9 -> veh=72 dist=35683 cpu=154s valid=1
[595/1200] QLEARNING R1_8_10 run8 -> veh=72 dist=36062.6 cpu=159.928s valid=1
[596/1200] QLEARNING R1_8_10 run7 -> veh=72 dist=36162.1 cpu=161.184s valid=1
[597/1200] QLEARNING R1_8_8 run5 -> veh=72 dist=30833.7 cpu=542.456s valid=1
[598/1200] QLEARNING R1_8_10 run10 -> veh=72 dist=35841.5 cpu=163.255s valid=1
[599/1200] CLASSIC R2_8_1 run1 -> veh=15 dist=30177.6 cpu=196.822s valid=1
[600/1200] QLEARNING R1_8_8 run7 -> veh=72 dist=30720.2 cpu=583.97s valid=1
[601/1200] QLEARNING R1_8_8 run10 -> veh=72 dist=30840.6 cpu=566.142s valid=1
[602/1200] CLASSIC R2_8_1 run2 -> veh=15 dist=28864.3 cpu=202.67s valid=1
[603/1200] CLASSIC R2_8_1 run3 -> veh=15 dist=30221.8 cpu=195.544s valid=1
[604/1200] CLASSIC R2_8_1 run5 -> veh=15 dist=31604.3 cpu=190.01s valid=1
[605/1200] CLASSIC R2_8_1 run4 -> veh=15 dist=29213 cpu=193.367s valid=1
[606/1200] CLASSIC R2_8_1 run9 -> veh=15 dist=31355.4 cpu=188.697s valid=1
[607/1200] CLASSIC R2_8_1 run7 -> veh=15 dist=31937.2 cpu=194.065s valid=1
[608/1200] CLASSIC R2_8_1 run6 -> veh=15 dist=29230.2 cpu=203.894s valid=1
[609/1200] CLASSIC R2_8_1 run10 -> veh=15 dist=30518.7 cpu=189.998s valid=1
[610/1200] QLEARNING R2_8_1 run2 -> veh=15 dist=30679.8 cpu=195.322s valid=1
[611/1200] QLEARNING R2_8_1 run1 -> veh=15 dist=30937.2 cpu=198.845s valid=1
[612/1200] CLASSIC R2_8_1 run8 -> veh=15 dist=29198.4 cpu=217.606s valid=1
[613/1200] QLEARNING R2_8_1 run3 -> veh=15 dist=32287.5 cpu=195.529s valid=1
[614/1200] QLEARNING R2_8_1 run4 -> veh=15 dist=30385.9 cpu=199.506s valid=1
[615/1200] QLEARNING R2_8_1 run5 -> veh=15 dist=30528.6 cpu=199.562s valid=1
[616/1200] QLEARNING R2_8_1 run6 -> veh=15 dist=31290.9 cpu=198.58s valid=1
[617/1200] QLEARNING R2_8_1 run7 -> veh=15 dist=32352.4 cpu=196.429s valid=1
[618/1200] QLEARNING R2_8_1 run8 -> veh=15 dist=30300.8 cpu=194.41s valid=1
[619/1200] QLEARNING R2_8_1 run10 -> veh=15 dist=32651.4 cpu=195.87s valid=1
[620/1200] QLEARNING R2_8_1 run9 -> veh=15 dist=31059 cpu=198.298s valid=1
[621/1200] CLASSIC R2_8_2 run7 -> veh=15 dist=24256.8 cpu=629.344s valid=1
[622/1200] CLASSIC R2_8_2 run2 -> veh=15 dist=25020.5 cpu=687.638s valid=1
[623/1200] CLASSIC R2_8_2 run3 -> veh=15 dist=24955.6 cpu=689.982s valid=1
[624/1200] CLASSIC R2_8_2 run4 -> veh=15 dist=23850.1 cpu=689.746s valid=1
[625/1200] CLASSIC R2_8_2 run5 -> veh=15 dist=23762.4 cpu=712.258s valid=1
[626/1200] CLASSIC R2_8_2 run6 -> veh=15 dist=24273.3 cpu=707.519s valid=1
[627/1200] CLASSIC R2_8_2 run9 -> veh=15 dist=24181.2 cpu=715.019s valid=1
[628/1200] CLASSIC R2_8_2 run8 -> veh=15 dist=24128.8 cpu=716.456s valid=1
[629/1200] CLASSIC R2_8_2 run10 -> veh=15 dist=24001.3 cpu=709.412s valid=1
[630/1200] CLASSIC R2_8_2 run1 -> veh=15 dist=23776.4 cpu=739.501s valid=1
[631/1200] QLEARNING R2_8_2 run3 -> veh=15 dist=24062.7 cpu=680.008s valid=1
[632/1200] QLEARNING R2_8_2 run8 -> veh=15 dist=24105.1 cpu=702.845s valid=1
[633/1200] QLEARNING R2_8_2 run6 -> veh=15 dist=24327.4 cpu=747.085s valid=1
[634/1200] QLEARNING R2_8_2 run1 -> veh=15 dist=23843.3 cpu=846.19s valid=1
[635/1200] QLEARNING R2_8_2 run2 -> veh=15 dist=23856.1 cpu=871.403s valid=1
[636/1200] QLEARNING R2_8_2 run5 -> veh=15 dist=23952.1 cpu=857.521s valid=1
[637/1200] QLEARNING R2_8_2 run4 -> veh=15 dist=24382.7 cpu=870.463s valid=1
[638/1200] QLEARNING R2_8_2 run10 -> veh=15 dist=24304.5 cpu=863.545s valid=1
[639/1200] QLEARNING R2_8_2 run7 -> veh=15 dist=24354.3 cpu=884.839s valid=1
[640/1200] QLEARNING R2_8_2 run9 -> veh=15 dist=23921.8 cpu=885.704s valid=1
[641/1200] CLASSIC R2_8_3 run2 -> veh=15 dist=18683.1 cpu=1007.33s valid=1
[642/1200] CLASSIC R2_8_3 run7 -> veh=15 dist=18905.8 cpu=979.735s valid=1
[643/1200] CLASSIC R2_8_3 run8 -> veh=15 dist=19599.6 cpu=972.75s valid=1
[644/1200] CLASSIC R2_8_3 run3 -> veh=15 dist=19401.8 cpu=1158.61s valid=1
[645/1200] QLEARNING R2_8_3 run1 -> veh=15 dist=18567.3 cpu=1101.69s valid=1
[646/1200] CLASSIC R2_8_3 run4 -> veh=15 dist=19100.9 cpu=1174.77s valid=1
[647/1200] CLASSIC R2_8_3 run9 -> veh=15 dist=19377.3 cpu=1133.33s valid=1
[648/1200] CLASSIC R2_8_3 run10 -> veh=15 dist=18905.3 cpu=1133.93s valid=1
[649/1200] CLASSIC R2_8_3 run6 -> veh=15 dist=18620.9 cpu=1166.31s valid=1
[650/1200] CLASSIC R2_8_3 run1 -> veh=15 dist=18649.9 cpu=1209.44s valid=1
[651/1200] CLASSIC R2_8_3 run5 -> veh=15 dist=18450.8 cpu=1200.63s valid=1
[652/1200] QLEARNING R2_8_3 run2 -> veh=15 dist=18743.8 cpu=1257.49s valid=1
[653/1200] CLASSIC R2_8_5 run2 -> veh=15 dist=27549.1 cpu=215.838s valid=1
[654/1200] CLASSIC R2_8_5 run1 -> veh=15 dist=26341.6 cpu=223.75s valid=1
[655/1200] CLASSIC R2_8_5 run3 -> veh=15 dist=25295.4 cpu=237.634s valid=1
[656/1200] CLASSIC R2_8_5 run4 -> veh=15 dist=26809.9 cpu=221.117s valid=1
[657/1200] QLEARNING R2_8_3 run6 -> veh=15 dist=18259 cpu=1048.69s valid=1
[658/1200] CLASSIC R2_8_5 run5 -> veh=15 dist=26650.6 cpu=225.599s valid=1
[659/1200] CLASSIC R2_8_5 run6 -> veh=15 dist=26181.6 cpu=222.002s valid=1
[660/1200] CLASSIC R2_8_5 run7 -> veh=15 dist=27728.9 cpu=219.778s valid=1
[661/1200] QLEARNING R2_8_3 run3 -> veh=15 dist=18635.5 cpu=1186.86s valid=1
[662/1200] CLASSIC R2_8_5 run8 -> veh=15 dist=26249.5 cpu=219.478s valid=1
[663/1200] QLEARNING R2_8_3 run4 -> veh=15 dist=18461.7 cpu=1265.43s valid=1
[664/1200] CLASSIC R2_8_5 run9 -> veh=15 dist=25531.8 cpu=249.484s valid=1
[665/1200] CLASSIC R2_8_5 run10 -> veh=15 dist=26094.6 cpu=232.644s valid=1
[666/1200] QLEARNING R2_8_3 run5 -> veh=15 dist=18762.4 cpu=1303.06s valid=1
[667/1200] QLEARNING R2_8_5 run1 -> veh=15 dist=26212.9 cpu=234.636s valid=1
[668/1200] QLEARNING R2_8_3 run8 -> veh=15 dist=18571.1 cpu=1295.03s valid=1
[669/1200] QLEARNING R2_8_3 run10 -> veh=15 dist=18616.4 cpu=1291.89s valid=1
[670/1200] QLEARNING R2_8_3 run7 -> veh=15 dist=18787.4 cpu=1303.96s valid=1
[671/1200] QLEARNING R2_8_5 run2 -> veh=15 dist=25958.8 cpu=242.055s valid=1
[672/1200] QLEARNING R2_8_3 run9 -> veh=15 dist=18546.4 cpu=1303.97s valid=1
[673/1200] QLEARNING R2_8_5 run3 -> veh=15 dist=26029.5 cpu=243.878s valid=1
[674/1200] QLEARNING R2_8_5 run4 -> veh=15 dist=25803.4 cpu=228.679s valid=1
[675/1200] QLEARNING R2_8_5 run5 -> veh=15 dist=26308.5 cpu=235.892s valid=1
[676/1200] QLEARNING R2_8_5 run6 -> veh=15 dist=26258.1 cpu=232.444s valid=1
[677/1200] QLEARNING R2_8_5 run8 -> veh=15 dist=26264.7 cpu=237.201s valid=1
[678/1200] QLEARNING R2_8_5 run7 -> veh=15 dist=25517.4 cpu=241.496s valid=1
[679/1200] QLEARNING R2_8_5 run9 -> veh=15 dist=25922.8 cpu=246.738s valid=1
[680/1200] QLEARNING R2_8_5 run10 -> veh=15 dist=26226.9 cpu=233.718s valid=1
[681/1200] CLASSIC R2_8_4 run3 -> veh=15 dist=15154.3 cpu=1504.65s valid=1
[682/1200] CLASSIC R2_8_4 run2 -> veh=15 dist=13906.6 cpu=1548.59s valid=1
[683/1200] QLEARNING R2_8_4 run4 -> veh=15 dist=13936.7 cpu=1194.05s valid=1
[684/1200] QLEARNING R2_8_4 run5 -> veh=15 dist=13893 cpu=1187.08s valid=1
[685/1200] QLEARNING R2_8_4 run3 -> veh=15 dist=13919.5 cpu=1223.52s valid=1
[686/1200] QLEARNING R2_8_4 run1 -> veh=15 dist=14226.9 cpu=1512.59s valid=1
[687/1200] CLASSIC R2_8_4 run1 -> veh=15 dist=13938.3 cpu=1774.43s valid=1
[688/1200] CLASSIC R2_8_4 run4 -> veh=15 dist=13834.4 cpu=1710.67s valid=1
[689/1200] QLEARNING R2_8_4 run10 -> veh=15 dist=14189.7 cpu=1210.69s valid=1
[690/1200] QLEARNING R2_8_4 run2 -> veh=15 dist=14097.2 cpu=1540.4s valid=1
[691/1200] CLASSIC R2_8_4 run8 -> veh=15 dist=13991.7 cpu=1737.32s valid=1
[692/1200] CLASSIC R2_8_4 run6 -> veh=15 dist=13848.6 cpu=1778.98s valid=1
[693/1200] CLASSIC R2_8_4 run7 -> veh=15 dist=13867.6 cpu=1761.99s valid=1
[694/1200] CLASSIC R2_8_4 run9 -> veh=15 dist=14029.9 cpu=1779.69s valid=1
[695/1200] CLASSIC R2_8_4 run10 -> veh=15 dist=14131.7 cpu=1771.43s valid=1
[696/1200] CLASSIC R2_8_4 run5 -> veh=15 dist=13628.8 cpu=1920.37s valid=1
[697/1200] QLEARNING R2_8_4 run6 -> veh=15 dist=14012.9 cpu=1490.82s valid=1
[698/1200] QLEARNING R2_8_4 run8 -> veh=15 dist=13972.5 cpu=1488.69s valid=1
[699/1200] QLEARNING R2_8_4 run9 -> veh=15 dist=13887.9 cpu=1474.58s valid=1
[700/1200] CLASSIC R2_8_6 run6 -> veh=15 dist=21719.1 cpu=673.547s valid=1
[701/1200] CLASSIC R2_8_6 run2 -> veh=15 dist=22827.1 cpu=772.648s valid=1
[702/1200] QLEARNING R2_8_4 run7 -> veh=15 dist=13814.7 cpu=1522.03s valid=1
[703/1200] CLASSIC R2_8_6 run1 -> veh=15 dist=21901.3 cpu=827.665s valid=1
[704/1200] CLASSIC R2_8_6 run3 -> veh=15 dist=21620 cpu=831.224s valid=1
[705/1200] CLASSIC R2_8_6 run8 -> veh=15 dist=23042.4 cpu=656.208s valid=1
[706/1200] CLASSIC R2_8_6 run5 -> veh=15 dist=22067.6 cpu=817.573s valid=1
[707/1200] CLASSIC R2_8_6 run4 -> veh=15 dist=20943.3 cpu=939.39s valid=1
[708/1200] CLASSIC R2_8_6 run7 -> veh=15 dist=21482.4 cpu=830.799s valid=1
[709/1200] CLASSIC R2_8_6 run9 -> veh=15 dist=21901.7 cpu=820.331s valid=1
[710/1200] QLEARNING R2_8_6 run4 -> veh=15 dist=21596.2 cpu=769.917s valid=1
[711/1200] QLEARNING R2_8_6 run5 -> veh=15 dist=21570.9 cpu=772.042s valid=1
[712/1200] QLEARNING R2_8_6 run7 -> veh=15 dist=21689.3 cpu=762.95s valid=1
[713/1200] CLASSIC R2_8_6 run10 -> veh=15 dist=21348.4 cpu=874.276s valid=1
[714/1200] QLEARNING R2_8_6 run3 -> veh=15 dist=21391.6 cpu=891.577s valid=1
[715/1200] QLEARNING R2_8_6 run1 -> veh=15 dist=21699 cpu=950.277s valid=1
[716/1200] QLEARNING R2_8_6 run6 -> veh=15 dist=21693 cpu=864.773s valid=1
[717/1200] QLEARNING R2_8_6 run2 -> veh=15 dist=21611.8 cpu=956.189s valid=1
[718/1200] QLEARNING R2_8_6 run10 -> veh=15 dist=21670.5 cpu=755.664s valid=1
[719/1200] QLEARNING R2_8_6 run8 -> veh=15 dist=21555.8 cpu=795.167s valid=1
[720/1200] QLEARNING R2_8_6 run9 -> veh=15 dist=21720.5 cpu=942.61s valid=1
[721/1200] CLASSIC R2_8_7 run1 -> veh=15 dist=17648.2 cpu=1142.12s valid=1
[722/1200] CLASSIC R2_8_7 run2 -> veh=15 dist=17378 cpu=1356.15s valid=1
[723/1200] QLEARNING R2_8_7 run2 -> veh=15 dist=17649.1 cpu=1098.24s valid=1
[724/1200] CLASSIC R2_8_7 run3 -> veh=15 dist=18035.6 cpu=1331.58s valid=1
[725/1200] CLASSIC R2_8_7 run5 -> veh=15 dist=18379.7 cpu=1324.92s valid=1
[726/1200] CLASSIC R2_8_7 run6 -> veh=15 dist=17485.6 cpu=1319.55s valid=1
[727/1200] CLASSIC R2_8_7 run8 -> veh=15 dist=18385.1 cpu=1307.73s valid=1
[728/1200] CLASSIC R2_8_7 run4 -> veh=15 dist=17382.6 cpu=1381.96s valid=1
[729/1200] CLASSIC R2_8_7 run9 -> veh=15 dist=17448.2 cpu=1334.56s valid=1
[730/1200] CLASSIC R2_8_7 run7 -> veh=15 dist=17289.9 cpu=1377.14s valid=1
[731/1200] CLASSIC R2_8_7 run10 -> veh=15 dist=17967.8 cpu=1339.28s valid=1
[732/1200] QLEARNING R2_8_7 run1 -> veh=15 dist=17584.2 cpu=1355.47s valid=1
[733/1200] QLEARNING R2_8_7 run3 -> veh=15 dist=17615.9 cpu=1355.31s valid=1
[734/1200] QLEARNING R2_8_7 run7 -> veh=15 dist=17377.3 cpu=1308.68s valid=1
[735/1200] QLEARNING R2_8_7 run4 -> veh=15 dist=17600 cpu=1367.63s valid=1
[736/1200] QLEARNING R2_8_7 run5 -> veh=15 dist=17636.1 cpu=1365.95s valid=1
[737/1200] QLEARNING R2_8_7 run6 -> veh=15 dist=17585.6 cpu=1359.69s valid=1
[738/1200] QLEARNING R2_8_7 run8 -> veh=15 dist=17562.5 cpu=1378.11s valid=1
[739/1200] QLEARNING R2_8_7 run9 -> veh=15 dist=17755 cpu=1350.64s valid=1
[740/1200] QLEARNING R2_8_7 run10 -> veh=15 dist=17681.5 cpu=1340.4s valid=1
[741/1200] CLASSIC R2_8_9 run1 -> veh=15 dist=23697.6 cpu=332.335s valid=1
[742/1200] CLASSIC R2_8_9 run3 -> veh=15 dist=24540 cpu=319.997s valid=1
[743/1200] CLASSIC R2_8_9 run2 -> veh=15 dist=23263.8 cpu=343.4s valid=1
[744/1200] CLASSIC R2_8_9 run4 -> veh=15 dist=24040.1 cpu=327.771s valid=1
[745/1200] CLASSIC R2_8_9 run5 -> veh=15 dist=23940.8 cpu=324.36s valid=1
[746/1200] CLASSIC R2_8_9 run6 -> veh=15 dist=24603.5 cpu=312.489s valid=1
[747/1200] CLASSIC R2_8_9 run7 -> veh=15 dist=23604.7 cpu=323.18s valid=1
[748/1200] CLASSIC R2_8_9 run8 -> veh=15 dist=24162.2 cpu=303.051s valid=1
[749/1200] CLASSIC R2_8_9 run9 -> veh=15 dist=24721.1 cpu=314.919s valid=1
[750/1200] CLASSIC R2_8_9 run10 -> veh=15 dist=24572.2 cpu=310.576s valid=1
[751/1200] CLASSIC R2_8_8 run3 -> veh=15 dist=13094.4 cpu=1517.1s valid=1
[752/1200] QLEARNING R2_8_9 run1 -> veh=15 dist=24065.3 cpu=305.598s valid=1
[753/1200] QLEARNING R2_8_9 run2 -> veh=15 dist=23839.4 cpu=308.438s valid=1
[754/1200] QLEARNING R2_8_8 run1 -> veh=15 dist=13295.1 cpu=1380.98s valid=1
[755/1200] QLEARNING R2_8_9 run3 -> veh=15 dist=23738.2 cpu=318.117s valid=1
[756/1200] QLEARNING R2_8_9 run4 -> veh=15 dist=24053.1 cpu=323.76s valid=1
[757/1200] QLEARNING R2_8_9 run6 -> veh=15 dist=23862.8 cpu=319.615s valid=1
[758/1200] QLEARNING R2_8_9 run7 -> veh=15 dist=24351.1 cpu=317.554s valid=1
[759/1200] QLEARNING R2_8_9 run5 -> veh=15 dist=23611.5 cpu=325.939s valid=1
[760/1200] CLASSIC R2_8_8 run2 -> veh=15 dist=13590.1 cpu=1743.18s valid=1
[761/1200] QLEARNING R2_8_9 run8 -> veh=15 dist=23967.4 cpu=312.94s valid=1
[762/1200] CLASSIC R2_8_8 run4 -> veh=15 dist=13374.2 cpu=1711.16s valid=1
[763/1200] QLEARNING R2_8_9 run10 -> veh=15 dist=23881.3 cpu=303.624s valid=1
[764/1200] QLEARNING R2_8_9 run9 -> veh=15 dist=23837.4 cpu=308.078s valid=1
[765/1200] CLASSIC R2_8_8 run8 -> veh=15 dist=13682.8 cpu=1722s valid=1
[766/1200] QLEARNING R2_8_8 run3 -> veh=15 dist=13317.3 cpu=1272.39s valid=1
[767/1200] CLASSIC R2_8_8 run5 -> veh=15 dist=13389.6 cpu=1831.6s valid=1
[768/1200] QLEARNING R2_8_8 run2 -> veh=15 dist=13280.5 cpu=1503.91s valid=1
[769/1200] CLASSIC R2_8_8 run10 -> veh=15 dist=13529.3 cpu=1714.1s valid=1
[770/1200] CLASSIC R2_8_10 run1 -> veh=15 dist=21621.2 cpu=447.386s valid=1
[771/1200] CLASSIC R2_8_10 run3 -> veh=15 dist=22878.2 cpu=380.561s valid=1
[772/1200] CLASSIC R2_8_8 run1 -> veh=15 dist=13217.2 cpu=1941.99s valid=1
[773/1200] CLASSIC R2_8_10 run2 -> veh=15 dist=22288.5 cpu=420.973s valid=1
[774/1200] CLASSIC R2_8_10 run4 -> veh=15 dist=21516.7 cpu=421.525s valid=1
[775/1200] CLASSIC RC1_8_1 run1 -> veh=73 dist=36043.5 cpu=85.642s valid=1
[776/1200] CLASSIC RC1_8_1 run2 -> veh=73 dist=35502.2 cpu=86.2737s valid=1
[777/1200] CLASSIC R2_8_10 run5 -> veh=15 dist=22869 cpu=405.86s valid=1
[778/1200] CLASSIC RC1_8_1 run3 -> veh=73 dist=35414.5 cpu=85.4952s valid=1
[779/1200] CLASSIC RC1_8_1 run5 -> veh=73 dist=35715.3 cpu=81.8381s valid=1
[780/1200] CLASSIC RC1_8_1 run4 -> veh=73 dist=35032.7 cpu=85.6349s valid=1
[781/1200] CLASSIC R2_8_10 run6 -> veh=15 dist=22794.9 cpu=417.262s valid=1
[782/1200] CLASSIC R2_8_8 run6 -> veh=15 dist=13521.9 cpu=1969.41s valid=1
[783/1200] CLASSIC RC1_8_1 run6 -> veh=73 dist=35718 cpu=80.7897s valid=1
[784/1200] QLEARNING R2_8_10 run2 -> veh=15 dist=22041 cpu=333.843s valid=1
[785/1200] CLASSIC R2_8_8 run7 -> veh=15 dist=14753 cpu=1943.4s valid=1
[786/1200] CLASSIC RC1_8_1 run7 -> veh=73 dist=35656.9 cpu=85.7775s valid=1
[787/1200] CLASSIC RC1_8_1 run8 -> veh=73 dist=34745.8 cpu=83.7117s valid=1
[788/1200] CLASSIC RC1_8_1 run9 -> veh=73 dist=35990.6 cpu=80.6781s valid=1
[789/1200] CLASSIC RC1_8_1 run10 -> veh=73 dist=34906.3 cpu=80.98s valid=1
[790/1200] QLEARNING R2_8_10 run4 -> veh=15 dist=21976.5 cpu=342.752s valid=1
[791/1200] CLASSIC R2_8_8 run9 -> veh=15 dist=13379.9 cpu=1967.74s valid=1
[792/1200] QLEARNING R2_8_10 run1 -> veh=15 dist=21983.3 cpu=381.274s valid=1
[793/1200] CLASSIC R2_8_10 run7 -> veh=15 dist=22983.1 cpu=415.137s valid=1
[794/1200] QLEARNING R2_8_10 run3 -> veh=15 dist=22113 cpu=371.802s valid=1
[795/1200] QLEARNING R2_8_10 run5 -> veh=15 dist=22087.5 cpu=366.054s valid=1
[796/1200] CLASSIC R2_8_10 run8 -> veh=15 dist=22897.1 cpu=428.717s valid=1
[797/1200] QLEARNING R2_8_10 run6 -> veh=15 dist=22197.1 cpu=387.265s valid=1
[798/1200] CLASSIC R2_8_10 run9 -> veh=15 dist=22458.3 cpu=424.563s valid=1
[799/1200] CLASSIC R2_8_10 run10 -> veh=15 dist=22148.1 cpu=428.64s valid=1
[800/1200] QLEARNING RC1_8_1 run1 -> veh=73 dist=34434.9 cpu=140.88s valid=1
[801/1200] QLEARNING RC1_8_1 run2 -> veh=73 dist=34170.6 cpu=141.674s valid=1
[802/1200] QLEARNING RC1_8_1 run3 -> veh=73 dist=34431.7 cpu=141.459s valid=1
[803/1200] QLEARNING R2_8_8 run4 -> veh=15 dist=13318.3 cpu=1343.98s valid=1
[804/1200] QLEARNING R2_8_8 run8 -> veh=15 dist=13586.7 cpu=1183.25s valid=1
[805/1200] QLEARNING R2_8_10 run7 -> veh=15 dist=22224.7 cpu=332.743s valid=1
[806/1200] QLEARNING RC1_8_1 run6 -> veh=73 dist=34454.3 cpu=133.598s valid=1
[807/1200] QLEARNING RC1_8_1 run4 -> veh=73 dist=34395.9 cpu=142.033s valid=1
[808/1200] QLEARNING RC1_8_1 run5 -> veh=73 dist=34684.3 cpu=138.951s valid=1
[809/1200] QLEARNING R2_8_10 run8 -> veh=15 dist=21940.7 cpu=343.341s valid=1
[810/1200] QLEARNING RC1_8_1 run7 -> veh=73 dist=34512.4 cpu=145.855s valid=1
[811/1200] QLEARNING RC1_8_1 run10 -> veh=73 dist=34602.8 cpu=132.88s valid=1
[812/1200] QLEARNING RC1_8_1 run8 -> veh=73 dist=33520.3 cpu=134.801s valid=1
[813/1200] QLEARNING RC1_8_1 run9 -> veh=73 dist=34041.2 cpu=143.114s valid=1
[814/1200] QLEARNING R2_8_10 run10 -> veh=15 dist=22172.9 cpu=354.196s valid=1
[815/1200] QLEARNING R2_8_10 run9 -> veh=15 dist=21800.4 cpu=369s valid=1
[816/1200] CLASSIC RC1_8_2 run1 -> veh=73 dist=31721.9 cpu=179.859s valid=1
[817/1200] CLASSIC RC1_8_2 run2 -> veh=73 dist=31918.9 cpu=177.293s valid=1
[818/1200] QLEARNING R2_8_8 run5 -> veh=15 dist=13158.2 cpu=1461.87s valid=1
[819/1200] CLASSIC RC1_8_2 run5 -> veh=73 dist=32698.1 cpu=182.969s valid=1
[820/1200] CLASSIC RC1_8_2 run4 -> veh=73 dist=32458 cpu=196.818s valid=1
[821/1200] CLASSIC RC1_8_2 run3 -> veh=73 dist=32574.8 cpu=203.102s valid=1
[822/1200] CLASSIC RC1_8_2 run6 -> veh=73 dist=32249.4 cpu=193.623s valid=1
[823/1200] CLASSIC RC1_8_2 run8 -> veh=73 dist=32004 cpu=188.969s valid=1
[824/1200] CLASSIC RC1_8_2 run7 -> veh=73 dist=32515.7 cpu=205.272s valid=1
[825/1200] CLASSIC RC1_8_2 run9 -> veh=73 dist=32156.9 cpu=189.793s valid=1
[826/1200] CLASSIC RC1_8_2 run10 -> veh=73 dist=32456.2 cpu=188.607s valid=1
[827/1200] QLEARNING R2_8_8 run7 -> veh=15 dist=13442.9 cpu=1440.91s valid=1
[828/1200] QLEARNING RC1_8_2 run5 -> veh=73 dist=31515 cpu=232.643s valid=1
[829/1200] QLEARNING RC1_8_2 run6 -> veh=73 dist=31672 cpu=234.424s valid=1
[830/1200] QLEARNING RC1_8_2 run1 -> veh=73 dist=32036.3 cpu=249.138s valid=1
[831/1200] QLEARNING RC1_8_2 run3 -> veh=73 dist=31570.4 cpu=246.766s valid=1
[832/1200] QLEARNING R2_8_8 run6 -> veh=15 dist=13467.3 cpu=1466.35s valid=1
[833/1200] QLEARNING RC1_8_2 run8 -> veh=73 dist=31888 cpu=215.87s valid=1
[834/1200] QLEARNING RC1_8_2 run7 -> veh=73 dist=32115.7 cpu=224.215s valid=1
[835/1200] QLEARNING RC1_8_2 run4 -> veh=73 dist=31894.9 cpu=251.238s valid=1
[836/1200] QLEARNING RC1_8_2 run2 -> veh=73 dist=31833 cpu=258.355s valid=1
[837/1200] QLEARNING RC1_8_2 run9 -> veh=73 dist=31949.6 cpu=257.037s valid=1
[838/1200] QLEARNING RC1_8_2 run10 -> veh=73 dist=31912.7 cpu=262.012s valid=1
[839/1200] CLASSIC RC1_8_3 run1 -> veh=73 dist=30546.2 cpu=301.185s valid=1
[840/1200] CLASSIC RC1_8_3 run4 -> veh=73 dist=31096.9 cpu=303.206s valid=1
[841/1200] CLASSIC RC1_8_3 run2 -> veh=73 dist=31496.4 cpu=322.505s valid=1
[842/1200] CLASSIC RC1_8_3 run3 -> veh=73 dist=30938.8 cpu=324s valid=1
[843/1200] CLASSIC RC1_8_3 run6 -> veh=73 dist=31222.1 cpu=317.373s valid=1
[844/1200] QLEARNING R2_8_8 run10 -> veh=15 dist=13092.1 cpu=1557.68s valid=1
[845/1200] CLASSIC RC1_8_3 run7 -> veh=73 dist=31196.6 cpu=317.044s valid=1
[846/1200] CLASSIC RC1_8_3 run5 -> veh=73 dist=31119.8 cpu=338.228s valid=1
[847/1200] CLASSIC RC1_8_3 run8 -> veh=73 dist=31306.8 cpu=303.688s valid=1
[848/1200] CLASSIC RC1_8_3 run9 -> veh=73 dist=31217.9 cpu=314.172s valid=1
[849/1200] QLEARNING R2_8_8 run9 -> veh=15 dist=12918.3 cpu=1588.68s valid=1
[850/1200] CLASSIC RC1_8_3 run10 -> veh=73 dist=31403.5 cpu=315.446s valid=1
[851/1200] QLEARNING RC1_8_3 run1 -> veh=73 dist=30526.2 cpu=320.566s valid=1
[852/1200] QLEARNING RC1_8_3 run3 -> veh=73 dist=30840.4 cpu=303.003s valid=1
[853/1200] QLEARNING RC1_8_3 run2 -> veh=73 dist=30631.2 cpu=310.735s valid=1
[854/1200] QLEARNING RC1_8_3 run5 -> veh=73 dist=30616.3 cpu=327.335s valid=1
[855/1200] QLEARNING RC1_8_3 run6 -> veh=73 dist=30626.5 cpu=327.282s valid=1
[856/1200] QLEARNING RC1_8_3 run7 -> veh=73 dist=30726.1 cpu=343.603s valid=1
[857/1200] CLASSIC RC1_8_5 run1 -> veh=73 dist=33792.4 cpu=90.2095s valid=1
[858/1200] QLEARNING RC1_8_3 run4 -> veh=73 dist=30645.9 cpu=370.074s valid=1
[859/1200] QLEARNING RC1_8_3 run8 -> veh=73 dist=30805.4 cpu=348.867s valid=1
[860/1200] CLASSIC RC1_8_5 run2 -> veh=73 dist=34408.2 cpu=91.8971s valid=1
[861/1200] QLEARNING RC1_8_3 run10 -> veh=73 dist=30078.4 cpu=299.716s valid=1
[862/1200] CLASSIC RC1_8_5 run4 -> veh=73 dist=34318.2 cpu=91.182s valid=1
[863/1200] CLASSIC RC1_8_5 run5 -> veh=73 dist=33951 cpu=89.3775s valid=1
[864/1200] CLASSIC RC1_8_5 run3 -> veh=73 dist=34586.1 cpu=94.7421s valid=1
[865/1200] QLEARNING RC1_8_3 run9 -> veh=73 dist=30656.7 cpu=338.421s valid=1
[866/1200] CLASSIC RC1_8_5 run6 -> veh=73 dist=34407.2 cpu=91.2917s valid=1
[867/1200] CLASSIC RC1_8_5 run7 -> veh=73 dist=33470.4 cpu=94.8547s valid=1
[868/1200] CLASSIC RC1_8_5 run8 -> veh=73 dist=33739.6 cpu=89.518s valid=1
[869/1200] CLASSIC RC1_8_5 run10 -> veh=73 dist=33400.3 cpu=88.9558s valid=1
[870/1200] CLASSIC RC1_8_5 run9 -> veh=73 dist=34217.2 cpu=94.2977s valid=1
[871/1200] QLEARNING RC1_8_5 run1 -> veh=73 dist=33384.9 cpu=146.727s valid=1
[872/1200] QLEARNING RC1_8_5 run3 -> veh=73 dist=33771.8 cpu=140.27s valid=1
[873/1200] QLEARNING RC1_8_5 run2 -> veh=73 dist=33307.6 cpu=147.96s valid=1
[874/1200] CLASSIC RC1_8_6 run1 -> veh=73 dist=33819 cpu=75.1492s valid=1
[875/1200] QLEARNING RC1_8_5 run6 -> veh=73 dist=33795.5 cpu=138.865s valid=1
[876/1200] QLEARNING RC1_8_5 run4 -> veh=73 dist=33306.8 cpu=146.314s valid=1
[877/1200] CLASSIC RC1_8_6 run2 -> veh=73 dist=33628.2 cpu=77.6271s valid=1
[878/1200] QLEARNING RC1_8_5 run5 -> veh=73 dist=33774.1 cpu=145.502s valid=1
[879/1200] QLEARNING RC1_8_5 run7 -> veh=73 dist=33289.7 cpu=146.811s valid=1
[880/1200] QLEARNING RC1_8_5 run8 -> veh=73 dist=33443.6 cpu=147.792s valid=1
[881/1200] QLEARNING RC1_8_5 run9 -> veh=73 dist=33670.2 cpu=143.537s valid=1
[882/1200] CLASSIC RC1_8_4 run1 -> veh=73 dist=30049.6 cpu=507.22s valid=1
[883/1200] QLEARNING RC1_8_5 run10 -> veh=73 dist=33431.5 cpu=144.93s valid=1
[884/1200] CLASSIC RC1_8_6 run3 -> veh=73 dist=33211 cpu=77.8138s valid=1
[885/1200] CLASSIC RC1_8_4 run6 -> veh=73 dist=30348.6 cpu=501.241s valid=1
[886/1200] CLASSIC RC1_8_6 run4 -> veh=73 dist=33647.3 cpu=79.7876s valid=1
[887/1200] CLASSIC RC1_8_6 run6 -> veh=73 dist=34095 cpu=75.5512s valid=1
[888/1200] CLASSIC RC1_8_6 run5 -> veh=73 dist=33890.6 cpu=79.1434s valid=1
[889/1200] CLASSIC RC1_8_6 run7 -> veh=73 dist=33572 cpu=77.0691s valid=1
[890/1200] CLASSIC RC1_8_6 run8 -> veh=73 dist=33720.7 cpu=74.3784s valid=1
[891/1200] CLASSIC RC1_8_6 run9 -> veh=73 dist=33641.7 cpu=74.5667s valid=1
[892/1200] CLASSIC RC1_8_4 run3 -> veh=73 dist=30111.8 cpu=522.737s valid=1
[893/1200] CLASSIC RC1_8_6 run10 -> veh=73 dist=33312.3 cpu=79.3636s valid=1
[894/1200] CLASSIC RC1_8_4 run5 -> veh=73 dist=30483 cpu=524.256s valid=1
[895/1200] CLASSIC RC1_8_4 run4 -> veh=73 dist=29719.4 cpu=532.834s valid=1
[896/1200] CLASSIC RC1_8_4 run8 -> veh=73 dist=29402.1 cpu=532.078s valid=1
[897/1200] CLASSIC RC1_8_4 run7 -> veh=73 dist=30239.2 cpu=534.066s valid=1
[898/1200] CLASSIC RC1_8_4 run2 -> veh=73 dist=30556.9 cpu=549.017s valid=1
[899/1200] QLEARNING RC1_8_4 run7 -> veh=73 dist=29415.3 cpu=397.199s valid=1
[900/1200] QLEARNING RC1_8_4 run2 -> veh=73 dist=29339.1 cpu=439.7s valid=1
[901/1200] QLEARNING RC1_8_4 run4 -> veh=73 dist=29472.5 cpu=424.688s valid=1
[902/1200] QLEARNING RC1_8_4 run8 -> veh=73 dist=29350 cpu=401.078s valid=1
[903/1200] CLASSIC RC1_8_4 run10 -> veh=73 dist=29559 cpu=536.242s valid=1
[904/1200] CLASSIC RC1_8_4 run9 -> veh=73 dist=30027.1 cpu=542.775s valid=1
[905/1200] QLEARNING RC1_8_4 run9 -> veh=73 dist=29498.9 cpu=429.805s valid=1
[906/1200] QLEARNING RC1_8_4 run1 -> veh=73 dist=28843.7 cpu=492.994s valid=1
[907/1200] QLEARNING RC1_8_4 run10 -> veh=73 dist=29044 cpu=428.137s valid=1
[908/1200] QLEARNING RC1_8_6 run1 -> veh=73 dist=33688.8 cpu=140.382s valid=1
[909/1200] CLASSIC RC1_8_7 run3 -> veh=73 dist=33603.1 cpu=98.6374s valid=1
[910/1200] QLEARNING RC1_8_6 run3 -> veh=73 dist=33695.1 cpu=136.324s valid=1
[911/1200] QLEARNING RC1_8_4 run3 -> veh=73 dist=29469 cpu=487.64s valid=1
[912/1200] CLASSIC RC1_8_7 run1 -> veh=73 dist=33533.4 cpu=104.799s valid=1
[913/1200] QLEARNING RC1_8_6 run2 -> veh=73 dist=33997.7 cpu=139.503s valid=1
[914/1200] CLASSIC RC1_8_7 run4 -> veh=73 dist=33586 cpu=105.871s valid=1
[915/1200] CLASSIC RC1_8_7 run2 -> veh=73 dist=33650.5 cpu=110.44s valid=1
[916/1200] CLASSIC RC1_8_7 run5 -> veh=73 dist=33667 cpu=108.515s valid=1
[917/1200] CLASSIC RC1_8_7 run6 -> veh=73 dist=33071.6 cpu=103.84s valid=1
[918/1200] QLEARNING RC1_8_4 run5 -> veh=73 dist=29488.3 cpu=483.512s valid=1
[919/1200] QLEARNING RC1_8_6 run4 -> veh=73 dist=33520.6 cpu=137.816s valid=1
[920/1200] CLASSIC RC1_8_7 run7 -> veh=73 dist=34078.4 cpu=100.675s valid=1
[921/1200] CLASSIC RC1_8_7 run10 -> veh=73 dist=32861.3 cpu=93.6528s valid=1
[922/1200] QLEARNING RC1_8_6 run5 -> veh=73 dist=33970.9 cpu=139.538s valid=1
[923/1200] QLEARNING RC1_8_6 run6 -> veh=73 dist=32535.5 cpu=138.175s valid=1
[924/1200] QLEARNING RC1_8_6 run9 -> veh=73 dist=33687.8 cpu=131.47s valid=1
[925/1200] QLEARNING RC1_8_6 run8 -> veh=73 dist=33529.9 cpu=138.193s valid=1
[926/1200] QLEARNING RC1_8_6 run7 -> veh=73 dist=33101.3 cpu=140.485s valid=1
[927/1200] QLEARNING RC1_8_4 run6 -> veh=73 dist=29511.6 cpu=497.672s valid=1
[928/1200] CLASSIC RC1_8_7 run9 -> veh=73 dist=33607.5 cpu=107.293s valid=1
[929/1200] CLASSIC RC1_8_7 run8 -> veh=73 dist=33986.4 cpu=109.13s valid=1
[930/1200] QLEARNING RC1_8_6 run10 -> veh=73 dist=33643.9 cpu=148.692s valid=1
[931/1200] QLEARNING RC1_8_7 run1 -> veh=73 dist=32732.3 cpu=144.772s valid=1
[932/1200] QLEARNING RC1_8_7 run2 -> veh=73 dist=32700 cpu=145.182s valid=1
[933/1200] QLEARNING RC1_8_7 run4 -> veh=73 dist=33337.7 cpu=143.195s valid=1
[934/1200] QLEARNING RC1_8_7 run3 -> veh=73 dist=33045.1 cpu=145.729s valid=1
[935/1200] CLASSIC RC1_8_8 run10 -> veh=73 dist=33036.9 cpu=84.4801s valid=1
[936/1200] CLASSIC RC1_8_8 run5 -> veh=73 dist=33017 cpu=103.693s valid=1
[937/1200] CLASSIC RC1_8_8 run1 -> veh=73 dist=33459.8 cpu=109.919s valid=1
[938/1200] CLASSIC RC1_8_8 run3 -> veh=73 dist=33326.5 cpu=110.128s valid=1
[939/1200] CLASSIC RC1_8_8 run4 -> veh=73 dist=33315.1 cpu=111.086s valid=1
[940/1200] QLEARNING RC1_8_7 run7 -> veh=73 dist=33131.3 cpu=139.399s valid=1
[941/1200] CLASSIC RC1_8_8 run2 -> veh=73 dist=33175.3 cpu=115.833s valid=1
[942/1200] CLASSIC RC1_8_8 run7 -> veh=73 dist=32767.5 cpu=109.772s valid=1
[943/1200] CLASSIC RC1_8_8 run6 -> veh=73 dist=33101 cpu=110.624s valid=1
[944/1200] CLASSIC RC1_8_8 run9 -> veh=73 dist=32937.7 cpu=106.965s valid=1
[945/1200] QLEARNING RC1_8_7 run5 -> veh=73 dist=32620.7 cpu=150.585s valid=1
[946/1200] CLASSIC RC1_8_8 run8 -> veh=73 dist=33019.8 cpu=111.269s valid=1
[947/1200] CLASSIC RC1_8_9 run2 -> veh=73 dist=33225.2 cpu=79.6711s valid=1
[948/1200] QLEARNING RC1_8_7 run8 -> veh=73 dist=33044.4 cpu=143.784s valid=1
[949/1200] CLASSIC RC1_8_9 run1 -> veh=73 dist=33069.6 cpu=99.1216s valid=1
[950/1200] QLEARNING RC1_8_7 run6 -> veh=73 dist=32785.3 cpu=160.087s valid=1
[951/1200] QLEARNING RC1_8_7 run9 -> veh=73 dist=33419 cpu=145.313s valid=1
[952/1200] QLEARNING RC1_8_7 run10 -> veh=73 dist=32969.2 cpu=154.662s valid=1
[953/1200] CLASSIC RC1_8_9 run8 -> veh=73 dist=33189.4 cpu=48.8078s valid=1
[954/1200] QLEARNING RC1_8_8 run1 -> veh=73 dist=32656.1 cpu=139.409s valid=1
[955/1200] CLASSIC RC1_8_9 run3 -> veh=73 dist=32939.7 cpu=89.4207s valid=1
[956/1200] QLEARNING RC1_8_8 run2 -> veh=73 dist=32544.5 cpu=153.399s valid=1
[957/1200] CLASSIC RC1_8_9 run4 -> veh=73 dist=33223.1 cpu=95.0548s valid=1
[958/1200] QLEARNING RC1_8_8 run6 -> veh=73 dist=32528 cpu=150.086s valid=1
[959/1200] QLEARNING RC1_8_8 run4 -> veh=73 dist=32110.6 cpu=156.468s valid=1
[960/1200] QLEARNING RC1_8_8 run7 -> veh=73 dist=32490.8 cpu=154.702s valid=1
[961/1200] QLEARNING RC1_8_8 run8 -> veh=73 dist=32060.2 cpu=154.625s valid=1
[962/1200] QLEARNING RC1_8_8 run5 -> veh=73 dist=32319.1 cpu=159.578s valid=1
[963/1200] CLASSIC RC1_8_9 run5 -> veh=73 dist=33821 cpu=101.247s valid=1
[964/1200] QLEARNING RC1_8_8 run10 -> veh=73 dist=32962.2 cpu=156.235s valid=1
[965/1200] CLASSIC RC1_8_9 run6 -> veh=73 dist=33161.6 cpu=100.436s valid=1
[966/1200] QLEARNING RC1_8_8 run3 -> veh=73 dist=32557.3 cpu=168.249s valid=1
[967/1200] CLASSIC RC1_8_9 run7 -> veh=73 dist=33177.8 cpu=93.1733s valid=1
[968/1200] QLEARNING RC1_8_8 run9 -> veh=73 dist=32877.5 cpu=166.408s valid=1
[969/1200] CLASSIC RC1_8_9 run9 -> veh=73 dist=33221.2 cpu=94.7604s valid=1
[970/1200] CLASSIC RC1_8_9 run10 -> veh=73 dist=33147.8 cpu=94.8036s valid=1
[971/1200] CLASSIC RC1_8_10 run3 -> veh=73 dist=33707.8 cpu=105.096s valid=1
[972/1200] CLASSIC RC1_8_10 run1 -> veh=73 dist=34466.4 cpu=121.788s valid=1
[973/1200] CLASSIC RC1_8_10 run2 -> veh=73 dist=33995.7 cpu=123.704s valid=1
[974/1200] QLEARNING RC1_8_9 run2 -> veh=73 dist=32757.2 cpu=139.897s valid=1
[975/1200] CLASSIC RC1_8_10 run7 -> veh=73 dist=33133.2 cpu=95.6212s valid=1
[976/1200] CLASSIC RC1_8_10 run4 -> veh=73 dist=33633 cpu=113.687s valid=1
[977/1200] CLASSIC RC1_8_10 run6 -> veh=73 dist=33357 cpu=110.104s valid=1
[978/1200] QLEARNING RC1_8_9 run1 -> veh=73 dist=32597.4 cpu=157.582s valid=1
[979/1200] QLEARNING RC1_8_9 run4 -> veh=73 dist=33009 cpu=154.425s valid=1
[980/1200] QLEARNING RC1_8_9 run6 -> veh=73 dist=32295 cpu=155.041s valid=1
[981/1200] QLEARNING RC1_8_9 run5 -> veh=73 dist=32165.4 cpu=156.157s valid=1
[982/1200] CLASSIC RC1_8_10 run9 -> veh=73 dist=33468.2 cpu=100.508s valid=1
[983/1200] QLEARNING RC1_8_9 run9 -> veh=73 dist=32695.2 cpu=153.009s valid=1
[984/1200] QLEARNING RC1_8_9 run7 -> veh=73 dist=32511.8 cpu=157.396s valid=1
[985/1200] QLEARNING RC1_8_9 run8 -> veh=73 dist=32463.8 cpu=155.206s valid=1
[986/1200] CLASSIC RC1_8_10 run5 -> veh=73 dist=33357.2 cpu=126.011s valid=1
[987/1200] CLASSIC RC1_8_10 run8 -> veh=73 dist=33448.7 cpu=108.213s valid=1
[988/1200] QLEARNING RC1_8_9 run3 -> veh=73 dist=32379.3 cpu=168.292s valid=1
[989/1200] QLEARNING RC1_8_9 run10 -> veh=73 dist=32376.4 cpu=165.897s valid=1
[990/1200] CLASSIC RC1_8_10 run10 -> veh=73 dist=32744.5 cpu=117.053s valid=1
[991/1200] QLEARNING RC1_8_10 run3 -> veh=73 dist=32150.3 cpu=159.025s valid=1
[992/1200] QLEARNING RC1_8_10 run8 -> veh=73 dist=32048.5 cpu=154.736s valid=1
[993/1200] QLEARNING RC1_8_10 run2 -> veh=73 dist=31974.8 cpu=161.234s valid=1
[994/1200] QLEARNING RC1_8_10 run1 -> veh=73 dist=32084.1 cpu=167.322s valid=1
[995/1200] QLEARNING RC1_8_10 run10 -> veh=73 dist=31445 cpu=153.68s valid=1
[996/1200] QLEARNING RC1_8_10 run5 -> veh=73 dist=32052.2 cpu=167.938s valid=1
[997/1200] QLEARNING RC1_8_10 run6 -> veh=73 dist=31942.9 cpu=169.375s valid=1
[998/1200] QLEARNING RC1_8_10 run4 -> veh=73 dist=32384.5 cpu=173.446s valid=1
[999/1200] QLEARNING RC1_8_10 run9 -> veh=73 dist=32216.7 cpu=169.336s valid=1
[1000/1200] QLEARNING RC1_8_10 run7 -> veh=73 dist=32015.6 cpu=176.879s valid=1
[1001/1200] CLASSIC RC2_8_1 run1 -> veh=20 dist=22362.7 cpu=177.063s valid=1
[1002/1200] CLASSIC RC2_8_1 run2 -> veh=21 dist=21108.3 cpu=180.438s valid=1
[1003/1200] CLASSIC RC2_8_1 run3 -> veh=21 dist=20925.2 cpu=176.406s valid=1
[1004/1200] CLASSIC RC2_8_1 run5 -> veh=21 dist=20918.1 cpu=180.473s valid=1
[1005/1200] CLASSIC RC2_8_1 run6 -> veh=21 dist=21306.2 cpu=180.134s valid=1
[1006/1200] CLASSIC RC2_8_1 run4 -> veh=21 dist=21408.9 cpu=184.145s valid=1
[1007/1200] CLASSIC RC2_8_1 run7 -> veh=21 dist=21145.5 cpu=177.315s valid=1
[1008/1200] CLASSIC RC2_8_1 run8 -> veh=21 dist=21265.1 cpu=179.07s valid=1
[1009/1200] CLASSIC RC2_8_1 run9 -> veh=21 dist=21196.5 cpu=176.298s valid=1
[1010/1200] CLASSIC RC2_8_1 run10 -> veh=21 dist=20884.3 cpu=181.323s valid=1
[1011/1200] QLEARNING RC2_8_1 run4 -> veh=21 dist=21403.9 cpu=182.302s valid=1
[1012/1200] QLEARNING RC2_8_1 run2 -> veh=21 dist=20960.8 cpu=193.481s valid=1
[1013/1200] QLEARNING RC2_8_1 run3 -> veh=21 dist=21360.6 cpu=194.044s valid=1
[1014/1200] QLEARNING RC2_8_1 run8 -> veh=21 dist=20739.7 cpu=193.167s valid=1
[1015/1200] QLEARNING RC2_8_1 run6 -> veh=21 dist=20822.1 cpu=197.202s valid=1
[1016/1200] QLEARNING RC2_8_1 run1 -> veh=21 dist=20794.8 cpu=203.901s valid=1
[1017/1200] QLEARNING RC2_8_1 run5 -> veh=21 dist=20568.5 cpu=199.092s valid=1
[1018/1200] QLEARNING RC2_8_1 run9 -> veh=21 dist=20797.3 cpu=198.583s valid=1
[1019/1200] QLEARNING RC2_8_1 run7 -> veh=21 dist=20777.4 cpu=200.592s valid=1
[1020/1200] QLEARNING RC2_8_1 run10 -> veh=21 dist=20582.2 cpu=197.509s valid=1
[1021/1200] CLASSIC RC2_8_2 run3 -> veh=18 dist=18697.7 cpu=502.031s valid=1
[1022/1200] CLASSIC RC2_8_2 run5 -> veh=18 dist=19086.5 cpu=501.29s valid=1
[1023/1200] CLASSIC RC2_8_2 run2 -> veh=19 dist=18578.4 cpu=567.342s valid=1
[1024/1200] CLASSIC RC2_8_2 run1 -> veh=18 dist=18650.5 cpu=581.708s valid=1
[1025/1200] CLASSIC RC2_8_2 run6 -> veh=18 dist=19157.9 cpu=571.536s valid=1
[1026/1200] CLASSIC RC2_8_2 run8 -> veh=18 dist=18464.5 cpu=576.276s valid=1
[1027/1200] QLEARNING RC2_8_2 run2 -> veh=18 dist=18828.6 cpu=569.642s valid=1
[1028/1200] CLASSIC RC2_8_2 run9 -> veh=19 dist=18660.2 cpu=577.015s valid=1
[1029/1200] CLASSIC RC2_8_2 run4 -> veh=18 dist=18244.1 cpu=602.789s valid=1
[1030/1200] CLASSIC RC2_8_2 run10 -> veh=18 dist=18158.5 cpu=600.597s valid=1
[1031/1200] CLASSIC RC2_8_2 run7 -> veh=19 dist=17795.7 cpu=614.513s valid=1
[1032/1200] QLEARNING RC2_8_2 run5 -> veh=18 dist=18122.5 cpu=581.971s valid=1
[1033/1200] QLEARNING RC2_8_2 run9 -> veh=18 dist=18326.9 cpu=578.564s valid=1
[1034/1200] QLEARNING RC2_8_2 run1 -> veh=18 dist=18660.2 cpu=698.331s valid=1
[1035/1200] QLEARNING RC2_8_2 run3 -> veh=18 dist=19253 cpu=694.471s valid=1
[1036/1200] QLEARNING RC2_8_2 run4 -> veh=19 dist=18086.1 cpu=719.672s valid=1
[1037/1200] QLEARNING RC2_8_2 run7 -> veh=18 dist=18273.5 cpu=706.027s valid=1
[1038/1200] QLEARNING RC2_8_2 run6 -> veh=18 dist=18665.9 cpu=712.07s valid=1
[1039/1200] QLEARNING RC2_8_2 run8 -> veh=18 dist=18423.8 cpu=710.194s valid=1
[1040/1200] QLEARNING RC2_8_2 run10 -> veh=18 dist=19084.8 cpu=711.748s valid=1
[1041/1200] CLASSIC RC2_8_3 run1 -> veh=16 dist=15252.7 cpu=821.174s valid=1
[1042/1200] CLASSIC RC2_8_3 run3 -> veh=16 dist=15233.7 cpu=808.681s valid=1
[1043/1200] CLASSIC RC2_8_3 run4 -> veh=15 dist=15243.4 cpu=871.766s valid=1
[1044/1200] CLASSIC RC2_8_3 run2 -> veh=16 dist=15425.7 cpu=964.083s valid=1
[1045/1200] CLASSIC RC2_8_3 run10 -> veh=16 dist=15285.2 cpu=954.768s valid=1
[1046/1200] CLASSIC RC2_8_3 run9 -> veh=15 dist=15797.1 cpu=967.441s valid=1
[1047/1200] CLASSIC RC2_8_3 run5 -> veh=16 dist=15036.9 cpu=1005.01s valid=1
[1048/1200] CLASSIC RC2_8_3 run6 -> veh=15 dist=15717.5 cpu=1005.08s valid=1
[1049/1200] CLASSIC RC2_8_3 run7 -> veh=15 dist=16365.5 cpu=1013.21s valid=1
[1050/1200] QLEARNING RC2_8_3 run2 -> veh=16 dist=15016.6 cpu=1154.39s valid=1
[1051/1200] QLEARNING RC2_8_3 run1 -> veh=16 dist=14925.7 cpu=1171.54s valid=1
[1052/1200] CLASSIC RC2_8_3 run8 -> veh=15 dist=15273.4 cpu=1182.83s valid=1
[1053/1200] CLASSIC RC2_8_5 run1 -> veh=17 dist=20281.3 cpu=266.878s valid=1
[1054/1200] QLEARNING RC2_8_3 run4 -> veh=15 dist=15412.3 cpu=1006.51s valid=1
[1055/1200] QLEARNING RC2_8_3 run3 -> veh=16 dist=15008.9 cpu=1022.58s valid=1
[1056/1200] CLASSIC RC2_8_5 run2 -> veh=17 dist=19914.5 cpu=272.909s valid=1
[1057/1200] CLASSIC RC2_8_5 run4 -> veh=17 dist=20509.8 cpu=266.068s valid=1
[1058/1200] QLEARNING RC2_8_3 run9 -> veh=16 dist=14985.7 cpu=1000.15s valid=1
[1059/1200] CLASSIC RC2_8_5 run3 -> veh=17 dist=19026.5 cpu=286.165s valid=1
[1060/1200] CLASSIC RC2_8_5 run5 -> veh=17 dist=19810.7 cpu=275.706s valid=1
[1061/1200] QLEARNING RC2_8_3 run5 -> veh=16 dist=15114.5 cpu=1221.27s valid=1
[1062/1200] CLASSIC RC2_8_5 run6 -> veh=17 dist=20647.3 cpu=252.656s valid=1
[1063/1200] QLEARNING RC2_8_3 run6 -> veh=16 dist=15027.9 cpu=1237.41s valid=1
[1064/1200] CLASSIC RC2_8_5 run7 -> veh=17 dist=20096.1 cpu=254.556s valid=1
[1065/1200] QLEARNING RC2_8_3 run8 -> veh=15 dist=15979.4 cpu=1209.76s valid=1
[1066/1200] QLEARNING RC2_8_3 run10 -> veh=15 dist=15767.5 cpu=1211.2s valid=1
[1067/1200] QLEARNING RC2_8_3 run7 -> veh=15 dist=15266.7 cpu=1234.7s valid=1
[1068/1200] CLASSIC RC2_8_5 run8 -> veh=17 dist=20072.3 cpu=266.389s valid=1
[1069/1200] CLASSIC RC2_8_5 run10 -> veh=17 dist=21527 cpu=250.931s valid=1
[1070/1200] CLASSIC RC2_8_5 run9 -> veh=17 dist=20147.7 cpu=268.974s valid=1
[1071/1200] QLEARNING RC2_8_5 run1 -> veh=17 dist=19706.4 cpu=296.929s valid=1
[1072/1200] CLASSIC RC2_8_4 run5 -> veh=15 dist=11916.5 cpu=1275.73s valid=1
[1073/1200] CLASSIC RC2_8_4 run4 -> veh=15 dist=11703.4 cpu=1312.43s valid=1
[1074/1200] QLEARNING RC2_8_5 run2 -> veh=17 dist=19849.5 cpu=301.448s valid=1
[1075/1200] QLEARNING RC2_8_5 run4 -> veh=17 dist=19710.3 cpu=282.404s valid=1
[1076/1200] QLEARNING RC2_8_5 run3 -> veh=18 dist=19228.8 cpu=307.738s valid=1
[1077/1200] QLEARNING RC2_8_5 run6 -> veh=17 dist=20718.9 cpu=279.508s valid=1
[1078/1200] QLEARNING RC2_8_5 run5 -> veh=18 dist=19297.7 cpu=297.421s valid=1
[1079/1200] CLASSIC RC2_8_6 run1 -> veh=15 dist=20685.5 cpu=230.56s valid=1
[1080/1200] CLASSIC RC2_8_4 run3 -> veh=15 dist=12076.2 cpu=1471.85s valid=1
[1081/1200] CLASSIC RC2_8_6 run2 -> veh=16 dist=19887.9 cpu=248.719s valid=1
[1082/1200] QLEARNING RC2_8_5 run7 -> veh=17 dist=19697.2 cpu=304.941s valid=1
[1083/1200] CLASSIC RC2_8_4 run1 -> veh=15 dist=11500.8 cpu=1502.96s valid=1
[1084/1200] QLEARNING RC2_8_5 run8 -> veh=17 dist=20070.6 cpu=309.359s valid=1
[1085/1200] QLEARNING RC2_8_5 run9 -> veh=17 dist=20572.9 cpu=302.509s valid=1
[1086/1200] CLASSIC RC2_8_4 run2 -> veh=15 dist=11558.8 cpu=1514.09s valid=1
[1087/1200] QLEARNING RC2_8_5 run10 -> veh=18 dist=19025.5 cpu=297.901s valid=1
[1088/1200] CLASSIC RC2_8_6 run3 -> veh=16 dist=20131.5 cpu=241.103s valid=1
[1089/1200] QLEARNING RC2_8_4 run4 -> veh=15 dist=11635.3 cpu=1226.16s valid=1
[1090/1200] QLEARNING RC2_8_4 run3 -> veh=15 dist=11612.2 cpu=1241.93s valid=1
[1091/1200] CLASSIC RC2_8_6 run4 -> veh=16 dist=20192.6 cpu=236.791s valid=1
[1092/1200] CLASSIC RC2_8_6 run5 -> veh=16 dist=20249.8 cpu=235.07s valid=1
[1093/1200] CLASSIC RC2_8_4 run6 -> veh=15 dist=12124.6 cpu=1486.07s valid=1
[1094/1200] QLEARNING RC2_8_4 run5 -> veh=15 dist=11663.8 cpu=1223.85s valid=1
[1095/1200] CLASSIC RC2_8_4 run7 -> veh=15 dist=12262.4 cpu=1491.18s valid=1
[1096/1200] QLEARNING RC2_8_4 run1 -> veh=15 dist=11703.5 cpu=1422.31s valid=1
[1097/1200] CLASSIC RC2_8_6 run6 -> veh=16 dist=20159.2 cpu=242.989s valid=1
[1098/1200] CLASSIC RC2_8_4 run8 -> veh=15 dist=11718 cpu=1509.69s valid=1
[1099/1200] CLASSIC RC2_8_4 run9 -> veh=15 dist=12094.7 cpu=1482.59s valid=1
[1100/1200] CLASSIC RC2_8_6 run7 -> veh=15 dist=20097.6 cpu=241.758s valid=1
[1101/1200] CLASSIC RC2_8_6 run9 -> veh=16 dist=19559.6 cpu=236.66s valid=1
[1102/1200] CLASSIC RC2_8_6 run8 -> veh=16 dist=20120.7 cpu=251.983s valid=1
[1103/1200] QLEARNING RC2_8_4 run2 -> veh=15 dist=11696.6 cpu=1496.57s valid=1
[1104/1200] CLASSIC RC2_8_6 run10 -> veh=16 dist=18875.6 cpu=248.458s valid=1
[1105/1200] QLEARNING RC2_8_6 run1 -> veh=16 dist=19321.5 cpu=256.192s valid=1
[1106/1200] QLEARNING RC2_8_6 run2 -> veh=16 dist=19409.9 cpu=261.606s valid=1
[1107/1200] CLASSIC RC2_8_4 run10 -> veh=15 dist=11771.4 cpu=1553.78s valid=1
[1108/1200] QLEARNING RC2_8_6 run4 -> veh=16 dist=19916.7 cpu=275.109s valid=1
[1109/1200] QLEARNING RC2_8_6 run3 -> veh=16 dist=19544.5 cpu=280.171s valid=1
[1110/1200] QLEARNING RC2_8_6 run5 -> veh=16 dist=19549.1 cpu=278.326s valid=1
[1111/1200] QLEARNING RC2_8_6 run6 -> veh=16 dist=19434.5 cpu=275.663s valid=1
[1112/1200] QLEARNING RC2_8_6 run7 -> veh=16 dist=19714.1 cpu=275.801s valid=1
[1113/1200] QLEARNING RC2_8_6 run8 -> veh=16 dist=19734.5 cpu=273.273s valid=1
[1114/1200] QLEARNING RC2_8_6 run10 -> veh=16 dist=19609.5 cpu=265.877s valid=1
[1115/1200] QLEARNING RC2_8_6 run9 -> veh=16 dist=19763.5 cpu=267.961s valid=1
[1116/1200] CLASSIC RC2_8_7 run1 -> veh=15 dist=18270 cpu=330.381s valid=1
[1117/1200] CLASSIC RC2_8_7 run3 -> veh=15 dist=18564 cpu=335.009s valid=1
[1118/1200] CLASSIC RC2_8_7 run4 -> veh=15 dist=18874.9 cpu=335.75s valid=1
[1119/1200] CLASSIC RC2_8_7 run2 -> veh=15 dist=18295 cpu=378.363s valid=1
[1120/1200] CLASSIC RC2_8_7 run6 -> veh=15 dist=19140.7 cpu=325.276s valid=1
[1121/1200] QLEARNING RC2_8_4 run8 -> veh=15 dist=11719.6 cpu=1445.83s valid=1
[1122/1200] CLASSIC RC2_8_7 run5 -> veh=15 dist=18830.6 cpu=364.138s valid=1
[1123/1200] CLASSIC RC2_8_7 run8 -> veh=15 dist=18543.1 cpu=343.099s valid=1
[1124/1200] QLEARNING RC2_8_4 run6 -> veh=15 dist=11739.2 cpu=1500.31s valid=1
[1125/1200] QLEARNING RC2_8_4 run7 -> veh=15 dist=11535.6 cpu=1491.15s valid=1
[1126/1200] CLASSIC RC2_8_7 run7 -> veh=15 dist=18693.9 cpu=364.889s valid=1
[1127/1200] CLASSIC RC2_8_7 run9 -> veh=15 dist=18540.2 cpu=375.461s valid=1
[1128/1200] QLEARNING RC2_8_4 run10 -> veh=15 dist=11666.6 cpu=1472.68s valid=1
[1129/1200] QLEARNING RC2_8_4 run9 -> veh=15 dist=11649.1 cpu=1487.43s valid=1
[1130/1200] QLEARNING RC2_8_7 run2 -> veh=15 dist=18619.5 cpu=346.032s valid=1
[1131/1200] QLEARNING RC2_8_7 run3 -> veh=15 dist=18458.3 cpu=343.682s valid=1
[1132/1200] CLASSIC RC2_8_7 run10 -> veh=15 dist=18682.6 cpu=374.136s valid=1
[1133/1200] QLEARNING RC2_8_7 run1 -> veh=15 dist=18672.7 cpu=382.547s valid=1
[1134/1200] QLEARNING RC2_8_7 run7 -> veh=15 dist=18762.4 cpu=339.525s valid=1
[1135/1200] QLEARNING RC2_8_7 run4 -> veh=15 dist=18711.9 cpu=382.223s valid=1
[1136/1200] QLEARNING RC2_8_7 run5 -> veh=15 dist=18760 cpu=386.439s valid=1
[1137/1200] QLEARNING RC2_8_7 run6 -> veh=15 dist=18908.7 cpu=383.501s valid=1
[1138/1200] QLEARNING RC2_8_7 run8 -> veh=15 dist=18356.7 cpu=377.26s valid=1
[1139/1200] QLEARNING RC2_8_7 run9 -> veh=15 dist=18507.3 cpu=384.849s valid=1
[1140/1200] QLEARNING RC2_8_7 run10 -> veh=15 dist=18700.2 cpu=388.924s valid=1
[1141/1200] CLASSIC RC2_8_8 run2 -> veh=15 dist=17424.9 cpu=472.282s valid=1
[1142/1200] CLASSIC RC2_8_8 run3 -> veh=15 dist=17681.1 cpu=468.474s valid=1
[1143/1200] CLASSIC RC2_8_8 run1 -> veh=15 dist=17025.3 cpu=481.099s valid=1
[1144/1200] CLASSIC RC2_8_8 run4 -> veh=15 dist=17402.4 cpu=471.361s valid=1
[1145/1200] CLASSIC RC2_8_8 run6 -> veh=15 dist=17628.2 cpu=466.693s valid=1
[1146/1200] CLASSIC RC2_8_8 run5 -> veh=15 dist=17331.2 cpu=469.608s valid=1
[1147/1200] CLASSIC RC2_8_8 run7 -> veh=15 dist=17508.8 cpu=474.615s valid=1
[1148/1200] CLASSIC RC2_8_8 run8 -> veh=15 dist=17399 cpu=408.502s valid=1
[1149/1200] CLASSIC RC2_8_8 run9 -> veh=15 dist=17322.3 cpu=409.998s valid=1
[1150/1200] CLASSIC RC2_8_8 run10 -> veh=15 dist=17549 cpu=413.008s valid=1
[1151/1200] QLEARNING RC2_8_8 run3 -> veh=15 dist=17102.4 cpu=411.035s valid=1
[1152/1200] QLEARNING RC2_8_8 run2 -> veh=15 dist=17228.3 cpu=418.68s valid=1
[1153/1200] QLEARNING RC2_8_8 run1 -> veh=15 dist=17071.8 cpu=481.005s valid=1
[1154/1200] QLEARNING RC2_8_8 run6 -> veh=15 dist=17062.3 cpu=461.508s valid=1
[1155/1200] CLASSIC RC2_8_9 run2 -> veh=15 dist=15973.9 cpu=407.643s valid=1
[1156/1200] CLASSIC RC2_8_9 run3 -> veh=15 dist=17044.5 cpu=404.923s valid=1
[1157/1200] QLEARNING RC2_8_8 run4 -> veh=15 dist=16900.8 cpu=480.322s valid=1
[1158/1200] QLEARNING RC2_8_8 run5 -> veh=15 dist=17146.4 cpu=479.238s valid=1
[1159/1200] QLEARNING RC2_8_8 run8 -> veh=15 dist=16931.6 cpu=477.464s valid=1
[1160/1200] QLEARNING RC2_8_8 run7 -> veh=15 dist=17302 cpu=481.211s valid=1
[1161/1200] CLASSIC RC2_8_9 run6 -> veh=15 dist=17096.9 cpu=401.383s valid=1
[1162/1200] QLEARNING RC2_8_8 run9 -> veh=15 dist=17209.1 cpu=468.648s valid=1
[1163/1200] CLASSIC RC2_8_9 run1 -> veh=15 dist=16975.4 cpu=468.12s valid=1
[1164/1200] QLEARNING RC2_8_8 run10 -> veh=15 dist=17129.3 cpu=484.74s valid=1
[1165/1200] CLASSIC RC2_8_9 run4 -> veh=15 dist=16895.5 cpu=449.934s valid=1
[1166/1200] CLASSIC RC2_8_9 run5 -> veh=15 dist=17400.3 cpu=450.462s valid=1
[1167/1200] CLASSIC RC2_8_9 run7 -> veh=15 dist=17644.7 cpu=439.664s valid=1
[1168/1200] CLASSIC RC2_8_9 run8 -> veh=15 dist=16479.2 cpu=471.649s valid=1
[1169/1200] CLASSIC RC2_8_9 run9 -> veh=15 dist=15910.3 cpu=483.737s valid=1
[1170/1200] CLASSIC RC2_8_9 run10 -> veh=15 dist=16665.3 cpu=454.133s valid=1
[1171/1200] QLEARNING RC2_8_9 run1 -> veh=15 dist=16879.4 cpu=459.888s valid=1
[1172/1200] QLEARNING RC2_8_9 run2 -> veh=15 dist=16931.2 cpu=474.395s valid=1
[1173/1200] QLEARNING RC2_8_9 run3 -> veh=15 dist=16828.3 cpu=408.59s valid=1
[1174/1200] QLEARNING RC2_8_9 run6 -> veh=15 dist=16961.6 cpu=420.339s valid=1
[1175/1200] QLEARNING RC2_8_9 run5 -> veh=15 dist=16750.6 cpu=426.723s valid=1
[1176/1200] QLEARNING RC2_8_9 run10 -> veh=15 dist=16798 cpu=421.359s valid=1
[1177/1200] QLEARNING RC2_8_9 run4 -> veh=15 dist=16651.3 cpu=454.429s valid=1
[1178/1200] QLEARNING RC2_8_9 run8 -> veh=15 dist=16718.2 cpu=449.256s valid=1
[1179/1200] QLEARNING RC2_8_9 run7 -> veh=15 dist=16718.1 cpu=463.414s valid=1
[1180/1200] QLEARNING RC2_8_9 run9 -> veh=15 dist=16696.5 cpu=457.831s valid=1
[1181/1200] CLASSIC RC2_8_10 run7 -> veh=15 dist=15779.6 cpu=352.951s valid=1
[1182/1200] CLASSIC RC2_8_10 run1 -> veh=15 dist=15705.5 cpu=463.529s valid=1
[1183/1200] CLASSIC RC2_8_10 run2 -> veh=15 dist=16267.6 cpu=452.868s valid=1
[1184/1200] QLEARNING RC2_8_10 run3 -> veh=15 dist=15643 cpu=344.949s valid=1
[1185/1200] QLEARNING RC2_8_10 run4 -> veh=15 dist=14963.9 cpu=353.01s valid=1
[1186/1200] CLASSIC RC2_8_10 run4 -> veh=15 dist=15274 cpu=468.988s valid=1
[1187/1200] CLASSIC RC2_8_10 run10 -> veh=15 dist=15951.1 cpu=382.204s valid=1
[1188/1200] CLASSIC RC2_8_10 run3 -> veh=15 dist=15380.8 cpu=484.533s valid=1
[1189/1200] CLASSIC RC2_8_10 run5 -> veh=15 dist=15575.3 cpu=429.121s valid=1
[1190/1200] CLASSIC RC2_8_10 run8 -> veh=15 dist=16817.2 cpu=423.864s valid=1
[1191/1200] CLASSIC RC2_8_10 run6 -> veh=15 dist=15573.8 cpu=432.686s valid=1
[1192/1200] QLEARNING RC2_8_10 run2 -> veh=15 dist=15616.1 cpu=411.144s valid=1
[1193/1200] CLASSIC RC2_8_10 run9 -> veh=15 dist=15954.6 cpu=434.264s valid=1
[1194/1200] QLEARNING RC2_8_10 run6 -> veh=15 dist=15535.6 cpu=386.419s valid=1
[1195/1200] QLEARNING RC2_8_10 run10 -> veh=15 dist=15523.2 cpu=321.738s valid=1
[1196/1200] QLEARNING RC2_8_10 run9 -> veh=15 dist=15768.2 cpu=386.835s valid=1
[1197/1200] QLEARNING RC2_8_10 run1 -> veh=15 dist=15591.9 cpu=487.912s valid=1
[1198/1200] QLEARNING RC2_8_10 run5 -> veh=15 dist=15618.1 cpu=467.41s valid=1
[1199/1200] QLEARNING RC2_8_10 run7 -> veh=15 dist=15451.3 cpu=475.775s valid=1
[1200/1200] QLEARNING RC2_8_10 run8 -> veh=15 dist=15801.8 cpu=466.127s valid=1
=== Fin size=800. Nuevas: 1200 | errores: 0 | Wall-clock: 4h 20m 50.5s ===
Campaña para size=800 finalizada.
