============================================================
Job ID:           54157
Nodo asignado:    n004
Workers asignados: 32
============================================================
=== Campana PARALELA | size=600 | hilos: 32 | params: (por defecto) ===
=== Instancias: 60 | corridas objetivo: 1200 | ya hechas: 0 | pendientes: 1200 ===
=== Maestro: /home/jose.osnayo/PFC_VRPTW/Experiments/results/master_gh600.csv (SOBRESCRIBE, se guarda corrida a corrida) ===
[1/1200] CLASSIC C1_6_1 run7 -> veh=60 dist=14095.6 cpu=62.115s valid=1
[2/1200] CLASSIC C1_6_1 run8 -> veh=60 dist=14095.6 cpu=62.2302s valid=1
[3/1200] CLASSIC C1_6_1 run6 -> veh=60 dist=14095.6 cpu=62.4061s valid=1
[4/1200] CLASSIC C1_6_1 run9 -> veh=60 dist=14095.6 cpu=62.8644s valid=1
[5/1200] CLASSIC C1_6_1 run3 -> veh=60 dist=14095.6 cpu=62.8518s valid=1
[6/1200] CLASSIC C1_6_1 run1 -> veh=60 dist=14095.6 cpu=63.2508s valid=1
[7/1200] CLASSIC C1_6_1 run4 -> veh=60 dist=14095.6 cpu=64.0337s valid=1
[8/1200] CLASSIC C1_6_1 run5 -> veh=60 dist=14095.6 cpu=64.1056s valid=1
[9/1200] CLASSIC C1_6_1 run10 -> veh=60 dist=14095.6 cpu=64.254s valid=1
[10/1200] CLASSIC C1_6_1 run2 -> veh=60 dist=14095.6 cpu=64.4581s valid=1
[11/1200] QLEARNING C1_6_1 run2 -> veh=60 dist=14095.6 cpu=70.8213s valid=1
[12/1200] QLEARNING C1_6_1 run1 -> veh=60 dist=14095.6 cpu=71.0483s valid=1
[13/1200] QLEARNING C1_6_1 run7 -> veh=60 dist=14095.6 cpu=72.3276s valid=1
[14/1200] QLEARNING C1_6_1 run9 -> veh=60 dist=14095.6 cpu=73.393s valid=1
[15/1200] QLEARNING C1_6_1 run6 -> veh=60 dist=14095.6 cpu=73.7277s valid=1
[16/1200] QLEARNING C1_6_1 run8 -> veh=60 dist=14095.6 cpu=74.3234s valid=1
[17/1200] QLEARNING C1_6_1 run5 -> veh=60 dist=14095.6 cpu=74.5529s valid=1
[18/1200] QLEARNING C1_6_1 run4 -> veh=60 dist=14095.6 cpu=76.3131s valid=1
[19/1200] QLEARNING C1_6_1 run10 -> veh=60 dist=14095.6 cpu=76.4143s valid=1
[20/1200] QLEARNING C1_6_1 run3 -> veh=60 dist=14095.6 cpu=77.4999s valid=1
[21/1200] CLASSIC C1_6_2 run5 -> veh=57 dist=14708.6 cpu=97.4972s valid=1
[22/1200] CLASSIC C1_6_2 run4 -> veh=57 dist=14827.1 cpu=104.537s valid=1
[23/1200] CLASSIC C1_6_2 run7 -> veh=57 dist=14500.5 cpu=106.563s valid=1
[24/1200] CLASSIC C1_6_2 run10 -> veh=57 dist=14262 cpu=107.299s valid=1
[25/1200] CLASSIC C1_6_2 run8 -> veh=57 dist=14703.1 cpu=107.315s valid=1
[26/1200] CLASSIC C1_6_2 run9 -> veh=57 dist=14575.9 cpu=107.671s valid=1
[27/1200] CLASSIC C1_6_2 run1 -> veh=57 dist=14636.6 cpu=107.799s valid=1
[28/1200] CLASSIC C1_6_2 run3 -> veh=57 dist=14868 cpu=108.215s valid=1
[29/1200] CLASSIC C1_6_2 run6 -> veh=57 dist=14531.1 cpu=108.186s valid=1
[30/1200] CLASSIC C1_6_2 run2 -> veh=57 dist=14692 cpu=108.808s valid=1
[31/1200] QLEARNING C1_6_2 run1 -> veh=57 dist=14419.5 cpu=120.865s valid=1
[32/1200] QLEARNING C1_6_2 run2 -> veh=57 dist=14564.4 cpu=135.955s valid=1
[33/1200] QLEARNING C1_6_2 run3 -> veh=57 dist=14461.1 cpu=124.293s valid=1
[34/1200] QLEARNING C1_6_2 run4 -> veh=57 dist=14490.4 cpu=125.764s valid=1
[35/1200] QLEARNING C1_6_2 run5 -> veh=57 dist=14440.1 cpu=125.898s valid=1
[36/1200] QLEARNING C1_6_2 run6 -> veh=57 dist=14561 cpu=143.009s valid=1
[37/1200] QLEARNING C1_6_2 run7 -> veh=56 dist=15252.8 cpu=143.157s valid=1
[38/1200] QLEARNING C1_6_2 run10 -> veh=57 dist=14434.7 cpu=142.455s valid=1
[39/1200] QLEARNING C1_6_2 run8 -> veh=57 dist=14612.2 cpu=144.691s valid=1
[40/1200] QLEARNING C1_6_2 run9 -> veh=57 dist=14961.8 cpu=144.031s valid=1
[41/1200] CLASSIC C1_6_3 run3 -> veh=56 dist=14594.8 cpu=144.366s valid=1
[42/1200] CLASSIC C1_6_3 run4 -> veh=56 dist=14825.9 cpu=144.859s valid=1
[43/1200] CLASSIC C1_6_3 run6 -> veh=56 dist=14722.8 cpu=142.504s valid=1
[44/1200] CLASSIC C1_6_3 run2 -> veh=56 dist=14567.6 cpu=167.768s valid=1
[45/1200] CLASSIC C1_6_3 run1 -> veh=56 dist=14709.3 cpu=168.761s valid=1
[46/1200] CLASSIC C1_6_3 run8 -> veh=56 dist=14665.9 cpu=165.772s valid=1
[47/1200] CLASSIC C1_6_3 run9 -> veh=56 dist=15028.4 cpu=165.736s valid=1
[48/1200] CLASSIC C1_6_3 run7 -> veh=56 dist=14692.3 cpu=167.451s valid=1
[49/1200] CLASSIC C1_6_3 run5 -> veh=56 dist=14814.6 cpu=169.644s valid=1
[50/1200] CLASSIC C1_6_3 run10 -> veh=56 dist=14350.8 cpu=167.905s valid=1
[51/1200] QLEARNING C1_6_3 run3 -> veh=56 dist=14247.1 cpu=174.204s valid=1
[52/1200] QLEARNING C1_6_3 run1 -> veh=56 dist=14199.5 cpu=202.455s valid=1
[53/1200] QLEARNING C1_6_3 run2 -> veh=56 dist=14175.8 cpu=205.776s valid=1
[54/1200] CLASSIC C1_6_5 run1 -> veh=60 dist=14085.7 cpu=64.0118s valid=1
[55/1200] QLEARNING C1_6_3 run4 -> veh=56 dist=14030.4 cpu=202.608s valid=1
[56/1200] QLEARNING C1_6_3 run5 -> veh=56 dist=14222.6 cpu=200.691s valid=1
[57/1200] CLASSIC C1_6_5 run2 -> veh=60 dist=14085.7 cpu=65.4021s valid=1
[58/1200] QLEARNING C1_6_3 run6 -> veh=56 dist=14201.3 cpu=204.488s valid=1
[59/1200] QLEARNING C1_6_3 run7 -> veh=56 dist=13995.1 cpu=204.695s valid=1
[60/1200] QLEARNING C1_6_3 run10 -> veh=56 dist=14295.5 cpu=204.843s valid=1
[61/1200] QLEARNING C1_6_3 run9 -> veh=56 dist=14308.7 cpu=204.801s valid=1
[62/1200] QLEARNING C1_6_3 run8 -> veh=56 dist=14382.9 cpu=207.1s valid=1
[63/1200] CLASSIC C1_6_4 run3 -> veh=56 dist=14430.1 cpu=202.475s valid=1
[64/1200] CLASSIC C1_6_5 run3 -> veh=60 dist=14085.7 cpu=64.1397s valid=1
[65/1200] CLASSIC C1_6_4 run2 -> veh=56 dist=14446.3 cpu=226.973s valid=1
[66/1200] CLASSIC C1_6_4 run1 -> veh=56 dist=13728.3 cpu=228.418s valid=1
[67/1200] CLASSIC C1_6_5 run4 -> veh=60 dist=14085.7 cpu=64.4163s valid=1
[68/1200] CLASSIC C1_6_5 run5 -> veh=60 dist=14085.7 cpu=64.4593s valid=1
[69/1200] CLASSIC C1_6_4 run4 -> veh=56 dist=13809 cpu=231.359s valid=1
[70/1200] CLASSIC C1_6_5 run6 -> veh=60 dist=14087.4 cpu=65.433s valid=1
[71/1200] CLASSIC C1_6_5 run8 -> veh=60 dist=14085.7 cpu=66.1304s valid=1
[72/1200] CLASSIC C1_6_5 run7 -> veh=60 dist=14085.7 cpu=67.1106s valid=1
[73/1200] CLASSIC C1_6_5 run10 -> veh=60 dist=14086.9 cpu=63.5072s valid=1
[74/1200] CLASSIC C1_6_5 run9 -> veh=60 dist=14085.7 cpu=66.1763s valid=1
[75/1200] CLASSIC C1_6_4 run6 -> veh=56 dist=14737.1 cpu=195.935s valid=1
[76/1200] CLASSIC C1_6_4 run7 -> veh=56 dist=14719 cpu=199.665s valid=1
[77/1200] CLASSIC C1_6_4 run5 -> veh=56 dist=14721.6 cpu=202.666s valid=1
[78/1200] QLEARNING C1_6_5 run2 -> veh=60 dist=14085.7 cpu=76.587s valid=1
[79/1200] QLEARNING C1_6_5 run3 -> veh=60 dist=14085.7 cpu=78.9837s valid=1
[80/1200] QLEARNING C1_6_5 run4 -> veh=60 dist=14085.7 cpu=77.9867s valid=1
[81/1200] QLEARNING C1_6_5 run1 -> veh=60 dist=14085.7 cpu=81.0113s valid=1
[82/1200] QLEARNING C1_6_5 run5 -> veh=60 dist=14085.7 cpu=78.6781s valid=1
[83/1200] QLEARNING C1_6_5 run6 -> veh=60 dist=14085.7 cpu=76.3906s valid=1
[84/1200] QLEARNING C1_6_5 run7 -> veh=60 dist=14085.7 cpu=79.2214s valid=1
[85/1200] QLEARNING C1_6_4 run3 -> veh=56 dist=14016.8 cpu=200.562s valid=1
[86/1200] QLEARNING C1_6_4 run4 -> veh=56 dist=14026.5 cpu=200.301s valid=1
[87/1200] QLEARNING C1_6_4 run5 -> veh=56 dist=14041 cpu=200.705s valid=1
[88/1200] QLEARNING C1_6_5 run8 -> veh=60 dist=14085.7 cpu=79.7066s valid=1
[89/1200] QLEARNING C1_6_5 run9 -> veh=60 dist=14085.7 cpu=79.0744s valid=1
[90/1200] QLEARNING C1_6_5 run10 -> veh=60 dist=14085.7 cpu=78.4754s valid=1
[91/1200] CLASSIC C1_6_4 run9 -> veh=56 dist=14877.4 cpu=221.547s valid=1
[92/1200] CLASSIC C1_6_4 run8 -> veh=56 dist=14512.6 cpu=223.179s valid=1
[93/1200] CLASSIC C1_6_4 run10 -> veh=56 dist=13944.1 cpu=229.878s valid=1
[94/1200] CLASSIC C1_6_6 run1 -> veh=60 dist=14091 cpu=70.5694s valid=1
[95/1200] CLASSIC C1_6_6 run2 -> veh=60 dist=14108.8 cpu=72.6103s valid=1
[96/1200] CLASSIC C1_6_6 run3 -> veh=60 dist=14091.7 cpu=71.4071s valid=1
[97/1200] CLASSIC C1_6_6 run4 -> veh=60 dist=14092.1 cpu=70.8872s valid=1
[98/1200] QLEARNING C1_6_4 run2 -> veh=56 dist=13946.1 cpu=237.498s valid=1
[99/1200] CLASSIC C1_6_6 run5 -> veh=60 dist=14090.8 cpu=70.2708s valid=1
[100/1200] CLASSIC C1_6_6 run6 -> veh=60 dist=14107.8 cpu=71.4427s valid=1
[101/1200] QLEARNING C1_6_4 run1 -> veh=56 dist=13981.5 cpu=241.252s valid=1
[102/1200] CLASSIC C1_6_6 run7 -> veh=60 dist=14089.7 cpu=67.9931s valid=1
[103/1200] CLASSIC C1_6_6 run8 -> veh=60 dist=14092 cpu=65.9874s valid=1
[104/1200] CLASSIC C1_6_6 run9 -> veh=60 dist=14089.7 cpu=67.7775s valid=1
[105/1200] CLASSIC C1_6_6 run10 -> veh=60 dist=14091 cpu=68.3806s valid=1
[106/1200] QLEARNING C1_6_4 run6 -> veh=56 dist=13949.5 cpu=230.058s valid=1
[107/1200] QLEARNING C1_6_4 run7 -> veh=56 dist=14026.6 cpu=231.577s valid=1
[108/1200] QLEARNING C1_6_4 run8 -> veh=56 dist=14009.6 cpu=228.31s valid=1
[109/1200] QLEARNING C1_6_4 run10 -> veh=56 dist=13976.5 cpu=231.213s valid=1
[110/1200] QLEARNING C1_6_4 run9 -> veh=56 dist=13946.4 cpu=232.376s valid=1
[111/1200] QLEARNING C1_6_6 run2 -> veh=60 dist=14091.1 cpu=88.4299s valid=1
[112/1200] QLEARNING C1_6_6 run1 -> veh=60 dist=14090.8 cpu=90.8663s valid=1
[113/1200] QLEARNING C1_6_6 run3 -> veh=60 dist=14089.7 cpu=91.1174s valid=1
[114/1200] CLASSIC C1_6_7 run2 -> veh=60 dist=14229.5 cpu=60.6171s valid=1
[115/1200] CLASSIC C1_6_7 run1 -> veh=60 dist=14131.6 cpu=65.4641s valid=1
[116/1200] CLASSIC C1_6_7 run3 -> veh=60 dist=14426 cpu=61.3105s valid=1
[117/1200] QLEARNING C1_6_6 run4 -> veh=60 dist=14089.7 cpu=87.6638s valid=1
[118/1200] CLASSIC C1_6_7 run4 -> veh=60 dist=14085.7 cpu=66.8872s valid=1
[119/1200] QLEARNING C1_6_6 run5 -> veh=60 dist=14092 cpu=88.2797s valid=1
[120/1200] QLEARNING C1_6_6 run7 -> veh=60 dist=14090.8 cpu=86.5616s valid=1
[121/1200] CLASSIC C1_6_7 run6 -> veh=60 dist=14416.4 cpu=63.496s valid=1
[122/1200] CLASSIC C1_6_7 run5 -> veh=60 dist=14086.3 cpu=65.5385s valid=1
[123/1200] QLEARNING C1_6_6 run9 -> veh=60 dist=14091.2 cpu=86.5592s valid=1
[124/1200] QLEARNING C1_6_6 run8 -> veh=60 dist=14090.5 cpu=87.2834s valid=1
[125/1200] CLASSIC C1_6_7 run7 -> veh=60 dist=14316.7 cpu=61.4979s valid=1
[126/1200] CLASSIC C1_6_7 run10 -> veh=60 dist=14211 cpu=60.4999s valid=1
[127/1200] QLEARNING C1_6_6 run10 -> veh=60 dist=14090.8 cpu=89.9613s valid=1
[128/1200] QLEARNING C1_6_6 run6 -> veh=60 dist=14091 cpu=92.8484s valid=1
[129/1200] CLASSIC C1_6_7 run8 -> veh=61 dist=15188.9 cpu=63.3835s valid=1
[130/1200] CLASSIC C1_6_7 run9 -> veh=60 dist=14279.3 cpu=63.7582s valid=1
[131/1200] CLASSIC C1_6_8 run1 -> veh=59 dist=14565 cpu=59.1868s valid=1
[132/1200] CLASSIC C1_6_8 run2 -> veh=59 dist=14564.4 cpu=61.7585s valid=1
[133/1200] CLASSIC C1_6_8 run4 -> veh=58 dist=15133.5 cpu=54.4805s valid=1
[134/1200] QLEARNING C1_6_7 run3 -> veh=60 dist=14086 cpu=89.8851s valid=1
[135/1200] QLEARNING C1_6_7 run1 -> veh=60 dist=14086 cpu=93.6641s valid=1
[136/1200] QLEARNING C1_6_7 run2 -> veh=60 dist=14086.8 cpu=92.6921s valid=1
[137/1200] QLEARNING C1_6_7 run4 -> veh=60 dist=14087.1 cpu=88.7315s valid=1
[138/1200] CLASSIC C1_6_8 run5 -> veh=59 dist=14434.7 cpu=58.3675s valid=1
[139/1200] QLEARNING C1_6_7 run5 -> veh=60 dist=14085.7 cpu=89.8697s valid=1
[140/1200] CLASSIC C1_6_8 run3 -> veh=59 dist=14631 cpu=63.1312s valid=1
[141/1200] CLASSIC C1_6_8 run8 -> veh=59 dist=14486.1 cpu=57.7684s valid=1
[142/1200] QLEARNING C1_6_7 run6 -> veh=60 dist=14086.8 cpu=90.919s valid=1
[143/1200] CLASSIC C1_6_8 run9 -> veh=58 dist=14341.9 cpu=60.594s valid=1
[144/1200] QLEARNING C1_6_7 run7 -> veh=60 dist=14085.7 cpu=93.4225s valid=1
[145/1200] CLASSIC C1_6_8 run6 -> veh=59 dist=14363.1 cpu=64.5344s valid=1
[146/1200] CLASSIC C1_6_8 run7 -> veh=59 dist=14448.7 cpu=65.1222s valid=1
[147/1200] QLEARNING C1_6_7 run8 -> veh=60 dist=14086 cpu=94.3934s valid=1
[148/1200] QLEARNING C1_6_7 run9 -> veh=60 dist=14086.8 cpu=93.4842s valid=1
[149/1200] CLASSIC C1_6_8 run10 -> veh=58 dist=14797.3 cpu=65.1885s valid=1
[150/1200] QLEARNING C1_6_7 run10 -> veh=60 dist=14087.1 cpu=93.799s valid=1
[151/1200] CLASSIC C1_6_9 run1 -> veh=57 dist=15075.6 cpu=58.0786s valid=1
[152/1200] CLASSIC C1_6_9 run2 -> veh=57 dist=14508.1 cpu=64.3616s valid=1
[153/1200] CLASSIC C1_6_9 run4 -> veh=56 dist=15192.4 cpu=43.3982s valid=1
[154/1200] CLASSIC C1_6_9 run6 -> veh=57 dist=16133.1 cpu=44.7966s valid=1
[155/1200] CLASSIC C1_6_9 run7 -> veh=57 dist=15303.8 cpu=49.0278s valid=1
[156/1200] QLEARNING C1_6_8 run3 -> veh=59 dist=14087.3 cpu=87.5259s valid=1
[157/1200] CLASSIC C1_6_9 run3 -> veh=57 dist=15154.7 cpu=59.4743s valid=1
[158/1200] CLASSIC C1_6_9 run9 -> veh=57 dist=14746.8 cpu=52.135s valid=1
[159/1200] QLEARNING C1_6_8 run2 -> veh=59 dist=14116.4 cpu=92.7437s valid=1
[160/1200] QLEARNING C1_6_8 run1 -> veh=59 dist=14130.4 cpu=96.0848s valid=1
[161/1200] QLEARNING C1_6_8 run5 -> veh=59 dist=14164.7 cpu=93.452s valid=1
[162/1200] QLEARNING C1_6_8 run9 -> veh=59 dist=14215.4 cpu=91.6762s valid=1
[163/1200] CLASSIC C1_6_9 run8 -> veh=57 dist=15093.6 cpu=60.8071s valid=1
[164/1200] QLEARNING C1_6_8 run6 -> veh=59 dist=14126.6 cpu=97.6281s valid=1
[165/1200] QLEARNING C1_6_8 run8 -> veh=59 dist=14156 cpu=95.6614s valid=1
[166/1200] CLASSIC C1_6_9 run5 -> veh=57 dist=14748 cpu=66.4232s valid=1
[167/1200] QLEARNING C1_6_8 run10 -> veh=58 dist=14211.4 cpu=96.8097s valid=1
[168/1200] QLEARNING C1_6_8 run7 -> veh=59 dist=14062.4 cpu=102.089s valid=1
[169/1200] QLEARNING C1_6_8 run4 -> veh=59 dist=14102.9 cpu=109.058s valid=1
[170/1200] CLASSIC C1_6_9 run10 -> veh=57 dist=14538.1 cpu=70.6039s valid=1
[171/1200] CLASSIC C1_6_10 run4 -> veh=56 dist=16291.6 cpu=52.7104s valid=1
[172/1200] CLASSIC C1_6_10 run3 -> veh=56 dist=15526.7 cpu=70.4333s valid=1
[173/1200] QLEARNING C1_6_9 run4 -> veh=56 dist=14904.6 cpu=89.6326s valid=1
[174/1200] QLEARNING C1_6_9 run3 -> veh=56 dist=14373.8 cpu=91.1545s valid=1
[175/1200] QLEARNING C1_6_9 run8 -> veh=56 dist=14301.3 cpu=89.437s valid=1
[176/1200] QLEARNING C1_6_9 run7 -> veh=57 dist=14179.9 cpu=93.7684s valid=1
[177/1200] QLEARNING C1_6_9 run1 -> veh=57 dist=14033.2 cpu=101.882s valid=1
[178/1200] QLEARNING C1_6_9 run5 -> veh=57 dist=13938.9 cpu=100.901s valid=1
[179/1200] CLASSIC C1_6_10 run9 -> veh=57 dist=15087 cpu=60.4082s valid=1
[180/1200] QLEARNING C1_6_9 run2 -> veh=57 dist=14028.9 cpu=109.161s valid=1
[181/1200] QLEARNING C1_6_9 run6 -> veh=57 dist=13987.3 cpu=110.086s valid=1
[182/1200] QLEARNING C1_6_9 run10 -> veh=57 dist=13928.4 cpu=104.333s valid=1
[183/1200] CLASSIC C1_6_10 run2 -> veh=56 dist=14358.6 cpu=100.295s valid=1
[184/1200] CLASSIC C1_6_10 run5 -> veh=57 dist=15431.8 cpu=85.5612s valid=1
[185/1200] QLEARNING C1_6_9 run9 -> veh=56 dist=14604.9 cpu=107.124s valid=1
[186/1200] CLASSIC C1_6_10 run1 -> veh=56 dist=15069.8 cpu=110.73s valid=1
[187/1200] QLEARNING C1_6_10 run2 -> veh=56 dist=14203.4 cpu=84.5113s valid=1
[188/1200] CLASSIC C1_6_10 run10 -> veh=56 dist=14664.3 cpu=90.9792s valid=1
[189/1200] CLASSIC C1_6_10 run6 -> veh=56 dist=14896.1 cpu=101.986s valid=1
[190/1200] QLEARNING C1_6_10 run4 -> veh=56 dist=14513.7 cpu=90.9456s valid=1
[191/1200] CLASSIC C1_6_10 run8 -> veh=56 dist=14562.1 cpu=101.762s valid=1
[192/1200] QLEARNING C1_6_10 run8 -> veh=56 dist=14559.9 cpu=87.5903s valid=1
[193/1200] QLEARNING C1_6_10 run6 -> veh=56 dist=14483.2 cpu=92.3023s valid=1
[194/1200] QLEARNING C1_6_10 run1 -> veh=56 dist=14193.1 cpu=98.3927s valid=1
[195/1200] CLASSIC C2_6_1 run1 -> veh=19 dist=8460.02 cpu=81.8675s valid=1
[196/1200] CLASSIC C1_6_10 run7 -> veh=56 dist=15337.4 cpu=104.905s valid=1
[197/1200] CLASSIC C2_6_1 run2 -> veh=19 dist=8589.85 cpu=80.6966s valid=1
[198/1200] CLASSIC C2_6_1 run3 -> veh=19 dist=8594.18 cpu=80.2693s valid=1
[199/1200] QLEARNING C1_6_10 run3 -> veh=56 dist=14423.8 cpu=113.886s valid=1
[200/1200] QLEARNING C1_6_10 run10 -> veh=56 dist=14350.8 cpu=104.658s valid=1
[201/1200] CLASSIC C2_6_1 run4 -> veh=19 dist=8533.34 cpu=80.2678s valid=1
[202/1200] CLASSIC C2_6_1 run5 -> veh=19 dist=8387.37 cpu=81.018s valid=1
[203/1200] CLASSIC C2_6_1 run6 -> veh=19 dist=8673.96 cpu=82.4797s valid=1
[204/1200] QLEARNING C1_6_10 run5 -> veh=56 dist=14103.7 cpu=120.283s valid=1
[205/1200] CLASSIC C2_6_1 run7 -> veh=19 dist=8207.62 cpu=79.0939s valid=1
[206/1200] QLEARNING C1_6_10 run9 -> veh=56 dist=14372.3 cpu=120.177s valid=1
[207/1200] CLASSIC C2_6_1 run9 -> veh=19 dist=8833.99 cpu=79.786s valid=1
[208/1200] CLASSIC C2_6_1 run8 -> veh=19 dist=8379.74 cpu=80.8147s valid=1
[209/1200] CLASSIC C2_6_1 run10 -> veh=19 dist=9065.2 cpu=80.5924s valid=1
[210/1200] QLEARNING C1_6_10 run7 -> veh=56 dist=14331.6 cpu=135.861s valid=1
[211/1200] QLEARNING C2_6_1 run1 -> veh=19 dist=7927.72 cpu=92.3793s valid=1
[212/1200] QLEARNING C2_6_1 run2 -> veh=19 dist=7944.12 cpu=92.0943s valid=1
[213/1200] QLEARNING C2_6_1 run4 -> veh=19 dist=7954.18 cpu=90.9313s valid=1
[214/1200] QLEARNING C2_6_1 run5 -> veh=19 dist=8049.7 cpu=90.9506s valid=1
[215/1200] QLEARNING C2_6_1 run6 -> veh=18 dist=7961.72 cpu=91.0945s valid=1
[216/1200] QLEARNING C2_6_1 run3 -> veh=18 dist=7793.59 cpu=93.1824s valid=1
[217/1200] QLEARNING C2_6_1 run7 -> veh=19 dist=7946.77 cpu=91.4912s valid=1
[218/1200] QLEARNING C2_6_1 run8 -> veh=19 dist=7924.04 cpu=91.9741s valid=1
[219/1200] QLEARNING C2_6_1 run9 -> veh=19 dist=8111.79 cpu=90.0404s valid=1
[220/1200] QLEARNING C2_6_1 run10 -> veh=19 dist=7903.29 cpu=90.0533s valid=1
[221/1200] CLASSIC C2_6_2 run6 -> veh=18 dist=7724.16 cpu=193.822s valid=1
[222/1200] CLASSIC C2_6_2 run5 -> veh=18 dist=7551.56 cpu=215.121s valid=1
[223/1200] CLASSIC C2_6_2 run1 -> veh=18 dist=7851.65 cpu=227.283s valid=1
[224/1200] CLASSIC C2_6_2 run2 -> veh=18 dist=7644.79 cpu=227.205s valid=1
[225/1200] CLASSIC C2_6_2 run3 -> veh=18 dist=7747.88 cpu=226.085s valid=1
[226/1200] CLASSIC C2_6_2 run8 -> veh=18 dist=7773.08 cpu=226.583s valid=1
[227/1200] CLASSIC C2_6_2 run7 -> veh=18 dist=7748.78 cpu=228.604s valid=1
[228/1200] CLASSIC C2_6_2 run4 -> veh=18 dist=7742.89 cpu=230.296s valid=1
[229/1200] CLASSIC C2_6_2 run9 -> veh=18 dist=7805.05 cpu=228.144s valid=1
[230/1200] QLEARNING C2_6_2 run1 -> veh=18 dist=7634.29 cpu=230.777s valid=1
[231/1200] CLASSIC C2_6_2 run10 -> veh=18 dist=7744.47 cpu=235.034s valid=1
[232/1200] QLEARNING C2_6_2 run7 -> veh=18 dist=7586.79 cpu=231.753s valid=1
[233/1200] QLEARNING C2_6_2 run9 -> veh=18 dist=7571.21 cpu=232.286s valid=1
[234/1200] QLEARNING C2_6_2 run3 -> veh=18 dist=7556.38 cpu=274.709s valid=1
[235/1200] QLEARNING C2_6_2 run2 -> veh=18 dist=7590.77 cpu=281.515s valid=1
[236/1200] QLEARNING C2_6_2 run5 -> veh=18 dist=7671.3 cpu=275.681s valid=1
[237/1200] QLEARNING C2_6_2 run4 -> veh=18 dist=7623.59 cpu=278.762s valid=1
[238/1200] QLEARNING C2_6_2 run6 -> veh=18 dist=7562.83 cpu=279.678s valid=1
[239/1200] QLEARNING C2_6_2 run10 -> veh=18 dist=7631.99 cpu=276.583s valid=1
[240/1200] QLEARNING C2_6_2 run8 -> veh=18 dist=7568.61 cpu=285.857s valid=1
[241/1200] CLASSIC C2_6_3 run1 -> veh=18 dist=7762.19 cpu=294.901s valid=1
[242/1200] CLASSIC C2_6_3 run2 -> veh=18 dist=7747.05 cpu=347.67s valid=1
[243/1200] QLEARNING C2_6_3 run1 -> veh=18 dist=7511.88 cpu=319.816s valid=1
[244/1200] QLEARNING C2_6_3 run2 -> veh=18 dist=7453.23 cpu=316.995s valid=1
[245/1200] CLASSIC C2_6_3 run3 -> veh=18 dist=7625.56 cpu=356.353s valid=1
[246/1200] CLASSIC C2_6_3 run5 -> veh=18 dist=7736.5 cpu=348.317s valid=1
[247/1200] CLASSIC C2_6_3 run9 -> veh=18 dist=7820.72 cpu=347.032s valid=1
[248/1200] CLASSIC C2_6_3 run4 -> veh=18 dist=7851.17 cpu=354.99s valid=1
[249/1200] CLASSIC C2_6_3 run7 -> veh=18 dist=7724.98 cpu=354.475s valid=1
[250/1200] CLASSIC C2_6_3 run8 -> veh=18 dist=7742.26 cpu=355.589s valid=1
[251/1200] CLASSIC C2_6_3 run6 -> veh=18 dist=7639.67 cpu=357.517s valid=1
[252/1200] CLASSIC C2_6_3 run10 -> veh=18 dist=7764.51 cpu=355.145s valid=1
[253/1200] CLASSIC C2_6_5 run1 -> veh=19 dist=8269.77 cpu=102.748s valid=1
[254/1200] QLEARNING C2_6_3 run3 -> veh=18 dist=7532.43 cpu=327.343s valid=1
[255/1200] CLASSIC C2_6_5 run2 -> veh=19 dist=8764.15 cpu=106.899s valid=1
[256/1200] CLASSIC C2_6_5 run3 -> veh=19 dist=8528.24 cpu=106.188s valid=1
[257/1200] CLASSIC C2_6_5 run4 -> veh=19 dist=8729.58 cpu=106.083s valid=1
[258/1200] QLEARNING C2_6_3 run4 -> veh=18 dist=7564.7 cpu=326.142s valid=1
[259/1200] CLASSIC C2_6_4 run2 -> veh=17 dist=7836.64 cpu=337.541s valid=1
[260/1200] QLEARNING C2_6_3 run7 -> veh=18 dist=7467.32 cpu=390.533s valid=1
[261/1200] QLEARNING C2_6_3 run6 -> veh=18 dist=7543.78 cpu=394.135s valid=1
[262/1200] CLASSIC C2_6_5 run6 -> veh=19 dist=8608.47 cpu=99.4406s valid=1
[263/1200] QLEARNING C2_6_3 run5 -> veh=18 dist=7477.56 cpu=400.4s valid=1
[264/1200] CLASSIC C2_6_4 run4 -> veh=17 dist=7084.27 cpu=360.563s valid=1
[265/1200] QLEARNING C2_6_3 run8 -> veh=18 dist=7496.01 cpu=395.321s valid=1
[266/1200] QLEARNING C2_6_3 run9 -> veh=18 dist=7523.76 cpu=394.424s valid=1
[267/1200] CLASSIC C2_6_5 run5 -> veh=19 dist=8444.85 cpu=107.151s valid=1
[268/1200] CLASSIC C2_6_5 run7 -> veh=19 dist=8596.92 cpu=103.616s valid=1
[269/1200] CLASSIC C2_6_5 run8 -> veh=19 dist=8520.67 cpu=104.485s valid=1
[270/1200] QLEARNING C2_6_3 run10 -> veh=18 dist=7493.47 cpu=400.668s valid=1
[271/1200] CLASSIC C2_6_4 run5 -> veh=17 dist=7923.09 cpu=373.354s valid=1
[272/1200] CLASSIC C2_6_5 run9 -> veh=19 dist=8884.07 cpu=108.162s valid=1
[273/1200] CLASSIC C2_6_5 run10 -> veh=19 dist=8456.97 cpu=101.489s valid=1
[274/1200] QLEARNING C2_6_4 run3 -> veh=17 dist=7635.7 cpu=328.639s valid=1
[275/1200] CLASSIC C2_6_4 run1 -> veh=17 dist=7488.03 cpu=459.984s valid=1
[276/1200] CLASSIC C2_6_4 run3 -> veh=18 dist=7739.54 cpu=447.161s valid=1
[277/1200] QLEARNING C2_6_5 run1 -> veh=19 dist=8231.18 cpu=114.679s valid=1
[278/1200] QLEARNING C2_6_4 run5 -> veh=17 dist=7801.25 cpu=326.957s valid=1
[279/1200] QLEARNING C2_6_5 run4 -> veh=19 dist=8261.71 cpu=105.52s valid=1
[280/1200] QLEARNING C2_6_4 run1 -> veh=17 dist=8025.98 cpu=417.907s valid=1
[281/1200] QLEARNING C2_6_5 run3 -> veh=19 dist=8339.86 cpu=108.672s valid=1
[282/1200] QLEARNING C2_6_5 run7 -> veh=19 dist=8314.14 cpu=106.403s valid=1
[283/1200] QLEARNING C2_6_5 run2 -> veh=19 dist=8098.65 cpu=113.36s valid=1
[284/1200] QLEARNING C2_6_5 run9 -> veh=19 dist=8256.61 cpu=106.692s valid=1
[285/1200] QLEARNING C2_6_5 run6 -> veh=19 dist=8098.55 cpu=112.241s valid=1
[286/1200] QLEARNING C2_6_4 run6 -> veh=17 dist=7550.15 cpu=337.503s valid=1
[287/1200] QLEARNING C2_6_5 run5 -> veh=19 dist=8413.63 cpu=114.515s valid=1
[288/1200] CLASSIC C2_6_4 run9 -> veh=17 dist=8078.65 cpu=434.1s valid=1
[289/1200] CLASSIC C2_6_4 run8 -> veh=17 dist=7592.4 cpu=436.014s valid=1
[290/1200] QLEARNING C2_6_5 run8 -> veh=19 dist=8179.4 cpu=117.327s valid=1
[291/1200] QLEARNING C2_6_5 run10 -> veh=19 dist=7981.34 cpu=117.69s valid=1
[292/1200] CLASSIC C2_6_4 run10 -> veh=17 dist=8144.33 cpu=438.032s valid=1
[293/1200] CLASSIC C2_6_4 run6 -> veh=17 dist=7873.43 cpu=451.172s valid=1
[294/1200] CLASSIC C2_6_4 run7 -> veh=17 dist=7825.98 cpu=454.079s valid=1
[295/1200] QLEARNING C2_6_4 run10 -> veh=17 dist=7451.44 cpu=362.678s valid=1
[296/1200] QLEARNING C2_6_4 run4 -> veh=17 dist=7801.83 cpu=385.724s valid=1
[297/1200] CLASSIC C2_6_6 run3 -> veh=19 dist=8273.95 cpu=140.584s valid=1
[298/1200] CLASSIC C2_6_6 run2 -> veh=19 dist=8151.06 cpu=149.697s valid=1
[299/1200] QLEARNING C2_6_4 run2 -> veh=18 dist=7239.98 cpu=465.025s valid=1
[300/1200] CLASSIC C2_6_6 run5 -> veh=19 dist=8470.4 cpu=144.311s valid=1
[301/1200] CLASSIC C2_6_6 run1 -> veh=19 dist=8357.87 cpu=157.935s valid=1
[302/1200] CLASSIC C2_6_6 run4 -> veh=19 dist=8382.53 cpu=153.284s valid=1
[303/1200] QLEARNING C2_6_4 run7 -> veh=17 dist=7507.79 cpu=394.586s valid=1
[304/1200] CLASSIC C2_6_6 run6 -> veh=19 dist=8222.57 cpu=143.884s valid=1
[305/1200] QLEARNING C2_6_4 run8 -> veh=17 dist=7839.02 cpu=410.212s valid=1
[306/1200] CLASSIC C2_6_6 run9 -> veh=19 dist=8123.77 cpu=139.888s valid=1
[307/1200] CLASSIC C2_6_6 run7 -> veh=19 dist=8258.44 cpu=155.904s valid=1
[308/1200] QLEARNING C2_6_4 run9 -> veh=17 dist=7419.37 cpu=439.183s valid=1
[309/1200] CLASSIC C2_6_6 run8 -> veh=19 dist=8121.19 cpu=156.157s valid=1
[310/1200] QLEARNING C2_6_6 run8 -> veh=19 dist=8192.46 cpu=121.66s valid=1
[311/1200] QLEARNING C2_6_6 run7 -> veh=19 dist=7924.08 cpu=137.323s valid=1
[312/1200] CLASSIC C2_6_6 run10 -> veh=19 dist=8293.52 cpu=147.667s valid=1
[313/1200] QLEARNING C2_6_6 run1 -> veh=19 dist=8005.83 cpu=147.391s valid=1
[314/1200] QLEARNING C2_6_6 run4 -> veh=18 dist=7915.75 cpu=148.776s valid=1
[315/1200] QLEARNING C2_6_6 run2 -> veh=19 dist=8120.31 cpu=153.144s valid=1
[316/1200] QLEARNING C2_6_6 run5 -> veh=19 dist=7966.44 cpu=150.427s valid=1
[317/1200] QLEARNING C2_6_6 run3 -> veh=19 dist=7822.92 cpu=158.994s valid=1
[318/1200] QLEARNING C2_6_6 run10 -> veh=19 dist=8022.99 cpu=152.589s valid=1
[319/1200] QLEARNING C2_6_6 run6 -> veh=18 dist=7668.5 cpu=162.748s valid=1
[320/1200] QLEARNING C2_6_6 run9 -> veh=18 dist=7727.61 cpu=162.421s valid=1
[321/1200] CLASSIC C2_6_7 run1 -> veh=19 dist=8509.4 cpu=180.406s valid=1
[322/1200] CLASSIC C2_6_7 run4 -> veh=19 dist=8297.12 cpu=175.788s valid=1
[323/1200] CLASSIC C2_6_7 run5 -> veh=19 dist=8278.19 cpu=175.082s valid=1
[324/1200] CLASSIC C2_6_7 run2 -> veh=19 dist=8464.47 cpu=182.56s valid=1
[325/1200] CLASSIC C2_6_7 run3 -> veh=19 dist=8166.34 cpu=184.825s valid=1
[326/1200] QLEARNING C2_6_7 run2 -> veh=19 dist=8109.93 cpu=150.082s valid=1
[327/1200] CLASSIC C2_6_7 run9 -> veh=19 dist=8732.51 cpu=159.417s valid=1
[328/1200] CLASSIC C2_6_7 run6 -> veh=19 dist=8367.41 cpu=182.043s valid=1
[329/1200] CLASSIC C2_6_7 run7 -> veh=19 dist=8565.19 cpu=177.068s valid=1
[330/1200] CLASSIC C2_6_7 run8 -> veh=19 dist=8618.95 cpu=176.573s valid=1
[331/1200] CLASSIC C2_6_7 run10 -> veh=19 dist=8413.32 cpu=181.786s valid=1
[332/1200] QLEARNING C2_6_7 run1 -> veh=19 dist=8282.28 cpu=185.499s valid=1
[333/1200] QLEARNING C2_6_7 run3 -> veh=19 dist=8116.22 cpu=182.359s valid=1
[334/1200] QLEARNING C2_6_7 run6 -> veh=19 dist=8161.46 cpu=165.277s valid=1
[335/1200] QLEARNING C2_6_7 run4 -> veh=19 dist=8209.79 cpu=180.67s valid=1
[336/1200] QLEARNING C2_6_7 run5 -> veh=19 dist=8020.33 cpu=186.727s valid=1
[337/1200] QLEARNING C2_6_7 run7 -> veh=19 dist=8075.05 cpu=182.154s valid=1
[338/1200] QLEARNING C2_6_7 run8 -> veh=19 dist=8088.18 cpu=167.971s valid=1
[339/1200] QLEARNING C2_6_7 run10 -> veh=19 dist=8051.02 cpu=171.872s valid=1
[340/1200] CLASSIC C2_6_8 run2 -> veh=18 dist=7588.17 cpu=169.522s valid=1
[341/1200] QLEARNING C2_6_7 run9 -> veh=19 dist=8005.44 cpu=187.516s valid=1
[342/1200] CLASSIC C2_6_8 run4 -> veh=19 dist=7853.93 cpu=164.172s valid=1
[343/1200] CLASSIC C2_6_8 run1 -> veh=19 dist=8341.53 cpu=184.123s valid=1
[344/1200] CLASSIC C2_6_8 run5 -> veh=18 dist=7679 cpu=164.546s valid=1
[345/1200] CLASSIC C2_6_8 run3 -> veh=19 dist=8559.09 cpu=168.254s valid=1
[346/1200] CLASSIC C2_6_8 run9 -> veh=18 dist=8231.96 cpu=172.623s valid=1
[347/1200] CLASSIC C2_6_8 run8 -> veh=18 dist=7883.21 cpu=179.754s valid=1
[348/1200] CLASSIC C2_6_8 run6 -> veh=19 dist=8054.83 cpu=182.802s valid=1
[349/1200] CLASSIC C2_6_8 run7 -> veh=19 dist=8134.5 cpu=185.988s valid=1
[350/1200] QLEARNING C2_6_8 run1 -> veh=19 dist=7842.07 cpu=171.245s valid=1
[351/1200] CLASSIC C2_6_8 run10 -> veh=19 dist=8188.79 cpu=182.259s valid=1
[352/1200] QLEARNING C2_6_8 run2 -> veh=18 dist=8205.28 cpu=185.933s valid=1
[353/1200] QLEARNING C2_6_8 run6 -> veh=18 dist=7866.77 cpu=163.244s valid=1
[354/1200] QLEARNING C2_6_8 run9 -> veh=18 dist=7858.32 cpu=157.656s valid=1
[355/1200] QLEARNING C2_6_8 run3 -> veh=18 dist=7749.67 cpu=181.622s valid=1
[356/1200] QLEARNING C2_6_8 run4 -> veh=18 dist=8178.98 cpu=184.795s valid=1
[357/1200] QLEARNING C2_6_8 run5 -> veh=19 dist=7838.38 cpu=182.7s valid=1
[358/1200] QLEARNING C2_6_8 run8 -> veh=18 dist=7948.34 cpu=170.995s valid=1
[359/1200] QLEARNING C2_6_8 run7 -> veh=19 dist=7884.96 cpu=178.933s valid=1
[360/1200] QLEARNING C2_6_8 run10 -> veh=18 dist=7750.54 cpu=187.961s valid=1
[361/1200] CLASSIC C2_6_9 run6 -> veh=19 dist=8232.83 cpu=193.008s valid=1
[362/1200] CLASSIC C2_6_9 run1 -> veh=19 dist=7633.41 cpu=231.2s valid=1
[363/1200] CLASSIC C2_6_9 run2 -> veh=19 dist=7905.16 cpu=229.752s valid=1
[364/1200] CLASSIC C2_6_9 run3 -> veh=19 dist=8271 cpu=220.729s valid=1
[365/1200] CLASSIC C2_6_9 run5 -> veh=19 dist=8147.33 cpu=219.724s valid=1
[366/1200] CLASSIC C2_6_9 run4 -> veh=19 dist=8099.89 cpu=221.602s valid=1
[367/1200] CLASSIC C2_6_9 run7 -> veh=19 dist=7956.76 cpu=221.286s valid=1
[368/1200] CLASSIC C2_6_9 run8 -> veh=19 dist=8147.27 cpu=214.136s valid=1
[369/1200] CLASSIC C2_6_9 run10 -> veh=19 dist=8219.14 cpu=194.589s valid=1
[370/1200] CLASSIC C2_6_9 run9 -> veh=19 dist=8225.55 cpu=217.139s valid=1
[371/1200] QLEARNING C2_6_9 run2 -> veh=19 dist=7701.88 cpu=197.995s valid=1
[372/1200] QLEARNING C2_6_9 run4 -> veh=19 dist=7821.61 cpu=194.339s valid=1
[373/1200] QLEARNING C2_6_9 run6 -> veh=19 dist=7811.7 cpu=194.654s valid=1
[374/1200] QLEARNING C2_6_9 run7 -> veh=19 dist=7786.15 cpu=203.183s valid=1
[375/1200] QLEARNING C2_6_9 run1 -> veh=19 dist=7664.09 cpu=233.6s valid=1
[376/1200] CLASSIC R1_6_1 run1 -> veh=59 dist=24709.3 cpu=57.1559s valid=1
[377/1200] QLEARNING C2_6_9 run5 -> veh=18 dist=7613.03 cpu=223.939s valid=1
[378/1200] QLEARNING C2_6_9 run3 -> veh=19 dist=7754.3 cpu=235.762s valid=1
[379/1200] CLASSIC R1_6_1 run2 -> veh=59 dist=23474.9 cpu=57.6246s valid=1
[380/1200] CLASSIC R1_6_1 run3 -> veh=59 dist=24478.1 cpu=56.4544s valid=1
[381/1200] CLASSIC R1_6_1 run4 -> veh=59 dist=22441.8 cpu=52.1085s valid=1
[382/1200] CLASSIC C2_6_10 run3 -> veh=18 dist=8295.75 cpu=215.669s valid=1
[383/1200] QLEARNING C2_6_9 run10 -> veh=19 dist=7878.77 cpu=228.499s valid=1
[384/1200] CLASSIC R1_6_1 run5 -> veh=59 dist=23348.2 cpu=57.7867s valid=1
[385/1200] QLEARNING C2_6_9 run8 -> veh=19 dist=7789.8 cpu=232.442s valid=1
[386/1200] QLEARNING C2_6_9 run9 -> veh=19 dist=7868.56 cpu=233.724s valid=1
[387/1200] CLASSIC R1_6_1 run6 -> veh=59 dist=24394.8 cpu=57.3026s valid=1
[388/1200] CLASSIC C2_6_10 run2 -> veh=19 dist=8393.6 cpu=233.775s valid=1
[389/1200] CLASSIC C2_6_10 run1 -> veh=18 dist=7537.81 cpu=240.298s valid=1
[390/1200] CLASSIC C2_6_10 run6 -> veh=18 dist=7701.67 cpu=214.769s valid=1
[391/1200] CLASSIC R1_6_1 run7 -> veh=59 dist=23330.4 cpu=56.8677s valid=1
[392/1200] CLASSIC C2_6_10 run4 -> veh=18 dist=7989.77 cpu=233.111s valid=1
[393/1200] CLASSIC R1_6_1 run8 -> veh=59 dist=24220.6 cpu=58.6651s valid=1
[394/1200] CLASSIC R1_6_1 run9 -> veh=59 dist=23863.7 cpu=57.0472s valid=1
[395/1200] CLASSIC R1_6_1 run10 -> veh=59 dist=23457.2 cpu=56.3782s valid=1
[396/1200] CLASSIC C2_6_10 run10 -> veh=19 dist=7678.46 cpu=221.166s valid=1
[397/1200] CLASSIC C2_6_10 run5 -> veh=18 dist=8116.02 cpu=243.143s valid=1
[398/1200] CLASSIC C2_6_10 run8 -> veh=18 dist=8176.72 cpu=228.551s valid=1
[399/1200] QLEARNING C2_6_10 run1 -> veh=18 dist=7812.87 cpu=227.816s valid=1
[400/1200] CLASSIC C2_6_10 run7 -> veh=19 dist=7865.79 cpu=236.487s valid=1
[401/1200] QLEARNING R1_6_1 run1 -> veh=59 dist=23356.2 cpu=70.9422s valid=1
[402/1200] QLEARNING R1_6_1 run2 -> veh=59 dist=23302.4 cpu=68.2153s valid=1
[403/1200] CLASSIC C2_6_10 run9 -> veh=18 dist=8615.48 cpu=243.317s valid=1
[404/1200] QLEARNING R1_6_1 run3 -> veh=59 dist=22056 cpu=69.5517s valid=1
[405/1200] QLEARNING C2_6_10 run3 -> veh=18 dist=7764.23 cpu=195.726s valid=1
[406/1200] QLEARNING R1_6_1 run4 -> veh=59 dist=22746 cpu=70.7366s valid=1
[407/1200] QLEARNING R1_6_1 run7 -> veh=59 dist=22501 cpu=69.5283s valid=1
[408/1200] QLEARNING R1_6_1 run6 -> veh=59 dist=23118.3 cpu=70.7993s valid=1
[409/1200] QLEARNING R1_6_1 run5 -> veh=59 dist=23107.8 cpu=72.685s valid=1
[410/1200] QLEARNING R1_6_1 run8 -> veh=59 dist=23207.6 cpu=70.6263s valid=1
[411/1200] QLEARNING C2_6_10 run2 -> veh=18 dist=8429.21 cpu=238.249s valid=1
[412/1200] QLEARNING R1_6_1 run9 -> veh=59 dist=22992.8 cpu=70.188s valid=1
[413/1200] QLEARNING R1_6_1 run10 -> veh=59 dist=22148.5 cpu=72.6886s valid=1
[414/1200] QLEARNING C2_6_10 run4 -> veh=18 dist=7574.7 cpu=197.263s valid=1
[415/1200] CLASSIC R1_6_2 run2 -> veh=55 dist=21075.5 cpu=94.0137s valid=1
[416/1200] CLASSIC R1_6_2 run5 -> veh=55 dist=21139.6 cpu=93.5588s valid=1
[417/1200] CLASSIC R1_6_2 run1 -> veh=55 dist=21389.8 cpu=106.024s valid=1
[418/1200] QLEARNING C2_6_10 run5 -> veh=18 dist=8365.24 cpu=230.241s valid=1
[419/1200] CLASSIC R1_6_2 run3 -> veh=55 dist=20954 cpu=104.961s valid=1
[420/1200] QLEARNING C2_6_10 run7 -> veh=19 dist=7769.5 cpu=228.28s valid=1
[421/1200] CLASSIC R1_6_2 run4 -> veh=55 dist=21369 cpu=105.299s valid=1
[422/1200] CLASSIC R1_6_2 run8 -> veh=55 dist=20675.7 cpu=94.3941s valid=1
[423/1200] QLEARNING C2_6_10 run9 -> veh=18 dist=8038.29 cpu=229.003s valid=1
[424/1200] CLASSIC R1_6_2 run6 -> veh=55 dist=21142 cpu=106.02s valid=1
[425/1200] QLEARNING C2_6_10 run6 -> veh=18 dist=7841.85 cpu=243.558s valid=1
[426/1200] QLEARNING C2_6_10 run8 -> veh=18 dist=8334.6 cpu=241.158s valid=1
[427/1200] CLASSIC R1_6_2 run7 -> veh=55 dist=21276.2 cpu=107.208s valid=1
[428/1200] CLASSIC R1_6_2 run9 -> veh=55 dist=21258.3 cpu=103.997s valid=1
[429/1200] QLEARNING C2_6_10 run10 -> veh=18 dist=7834.78 cpu=235.48s valid=1
[430/1200] CLASSIC R1_6_2 run10 -> veh=55 dist=21021.9 cpu=105.19s valid=1
[431/1200] QLEARNING R1_6_2 run4 -> veh=55 dist=20399.3 cpu=117.078s valid=1
[432/1200] QLEARNING R1_6_2 run6 -> veh=55 dist=20387.6 cpu=116.448s valid=1
[433/1200] QLEARNING R1_6_2 run2 -> veh=55 dist=20494.3 cpu=132.1s valid=1
[434/1200] QLEARNING R1_6_2 run1 -> veh=55 dist=20574.6 cpu=134.318s valid=1
[435/1200] QLEARNING R1_6_2 run7 -> veh=55 dist=20454.5 cpu=115.543s valid=1
[436/1200] QLEARNING R1_6_2 run3 -> veh=55 dist=20627.9 cpu=129.941s valid=1
[437/1200] QLEARNING R1_6_2 run9 -> veh=55 dist=20500.4 cpu=117.437s valid=1
[438/1200] QLEARNING R1_6_2 run5 -> veh=55 dist=19406.5 cpu=132.49s valid=1
[439/1200] QLEARNING R1_6_2 run8 -> veh=55 dist=20652.2 cpu=127.267s valid=1
[440/1200] QLEARNING R1_6_2 run10 -> veh=55 dist=20577.5 cpu=131.382s valid=1
[441/1200] CLASSIC R1_6_3 run4 -> veh=54 dist=24955.2 cpu=153.67s valid=1
[442/1200] CLASSIC R1_6_3 run1 -> veh=54 dist=25915.8 cpu=174.57s valid=1
[443/1200] CLASSIC R1_6_3 run2 -> veh=54 dist=21865.7 cpu=171.858s valid=1
[444/1200] CLASSIC R1_6_3 run3 -> veh=54 dist=22209.5 cpu=177.268s valid=1
[445/1200] CLASSIC R1_6_3 run5 -> veh=54 dist=23647.6 cpu=176.231s valid=1
[446/1200] CLASSIC R1_6_3 run6 -> veh=54 dist=21448.4 cpu=178.108s valid=1
[447/1200] CLASSIC R1_6_3 run7 -> veh=54 dist=22366.5 cpu=154.128s valid=1
[448/1200] QLEARNING R1_6_3 run4 -> veh=54 dist=20413.5 cpu=142.705s valid=1
[449/1200] CLASSIC R1_6_3 run8 -> veh=54 dist=25632.1 cpu=155.242s valid=1
[450/1200] CLASSIC R1_6_3 run10 -> veh=55 dist=17493.6 cpu=172.576s valid=1
[451/1200] CLASSIC R1_6_3 run9 -> veh=54 dist=24557.8 cpu=178.078s valid=1
[452/1200] QLEARNING R1_6_3 run5 -> veh=54 dist=20698.8 cpu=176.31s valid=1
[453/1200] QLEARNING R1_6_3 run2 -> veh=54 dist=20584 cpu=194.835s valid=1
[454/1200] QLEARNING R1_6_3 run1 -> veh=54 dist=21998.1 cpu=197.931s valid=1
[455/1200] QLEARNING R1_6_3 run3 -> veh=54 dist=20722.5 cpu=192.114s valid=1
[456/1200] QLEARNING R1_6_3 run6 -> veh=54 dist=21050.1 cpu=194.332s valid=1
[457/1200] QLEARNING R1_6_3 run8 -> veh=54 dist=22194.4 cpu=187.737s valid=1
[458/1200] QLEARNING R1_6_3 run9 -> veh=54 dist=22683.5 cpu=185.424s valid=1
[459/1200] CLASSIC R1_6_5 run1 -> veh=55 dist=22381.2 cpu=55.2823s valid=1
[460/1200] QLEARNING R1_6_3 run7 -> veh=54 dist=20601.9 cpu=193.89s valid=1
[461/1200] QLEARNING R1_6_3 run10 -> veh=54 dist=23731.3 cpu=194.496s valid=1
[462/1200] CLASSIC R1_6_5 run2 -> veh=55 dist=21352.3 cpu=51.6395s valid=1
[463/1200] CLASSIC R1_6_5 run3 -> veh=55 dist=21976.1 cpu=56.5954s valid=1
[464/1200] CLASSIC R1_6_5 run4 -> veh=55 dist=22108.2 cpu=56.2287s valid=1
[465/1200] CLASSIC R1_6_5 run6 -> veh=55 dist=20179 cpu=53.6387s valid=1
[466/1200] CLASSIC R1_6_5 run5 -> veh=55 dist=22489.8 cpu=57.1054s valid=1
[467/1200] CLASSIC R1_6_5 run7 -> veh=55 dist=22415.7 cpu=54.4435s valid=1
[468/1200] CLASSIC R1_6_5 run9 -> veh=55 dist=21961.8 cpu=51.1327s valid=1
[469/1200] CLASSIC R1_6_4 run1 -> veh=54 dist=19538.1 cpu=236.344s valid=1
[470/1200] CLASSIC R1_6_5 run8 -> veh=55 dist=21930.2 cpu=56.5556s valid=1
[471/1200] CLASSIC R1_6_5 run10 -> veh=55 dist=21881 cpu=55.4318s valid=1
[472/1200] CLASSIC R1_6_4 run2 -> veh=54 dist=19632.5 cpu=246.397s valid=1
[473/1200] CLASSIC R1_6_4 run4 -> veh=54 dist=19462.7 cpu=221.63s valid=1
[474/1200] QLEARNING R1_6_4 run1 -> veh=54 dist=18216.5 cpu=203.265s valid=1
[475/1200] QLEARNING R1_6_5 run1 -> veh=55 dist=21190.9 cpu=68.8085s valid=1
[476/1200] QLEARNING R1_6_4 run3 -> veh=54 dist=18733.7 cpu=167.568s valid=1
[477/1200] CLASSIC R1_6_4 run3 -> veh=54 dist=19711.4 cpu=227.099s valid=1
[478/1200] QLEARNING R1_6_5 run2 -> veh=55 dist=21496.2 cpu=70.0957s valid=1
[479/1200] CLASSIC R1_6_4 run8 -> veh=54 dist=20227 cpu=220.568s valid=1
[480/1200] QLEARNING R1_6_5 run3 -> veh=55 dist=21098.1 cpu=69.2896s valid=1
[481/1200] CLASSIC R1_6_4 run5 -> veh=54 dist=19888.8 cpu=233.747s valid=1
[482/1200] QLEARNING R1_6_5 run4 -> veh=55 dist=21390 cpu=70.4162s valid=1
[483/1200] CLASSIC R1_6_4 run7 -> veh=54 dist=19183.1 cpu=235.702s valid=1
[484/1200] CLASSIC R1_6_4 run6 -> veh=54 dist=19565.2 cpu=240.553s valid=1
[485/1200] CLASSIC R1_6_4 run9 -> veh=54 dist=19920.1 cpu=234.686s valid=1
[486/1200] QLEARNING R1_6_4 run2 -> veh=54 dist=18624.6 cpu=222.61s valid=1
[487/1200] QLEARNING R1_6_5 run5 -> veh=55 dist=21386 cpu=70.5846s valid=1
[488/1200] QLEARNING R1_6_5 run6 -> veh=55 dist=21175 cpu=70.0213s valid=1
[489/1200] QLEARNING R1_6_4 run5 -> veh=54 dist=18522.8 cpu=188.807s valid=1
[490/1200] CLASSIC R1_6_4 run10 -> veh=54 dist=19575.1 cpu=249.71s valid=1
[491/1200] QLEARNING R1_6_5 run7 -> veh=55 dist=21019.8 cpu=70.4498s valid=1
[492/1200] QLEARNING R1_6_5 run9 -> veh=55 dist=21101.5 cpu=68.4548s valid=1
[493/1200] QLEARNING R1_6_5 run10 -> veh=55 dist=21516.3 cpu=68.2604s valid=1
[494/1200] QLEARNING R1_6_5 run8 -> veh=55 dist=21554.3 cpu=70.3235s valid=1
[495/1200] QLEARNING R1_6_4 run8 -> veh=54 dist=18141.4 cpu=192.556s valid=1
[496/1200] QLEARNING R1_6_4 run10 -> veh=54 dist=18359.6 cpu=192.29s valid=1
[497/1200] QLEARNING R1_6_4 run9 -> veh=54 dist=18829.6 cpu=200.174s valid=1
[498/1200] QLEARNING R1_6_4 run6 -> veh=54 dist=19118 cpu=215.616s valid=1
[499/1200] QLEARNING R1_6_4 run4 -> veh=54 dist=17561.6 cpu=221.511s valid=1
[500/1200] QLEARNING R1_6_4 run7 -> veh=54 dist=18244.1 cpu=213.179s valid=1
[501/1200] CLASSIC R1_6_6 run1 -> veh=54 dist=28601.3 cpu=119.015s valid=1
[502/1200] CLASSIC R1_6_6 run2 -> veh=54 dist=28683.4 cpu=119.7s valid=1
[503/1200] CLASSIC R1_6_6 run3 -> veh=54 dist=25515.6 cpu=119.869s valid=1
[504/1200] CLASSIC R1_6_6 run5 -> veh=55 dist=20138.8 cpu=108.897s valid=1
[505/1200] CLASSIC R1_6_6 run7 -> veh=55 dist=20222.1 cpu=108.071s valid=1
[506/1200] CLASSIC R1_6_6 run8 -> veh=54 dist=23607.3 cpu=107.995s valid=1
[507/1200] CLASSIC R1_6_6 run9 -> veh=54 dist=26149.6 cpu=106.773s valid=1
[508/1200] CLASSIC R1_6_6 run4 -> veh=55 dist=20369.9 cpu=118.392s valid=1
[509/1200] CLASSIC R1_6_6 run6 -> veh=54 dist=25865.2 cpu=119.416s valid=1
[510/1200] CLASSIC R1_6_6 run10 -> veh=54 dist=24425.8 cpu=119.628s valid=1
[511/1200] QLEARNING R1_6_6 run7 -> veh=54 dist=24811.7 cpu=116.596s valid=1
[512/1200] QLEARNING R1_6_6 run5 -> veh=54 dist=28573.4 cpu=126.914s valid=1
[513/1200] QLEARNING R1_6_6 run1 -> veh=55 dist=19426.1 cpu=141.546s valid=1
[514/1200] QLEARNING R1_6_6 run2 -> veh=55 dist=19403.7 cpu=142.277s valid=1
[515/1200] QLEARNING R1_6_6 run3 -> veh=55 dist=19600.9 cpu=142.741s valid=1
[516/1200] QLEARNING R1_6_6 run4 -> veh=55 dist=19591.2 cpu=141.953s valid=1
[517/1200] QLEARNING R1_6_6 run6 -> veh=54 dist=27059.6 cpu=142.788s valid=1
[518/1200] QLEARNING R1_6_6 run8 -> veh=55 dist=19484.1 cpu=141.421s valid=1
[519/1200] QLEARNING R1_6_6 run9 -> veh=55 dist=19696.3 cpu=142.943s valid=1
[520/1200] QLEARNING R1_6_6 run10 -> veh=54 dist=28233.8 cpu=143.059s valid=1
[521/1200] QLEARNING R1_6_7 run1 -> veh=54 dist=20211.3 cpu=148.318s valid=1
[522/1200] CLASSIC R1_6_7 run1 -> veh=54 dist=21449.7 cpu=180.632s valid=1
[523/1200] CLASSIC R1_6_7 run5 -> veh=54 dist=20039.6 cpu=171.844s valid=1
[524/1200] CLASSIC R1_6_7 run4 -> veh=54 dist=21611 cpu=172.596s valid=1
[525/1200] CLASSIC R1_6_7 run2 -> veh=54 dist=21182.2 cpu=180.006s valid=1
[526/1200] CLASSIC R1_6_7 run9 -> veh=54 dist=21052 cpu=159.959s valid=1
[527/1200] CLASSIC R1_6_7 run3 -> veh=54 dist=22126.2 cpu=181.887s valid=1
[528/1200] CLASSIC R1_6_7 run6 -> veh=54 dist=21180.3 cpu=180.018s valid=1
[529/1200] CLASSIC R1_6_7 run8 -> veh=54 dist=20172.2 cpu=166.476s valid=1
[530/1200] CLASSIC R1_6_7 run7 -> veh=54 dist=21760.2 cpu=179.092s valid=1
[531/1200] CLASSIC R1_6_7 run10 -> veh=54 dist=20589.1 cpu=181.786s valid=1
[532/1200] QLEARNING R1_6_7 run2 -> veh=54 dist=19585.6 cpu=178.832s valid=1
[533/1200] QLEARNING R1_6_7 run3 -> veh=54 dist=20117.2 cpu=159.19s valid=1
[534/1200] QLEARNING R1_6_7 run9 -> veh=54 dist=20923.1 cpu=156.953s valid=1
[535/1200] QLEARNING R1_6_7 run8 -> veh=54 dist=20502.2 cpu=157.378s valid=1
[536/1200] QLEARNING R1_6_7 run5 -> veh=54 dist=20602.7 cpu=163.71s valid=1
[537/1200] QLEARNING R1_6_7 run6 -> veh=54 dist=18971.6 cpu=164.388s valid=1
[538/1200] QLEARNING R1_6_7 run7 -> veh=54 dist=19794.8 cpu=164.457s valid=1
[539/1200] QLEARNING R1_6_7 run4 -> veh=54 dist=21047.4 cpu=174.954s valid=1
[540/1200] QLEARNING R1_6_7 run10 -> veh=54 dist=20211.8 cpu=172.312s valid=1
[541/1200] CLASSIC R1_6_8 run1 -> veh=54 dist=20052.1 cpu=178.152s valid=1
[542/1200] CLASSIC R1_6_9 run1 -> veh=55 dist=19132.9 cpu=67.185s valid=1
[543/1200] CLASSIC R1_6_9 run2 -> veh=55 dist=20744.4 cpu=67.2151s valid=1
[544/1200] CLASSIC R1_6_9 run3 -> veh=55 dist=20473.8 cpu=65.0788s valid=1
[545/1200] CLASSIC R1_6_9 run4 -> veh=55 dist=20669.2 cpu=66.4175s valid=1
[546/1200] CLASSIC R1_6_8 run5 -> veh=54 dist=20318.3 cpu=172.009s valid=1
[547/1200] CLASSIC R1_6_8 run2 -> veh=54 dist=19096.2 cpu=202.005s valid=1
[548/1200] CLASSIC R1_6_8 run3 -> veh=54 dist=19256.8 cpu=188.313s valid=1
[549/1200] CLASSIC R1_6_9 run6 -> veh=54 dist=25846.3 cpu=62.5935s valid=1
[550/1200] CLASSIC R1_6_9 run5 -> veh=55 dist=21018.1 cpu=66.9897s valid=1
[551/1200] CLASSIC R1_6_9 run7 -> veh=55 dist=21189.7 cpu=63.4875s valid=1
[552/1200] CLASSIC R1_6_9 run10 -> veh=55 dist=20901.8 cpu=63.8745s valid=1
[553/1200] CLASSIC R1_6_9 run9 -> veh=55 dist=20912.4 cpu=64.1105s valid=1
[554/1200] CLASSIC R1_6_9 run8 -> veh=55 dist=20617.1 cpu=67.1426s valid=1
[555/1200] CLASSIC R1_6_8 run7 -> veh=54 dist=19852.2 cpu=185.129s valid=1
[556/1200] QLEARNING R1_6_8 run1 -> veh=54 dist=17802.4 cpu=176.75s valid=1
[557/1200] CLASSIC R1_6_8 run6 -> veh=54 dist=19249.2 cpu=194.064s valid=1
[558/1200] CLASSIC R1_6_8 run4 -> veh=54 dist=19364.5 cpu=204.412s valid=1
[559/1200] QLEARNING R1_6_9 run1 -> veh=55 dist=20131.8 cpu=75.9988s valid=1
[560/1200] QLEARNING R1_6_9 run2 -> veh=55 dist=20312.5 cpu=76.3695s valid=1
[561/1200] CLASSIC R1_6_8 run8 -> veh=54 dist=19533.9 cpu=207.818s valid=1
[562/1200] QLEARNING R1_6_9 run3 -> veh=55 dist=20391 cpu=76.4095s valid=1
[563/1200] CLASSIC R1_6_8 run9 -> veh=54 dist=19508.9 cpu=214.177s valid=1
[564/1200] CLASSIC R1_6_8 run10 -> veh=54 dist=19654.1 cpu=210.997s valid=1
[565/1200] QLEARNING R1_6_9 run4 -> veh=55 dist=20502.5 cpu=76.5421s valid=1
[566/1200] QLEARNING R1_6_8 run2 -> veh=54 dist=18086.4 cpu=200.758s valid=1
[567/1200] QLEARNING R1_6_8 run3 -> veh=54 dist=17945.6 cpu=166.215s valid=1
[568/1200] QLEARNING R1_6_9 run5 -> veh=55 dist=20401 cpu=77.5622s valid=1
[569/1200] QLEARNING R1_6_8 run10 -> veh=54 dist=18695.2 cpu=157.596s valid=1
[570/1200] QLEARNING R1_6_9 run6 -> veh=55 dist=20323.1 cpu=76.9785s valid=1
[571/1200] QLEARNING R1_6_8 run5 -> veh=54 dist=18623.8 cpu=171.095s valid=1
[572/1200] QLEARNING R1_6_9 run7 -> veh=55 dist=20474.3 cpu=75.7042s valid=1
[573/1200] QLEARNING R1_6_9 run8 -> veh=55 dist=20368.7 cpu=76.672s valid=1
[574/1200] QLEARNING R1_6_9 run9 -> veh=55 dist=20570.6 cpu=76.0037s valid=1
[575/1200] QLEARNING R1_6_8 run8 -> veh=54 dist=17820.9 cpu=173.546s valid=1
[576/1200] QLEARNING R1_6_9 run10 -> veh=55 dist=20196.6 cpu=74.1827s valid=1
[577/1200] QLEARNING R1_6_8 run4 -> veh=54 dist=18410.8 cpu=184.672s valid=1
[578/1200] QLEARNING R1_6_8 run9 -> veh=54 dist=18213.8 cpu=174.377s valid=1
[579/1200] CLASSIC R1_6_10 run1 -> veh=54 dist=24104.6 cpu=80.6324s valid=1
[580/1200] CLASSIC R1_6_10 run3 -> veh=54 dist=25552.8 cpu=81.5158s valid=1
[581/1200] CLASSIC R1_6_10 run2 -> veh=54 dist=24997.1 cpu=85.9809s valid=1
[582/1200] QLEARNING R1_6_8 run6 -> veh=54 dist=18212 cpu=196.458s valid=1
[583/1200] CLASSIC R1_6_10 run5 -> veh=54 dist=25353.3 cpu=81.0508s valid=1
[584/1200] CLASSIC R1_6_10 run4 -> veh=54 dist=24803 cpu=81.2752s valid=1
[585/1200] CLASSIC R1_6_10 run6 -> veh=55 dist=18250.9 cpu=87.2065s valid=1
[586/1200] CLASSIC R1_6_10 run7 -> veh=54 dist=24282.7 cpu=85.385s valid=1
[587/1200] CLASSIC R1_6_10 run10 -> veh=54 dist=24739.6 cpu=78.5707s valid=1
[588/1200] CLASSIC R1_6_10 run8 -> veh=54 dist=22388 cpu=84.0218s valid=1
[589/1200] CLASSIC R1_6_10 run9 -> veh=54 dist=21412.7 cpu=86.8138s valid=1
[590/1200] QLEARNING R1_6_8 run7 -> veh=54 dist=18028.5 cpu=215.256s valid=1
[591/1200] QLEARNING R1_6_10 run1 -> veh=54 dist=23676.7 cpu=93.3719s valid=1
[592/1200] QLEARNING R1_6_10 run2 -> veh=54 dist=27217.1 cpu=92.4939s valid=1
[593/1200] QLEARNING R1_6_10 run3 -> veh=54 dist=24258.2 cpu=93.003s valid=1
[594/1200] QLEARNING R1_6_10 run4 -> veh=54 dist=24843.2 cpu=92.615s valid=1
[595/1200] QLEARNING R1_6_10 run7 -> veh=54 dist=23865 cpu=90.7927s valid=1
[596/1200] QLEARNING R1_6_10 run9 -> veh=54 dist=24600 cpu=87.7653s valid=1
[597/1200] QLEARNING R1_6_10 run5 -> veh=54 dist=25652 cpu=93.8261s valid=1
[598/1200] QLEARNING R1_6_10 run8 -> veh=55 dist=19467.8 cpu=92.8479s valid=1
[599/1200] QLEARNING R1_6_10 run6 -> veh=55 dist=19438.6 cpu=94.8088s valid=1
[600/1200] QLEARNING R1_6_10 run10 -> veh=55 dist=19189.7 cpu=92.2203s valid=1
[601/1200] CLASSIC R2_6_1 run1 -> veh=12 dist=18886.5 cpu=113.928s valid=1
[602/1200] CLASSIC R2_6_1 run2 -> veh=11 dist=20531 cpu=113.844s valid=1
[603/1200] CLASSIC R2_6_1 run3 -> veh=11 dist=19691.8 cpu=114.205s valid=1
[604/1200] CLASSIC R2_6_1 run4 -> veh=11 dist=21037.5 cpu=116.134s valid=1
[605/1200] CLASSIC R2_6_1 run5 -> veh=11 dist=20512.6 cpu=114.367s valid=1
[606/1200] CLASSIC R2_6_1 run8 -> veh=11 dist=20157.4 cpu=112.028s valid=1
[607/1200] CLASSIC R2_6_1 run9 -> veh=12 dist=18832.1 cpu=115.082s valid=1
[608/1200] CLASSIC R2_6_1 run7 -> veh=11 dist=19410.9 cpu=115.735s valid=1
[609/1200] CLASSIC R2_6_1 run6 -> veh=11 dist=20977.8 cpu=116.841s valid=1
[610/1200] CLASSIC R2_6_1 run10 -> veh=12 dist=18592.9 cpu=116.049s valid=1
[611/1200] QLEARNING R2_6_1 run2 -> veh=12 dist=18700.1 cpu=114.666s valid=1
[612/1200] QLEARNING R2_6_1 run1 -> veh=12 dist=18591 cpu=116.93s valid=1
[613/1200] QLEARNING R2_6_1 run6 -> veh=11 dist=20347.2 cpu=114.945s valid=1
[614/1200] QLEARNING R2_6_1 run3 -> veh=12 dist=18690.3 cpu=118.69s valid=1
[615/1200] QLEARNING R2_6_1 run5 -> veh=11 dist=19863 cpu=115.625s valid=1
[616/1200] QLEARNING R2_6_1 run4 -> veh=11 dist=21045 cpu=119.443s valid=1
[617/1200] QLEARNING R2_6_1 run7 -> veh=12 dist=18434 cpu=116.912s valid=1
[618/1200] QLEARNING R2_6_1 run8 -> veh=12 dist=18563.6 cpu=116.546s valid=1
[619/1200] QLEARNING R2_6_1 run9 -> veh=12 dist=18495.1 cpu=116.688s valid=1
[620/1200] QLEARNING R2_6_1 run10 -> veh=11 dist=19688 cpu=117.513s valid=1
[621/1200] CLASSIC R2_6_2 run8 -> veh=11 dist=15607.2 cpu=281.241s valid=1
[622/1200] CLASSIC R2_6_2 run2 -> veh=11 dist=15413.3 cpu=328.121s valid=1
[623/1200] CLASSIC R2_6_2 run1 -> veh=11 dist=15645.4 cpu=332.486s valid=1
[624/1200] CLASSIC R2_6_2 run3 -> veh=11 dist=15477.4 cpu=333.588s valid=1
[625/1200] CLASSIC R2_6_2 run4 -> veh=11 dist=15324.1 cpu=343.127s valid=1
[626/1200] CLASSIC R2_6_2 run6 -> veh=11 dist=15668 cpu=332.217s valid=1
[627/1200] CLASSIC R2_6_2 run5 -> veh=11 dist=15488.9 cpu=337.217s valid=1
[628/1200] CLASSIC R2_6_2 run9 -> veh=11 dist=15793.6 cpu=332.053s valid=1
[629/1200] CLASSIC R2_6_2 run7 -> veh=11 dist=15445.1 cpu=339.744s valid=1
[630/1200] CLASSIC R2_6_2 run10 -> veh=11 dist=15708.3 cpu=344.5s valid=1
[631/1200] QLEARNING R2_6_2 run8 -> veh=11 dist=15855.9 cpu=329.097s valid=1
[632/1200] QLEARNING R2_6_2 run10 -> veh=11 dist=15605.1 cpu=328.671s valid=1
[633/1200] QLEARNING R2_6_2 run1 -> veh=11 dist=15491.4 cpu=398.899s valid=1
[634/1200] QLEARNING R2_6_2 run2 -> veh=11 dist=15515.6 cpu=402.846s valid=1
[635/1200] QLEARNING R2_6_2 run3 -> veh=11 dist=15380.6 cpu=398.712s valid=1
[636/1200] QLEARNING R2_6_2 run7 -> veh=11 dist=15383.3 cpu=390.99s valid=1
[637/1200] QLEARNING R2_6_2 run9 -> veh=11 dist=15337.6 cpu=388.549s valid=1
[638/1200] QLEARNING R2_6_2 run4 -> veh=11 dist=15476.5 cpu=400.861s valid=1
[639/1200] QLEARNING R2_6_2 run5 -> veh=11 dist=15522 cpu=400.173s valid=1
[640/1200] QLEARNING R2_6_2 run6 -> veh=11 dist=15458.5 cpu=399.22s valid=1
[641/1200] CLASSIC R2_6_3 run3 -> veh=11 dist=11885.6 cpu=433.509s valid=1
[642/1200] CLASSIC R2_6_3 run4 -> veh=11 dist=12096 cpu=435.139s valid=1
[643/1200] CLASSIC R2_6_3 run5 -> veh=11 dist=12050.3 cpu=435.354s valid=1
[644/1200] CLASSIC R2_6_3 run7 -> veh=11 dist=11494.4 cpu=443.773s valid=1
[645/1200] QLEARNING R2_6_3 run1 -> veh=11 dist=11702.3 cpu=488.968s valid=1
[646/1200] CLASSIC R2_6_3 run2 -> veh=11 dist=12259.2 cpu=539.476s valid=1
[647/1200] CLASSIC R2_6_3 run1 -> veh=11 dist=12153.5 cpu=540.088s valid=1
[648/1200] CLASSIC R2_6_3 run6 -> veh=11 dist=12203.1 cpu=528.8s valid=1
[649/1200] CLASSIC R2_6_3 run9 -> veh=11 dist=12102 cpu=536.767s valid=1
[650/1200] CLASSIC R2_6_3 run10 -> veh=11 dist=11857.7 cpu=538.363s valid=1
[651/1200] CLASSIC R2_6_3 run8 -> veh=11 dist=11546.1 cpu=560.626s valid=1
[652/1200] QLEARNING R2_6_3 run2 -> veh=11 dist=11698.2 cpu=600.814s valid=1
[653/1200] CLASSIC R2_6_5 run1 -> veh=11 dist=16548.8 cpu=136.216s valid=1
[654/1200] CLASSIC R2_6_5 run2 -> veh=11 dist=16777.8 cpu=136.039s valid=1
[655/1200] CLASSIC R2_6_5 run3 -> veh=11 dist=16512.9 cpu=136.501s valid=1
[656/1200] QLEARNING R2_6_3 run3 -> veh=11 dist=11726.7 cpu=486.595s valid=1
[657/1200] CLASSIC R2_6_5 run4 -> veh=11 dist=16280.2 cpu=138.843s valid=1
[658/1200] CLASSIC R2_6_5 run5 -> veh=11 dist=16178.4 cpu=138.789s valid=1
[659/1200] CLASSIC R2_6_5 run6 -> veh=11 dist=16206.9 cpu=141.905s valid=1
[660/1200] CLASSIC R2_6_5 run8 -> veh=11 dist=16423.2 cpu=138.014s valid=1
[661/1200] CLASSIC R2_6_5 run7 -> veh=11 dist=16439.3 cpu=142.907s valid=1
[662/1200] QLEARNING R2_6_3 run5 -> veh=11 dist=11751.3 cpu=620.19s valid=1
[663/1200] QLEARNING R2_6_3 run4 -> veh=11 dist=11597.9 cpu=622.897s valid=1
[664/1200] QLEARNING R2_6_3 run6 -> veh=11 dist=11608.4 cpu=613.901s valid=1
[665/1200] QLEARNING R2_6_3 run8 -> veh=11 dist=11587 cpu=607.409s valid=1
[666/1200] QLEARNING R2_6_3 run10 -> veh=11 dist=11720.1 cpu=606.426s valid=1
[667/1200] QLEARNING R2_6_3 run7 -> veh=11 dist=11670.9 cpu=615.123s valid=1
[668/1200] QLEARNING R2_6_3 run9 -> veh=11 dist=11635.3 cpu=616.408s valid=1
[669/1200] CLASSIC R2_6_5 run9 -> veh=11 dist=16081.8 cpu=139.462s valid=1
[670/1200] CLASSIC R2_6_4 run3 -> veh=11 dist=8369 cpu=641.032s valid=1
[671/1200] CLASSIC R2_6_5 run10 -> veh=11 dist=16176.9 cpu=139.221s valid=1
[672/1200] CLASSIC R2_6_4 run4 -> veh=11 dist=8574.06 cpu=655.391s valid=1
[673/1200] QLEARNING R2_6_5 run1 -> veh=11 dist=16160.2 cpu=150.696s valid=1
[674/1200] QLEARNING R2_6_5 run2 -> veh=11 dist=16010 cpu=140.88s valid=1
[675/1200] QLEARNING R2_6_5 run3 -> veh=11 dist=16258.4 cpu=150.016s valid=1
[676/1200] QLEARNING R2_6_5 run4 -> veh=11 dist=16278.1 cpu=143.746s valid=1
[677/1200] QLEARNING R2_6_5 run5 -> veh=11 dist=16054.5 cpu=143.708s valid=1
[678/1200] QLEARNING R2_6_4 run5 -> veh=11 dist=8467.66 cpu=565.744s valid=1
[679/1200] CLASSIC R2_6_4 run6 -> veh=11 dist=8484.6 cpu=663.36s valid=1
[680/1200] QLEARNING R2_6_5 run6 -> veh=11 dist=16217.1 cpu=146.135s valid=1
[681/1200] QLEARNING R2_6_5 run7 -> veh=11 dist=15886.7 cpu=147.098s valid=1
[682/1200] QLEARNING R2_6_4 run6 -> veh=11 dist=8338.61 cpu=578.546s valid=1
[683/1200] QLEARNING R2_6_5 run8 -> veh=11 dist=15900.7 cpu=146.942s valid=1
[684/1200] QLEARNING R2_6_4 run3 -> veh=11 dist=8484.03 cpu=603.624s valid=1
[685/1200] QLEARNING R2_6_5 run9 -> veh=11 dist=16266.9 cpu=149.531s valid=1
[686/1200] QLEARNING R2_6_5 run10 -> veh=11 dist=15912.6 cpu=152.173s valid=1
[687/1200] CLASSIC R2_6_4 run2 -> veh=11 dist=9074.49 cpu=780.215s valid=1
[688/1200] CLASSIC R2_6_4 run1 -> veh=11 dist=8426.23 cpu=799.294s valid=1
[689/1200] QLEARNING R2_6_4 run7 -> veh=11 dist=8525.67 cpu=580.565s valid=1
[690/1200] QLEARNING R2_6_4 run2 -> veh=11 dist=8518.77 cpu=708.771s valid=1
[691/1200] QLEARNING R2_6_4 run1 -> veh=11 dist=8425.37 cpu=724.566s valid=1
[692/1200] QLEARNING R2_6_4 run4 -> veh=11 dist=8494.58 cpu=671.296s valid=1
[693/1200] CLASSIC R2_6_4 run8 -> veh=11 dist=8959.78 cpu=749.517s valid=1
[694/1200] CLASSIC R2_6_4 run5 -> veh=11 dist=8635.04 cpu=783.01s valid=1
[695/1200] CLASSIC R2_6_4 run10 -> veh=11 dist=8551.39 cpu=779.223s valid=1
[696/1200] CLASSIC R2_6_4 run7 -> veh=11 dist=8497.61 cpu=798.422s valid=1
[697/1200] CLASSIC R2_6_4 run9 -> veh=11 dist=8273.85 cpu=796.642s valid=1
[698/1200] CLASSIC R2_6_6 run1 -> veh=11 dist=13352.8 cpu=325.705s valid=1
[699/1200] QLEARNING R2_6_4 run10 -> veh=11 dist=8536.54 cpu=699.447s valid=1
[700/1200] QLEARNING R2_6_4 run9 -> veh=11 dist=8456.06 cpu=706.644s valid=1
[701/1200] CLASSIC R2_6_6 run2 -> veh=11 dist=13923.8 cpu=302.01s valid=1
[702/1200] QLEARNING R2_6_4 run8 -> veh=11 dist=8280.44 cpu=736.624s valid=1
[703/1200] CLASSIC R2_6_6 run6 -> veh=11 dist=13108.6 cpu=329.666s valid=1
[704/1200] CLASSIC R2_6_6 run3 -> veh=11 dist=13665.7 cpu=372.665s valid=1
[705/1200] QLEARNING R2_6_6 run1 -> veh=11 dist=13216 cpu=332.624s valid=1
[706/1200] CLASSIC R2_6_6 run4 -> veh=11 dist=13565.9 cpu=377.87s valid=1
[707/1200] CLASSIC R2_6_6 run5 -> veh=11 dist=13909.9 cpu=377.425s valid=1
[708/1200] CLASSIC R2_6_6 run7 -> veh=11 dist=13889.9 cpu=362.213s valid=1
[709/1200] CLASSIC R2_6_6 run9 -> veh=11 dist=13985 cpu=362.844s valid=1
[710/1200] CLASSIC R2_6_6 run8 -> veh=11 dist=13822 cpu=369.881s valid=1
[711/1200] QLEARNING R2_6_6 run4 -> veh=11 dist=13184.4 cpu=349.402s valid=1
[712/1200] CLASSIC R2_6_6 run10 -> veh=11 dist=13121.1 cpu=408.271s valid=1
[713/1200] QLEARNING R2_6_6 run2 -> veh=11 dist=13184.8 cpu=443.75s valid=1
[714/1200] QLEARNING R2_6_6 run3 -> veh=11 dist=13196.5 cpu=443.892s valid=1
[715/1200] QLEARNING R2_6_6 run6 -> veh=11 dist=13318.2 cpu=441.248s valid=1
[716/1200] QLEARNING R2_6_6 run5 -> veh=11 dist=13251.6 cpu=445.6s valid=1
[717/1200] QLEARNING R2_6_6 run8 -> veh=11 dist=13122.5 cpu=437.542s valid=1
[718/1200] QLEARNING R2_6_6 run7 -> veh=11 dist=13198.6 cpu=446.307s valid=1
[719/1200] QLEARNING R2_6_6 run9 -> veh=11 dist=13335.5 cpu=439.017s valid=1
[720/1200] QLEARNING R2_6_6 run10 -> veh=11 dist=13157.1 cpu=438.233s valid=1
[721/1200] CLASSIC R2_6_7 run1 -> veh=11 dist=10751.4 cpu=499.813s valid=1
[722/1200] CLASSIC R2_6_7 run4 -> veh=11 dist=10982 cpu=491.939s valid=1
[723/1200] CLASSIC R2_6_7 run5 -> veh=11 dist=11067 cpu=494.803s valid=1
[724/1200] CLASSIC R2_6_7 run2 -> veh=11 dist=11101 cpu=590.407s valid=1
[725/1200] CLASSIC R2_6_7 run3 -> veh=11 dist=10701.7 cpu=621.084s valid=1
[726/1200] CLASSIC R2_6_7 run10 -> veh=11 dist=10483.1 cpu=510.423s valid=1
[727/1200] CLASSIC R2_6_7 run6 -> veh=11 dist=10487.2 cpu=629.86s valid=1
[728/1200] QLEARNING R2_6_7 run3 -> veh=11 dist=10611.4 cpu=504.072s valid=1
[729/1200] CLASSIC R2_6_7 run8 -> veh=11 dist=11216.3 cpu=606.456s valid=1
[730/1200] CLASSIC R2_6_7 run7 -> veh=11 dist=10742.9 cpu=621.607s valid=1
[731/1200] QLEARNING R2_6_7 run5 -> veh=11 dist=10648.6 cpu=496.191s valid=1
[732/1200] CLASSIC R2_6_7 run9 -> veh=11 dist=10421 cpu=643.35s valid=1
[733/1200] QLEARNING R2_6_7 run7 -> veh=11 dist=10652.5 cpu=495.182s valid=1
[734/1200] QLEARNING R2_6_7 run1 -> veh=11 dist=10703.7 cpu=635.572s valid=1
[735/1200] QLEARNING R2_6_7 run2 -> veh=11 dist=10624 cpu=647.021s valid=1
[736/1200] QLEARNING R2_6_7 run4 -> veh=11 dist=10624.7 cpu=629.97s valid=1
[737/1200] CLASSIC R2_6_9 run1 -> veh=11 dist=14650.3 cpu=186.09s valid=1
[738/1200] CLASSIC R2_6_9 run2 -> veh=11 dist=14410.2 cpu=187.986s valid=1
[739/1200] QLEARNING R2_6_7 run6 -> veh=11 dist=10535.9 cpu=648.933s valid=1
[740/1200] CLASSIC R2_6_9 run3 -> veh=11 dist=14627.4 cpu=174.958s valid=1
[741/1200] QLEARNING R2_6_7 run10 -> veh=11 dist=10715.7 cpu=627.29s valid=1
[742/1200] QLEARNING R2_6_7 run8 -> veh=11 dist=10541.2 cpu=647.379s valid=1
[743/1200] CLASSIC R2_6_9 run4 -> veh=11 dist=14838.6 cpu=184.127s valid=1
[744/1200] QLEARNING R2_6_7 run9 -> veh=11 dist=10599.9 cpu=650.239s valid=1
[745/1200] CLASSIC R2_6_9 run5 -> veh=11 dist=14649.4 cpu=176.189s valid=1
[746/1200] CLASSIC R2_6_9 run6 -> veh=11 dist=13892.4 cpu=191.994s valid=1
[747/1200] CLASSIC R2_6_9 run7 -> veh=11 dist=14682.9 cpu=185.987s valid=1
[748/1200] CLASSIC R2_6_9 run8 -> veh=11 dist=13796.9 cpu=190.973s valid=1
[749/1200] CLASSIC R2_6_8 run3 -> veh=11 dist=8060.61 cpu=752.93s valid=1
[750/1200] CLASSIC R2_6_9 run9 -> veh=11 dist=14937.1 cpu=180.115s valid=1
[751/1200] CLASSIC R2_6_9 run10 -> veh=11 dist=14608.6 cpu=186.743s valid=1
[752/1200] QLEARNING R2_6_9 run2 -> veh=11 dist=14369.9 cpu=176.312s valid=1
[753/1200] QLEARNING R2_6_9 run3 -> veh=11 dist=14501.2 cpu=184.444s valid=1
[754/1200] QLEARNING R2_6_9 run1 -> veh=11 dist=14140.6 cpu=191.071s valid=1
[755/1200] QLEARNING R2_6_8 run3 -> veh=11 dist=8043.99 cpu=592.823s valid=1
[756/1200] QLEARNING R2_6_9 run4 -> veh=11 dist=14258 cpu=189.043s valid=1
[757/1200] QLEARNING R2_6_8 run4 -> veh=11 dist=8036.99 cpu=596.19s valid=1
[758/1200] QLEARNING R2_6_9 run5 -> veh=11 dist=14530.7 cpu=189.854s valid=1
[759/1200] QLEARNING R2_6_9 run6 -> veh=11 dist=14268 cpu=185.755s valid=1
[760/1200] QLEARNING R2_6_9 run7 -> veh=11 dist=14546 cpu=177.065s valid=1
[761/1200] QLEARNING R2_6_8 run5 -> veh=11 dist=8113.2 cpu=599.932s valid=1
[762/1200] CLASSIC R2_6_8 run2 -> veh=11 dist=8027.97 cpu=846.62s valid=1
[763/1200] QLEARNING R2_6_9 run8 -> veh=11 dist=14452.7 cpu=183.516s valid=1
[764/1200] QLEARNING R2_6_8 run2 -> veh=11 dist=7906.37 cpu=728.519s valid=1
[765/1200] QLEARNING R2_6_8 run1 -> veh=11 dist=8039.32 cpu=739.767s valid=1
[766/1200] QLEARNING R2_6_9 run9 -> veh=11 dist=14177.5 cpu=184.245s valid=1
[767/1200] CLASSIC R2_6_8 run1 -> veh=11 dist=8082.71 cpu=899.332s valid=1
[768/1200] QLEARNING R2_6_9 run10 -> veh=11 dist=14393.7 cpu=181.839s valid=1
[769/1200] QLEARNING R2_6_8 run8 -> veh=11 dist=7941.12 cpu=569.968s valid=1
[770/1200] CLASSIC R2_6_8 run4 -> veh=11 dist=7915.77 cpu=896.971s valid=1
[771/1200] QLEARNING R2_6_8 run10 -> veh=11 dist=8080.51 cpu=585.714s valid=1
[772/1200] CLASSIC RC1_6_1 run1 -> veh=56 dist=18675.9 cpu=44.8849s valid=1
[773/1200] CLASSIC R2_6_8 run10 -> veh=11 dist=8049.89 cpu=872.054s valid=1
[774/1200] CLASSIC R2_6_8 run9 -> veh=11 dist=8080.22 cpu=875.825s valid=1
[775/1200] CLASSIC R2_6_10 run1 -> veh=11 dist=13568.3 cpu=228.849s valid=1
[776/1200] CLASSIC RC1_6_1 run2 -> veh=56 dist=18851.5 cpu=48.0609s valid=1
[777/1200] CLASSIC R2_6_8 run6 -> veh=11 dist=7999.65 cpu=893.525s valid=1
[778/1200] CLASSIC R2_6_8 run5 -> veh=11 dist=7984.24 cpu=901.791s valid=1
[779/1200] CLASSIC R2_6_8 run7 -> veh=11 dist=8586.98 cpu=895.536s valid=1
[780/1200] CLASSIC R2_6_8 run8 -> veh=11 dist=7978.73 cpu=904.958s valid=1
[781/1200] CLASSIC R2_6_10 run4 -> veh=11 dist=13575.2 cpu=220.799s valid=1
[782/1200] CLASSIC R2_6_10 run2 -> veh=11 dist=13062.6 cpu=245.635s valid=1
[783/1200] CLASSIC RC1_6_1 run3 -> veh=56 dist=18697.8 cpu=46.0551s valid=1
[784/1200] CLASSIC RC1_6_1 run4 -> veh=56 dist=18723.3 cpu=45.9063s valid=1
[785/1200] CLASSIC R2_6_10 run3 -> veh=11 dist=13545.8 cpu=244.231s valid=1
[786/1200] CLASSIC RC1_6_1 run5 -> veh=56 dist=18786.5 cpu=46.6641s valid=1
[787/1200] CLASSIC RC1_6_1 run6 -> veh=56 dist=18859.1 cpu=48.7624s valid=1
[788/1200] QLEARNING R2_6_10 run2 -> veh=11 dist=12761 cpu=208.885s valid=1
[789/1200] CLASSIC RC1_6_1 run7 -> veh=56 dist=18973.6 cpu=47.44s valid=1
[790/1200] CLASSIC R2_6_10 run7 -> veh=11 dist=13383.8 cpu=230.223s valid=1
[791/1200] CLASSIC RC1_6_1 run8 -> veh=56 dist=19004.6 cpu=48.3123s valid=1
[792/1200] QLEARNING R2_6_8 run6 -> veh=11 dist=8087.66 cpu=730.727s valid=1
[793/1200] QLEARNING R2_6_10 run1 -> veh=11 dist=12887.4 cpu=216.891s valid=1
[794/1200] CLASSIC R2_6_10 run9 -> veh=11 dist=13618.4 cpu=222.457s valid=1
[795/1200] CLASSIC RC1_6_1 run9 -> veh=56 dist=18970.1 cpu=49.376s valid=1
[796/1200] CLASSIC R2_6_10 run5 -> veh=11 dist=12951.1 cpu=240.464s valid=1
[797/1200] CLASSIC RC1_6_1 run10 -> veh=56 dist=18526.1 cpu=48.9924s valid=1
[798/1200] QLEARNING R2_6_10 run3 -> veh=11 dist=13046.3 cpu=199.166s valid=1
[799/1200] CLASSIC R2_6_10 run6 -> veh=11 dist=13764.3 cpu=244.936s valid=1
[800/1200] CLASSIC R2_6_10 run8 -> veh=11 dist=12881.5 cpu=247.623s valid=1
[801/1200] QLEARNING R2_6_8 run7 -> veh=11 dist=7998.47 cpu=710.669s valid=1
[802/1200] QLEARNING R2_6_10 run4 -> veh=11 dist=12965.7 cpu=217.496s valid=1
[803/1200] CLASSIC R2_6_10 run10 -> veh=11 dist=13514.7 cpu=247.165s valid=1
[804/1200] QLEARNING RC1_6_1 run1 -> veh=56 dist=18545.2 cpu=79.5736s valid=1
[805/1200] QLEARNING RC1_6_1 run2 -> veh=56 dist=18517.4 cpu=78.8528s valid=1
[806/1200] QLEARNING R2_6_10 run5 -> veh=11 dist=13128.3 cpu=215.449s valid=1
[807/1200] QLEARNING RC1_6_1 run3 -> veh=56 dist=18581 cpu=75.1416s valid=1
[808/1200] QLEARNING R2_6_8 run9 -> veh=11 dist=7885.61 cpu=708.313s valid=1
[809/1200] QLEARNING R2_6_10 run7 -> veh=11 dist=13124.7 cpu=216.025s valid=1
[810/1200] QLEARNING RC1_6_1 run4 -> veh=56 dist=18569.6 cpu=81.0313s valid=1
[811/1200] QLEARNING RC1_6_1 run5 -> veh=56 dist=18588.1 cpu=77.1817s valid=1
[812/1200] QLEARNING R2_6_10 run6 -> veh=11 dist=13313.1 cpu=221.282s valid=1
[813/1200] QLEARNING R2_6_10 run8 -> veh=11 dist=13043.5 cpu=216.941s valid=1
[814/1200] QLEARNING RC1_6_1 run6 -> veh=56 dist=18581.2 cpu=77.2408s valid=1
[815/1200] QLEARNING RC1_6_1 run7 -> veh=56 dist=18607.6 cpu=80.2796s valid=1
[816/1200] QLEARNING RC1_6_1 run8 -> veh=56 dist=18543.5 cpu=78.9198s valid=1
[817/1200] QLEARNING RC1_6_1 run10 -> veh=56 dist=18385.2 cpu=78.6582s valid=1
[818/1200] QLEARNING RC1_6_1 run9 -> veh=56 dist=18503 cpu=80.3686s valid=1
[819/1200] QLEARNING R2_6_10 run9 -> veh=11 dist=12909.9 cpu=217.153s valid=1
[820/1200] QLEARNING R2_6_10 run10 -> veh=11 dist=13202.4 cpu=216.337s valid=1
[821/1200] CLASSIC RC1_6_2 run1 -> veh=55 dist=19170.6 cpu=97.9781s valid=1
[822/1200] CLASSIC RC1_6_2 run2 -> veh=55 dist=18911.3 cpu=96.0809s valid=1
[823/1200] CLASSIC RC1_6_2 run3 -> veh=55 dist=18565.5 cpu=94.9853s valid=1
[824/1200] CLASSIC RC1_6_2 run6 -> veh=55 dist=19194.9 cpu=101.664s valid=1
[825/1200] CLASSIC RC1_6_2 run10 -> veh=55 dist=19062 cpu=103.022s valid=1
[826/1200] CLASSIC RC1_6_2 run4 -> veh=55 dist=18758.2 cpu=108.532s valid=1
[827/1200] CLASSIC RC1_6_2 run8 -> veh=55 dist=18831 cpu=111.455s valid=1
[828/1200] CLASSIC RC1_6_2 run5 -> veh=55 dist=18875.2 cpu=114.806s valid=1
[829/1200] CLASSIC RC1_6_2 run7 -> veh=55 dist=18651.3 cpu=112.195s valid=1
[830/1200] CLASSIC RC1_6_2 run9 -> veh=55 dist=18853.3 cpu=112.746s valid=1
[831/1200] QLEARNING RC1_6_2 run1 -> veh=55 dist=18053.5 cpu=135.456s valid=1
[832/1200] QLEARNING RC1_6_2 run4 -> veh=55 dist=18124.8 cpu=122.399s valid=1
[833/1200] QLEARNING RC1_6_2 run5 -> veh=55 dist=18387.9 cpu=125.35s valid=1
[834/1200] QLEARNING RC1_6_2 run3 -> veh=55 dist=18668.6 cpu=133.843s valid=1
[835/1200] QLEARNING RC1_6_2 run2 -> veh=55 dist=18276.4 cpu=137.574s valid=1
[836/1200] QLEARNING RC1_6_2 run9 -> veh=55 dist=18547.2 cpu=113.85s valid=1
[837/1200] QLEARNING RC1_6_2 run6 -> veh=55 dist=18198.4 cpu=130.821s valid=1
[838/1200] QLEARNING RC1_6_2 run8 -> veh=55 dist=18176.3 cpu=132.566s valid=1
[839/1200] QLEARNING RC1_6_2 run10 -> veh=55 dist=18436.3 cpu=130.542s valid=1
[840/1200] QLEARNING RC1_6_2 run7 -> veh=55 dist=18122.1 cpu=137.697s valid=1
[841/1200] QLEARNING RC1_6_3 run3 -> veh=55 dist=17553.6 cpu=106.95s valid=1
[842/1200] QLEARNING RC1_6_3 run7 -> veh=55 dist=17692.2 cpu=101.392s valid=1
[843/1200] CLASSIC RC1_6_3 run3 -> veh=55 dist=18497 cpu=156.835s valid=1
[844/1200] CLASSIC RC1_6_3 run6 -> veh=55 dist=18122.8 cpu=156.991s valid=1
[845/1200] CLASSIC RC1_6_3 run4 -> veh=55 dist=18083.9 cpu=161.364s valid=1
[846/1200] CLASSIC RC1_6_3 run1 -> veh=55 dist=17775.6 cpu=168.538s valid=1
[847/1200] CLASSIC RC1_6_3 run2 -> veh=55 dist=17502.7 cpu=168.697s valid=1
[848/1200] CLASSIC RC1_6_3 run5 -> veh=55 dist=17691.8 cpu=164.92s valid=1
[849/1200] QLEARNING RC1_6_3 run1 -> veh=55 dist=17429.9 cpu=151.292s valid=1
[850/1200] QLEARNING RC1_6_3 run4 -> veh=55 dist=17660.2 cpu=133.853s valid=1
[851/1200] QLEARNING RC1_6_3 run5 -> veh=55 dist=17716.2 cpu=137.04s valid=1
[852/1200] CLASSIC RC1_6_3 run9 -> veh=55 dist=17925.6 cpu=162.363s valid=1
[853/1200] CLASSIC RC1_6_3 run8 -> veh=55 dist=17706.6 cpu=165.321s valid=1
[854/1200] QLEARNING RC1_6_3 run6 -> veh=55 dist=17840.4 cpu=132.992s valid=1
[855/1200] CLASSIC RC1_6_3 run7 -> veh=55 dist=17904.1 cpu=172.148s valid=1
[856/1200] QLEARNING RC1_6_3 run2 -> veh=55 dist=17647.2 cpu=167.533s valid=1
[857/1200] CLASSIC RC1_6_3 run10 -> veh=55 dist=17494.3 cpu=169.935s valid=1
[858/1200] QLEARNING RC1_6_3 run10 -> veh=55 dist=17784.3 cpu=133.977s valid=1
[859/1200] QLEARNING RC1_6_3 run8 -> veh=55 dist=17553.2 cpu=148.145s valid=1
[860/1200] QLEARNING RC1_6_3 run9 -> veh=55 dist=17767.6 cpu=147.528s valid=1
[861/1200] CLASSIC RC1_6_4 run2 -> veh=55 dist=18750.5 cpu=157.54s valid=1
[862/1200] CLASSIC RC1_6_4 run1 -> veh=55 dist=17885.7 cpu=161.278s valid=1
[863/1200] CLASSIC RC1_6_5 run2 -> veh=56 dist=18584.8 cpu=53.0929s valid=1
[864/1200] CLASSIC RC1_6_5 run1 -> veh=56 dist=18699.9 cpu=56.671s valid=1
[865/1200] CLASSIC RC1_6_5 run3 -> veh=56 dist=18706.8 cpu=55.3783s valid=1
[866/1200] CLASSIC RC1_6_5 run4 -> veh=56 dist=18717.2 cpu=53.5001s valid=1
[867/1200] CLASSIC RC1_6_5 run5 -> veh=56 dist=18794.9 cpu=55.0865s valid=1
[868/1200] CLASSIC RC1_6_5 run6 -> veh=56 dist=18660.9 cpu=55.9841s valid=1
[869/1200] CLASSIC RC1_6_5 run7 -> veh=56 dist=18875.1 cpu=56.8266s valid=1
[870/1200] CLASSIC RC1_6_5 run9 -> veh=56 dist=18582.2 cpu=55.4991s valid=1
[871/1200] CLASSIC RC1_6_5 run8 -> veh=56 dist=18851 cpu=57.5299s valid=1
[872/1200] CLASSIC RC1_6_5 run10 -> veh=56 dist=18690.2 cpu=55.9907s valid=1
[873/1200] CLASSIC RC1_6_4 run3 -> veh=55 dist=18263.4 cpu=166.394s valid=1
[874/1200] CLASSIC RC1_6_4 run8 -> veh=55 dist=18245.1 cpu=152.443s valid=1
[875/1200] CLASSIC RC1_6_4 run4 -> veh=55 dist=18836.3 cpu=166.876s valid=1
[876/1200] CLASSIC RC1_6_4 run6 -> veh=55 dist=18654 cpu=158.545s valid=1
[877/1200] QLEARNING RC1_6_4 run1 -> veh=55 dist=16892.2 cpu=140.606s valid=1
[878/1200] QLEARNING RC1_6_4 run3 -> veh=55 dist=17003.3 cpu=135.775s valid=1
[879/1200] CLASSIC RC1_6_4 run7 -> veh=55 dist=18104.2 cpu=173.231s valid=1
[880/1200] QLEARNING RC1_6_4 run2 -> veh=55 dist=16747.3 cpu=150.869s valid=1
[881/1200] QLEARNING RC1_6_4 run7 -> veh=55 dist=17108.5 cpu=122.514s valid=1
[882/1200] QLEARNING RC1_6_5 run1 -> veh=56 dist=18302.6 cpu=85.5495s valid=1
[883/1200] CLASSIC RC1_6_4 run5 -> veh=55 dist=17862.6 cpu=185.825s valid=1
[884/1200] CLASSIC RC1_6_4 run9 -> veh=55 dist=17917.4 cpu=174.091s valid=1
[885/1200] CLASSIC RC1_6_6 run1 -> veh=56 dist=18480.9 cpu=49.2859s valid=1
[886/1200] CLASSIC RC1_6_6 run2 -> veh=56 dist=18544.5 cpu=48.0448s valid=1
[887/1200] QLEARNING RC1_6_5 run2 -> veh=56 dist=18388.5 cpu=85.8709s valid=1
[888/1200] CLASSIC RC1_6_6 run3 -> veh=56 dist=18796.1 cpu=49.019s valid=1
[889/1200] QLEARNING RC1_6_4 run6 -> veh=55 dist=17221.5 cpu=132.119s valid=1
[890/1200] CLASSIC RC1_6_4 run10 -> veh=55 dist=18545 cpu=172.744s valid=1
[891/1200] CLASSIC RC1_6_6 run4 -> veh=56 dist=18569.7 cpu=48.9758s valid=1
[892/1200] QLEARNING RC1_6_5 run3 -> veh=56 dist=18329.5 cpu=83.7081s valid=1
[893/1200] QLEARNING RC1_6_4 run4 -> veh=55 dist=16984.4 cpu=149.439s valid=1
[894/1200] QLEARNING RC1_6_5 run5 -> veh=56 dist=18407.1 cpu=81.5703s valid=1
[895/1200] CLASSIC RC1_6_6 run5 -> veh=56 dist=18717.2 cpu=47.9548s valid=1
[896/1200] QLEARNING RC1_6_5 run4 -> veh=56 dist=18477.4 cpu=85.0393s valid=1
[897/1200] CLASSIC RC1_6_6 run6 -> veh=56 dist=18563.7 cpu=49.0086s valid=1
[898/1200] CLASSIC RC1_6_6 run8 -> veh=56 dist=18830 cpu=48.69s valid=1
[899/1200] QLEARNING RC1_6_5 run8 -> veh=56 dist=18438.2 cpu=79.166s valid=1
[900/1200] QLEARNING RC1_6_5 run7 -> veh=55 dist=19947.6 cpu=81.2942s valid=1
[901/1200] CLASSIC RC1_6_6 run7 -> veh=56 dist=18480.2 cpu=51.5062s valid=1
[902/1200] QLEARNING RC1_6_4 run5 -> veh=55 dist=16913.5 cpu=155.526s valid=1
[903/1200] QLEARNING RC1_6_5 run6 -> veh=56 dist=18201.9 cpu=87.5748s valid=1
[904/1200] QLEARNING RC1_6_4 run8 -> veh=55 dist=17213.2 cpu=149.124s valid=1
[905/1200] CLASSIC RC1_6_6 run9 -> veh=56 dist=18477.4 cpu=49.4577s valid=1
[906/1200] QLEARNING RC1_6_5 run9 -> veh=56 dist=18397.1 cpu=85.1281s valid=1
[907/1200] QLEARNING RC1_6_5 run10 -> veh=56 dist=18338.9 cpu=82.5762s valid=1
[908/1200] CLASSIC RC1_6_6 run10 -> veh=56 dist=18368.2 cpu=49.9532s valid=1
[909/1200] QLEARNING RC1_6_4 run9 -> veh=55 dist=17201.4 cpu=166.721s valid=1
[910/1200] CLASSIC RC1_6_7 run6 -> veh=55 dist=19888.5 cpu=40.5503s valid=1
[911/1200] QLEARNING RC1_6_4 run10 -> veh=55 dist=17364.4 cpu=186.898s valid=1
[912/1200] CLASSIC RC1_6_7 run1 -> veh=56 dist=18293.8 cpu=65.4284s valid=1
[913/1200] QLEARNING RC1_6_6 run2 -> veh=56 dist=18329.8 cpu=81.1729s valid=1
[914/1200] QLEARNING RC1_6_6 run1 -> veh=56 dist=18264.9 cpu=83.5485s valid=1
[915/1200] CLASSIC RC1_6_7 run3 -> veh=56 dist=18196.2 cpu=65.1426s valid=1
[916/1200] CLASSIC RC1_6_7 run2 -> veh=56 dist=18233 cpu=66.4681s valid=1
[917/1200] CLASSIC RC1_6_7 run5 -> veh=56 dist=18010.4 cpu=63.6709s valid=1
[918/1200] QLEARNING RC1_6_6 run3 -> veh=56 dist=18182.1 cpu=82.0312s valid=1
[919/1200] CLASSIC RC1_6_7 run4 -> veh=56 dist=18200.8 cpu=65.5415s valid=1
[920/1200] QLEARNING RC1_6_6 run4 -> veh=55 dist=21378.8 cpu=83.4672s valid=1
[921/1200] QLEARNING RC1_6_6 run8 -> veh=56 dist=18378.7 cpu=78.6325s valid=1
[922/1200] CLASSIC RC1_6_7 run9 -> veh=56 dist=18238.8 cpu=63.1574s valid=1
[923/1200] QLEARNING RC1_6_6 run5 -> veh=55 dist=20102.8 cpu=84.6765s valid=1
[924/1200] CLASSIC RC1_6_7 run7 -> veh=56 dist=18350.5 cpu=66.105s valid=1
[925/1200] QLEARNING RC1_6_6 run6 -> veh=56 dist=18290.4 cpu=83.6841s valid=1
[926/1200] CLASSIC RC1_6_7 run8 -> veh=56 dist=18318.3 cpu=65.8961s valid=1
[927/1200] CLASSIC RC1_6_7 run10 -> veh=55 dist=19703.9 cpu=61.8865s valid=1
[928/1200] QLEARNING RC1_6_6 run9 -> veh=56 dist=18219.2 cpu=80.7459s valid=1
[929/1200] QLEARNING RC1_6_6 run7 -> veh=56 dist=18110.6 cpu=83.0233s valid=1
[930/1200] QLEARNING RC1_6_6 run10 -> veh=56 dist=18277.2 cpu=81.7854s valid=1
[931/1200] QLEARNING RC1_6_7 run1 -> veh=56 dist=17951.6 cpu=82.6132s valid=1
[932/1200] QLEARNING RC1_6_7 run2 -> veh=55 dist=19594.5 cpu=82.0777s valid=1
[933/1200] QLEARNING RC1_6_7 run4 -> veh=56 dist=17714.3 cpu=84.7959s valid=1
[934/1200] QLEARNING RC1_6_7 run3 -> veh=56 dist=17716.5 cpu=90.7779s valid=1
[935/1200] QLEARNING RC1_6_7 run6 -> veh=56 dist=17679.5 cpu=89.043s valid=1
[936/1200] QLEARNING RC1_6_7 run5 -> veh=56 dist=17879.8 cpu=90.6616s valid=1
[937/1200] QLEARNING RC1_6_7 run9 -> veh=55 dist=21235.7 cpu=86.7267s valid=1
[938/1200] QLEARNING RC1_6_7 run7 -> veh=56 dist=17964.7 cpu=91.4366s valid=1
[939/1200] QLEARNING RC1_6_7 run8 -> veh=56 dist=17859.8 cpu=91.3504s valid=1
[940/1200] CLASSIC RC1_6_8 run6 -> veh=55 dist=18962.7 cpu=50.2589s valid=1
[941/1200] QLEARNING RC1_6_7 run10 -> veh=56 dist=17786.1 cpu=87.0646s valid=1
[942/1200] CLASSIC RC1_6_8 run1 -> veh=55 dist=20122.4 cpu=81.3324s valid=1
[943/1200] CLASSIC RC1_6_8 run2 -> veh=55 dist=21467.4 cpu=76.8022s valid=1
[944/1200] CLASSIC RC1_6_8 run4 -> veh=55 dist=19801.1 cpu=76.8549s valid=1
[945/1200] CLASSIC RC1_6_8 run3 -> veh=55 dist=20028.1 cpu=81.0734s valid=1
[946/1200] CLASSIC RC1_6_8 run9 -> veh=55 dist=20189.4 cpu=72.8612s valid=1
[947/1200] CLASSIC RC1_6_9 run2 -> veh=55 dist=20949.6 cpu=63.4511s valid=1
[948/1200] CLASSIC RC1_6_8 run5 -> veh=56 dist=17810.7 cpu=81.1247s valid=1
[949/1200] CLASSIC RC1_6_9 run6 -> veh=55 dist=20490.5 cpu=43.0752s valid=1
[950/1200] CLASSIC RC1_6_8 run8 -> veh=56 dist=17883.6 cpu=81.5054s valid=1
[951/1200] CLASSIC RC1_6_8 run7 -> veh=55 dist=21117.1 cpu=82.7594s valid=1
[952/1200] CLASSIC RC1_6_9 run1 -> veh=55 dist=19852.4 cpu=72.6603s valid=1
[953/1200] CLASSIC RC1_6_8 run10 -> veh=55 dist=20744.1 cpu=79.9012s valid=1
[954/1200] CLASSIC RC1_6_9 run4 -> veh=55 dist=20491.7 cpu=57.2537s valid=1
[955/1200] QLEARNING RC1_6_8 run6 -> veh=55 dist=19647.9 cpu=84.7174s valid=1
[956/1200] QLEARNING RC1_6_8 run3 -> veh=55 dist=19638.8 cpu=89.6164s valid=1
[957/1200] CLASSIC RC1_6_9 run3 -> veh=55 dist=21064.9 cpu=66.2245s valid=1
[958/1200] QLEARNING RC1_6_8 run5 -> veh=55 dist=19286.4 cpu=88.0145s valid=1
[959/1200] CLASSIC RC1_6_9 run9 -> veh=55 dist=20236.7 cpu=55.8155s valid=1
[960/1200] CLASSIC RC1_6_9 run5 -> veh=55 dist=20518 cpu=64.1628s valid=1
[961/1200] QLEARNING RC1_6_8 run2 -> veh=55 dist=20128.8 cpu=95.3278s valid=1
[962/1200] QLEARNING RC1_6_8 run4 -> veh=55 dist=19156.9 cpu=94.2267s valid=1
[963/1200] CLASSIC RC1_6_10 run2 -> veh=55 dist=19631.6 cpu=23.6057s valid=1
[964/1200] QLEARNING RC1_6_8 run1 -> veh=55 dist=21504.8 cpu=102.328s valid=1
[965/1200] QLEARNING RC1_6_8 run9 -> veh=55 dist=19205.7 cpu=97.7303s valid=1
[966/1200] QLEARNING RC1_6_8 run8 -> veh=55 dist=20153.4 cpu=98.1302s valid=1
[967/1200] QLEARNING RC1_6_8 run7 -> veh=55 dist=21055.2 cpu=99.6975s valid=1
[968/1200] QLEARNING RC1_6_8 run10 -> veh=55 dist=19945.2 cpu=99.8119s valid=1
[969/1200] CLASSIC RC1_6_9 run10 -> veh=55 dist=20154.6 cpu=63.6447s valid=1
[970/1200] CLASSIC RC1_6_9 run7 -> veh=55 dist=19525.6 cpu=73.9605s valid=1
[971/1200] CLASSIC RC1_6_9 run8 -> veh=55 dist=23310.3 cpu=73.229s valid=1
[972/1200] QLEARNING RC1_6_9 run3 -> veh=55 dist=20377.5 cpu=76.0819s valid=1
[973/1200] CLASSIC RC1_6_10 run5 -> veh=55 dist=20680.1 cpu=47.003s valid=1
[974/1200] CLASSIC RC1_6_10 run4 -> veh=55 dist=20498.2 cpu=52.8904s valid=1
[975/1200] QLEARNING RC1_6_9 run4 -> veh=55 dist=19972.9 cpu=82.7642s valid=1
[976/1200] CLASSIC RC1_6_10 run7 -> veh=55 dist=20587.9 cpu=44.5242s valid=1
[977/1200] CLASSIC RC1_6_10 run3 -> veh=55 dist=20218.6 cpu=57.2398s valid=1
[978/1200] QLEARNING RC1_6_9 run1 -> veh=55 dist=18407.6 cpu=92.9647s valid=1
[979/1200] QLEARNING RC1_6_9 run2 -> veh=55 dist=20815.7 cpu=99.2426s valid=1
[980/1200] QLEARNING RC1_6_9 run5 -> veh=55 dist=19831.2 cpu=92.9212s valid=1
[981/1200] CLASSIC RC1_6_10 run1 -> veh=55 dist=19839.5 cpu=76.223s valid=1
[982/1200] QLEARNING RC1_6_9 run8 -> veh=55 dist=19522.8 cpu=84.6397s valid=1
[983/1200] CLASSIC RC1_6_10 run8 -> veh=55 dist=20194.1 cpu=66.071s valid=1
[984/1200] CLASSIC RC1_6_10 run6 -> veh=55 dist=19096.2 cpu=75.5816s valid=1
[985/1200] QLEARNING RC1_6_9 run9 -> veh=55 dist=19871.2 cpu=91.3578s valid=1
[986/1200] CLASSIC RC1_6_10 run9 -> veh=55 dist=20223.6 cpu=71.5218s valid=1
[987/1200] QLEARNING RC1_6_9 run7 -> veh=55 dist=20247.8 cpu=93.5708s valid=1
[988/1200] QLEARNING RC1_6_9 run6 -> veh=55 dist=20535 cpu=100.935s valid=1
[989/1200] QLEARNING RC1_6_9 run10 -> veh=55 dist=19849.4 cpu=97.6167s valid=1
[990/1200] CLASSIC RC1_6_10 run10 -> veh=55 dist=20119.6 cpu=82.5559s valid=1
[991/1200] QLEARNING RC1_6_10 run3 -> veh=55 dist=19010.5 cpu=85.8806s valid=1
[992/1200] QLEARNING RC1_6_10 run2 -> veh=55 dist=19453.7 cpu=88.0982s valid=1
[993/1200] QLEARNING RC1_6_10 run1 -> veh=55 dist=20288.1 cpu=91.9706s valid=1
[994/1200] QLEARNING RC1_6_10 run4 -> veh=55 dist=18950.9 cpu=90.7544s valid=1
[995/1200] QLEARNING RC1_6_10 run10 -> veh=55 dist=18585.6 cpu=88.965s valid=1
[996/1200] QLEARNING RC1_6_10 run8 -> veh=55 dist=20760 cpu=97.6896s valid=1
[997/1200] QLEARNING RC1_6_10 run9 -> veh=55 dist=19299.4 cpu=96.9599s valid=1
[998/1200] QLEARNING RC1_6_10 run5 -> veh=55 dist=20042.6 cpu=101.981s valid=1
[999/1200] QLEARNING RC1_6_10 run7 -> veh=55 dist=18943.8 cpu=101.777s valid=1
[1000/1200] QLEARNING RC1_6_10 run6 -> veh=55 dist=19123.7 cpu=103.24s valid=1
[1001/1200] CLASSIC RC2_6_1 run1 -> veh=16 dist=13737.8 cpu=101.905s valid=1
[1002/1200] CLASSIC RC2_6_1 run3 -> veh=17 dist=13433.6 cpu=103.962s valid=1
[1003/1200] CLASSIC RC2_6_1 run2 -> veh=17 dist=13467.5 cpu=104.366s valid=1
[1004/1200] CLASSIC RC2_6_1 run4 -> veh=16 dist=13756.3 cpu=101.487s valid=1
[1005/1200] CLASSIC RC2_6_1 run5 -> veh=17 dist=13283.9 cpu=103.492s valid=1
[1006/1200] CLASSIC RC2_6_1 run6 -> veh=17 dist=13722.7 cpu=102.371s valid=1
[1007/1200] CLASSIC RC2_6_1 run8 -> veh=16 dist=13957.6 cpu=102.139s valid=1
[1008/1200] CLASSIC RC2_6_1 run7 -> veh=17 dist=13487.3 cpu=104.902s valid=1
[1009/1200] CLASSIC RC2_6_1 run9 -> veh=17 dist=13783.7 cpu=102.71s valid=1
[1010/1200] CLASSIC RC2_6_1 run10 -> veh=16 dist=13761.4 cpu=102.521s valid=1
[1011/1200] QLEARNING RC2_6_1 run1 -> veh=17 dist=13274.1 cpu=113.292s valid=1
[1012/1200] QLEARNING RC2_6_1 run2 -> veh=16 dist=13319.2 cpu=111.086s valid=1
[1013/1200] QLEARNING RC2_6_1 run3 -> veh=16 dist=13818 cpu=111.935s valid=1
[1014/1200] QLEARNING RC2_6_1 run5 -> veh=17 dist=12992.3 cpu=109.646s valid=1
[1015/1200] QLEARNING RC2_6_1 run4 -> veh=16 dist=13631.8 cpu=112.306s valid=1
[1016/1200] QLEARNING RC2_6_1 run6 -> veh=17 dist=13237.3 cpu=113.598s valid=1
[1017/1200] QLEARNING RC2_6_1 run8 -> veh=16 dist=14306.5 cpu=109.908s valid=1
[1018/1200] QLEARNING RC2_6_1 run7 -> veh=16 dist=13884.1 cpu=112.648s valid=1
[1019/1200] QLEARNING RC2_6_1 run9 -> veh=17 dist=12679.3 cpu=116.766s valid=1
[1020/1200] QLEARNING RC2_6_1 run10 -> veh=17 dist=13021.2 cpu=114.001s valid=1
[1021/1200] CLASSIC RC2_6_2 run4 -> veh=14 dist=11803.7 cpu=238.198s valid=1
[1022/1200] CLASSIC RC2_6_2 run5 -> veh=14 dist=11900.7 cpu=236.906s valid=1
[1023/1200] CLASSIC RC2_6_2 run6 -> veh=14 dist=11806.7 cpu=239.048s valid=1
[1024/1200] CLASSIC RC2_6_2 run2 -> veh=13 dist=12115.2 cpu=278.592s valid=1
[1025/1200] CLASSIC RC2_6_2 run1 -> veh=13 dist=12068.8 cpu=289.988s valid=1
[1026/1200] CLASSIC RC2_6_2 run7 -> veh=14 dist=11707.6 cpu=280.738s valid=1
[1027/1200] CLASSIC RC2_6_2 run8 -> veh=14 dist=11932.5 cpu=277.985s valid=1
[1028/1200] CLASSIC RC2_6_2 run3 -> veh=14 dist=11362.3 cpu=297.38s valid=1
[1029/1200] CLASSIC RC2_6_2 run9 -> veh=14 dist=11684.4 cpu=281.471s valid=1
[1030/1200] QLEARNING RC2_6_2 run6 -> veh=14 dist=11353.4 cpu=284.118s valid=1
[1031/1200] CLASSIC RC2_6_2 run10 -> veh=14 dist=11348.4 cpu=320.563s valid=1
[1032/1200] QLEARNING RC2_6_2 run1 -> veh=14 dist=11781.4 cpu=341.368s valid=1
[1033/1200] QLEARNING RC2_6_2 run3 -> veh=14 dist=11978.3 cpu=344.643s valid=1
[1034/1200] QLEARNING RC2_6_2 run2 -> veh=14 dist=11641 cpu=346.974s valid=1
[1035/1200] QLEARNING RC2_6_2 run4 -> veh=14 dist=11811.7 cpu=342.227s valid=1
[1036/1200] QLEARNING RC2_6_2 run5 -> veh=13 dist=12342.6 cpu=345.028s valid=1
[1037/1200] QLEARNING RC2_6_2 run8 -> veh=14 dist=11562.9 cpu=339.053s valid=1
[1038/1200] QLEARNING RC2_6_2 run9 -> veh=14 dist=11588.5 cpu=343.111s valid=1
[1039/1200] QLEARNING RC2_6_2 run10 -> veh=14 dist=11358.7 cpu=343.975s valid=1
[1040/1200] QLEARNING RC2_6_2 run7 -> veh=14 dist=11776.8 cpu=352.165s valid=1
[1041/1200] CLASSIC RC2_6_3 run4 -> veh=11 dist=10141.1 cpu=402.361s valid=1
[1042/1200] CLASSIC RC2_6_3 run6 -> veh=11 dist=10374.8 cpu=402.581s valid=1
[1043/1200] CLASSIC RC2_6_3 run9 -> veh=11 dist=10268 cpu=396.419s valid=1
[1044/1200] CLASSIC RC2_6_3 run7 -> veh=11 dist=10001.7 cpu=420.136s valid=1
[1045/1200] CLASSIC RC2_6_3 run1 -> veh=11 dist=10133.1 cpu=494.821s valid=1
[1046/1200] CLASSIC RC2_6_3 run3 -> veh=11 dist=10538.7 cpu=498.287s valid=1
[1047/1200] CLASSIC RC2_6_3 run5 -> veh=11 dist=10359 cpu=493.616s valid=1
[1048/1200] CLASSIC RC2_6_3 run8 -> veh=11 dist=9997.87 cpu=519.039s valid=1
[1049/1200] QLEARNING RC2_6_3 run1 -> veh=11 dist=10115.5 cpu=514.085s valid=1
[1050/1200] CLASSIC RC2_6_3 run2 -> veh=11 dist=10008.5 cpu=575.669s valid=1
[1051/1200] QLEARNING RC2_6_3 run2 -> veh=11 dist=10056.4 cpu=565.656s valid=1
[1052/1200] CLASSIC RC2_6_3 run10 -> veh=11 dist=10004.8 cpu=582.781s valid=1
[1053/1200] QLEARNING RC2_6_3 run3 -> veh=11 dist=10131.9 cpu=455.757s valid=1
[1054/1200] QLEARNING RC2_6_3 run5 -> veh=11 dist=10065.6 cpu=484.627s valid=1
[1055/1200] CLASSIC RC2_6_5 run1 -> veh=13 dist=13179.8 cpu=147.343s valid=1
[1056/1200] CLASSIC RC2_6_5 run2 -> veh=13 dist=13344.4 cpu=148.595s valid=1
[1057/1200] QLEARNING RC2_6_3 run4 -> veh=11 dist=10388.4 cpu=560.603s valid=1
[1058/1200] QLEARNING RC2_6_3 run10 -> veh=11 dist=10140.7 cpu=513.454s valid=1
[1059/1200] CLASSIC RC2_6_5 run3 -> veh=13 dist=13174.6 cpu=154.169s valid=1
[1060/1200] CLASSIC RC2_6_5 run4 -> veh=13 dist=13053.6 cpu=154.177s valid=1
[1061/1200] QLEARNING RC2_6_3 run6 -> veh=11 dist=10169.9 cpu=561.663s valid=1
[1062/1200] CLASSIC RC2_6_5 run5 -> veh=14 dist=12322.3 cpu=147.233s valid=1
[1063/1200] QLEARNING RC2_6_3 run8 -> veh=11 dist=10579 cpu=567.869s valid=1
[1064/1200] QLEARNING RC2_6_3 run7 -> veh=11 dist=10432.8 cpu=584.324s valid=1
[1065/1200] QLEARNING RC2_6_3 run9 -> veh=11 dist=10040.8 cpu=577.555s valid=1
[1066/1200] CLASSIC RC2_6_4 run2 -> veh=11 dist=7651.83 cpu=552.2s valid=1
[1067/1200] CLASSIC RC2_6_5 run6 -> veh=14 dist=12322.6 cpu=158.671s valid=1
[1068/1200] CLASSIC RC2_6_4 run5 -> veh=11 dist=7720.44 cpu=536.308s valid=1
[1069/1200] CLASSIC RC2_6_5 run7 -> veh=14 dist=12505.7 cpu=147.484s valid=1
[1070/1200] CLASSIC RC2_6_4 run1 -> veh=11 dist=8017.57 cpu=640.17s valid=1
[1071/1200] CLASSIC RC2_6_5 run8 -> veh=14 dist=12148.4 cpu=162.479s valid=1
[1072/1200] CLASSIC RC2_6_5 run9 -> veh=13 dist=13992.2 cpu=155.492s valid=1
[1073/1200] CLASSIC RC2_6_5 run10 -> veh=13 dist=13832.3 cpu=149.224s valid=1
[1074/1200] QLEARNING RC2_6_4 run4 -> veh=11 dist=7481.44 cpu=508.092s valid=1
[1075/1200] QLEARNING RC2_6_5 run1 -> veh=13 dist=12846.4 cpu=177.013s valid=1
[1076/1200] QLEARNING RC2_6_5 run4 -> veh=13 dist=13143.8 cpu=161.957s valid=1
[1077/1200] QLEARNING RC2_6_5 run2 -> veh=13 dist=12992.1 cpu=173.907s valid=1
[1078/1200] CLASSIC RC2_6_4 run3 -> veh=11 dist=7746.47 cpu=667.449s valid=1
[1079/1200] QLEARNING RC2_6_5 run3 -> veh=13 dist=12935.8 cpu=176.467s valid=1
[1080/1200] CLASSIC RC2_6_4 run4 -> veh=11 dist=7800.31 cpu=646.87s valid=1
[1081/1200] QLEARNING RC2_6_4 run3 -> veh=11 dist=7479.56 cpu=547.667s valid=1
[1082/1200] QLEARNING RC2_6_5 run5 -> veh=13 dist=12965.6 cpu=167.387s valid=1
[1083/1200] CLASSIC RC2_6_4 run7 -> veh=11 dist=7893.34 cpu=661.665s valid=1
[1084/1200] QLEARNING RC2_6_5 run6 -> veh=13 dist=12956.1 cpu=172.151s valid=1
[1085/1200] QLEARNING RC2_6_4 run6 -> veh=11 dist=7555.13 cpu=531.928s valid=1
[1086/1200] QLEARNING RC2_6_5 run8 -> veh=14 dist=12198.5 cpu=160.814s valid=1
[1087/1200] CLASSIC RC2_6_4 run8 -> veh=11 dist=7775.81 cpu=661.353s valid=1
[1088/1200] CLASSIC RC2_6_4 run6 -> veh=11 dist=7826.74 cpu=672.367s valid=1
[1089/1200] CLASSIC RC2_6_4 run9 -> veh=11 dist=7812.1 cpu=656.4s valid=1
[1090/1200] CLASSIC RC2_6_6 run1 -> veh=13 dist=12513.2 cpu=139.674s valid=1
[1091/1200] QLEARNING RC2_6_5 run7 -> veh=13 dist=12607.3 cpu=171.691s valid=1
[1092/1200] QLEARNING RC2_6_5 run9 -> veh=13 dist=12785.7 cpu=173.108s valid=1
[1093/1200] QLEARNING RC2_6_5 run10 -> veh=13 dist=12867.9 cpu=159.556s valid=1
[1094/1200] QLEARNING RC2_6_4 run1 -> veh=11 dist=7524.52 cpu=666.501s valid=1
[1095/1200] CLASSIC RC2_6_4 run10 -> veh=11 dist=7910.73 cpu=675.587s valid=1
[1096/1200] CLASSIC RC2_6_6 run3 -> veh=13 dist=12691.9 cpu=150.322s valid=1
[1097/1200] CLASSIC RC2_6_6 run2 -> veh=12 dist=12507.6 cpu=155.817s valid=1
[1098/1200] CLASSIC RC2_6_6 run4 -> veh=12 dist=12938.9 cpu=143.042s valid=1
[1099/1200] CLASSIC RC2_6_6 run5 -> veh=13 dist=12320.4 cpu=144.154s valid=1
[1100/1200] QLEARNING RC2_6_4 run2 -> veh=11 dist=7252.88 cpu=706.379s valid=1
[1101/1200] QLEARNING RC2_6_4 run5 -> veh=11 dist=7642.46 cpu=630.713s valid=1
[1102/1200] CLASSIC RC2_6_6 run6 -> veh=12 dist=12885.6 cpu=137.637s valid=1
[1103/1200] CLASSIC RC2_6_6 run8 -> veh=12 dist=12893.5 cpu=141.738s valid=1
[1104/1200] CLASSIC RC2_6_6 run7 -> veh=13 dist=12342.8 cpu=147.522s valid=1
[1105/1200] CLASSIC RC2_6_6 run9 -> veh=12 dist=13104.4 cpu=147.908s valid=1
[1106/1200] CLASSIC RC2_6_6 run10 -> veh=12 dist=13133.5 cpu=145.787s valid=1
[1107/1200] QLEARNING RC2_6_6 run2 -> veh=12 dist=12706.8 cpu=163.189s valid=1
[1108/1200] QLEARNING RC2_6_6 run1 -> veh=12 dist=12717.7 cpu=164.126s valid=1
[1109/1200] QLEARNING RC2_6_6 run3 -> veh=12 dist=12836.5 cpu=154.37s valid=1
[1110/1200] QLEARNING RC2_6_6 run7 -> veh=12 dist=13048.2 cpu=153.959s valid=1
[1111/1200] QLEARNING RC2_6_6 run4 -> veh=13 dist=12184.9 cpu=167.584s valid=1
[1112/1200] QLEARNING RC2_6_6 run9 -> veh=13 dist=12057.1 cpu=157.658s valid=1
[1113/1200] QLEARNING RC2_6_6 run8 -> veh=12 dist=12988.6 cpu=158.054s valid=1
[1114/1200] QLEARNING RC2_6_6 run6 -> veh=13 dist=12305.1 cpu=160.23s valid=1
[1115/1200] QLEARNING RC2_6_6 run5 -> veh=12 dist=12678 cpu=163.677s valid=1
[1116/1200] QLEARNING RC2_6_6 run10 -> veh=13 dist=12359.7 cpu=156.137s valid=1
[1117/1200] QLEARNING RC2_6_4 run7 -> veh=11 dist=7563.41 cpu=651.421s valid=1
[1118/1200] QLEARNING RC2_6_4 run9 -> veh=11 dist=7480.12 cpu=644.876s valid=1
[1119/1200] QLEARNING RC2_6_4 run8 -> veh=11 dist=7439.64 cpu=654.727s valid=1
[1120/1200] CLASSIC RC2_6_7 run2 -> veh=11 dist=11241.5 cpu=197.554s valid=1
[1121/1200] QLEARNING RC2_6_4 run10 -> veh=11 dist=7546.27 cpu=645.169s valid=1
[1122/1200] CLASSIC RC2_6_7 run3 -> veh=11 dist=12047.7 cpu=210.575s valid=1
[1123/1200] CLASSIC RC2_6_7 run5 -> veh=11 dist=12054.5 cpu=194.707s valid=1
[1124/1200] CLASSIC RC2_6_7 run1 -> veh=11 dist=11616.4 cpu=215.36s valid=1
[1125/1200] CLASSIC RC2_6_7 run4 -> veh=11 dist=12106.1 cpu=211.587s valid=1
[1126/1200] CLASSIC RC2_6_7 run6 -> veh=11 dist=11766.4 cpu=208.375s valid=1
[1127/1200] CLASSIC RC2_6_7 run7 -> veh=11 dist=11523.1 cpu=215.368s valid=1
[1128/1200] CLASSIC RC2_6_7 run9 -> veh=11 dist=11890.9 cpu=211.988s valid=1
[1129/1200] QLEARNING RC2_6_7 run1 -> veh=11 dist=11781.6 cpu=204.926s valid=1
[1130/1200] CLASSIC RC2_6_7 run8 -> veh=11 dist=12233.8 cpu=214.813s valid=1
[1131/1200] CLASSIC RC2_6_7 run10 -> veh=11 dist=11985.1 cpu=211.915s valid=1
[1132/1200] QLEARNING RC2_6_7 run2 -> veh=11 dist=11966.8 cpu=221.296s valid=1
[1133/1200] QLEARNING RC2_6_7 run4 -> veh=11 dist=11666.2 cpu=201.743s valid=1
[1134/1200] QLEARNING RC2_6_7 run3 -> veh=11 dist=12222.8 cpu=219.509s valid=1
[1135/1200] QLEARNING RC2_6_7 run5 -> veh=11 dist=12018.3 cpu=202.4s valid=1
[1136/1200] QLEARNING RC2_6_7 run6 -> veh=11 dist=12092.9 cpu=222.744s valid=1
[1137/1200] QLEARNING RC2_6_7 run7 -> veh=11 dist=12418.1 cpu=223.811s valid=1
[1138/1200] QLEARNING RC2_6_7 run8 -> veh=11 dist=12100.9 cpu=229.62s valid=1
[1139/1200] QLEARNING RC2_6_7 run9 -> veh=11 dist=11922.6 cpu=216.074s valid=1
[1140/1200] QLEARNING RC2_6_7 run10 -> veh=11 dist=11942.3 cpu=222.316s valid=1
[1141/1200] CLASSIC RC2_6_8 run1 -> veh=11 dist=11296.3 cpu=231.333s valid=1
[1142/1200] CLASSIC RC2_6_8 run5 -> veh=11 dist=11086.5 cpu=223.888s valid=1
[1143/1200] CLASSIC RC2_6_8 run2 -> veh=11 dist=11147.2 cpu=232.27s valid=1
[1144/1200] CLASSIC RC2_6_8 run3 -> veh=11 dist=11466.9 cpu=257.604s valid=1
[1145/1200] CLASSIC RC2_6_8 run9 -> veh=11 dist=11259.5 cpu=254.195s valid=1
[1146/1200] CLASSIC RC2_6_8 run4 -> veh=11 dist=11374.3 cpu=262.08s valid=1
[1147/1200] CLASSIC RC2_6_8 run7 -> veh=11 dist=11101.9 cpu=259.14s valid=1
[1148/1200] CLASSIC RC2_6_8 run6 -> veh=11 dist=11365.1 cpu=264.145s valid=1
[1149/1200] CLASSIC RC2_6_8 run8 -> veh=11 dist=11253.6 cpu=262.069s valid=1
[1150/1200] CLASSIC RC2_6_8 run10 -> veh=11 dist=11127.2 cpu=252.449s valid=1
[1151/1200] QLEARNING RC2_6_8 run2 -> veh=11 dist=11391 cpu=240.299s valid=1
[1152/1200] QLEARNING RC2_6_8 run5 -> veh=11 dist=11105.9 cpu=242.965s valid=1
[1153/1200] QLEARNING RC2_6_8 run1 -> veh=11 dist=10953.4 cpu=275.591s valid=1
[1154/1200] QLEARNING RC2_6_8 run4 -> veh=11 dist=11157.3 cpu=266.8s valid=1
[1155/1200] QLEARNING RC2_6_8 run3 -> veh=11 dist=11324.2 cpu=274.408s valid=1
[1156/1200] QLEARNING RC2_6_8 run6 -> veh=11 dist=11255.6 cpu=269.332s valid=1
[1157/1200] CLASSIC RC2_6_9 run1 -> veh=11 dist=10639.1 cpu=234.261s valid=1
[1158/1200] QLEARNING RC2_6_8 run7 -> veh=11 dist=11173.3 cpu=272.569s valid=1
[1159/1200] QLEARNING RC2_6_8 run8 -> veh=11 dist=11173.9 cpu=269.86s valid=1
[1160/1200] QLEARNING RC2_6_8 run9 -> veh=11 dist=11167.1 cpu=272.613s valid=1
[1161/1200] CLASSIC RC2_6_9 run5 -> veh=11 dist=10799.2 cpu=228.943s valid=1
[1162/1200] CLASSIC RC2_6_9 run2 -> veh=11 dist=10629.8 cpu=259.478s valid=1
[1163/1200] CLASSIC RC2_6_9 run3 -> veh=11 dist=10733.2 cpu=263.429s valid=1
[1164/1200] CLASSIC RC2_6_9 run7 -> veh=11 dist=10803 cpu=231.084s valid=1
[1165/1200] QLEARNING RC2_6_8 run10 -> veh=11 dist=11131.5 cpu=275.957s valid=1
[1166/1200] CLASSIC RC2_6_9 run4 -> veh=11 dist=10651.2 cpu=257.226s valid=1
[1167/1200] CLASSIC RC2_6_9 run6 -> veh=11 dist=10296 cpu=254.136s valid=1
[1168/1200] CLASSIC RC2_6_9 run8 -> veh=11 dist=10340.8 cpu=267.185s valid=1
[1169/1200] CLASSIC RC2_6_9 run9 -> veh=11 dist=10637.1 cpu=264.135s valid=1
[1170/1200] CLASSIC RC2_6_9 run10 -> veh=11 dist=10752.6 cpu=262.584s valid=1
[1171/1200] QLEARNING RC2_6_9 run4 -> veh=11 dist=10457.3 cpu=233.023s valid=1
[1172/1200] QLEARNING RC2_6_9 run3 -> veh=11 dist=10687.9 cpu=241.712s valid=1
[1173/1200] QLEARNING RC2_6_9 run1 -> veh=11 dist=10443.7 cpu=273.242s valid=1
[1174/1200] QLEARNING RC2_6_9 run5 -> veh=11 dist=10485.8 cpu=240.999s valid=1
[1175/1200] QLEARNING RC2_6_9 run2 -> veh=11 dist=10571.8 cpu=275.688s valid=1
[1176/1200] QLEARNING RC2_6_9 run6 -> veh=11 dist=10462.6 cpu=268.679s valid=1
[1177/1200] QLEARNING RC2_6_9 run7 -> veh=11 dist=10208.6 cpu=269.312s valid=1
[1178/1200] QLEARNING RC2_6_9 run8 -> veh=11 dist=10749.8 cpu=267.211s valid=1
[1179/1200] QLEARNING RC2_6_9 run10 -> veh=11 dist=10605.4 cpu=267.456s valid=1
[1180/1200] QLEARNING RC2_6_9 run9 -> veh=11 dist=10523.3 cpu=269.85s valid=1
[1181/1200] CLASSIC RC2_6_10 run1 -> veh=11 dist=10064.6 cpu=289.011s valid=1
[1182/1200] CLASSIC RC2_6_10 run10 -> veh=11 dist=10202.6 cpu=212.854s valid=1
[1183/1200] QLEARNING RC2_6_10 run1 -> veh=11 dist=9948.28 cpu=221.888s valid=1
[1184/1200] CLASSIC RC2_6_10 run6 -> veh=11 dist=9883.73 cpu=244.654s valid=1
[1185/1200] CLASSIC RC2_6_10 run3 -> veh=11 dist=9889.24 cpu=291.625s valid=1
[1186/1200] CLASSIC RC2_6_10 run4 -> veh=11 dist=10180 cpu=277.225s valid=1
[1187/1200] CLASSIC RC2_6_10 run2 -> veh=11 dist=10211.6 cpu=307.287s valid=1
[1188/1200] QLEARNING RC2_6_10 run3 -> veh=11 dist=9796.33 cpu=223.963s valid=1
[1189/1200] CLASSIC RC2_6_10 run9 -> veh=11 dist=10004.6 cpu=244.638s valid=1
[1190/1200] CLASSIC RC2_6_10 run8 -> veh=11 dist=9344.68 cpu=256.549s valid=1
[1191/1200] QLEARNING RC2_6_10 run2 -> veh=11 dist=9868.07 cpu=226.942s valid=1
[1192/1200] CLASSIC RC2_6_10 run5 -> veh=11 dist=10010.2 cpu=290.072s valid=1
[1193/1200] QLEARNING RC2_6_10 run6 -> veh=11 dist=9953.94 cpu=216.778s valid=1
[1194/1200] CLASSIC RC2_6_10 run7 -> veh=11 dist=9994.94 cpu=274.466s valid=1
[1195/1200] QLEARNING RC2_6_10 run5 -> veh=11 dist=9610.15 cpu=233.543s valid=1
[1196/1200] QLEARNING RC2_6_10 run7 -> veh=11 dist=9677.1 cpu=228.821s valid=1
[1197/1200] QLEARNING RC2_6_10 run8 -> veh=11 dist=9767.97 cpu=225.932s valid=1
[1198/1200] QLEARNING RC2_6_10 run9 -> veh=11 dist=9740.34 cpu=222.67s valid=1
[1199/1200] QLEARNING RC2_6_10 run4 -> veh=11 dist=9931.6 cpu=252.087s valid=1
[1200/1200] QLEARNING RC2_6_10 run10 -> veh=11 dist=9684.9 cpu=187.587s valid=1
=== Fin size=600. Nuevas: 1200 | errores: 0 | Wall-clock: 2h 10m 3.4s ===
Campaña para size=600 finalizada.
