============================================================
Job ID:           53927
Nodo asignado:    n003
Workers asignados: 32
============================================================
=== Campana PARALELA | size=200 | hilos: 32 | params: (por defecto) ===
=== Instancias: 60 | corridas objetivo: 1200 | ya hechas: 0 | pendientes: 1200 ===
=== Maestro: /home/jose.osnayo/PFC_VRPTW/Experiments/results/master_gh200.csv (SOBRESCRIBE, se guarda corrida a corrida) ===
[1/1200] CLASSIC C1_2_1 run6 -> veh=20 dist=2704.57 cpu=46.4346s valid=1
[2/1200] CLASSIC C1_2_1 run1 -> veh=20 dist=2704.57 cpu=46.8237s valid=1
[3/1200] CLASSIC C1_2_1 run9 -> veh=20 dist=2704.57 cpu=47.2649s valid=1
[4/1200] CLASSIC C1_2_1 run3 -> veh=20 dist=2704.57 cpu=47.2709s valid=1
[5/1200] CLASSIC C1_2_1 run4 -> veh=20 dist=2704.57 cpu=51.1574s valid=1
[6/1200] CLASSIC C1_2_1 run7 -> veh=20 dist=2704.57 cpu=51.2188s valid=1
[7/1200] CLASSIC C1_2_1 run2 -> veh=20 dist=2704.57 cpu=51.5098s valid=1
[8/1200] CLASSIC C1_2_1 run8 -> veh=20 dist=2704.57 cpu=51.5286s valid=1
[9/1200] CLASSIC C1_2_1 run5 -> veh=20 dist=2704.57 cpu=51.5411s valid=1
[10/1200] CLASSIC C1_2_1 run10 -> veh=20 dist=2704.57 cpu=52.4372s valid=1
[11/1200] QLEARNING C1_2_1 run6 -> veh=20 dist=2704.57 cpu=54.1707s valid=1
[12/1200] QLEARNING C1_2_1 run4 -> veh=20 dist=2704.57 cpu=54.7492s valid=1
[13/1200] QLEARNING C1_2_1 run1 -> veh=20 dist=2704.57 cpu=54.9287s valid=1
[14/1200] QLEARNING C1_2_1 run3 -> veh=20 dist=2704.57 cpu=55.214s valid=1
[15/1200] QLEARNING C1_2_1 run9 -> veh=20 dist=2704.57 cpu=55.4013s valid=1
[16/1200] QLEARNING C1_2_1 run7 -> veh=20 dist=2704.57 cpu=55.5162s valid=1
[17/1200] QLEARNING C1_2_1 run8 -> veh=20 dist=2704.57 cpu=55.6833s valid=1
[18/1200] QLEARNING C1_2_1 run5 -> veh=20 dist=2704.57 cpu=55.86s valid=1
[19/1200] QLEARNING C1_2_1 run10 -> veh=20 dist=2704.57 cpu=59.0613s valid=1
[20/1200] QLEARNING C1_2_1 run2 -> veh=20 dist=2704.57 cpu=61.2488s valid=1
[21/1200] CLASSIC C1_2_2 run10 -> veh=18 dist=3056.7 cpu=65.0691s valid=1
[22/1200] CLASSIC C1_2_2 run3 -> veh=18 dist=3138.53 cpu=66.5447s valid=1
[23/1200] CLASSIC C1_2_2 run6 -> veh=18 dist=3067.28 cpu=68.5276s valid=1
[24/1200] CLASSIC C1_2_2 run4 -> veh=19 dist=2824.36 cpu=69.1458s valid=1
[25/1200] CLASSIC C1_2_2 run9 -> veh=19 dist=2834.37 cpu=69.2353s valid=1
[26/1200] CLASSIC C1_2_2 run7 -> veh=19 dist=2799.7 cpu=69.4011s valid=1
[27/1200] CLASSIC C1_2_2 run2 -> veh=19 dist=2825.48 cpu=69.7457s valid=1
[28/1200] CLASSIC C1_2_2 run8 -> veh=18 dist=3148 cpu=70.4373s valid=1
[29/1200] CLASSIC C1_2_2 run5 -> veh=19 dist=2810.88 cpu=70.4933s valid=1
[30/1200] CLASSIC C1_2_2 run1 -> veh=18 dist=3163.44 cpu=74.6599s valid=1
[31/1200] QLEARNING C1_2_2 run1 -> veh=19 dist=2782.54 cpu=95.1345s valid=1
[32/1200] QLEARNING C1_2_2 run2 -> veh=18 dist=2977.72 cpu=98.8344s valid=1
[33/1200] CLASSIC C1_2_3 run8 -> veh=18 dist=2786.38 cpu=76.2306s valid=1
[34/1200] CLASSIC C1_2_3 run10 -> veh=18 dist=2819.69 cpu=76.9839s valid=1
[35/1200] CLASSIC C1_2_3 run6 -> veh=18 dist=2837.63 cpu=78.2228s valid=1
[36/1200] CLASSIC C1_2_3 run4 -> veh=18 dist=2789.04 cpu=79.0115s valid=1
[37/1200] CLASSIC C1_2_3 run7 -> veh=18 dist=2787.8 cpu=78.6446s valid=1
[38/1200] CLASSIC C1_2_3 run1 -> veh=18 dist=2863.07 cpu=83.2481s valid=1
[39/1200] CLASSIC C1_2_3 run2 -> veh=18 dist=2819.38 cpu=82.7622s valid=1
[40/1200] CLASSIC C1_2_3 run3 -> veh=18 dist=2791.03 cpu=82.804s valid=1
[41/1200] CLASSIC C1_2_3 run9 -> veh=18 dist=2831.39 cpu=82.1432s valid=1
[42/1200] CLASSIC C1_2_3 run5 -> veh=18 dist=2793.96 cpu=83.5772s valid=1
[43/1200] QLEARNING C1_2_2 run3 -> veh=19 dist=2798.42 cpu=91.9197s valid=1
[44/1200] QLEARNING C1_2_2 run4 -> veh=18 dist=3021.48 cpu=94.0239s valid=1
[45/1200] QLEARNING C1_2_2 run6 -> veh=19 dist=2794.11 cpu=94.9836s valid=1
[46/1200] QLEARNING C1_2_2 run5 -> veh=19 dist=2781.11 cpu=95.298s valid=1
[47/1200] QLEARNING C1_2_2 run9 -> veh=18 dist=2966.32 cpu=94.0539s valid=1
[48/1200] QLEARNING C1_2_2 run8 -> veh=19 dist=2778.79 cpu=96.3047s valid=1
[49/1200] CLASSIC C1_2_4 run1 -> veh=18 dist=2775.47 cpu=77.9157s valid=1
[50/1200] QLEARNING C1_2_2 run7 -> veh=18 dist=2980.55 cpu=100.342s valid=1
[51/1200] CLASSIC C1_2_4 run2 -> veh=18 dist=2756.85 cpu=77.9102s valid=1
[52/1200] QLEARNING C1_2_2 run10 -> veh=19 dist=2775.4 cpu=101.703s valid=1
[53/1200] QLEARNING C1_2_3 run1 -> veh=18 dist=2763.96 cpu=105.703s valid=1
[54/1200] QLEARNING C1_2_3 run3 -> veh=18 dist=2731.37 cpu=102.507s valid=1
[55/1200] QLEARNING C1_2_3 run4 -> veh=18 dist=2750.82 cpu=104.935s valid=1
[56/1200] QLEARNING C1_2_3 run6 -> veh=18 dist=2748.9 cpu=103.5s valid=1
[57/1200] QLEARNING C1_2_3 run7 -> veh=18 dist=2765.26 cpu=104.083s valid=1
[58/1200] QLEARNING C1_2_3 run8 -> veh=18 dist=2762.12 cpu=105.013s valid=1
[59/1200] CLASSIC C1_2_4 run3 -> veh=18 dist=2792.21 cpu=80.2994s valid=1
[60/1200] QLEARNING C1_2_3 run9 -> veh=18 dist=2744.97 cpu=107.696s valid=1
[61/1200] QLEARNING C1_2_3 run2 -> veh=18 dist=2765.58 cpu=117.533s valid=1
[62/1200] QLEARNING C1_2_3 run10 -> veh=18 dist=2758.57 cpu=109.374s valid=1
[63/1200] QLEARNING C1_2_3 run5 -> veh=18 dist=2723.73 cpu=113.68s valid=1
[64/1200] CLASSIC C1_2_4 run4 -> veh=18 dist=2790.89 cpu=85.8768s valid=1
[65/1200] CLASSIC C1_2_5 run1 -> veh=20 dist=2702.05 cpu=50.6528s valid=1
[66/1200] CLASSIC C1_2_5 run3 -> veh=20 dist=2702.05 cpu=50.4658s valid=1
[67/1200] CLASSIC C1_2_5 run4 -> veh=20 dist=2702.05 cpu=56.4531s valid=1
[68/1200] CLASSIC C1_2_5 run2 -> veh=20 dist=2702.05 cpu=58.3474s valid=1
[69/1200] CLASSIC C1_2_4 run6 -> veh=18 dist=2810.01 cpu=78.1819s valid=1
[70/1200] CLASSIC C1_2_4 run5 -> veh=18 dist=2706.13 cpu=79.5786s valid=1
[71/1200] CLASSIC C1_2_4 run9 -> veh=18 dist=2783.53 cpu=79.0869s valid=1
[72/1200] CLASSIC C1_2_5 run5 -> veh=20 dist=2702.05 cpu=51.6874s valid=1
[73/1200] CLASSIC C1_2_5 run6 -> veh=20 dist=2702.05 cpu=50.6384s valid=1
[74/1200] CLASSIC C1_2_4 run7 -> veh=18 dist=2658.46 cpu=85.9023s valid=1
[75/1200] CLASSIC C1_2_5 run7 -> veh=20 dist=2702.05 cpu=51.3629s valid=1
[76/1200] CLASSIC C1_2_4 run8 -> veh=18 dist=2651.41 cpu=89.7086s valid=1
[77/1200] CLASSIC C1_2_5 run8 -> veh=20 dist=2702.05 cpu=51.9476s valid=1
[78/1200] CLASSIC C1_2_5 run9 -> veh=20 dist=2702.05 cpu=51.9105s valid=1
[79/1200] CLASSIC C1_2_5 run10 -> veh=20 dist=2702.05 cpu=50.9987s valid=1
[80/1200] CLASSIC C1_2_4 run10 -> veh=18 dist=2656.65 cpu=93.8503s valid=1
[81/1200] QLEARNING C1_2_5 run1 -> veh=20 dist=2702.05 cpu=62.4199s valid=1
[82/1200] QLEARNING C1_2_5 run2 -> veh=20 dist=2702.05 cpu=62.7842s valid=1
[83/1200] QLEARNING C1_2_5 run4 -> veh=20 dist=2702.05 cpu=61.0017s valid=1
[84/1200] QLEARNING C1_2_4 run1 -> veh=18 dist=2665.63 cpu=107.411s valid=1
[85/1200] QLEARNING C1_2_5 run3 -> veh=20 dist=2702.05 cpu=69.1541s valid=1
[86/1200] QLEARNING C1_2_4 run5 -> veh=18 dist=2678.26 cpu=109.947s valid=1
[87/1200] QLEARNING C1_2_4 run8 -> veh=18 dist=2667.29 cpu=107.827s valid=1
[88/1200] QLEARNING C1_2_4 run7 -> veh=18 dist=2673.35 cpu=110.147s valid=1
[89/1200] QLEARNING C1_2_5 run5 -> veh=20 dist=2702.05 cpu=70.5024s valid=1
[90/1200] QLEARNING C1_2_5 run6 -> veh=20 dist=2702.05 cpu=70.2634s valid=1
[91/1200] QLEARNING C1_2_4 run2 -> veh=18 dist=2674.54 cpu=118.13s valid=1
[92/1200] QLEARNING C1_2_4 run10 -> veh=18 dist=2689.01 cpu=111.725s valid=1
[93/1200] QLEARNING C1_2_4 run3 -> veh=18 dist=2684.12 cpu=121.936s valid=1
[94/1200] QLEARNING C1_2_4 run4 -> veh=18 dist=2681.89 cpu=122.199s valid=1
[95/1200] QLEARNING C1_2_5 run7 -> veh=20 dist=2702.05 cpu=62.2719s valid=1
[96/1200] QLEARNING C1_2_4 run6 -> veh=18 dist=2685.37 cpu=122.392s valid=1
[97/1200] QLEARNING C1_2_5 run8 -> veh=20 dist=2702.05 cpu=60.2847s valid=1
[98/1200] QLEARNING C1_2_4 run9 -> veh=18 dist=2662.93 cpu=122.588s valid=1
[99/1200] CLASSIC C1_2_6 run1 -> veh=20 dist=2701.04 cpu=59.1805s valid=1
[100/1200] CLASSIC C1_2_6 run2 -> veh=20 dist=2701.04 cpu=59.6499s valid=1
[101/1200] CLASSIC C1_2_6 run3 -> veh=20 dist=2701.04 cpu=58.8117s valid=1
[102/1200] CLASSIC C1_2_6 run4 -> veh=20 dist=2701.04 cpu=58.6949s valid=1
[103/1200] QLEARNING C1_2_5 run9 -> veh=20 dist=2702.05 cpu=67.0527s valid=1
[104/1200] CLASSIC C1_2_6 run5 -> veh=20 dist=2701.04 cpu=58.7104s valid=1
[105/1200] CLASSIC C1_2_6 run6 -> veh=20 dist=2701.04 cpu=57.6628s valid=1
[106/1200] QLEARNING C1_2_5 run10 -> veh=20 dist=2702.05 cpu=67.875s valid=1
[107/1200] CLASSIC C1_2_6 run7 -> veh=20 dist=2701.04 cpu=58.137s valid=1
[108/1200] CLASSIC C1_2_6 run9 -> veh=20 dist=2701.04 cpu=57.2467s valid=1
[109/1200] CLASSIC C1_2_6 run10 -> veh=20 dist=2701.04 cpu=57.9885s valid=1
[110/1200] CLASSIC C1_2_6 run8 -> veh=20 dist=2701.04 cpu=59.4795s valid=1
[111/1200] QLEARNING C1_2_6 run1 -> veh=20 dist=2701.04 cpu=70.6213s valid=1
[112/1200] CLASSIC C1_2_7 run1 -> veh=20 dist=2701.04 cpu=55.0489s valid=1
[113/1200] CLASSIC C1_2_7 run4 -> veh=20 dist=2701.04 cpu=49.6484s valid=1
[114/1200] QLEARNING C1_2_6 run3 -> veh=20 dist=2701.04 cpu=71.4822s valid=1
[115/1200] QLEARNING C1_2_6 run2 -> veh=20 dist=2701.04 cpu=80.407s valid=1
[116/1200] QLEARNING C1_2_6 run4 -> veh=20 dist=2701.04 cpu=69.6872s valid=1
[117/1200] CLASSIC C1_2_7 run2 -> veh=20 dist=2701.04 cpu=55.5882s valid=1
[118/1200] CLASSIC C1_2_7 run5 -> veh=20 dist=2701.04 cpu=51.033s valid=1
[119/1200] CLASSIC C1_2_7 run3 -> veh=20 dist=2701.04 cpu=55.4671s valid=1
[120/1200] QLEARNING C1_2_6 run5 -> veh=20 dist=2701.04 cpu=70.5446s valid=1
[121/1200] CLASSIC C1_2_7 run7 -> veh=20 dist=2701.04 cpu=50.115s valid=1
[122/1200] CLASSIC C1_2_7 run9 -> veh=20 dist=2701.04 cpu=50.5011s valid=1
[123/1200] CLASSIC C1_2_7 run6 -> veh=20 dist=2701.04 cpu=55.4389s valid=1
[124/1200] QLEARNING C1_2_6 run8 -> veh=20 dist=2701.04 cpu=70.0954s valid=1
[125/1200] CLASSIC C1_2_7 run8 -> veh=20 dist=2701.04 cpu=56.3055s valid=1
[126/1200] QLEARNING C1_2_6 run6 -> veh=20 dist=2701.04 cpu=77.8426s valid=1
[127/1200] QLEARNING C1_2_6 run10 -> veh=20 dist=2701.04 cpu=68.8533s valid=1
[128/1200] QLEARNING C1_2_6 run9 -> veh=20 dist=2701.04 cpu=73.2229s valid=1
[129/1200] CLASSIC C1_2_7 run10 -> veh=20 dist=2701.04 cpu=56.059s valid=1
[130/1200] QLEARNING C1_2_6 run7 -> veh=20 dist=2701.04 cpu=78.9486s valid=1
[131/1200] QLEARNING C1_2_7 run1 -> veh=20 dist=2701.04 cpu=69.0188s valid=1
[132/1200] QLEARNING C1_2_7 run2 -> veh=20 dist=2701.04 cpu=68.3395s valid=1
[133/1200] QLEARNING C1_2_7 run3 -> veh=20 dist=2701.04 cpu=70.5114s valid=1
[134/1200] QLEARNING C1_2_7 run4 -> veh=20 dist=2701.04 cpu=70.1294s valid=1
[135/1200] QLEARNING C1_2_7 run6 -> veh=20 dist=2701.04 cpu=70.1288s valid=1
[136/1200] QLEARNING C1_2_7 run7 -> veh=20 dist=2701.04 cpu=70.2664s valid=1
[137/1200] CLASSIC C1_2_8 run1 -> veh=19 dist=2877.47 cpu=68.905s valid=1
[138/1200] QLEARNING C1_2_7 run10 -> veh=20 dist=2701.04 cpu=69.9626s valid=1
[139/1200] QLEARNING C1_2_7 run9 -> veh=20 dist=2701.04 cpu=71.0854s valid=1
[140/1200] QLEARNING C1_2_7 run5 -> veh=20 dist=2701.04 cpu=78.2869s valid=1
[141/1200] QLEARNING C1_2_7 run8 -> veh=20 dist=2701.04 cpu=78.3226s valid=1
[142/1200] CLASSIC C1_2_8 run3 -> veh=19 dist=2842.45 cpu=61.8259s valid=1
[143/1200] CLASSIC C1_2_8 run2 -> veh=19 dist=2841.43 cpu=76.6687s valid=1
[144/1200] CLASSIC C1_2_8 run8 -> veh=19 dist=2883.5 cpu=56.3883s valid=1
[145/1200] CLASSIC C1_2_8 run5 -> veh=19 dist=2818.45 cpu=58.2652s valid=1
[146/1200] CLASSIC C1_2_9 run4 -> veh=18 dist=2882.27 cpu=29.1702s valid=1
[147/1200] CLASSIC C1_2_8 run6 -> veh=19 dist=2833.83 cpu=61.0783s valid=1
[148/1200] CLASSIC C1_2_8 run9 -> veh=19 dist=2828.23 cpu=62.9259s valid=1
[149/1200] CLASSIC C1_2_9 run2 -> veh=18 dist=2826.68 cpu=47.878s valid=1
[150/1200] CLASSIC C1_2_8 run10 -> veh=20 dist=2695.44 cpu=69.7267s valid=1
[151/1200] CLASSIC C1_2_8 run4 -> veh=20 dist=2693.25 cpu=75.8894s valid=1
[152/1200] QLEARNING C1_2_8 run2 -> veh=19 dist=2806.92 cpu=72.5124s valid=1
[153/1200] CLASSIC C1_2_8 run7 -> veh=20 dist=2693.77 cpu=76.0982s valid=1
[154/1200] CLASSIC C1_2_9 run1 -> veh=19 dist=2697.81 cpu=67.069s valid=1
[155/1200] QLEARNING C1_2_8 run3 -> veh=19 dist=2795.81 cpu=82.5913s valid=1
[156/1200] QLEARNING C1_2_8 run1 -> veh=19 dist=2846.14 cpu=83.3492s valid=1
[157/1200] QLEARNING C1_2_8 run6 -> veh=19 dist=2811.4 cpu=77.7017s valid=1
[158/1200] CLASSIC C1_2_9 run3 -> veh=19 dist=2732.35 cpu=60.8331s valid=1
[159/1200] QLEARNING C1_2_8 run10 -> veh=19 dist=2835.24 cpu=80.5767s valid=1
[160/1200] CLASSIC C1_2_9 run5 -> veh=19 dist=2673.17 cpu=62.7395s valid=1
[161/1200] CLASSIC C1_2_9 run6 -> veh=19 dist=2681.89 cpu=61.6378s valid=1
[162/1200] QLEARNING C1_2_8 run9 -> veh=19 dist=2812.78 cpu=86.5982s valid=1
[163/1200] QLEARNING C1_2_8 run4 -> veh=20 dist=2690.5 cpu=94.0199s valid=1
[164/1200] CLASSIC C1_2_9 run8 -> veh=19 dist=2701.06 cpu=61.663s valid=1
[165/1200] CLASSIC C1_2_9 run7 -> veh=19 dist=2712.86 cpu=62.3921s valid=1
[166/1200] CLASSIC C1_2_9 run10 -> veh=19 dist=2722.51 cpu=62.1752s valid=1
[167/1200] CLASSIC C1_2_9 run9 -> veh=19 dist=2709.71 cpu=63.3128s valid=1
[168/1200] QLEARNING C1_2_8 run5 -> veh=19 dist=2860.34 cpu=101.179s valid=1
[169/1200] QLEARNING C1_2_8 run8 -> veh=20 dist=2690.91 cpu=103.813s valid=1
[170/1200] QLEARNING C1_2_8 run7 -> veh=20 dist=2690.77 cpu=105.305s valid=1
[171/1200] CLASSIC C1_2_10 run1 -> veh=18 dist=2896.59 cpu=54.2167s valid=1
[172/1200] CLASSIC C1_2_10 run2 -> veh=18 dist=2802.21 cpu=58.838s valid=1
[173/1200] CLASSIC C1_2_10 run4 -> veh=18 dist=2668.03 cpu=56.3257s valid=1
[174/1200] QLEARNING C1_2_9 run6 -> veh=18 dist=2798.03 cpu=76.657s valid=1
[175/1200] QLEARNING C1_2_9 run1 -> veh=19 dist=2661.97 cpu=92.2813s valid=1
[176/1200] CLASSIC C1_2_10 run9 -> veh=18 dist=2747.82 cpu=51.693s valid=1
[177/1200] CLASSIC C1_2_10 run7 -> veh=18 dist=2729.55 cpu=56.7026s valid=1
[178/1200] QLEARNING C1_2_9 run4 -> veh=19 dist=2648.92 cpu=92.2008s valid=1
[179/1200] CLASSIC C1_2_10 run5 -> veh=18 dist=2699.06 cpu=66.2148s valid=1
[180/1200] CLASSIC C1_2_10 run3 -> veh=18 dist=2720.8 cpu=69.8453s valid=1
[181/1200] QLEARNING C1_2_9 run9 -> veh=18 dist=2864.36 cpu=83.5056s valid=1
[182/1200] QLEARNING C1_2_9 run10 -> veh=18 dist=2815.66 cpu=81.0321s valid=1
[183/1200] QLEARNING C1_2_9 run3 -> veh=19 dist=2654.18 cpu=100.602s valid=1
[184/1200] QLEARNING C1_2_9 run2 -> veh=19 dist=2651.33 cpu=103.008s valid=1
[185/1200] QLEARNING C1_2_9 run5 -> veh=19 dist=2648.66 cpu=99.0577s valid=1
[186/1200] CLASSIC C1_2_10 run8 -> veh=18 dist=2976.04 cpu=65.9996s valid=1
[187/1200] CLASSIC C1_2_10 run6 -> veh=18 dist=2710.79 cpu=68.7422s valid=1
[188/1200] CLASSIC C1_2_10 run10 -> veh=18 dist=2758.78 cpu=61.3822s valid=1
[189/1200] QLEARNING C1_2_9 run8 -> veh=19 dist=2660.65 cpu=93.4725s valid=1
[190/1200] QLEARNING C1_2_9 run7 -> veh=19 dist=2649.66 cpu=95.8547s valid=1
[191/1200] CLASSIC C2_2_1 run1 -> veh=6 dist=1931.44 cpu=54.5871s valid=1
[192/1200] QLEARNING C1_2_10 run4 -> veh=18 dist=2742.55 cpu=72.361s valid=1
[193/1200] CLASSIC C2_2_1 run2 -> veh=6 dist=1931.44 cpu=54.9114s valid=1
[194/1200] QLEARNING C1_2_10 run1 -> veh=18 dist=2713.23 cpu=75.6215s valid=1
[195/1200] QLEARNING C1_2_10 run5 -> veh=18 dist=2682 cpu=74.0618s valid=1
[196/1200] CLASSIC C2_2_1 run3 -> veh=6 dist=1931.44 cpu=54.6367s valid=1
[197/1200] QLEARNING C1_2_10 run7 -> veh=18 dist=2697.66 cpu=77.8324s valid=1
[198/1200] QLEARNING C1_2_10 run3 -> veh=18 dist=2703.55 cpu=80.4185s valid=1
[199/1200] QLEARNING C1_2_10 run8 -> veh=18 dist=2688.46 cpu=74.4053s valid=1
[200/1200] CLASSIC C2_2_1 run4 -> veh=6 dist=1931.44 cpu=49.5329s valid=1
[201/1200] QLEARNING C1_2_10 run9 -> veh=18 dist=2721.22 cpu=74.3648s valid=1
[202/1200] CLASSIC C2_2_1 run5 -> veh=6 dist=1931.44 cpu=49.5499s valid=1
[203/1200] QLEARNING C1_2_10 run2 -> veh=18 dist=2717.52 cpu=84.0872s valid=1
[204/1200] CLASSIC C2_2_1 run6 -> veh=6 dist=1931.44 cpu=49.6147s valid=1
[205/1200] CLASSIC C2_2_1 run7 -> veh=6 dist=1931.44 cpu=50.0805s valid=1
[206/1200] QLEARNING C1_2_10 run6 -> veh=18 dist=2681.72 cpu=85.7462s valid=1
[207/1200] QLEARNING C1_2_10 run10 -> veh=18 dist=2728.77 cpu=80.2786s valid=1
[208/1200] CLASSIC C2_2_1 run8 -> veh=6 dist=1931.44 cpu=49.9323s valid=1
[209/1200] CLASSIC C2_2_1 run10 -> veh=6 dist=1931.44 cpu=50.48s valid=1
[210/1200] CLASSIC C2_2_1 run9 -> veh=6 dist=1931.44 cpu=55.6934s valid=1
[211/1200] QLEARNING C2_2_1 run1 -> veh=6 dist=1931.44 cpu=54.7904s valid=1
[212/1200] QLEARNING C2_2_1 run3 -> veh=6 dist=1931.44 cpu=54.8862s valid=1
[213/1200] QLEARNING C2_2_1 run2 -> veh=6 dist=1931.44 cpu=60.5379s valid=1
[214/1200] QLEARNING C2_2_1 run4 -> veh=6 dist=1931.44 cpu=60.9713s valid=1
[215/1200] QLEARNING C2_2_1 run10 -> veh=6 dist=1931.44 cpu=54.9429s valid=1
[216/1200] QLEARNING C2_2_1 run5 -> veh=6 dist=1931.44 cpu=60.782s valid=1
[217/1200] QLEARNING C2_2_1 run6 -> veh=6 dist=1931.44 cpu=60.2674s valid=1
[218/1200] QLEARNING C2_2_1 run7 -> veh=6 dist=1931.44 cpu=60.9856s valid=1
[219/1200] QLEARNING C2_2_1 run8 -> veh=6 dist=1931.44 cpu=60.9269s valid=1
[220/1200] QLEARNING C2_2_1 run9 -> veh=6 dist=1931.44 cpu=61.1025s valid=1
[221/1200] CLASSIC C2_2_2 run1 -> veh=6 dist=1877.43 cpu=101.262s valid=1
[222/1200] CLASSIC C2_2_2 run2 -> veh=6 dist=1880.21 cpu=105.273s valid=1
[223/1200] CLASSIC C2_2_2 run4 -> veh=6 dist=1867.09 cpu=99.7139s valid=1
[224/1200] CLASSIC C2_2_2 run6 -> veh=6 dist=1879.55 cpu=101.171s valid=1
[225/1200] CLASSIC C2_2_2 run7 -> veh=6 dist=1884.9 cpu=99.6055s valid=1
[226/1200] CLASSIC C2_2_2 run9 -> veh=6 dist=1881.04 cpu=98.7921s valid=1
[227/1200] CLASSIC C2_2_2 run10 -> veh=6 dist=1863.89 cpu=98.5083s valid=1
[228/1200] CLASSIC C2_2_2 run8 -> veh=6 dist=1880.72 cpu=102.071s valid=1
[229/1200] CLASSIC C2_2_2 run3 -> veh=6 dist=1868.63 cpu=108.498s valid=1
[230/1200] CLASSIC C2_2_2 run5 -> veh=6 dist=1888.45 cpu=109.294s valid=1
[231/1200] QLEARNING C2_2_2 run1 -> veh=6 dist=1863.96 cpu=107.061s valid=1
[232/1200] QLEARNING C2_2_2 run4 -> veh=6 dist=1867.09 cpu=105.629s valid=1
[233/1200] QLEARNING C2_2_2 run3 -> veh=6 dist=1865.51 cpu=106.783s valid=1
[234/1200] QLEARNING C2_2_2 run2 -> veh=6 dist=1863.89 cpu=107.907s valid=1
[235/1200] QLEARNING C2_2_2 run6 -> veh=6 dist=1863.96 cpu=107.101s valid=1
[236/1200] QLEARNING C2_2_2 run7 -> veh=6 dist=1863.16 cpu=106.549s valid=1
[237/1200] QLEARNING C2_2_2 run8 -> veh=6 dist=1863.96 cpu=107.363s valid=1
[238/1200] QLEARNING C2_2_2 run10 -> veh=6 dist=1863.96 cpu=107.301s valid=1
[239/1200] QLEARNING C2_2_2 run9 -> veh=6 dist=1863.96 cpu=108.218s valid=1
[240/1200] QLEARNING C2_2_2 run5 -> veh=6 dist=1863.96 cpu=117.444s valid=1
[241/1200] CLASSIC C2_2_3 run1 -> veh=6 dist=1872.04 cpu=131.017s valid=1
[242/1200] CLASSIC C2_2_3 run3 -> veh=6 dist=1840.88 cpu=129.49s valid=1
[243/1200] CLASSIC C2_2_3 run4 -> veh=6 dist=1807.33 cpu=128.276s valid=1
[244/1200] CLASSIC C2_2_3 run2 -> veh=6 dist=1853.31 cpu=135.154s valid=1
[245/1200] CLASSIC C2_2_3 run7 -> veh=6 dist=1805.08 cpu=129.867s valid=1
[246/1200] CLASSIC C2_2_3 run5 -> veh=6 dist=1872.37 cpu=140.474s valid=1
[247/1200] CLASSIC C2_2_3 run8 -> veh=6 dist=1836.21 cpu=139.384s valid=1
[248/1200] CLASSIC C2_2_3 run6 -> veh=6 dist=1842.2 cpu=141.31s valid=1
[249/1200] CLASSIC C2_2_3 run9 -> veh=6 dist=1828 cpu=139.089s valid=1
[250/1200] CLASSIC C2_2_3 run10 -> veh=6 dist=1846.8 cpu=142.357s valid=1
[251/1200] QLEARNING C2_2_3 run1 -> veh=6 dist=1828.36 cpu=145.429s valid=1
[252/1200] QLEARNING C2_2_3 run2 -> veh=6 dist=1839.03 cpu=148.157s valid=1
[253/1200] QLEARNING C2_2_3 run3 -> veh=6 dist=1827.77 cpu=130.764s valid=1
[254/1200] QLEARNING C2_2_3 run4 -> veh=6 dist=1831.6 cpu=144.687s valid=1
[255/1200] QLEARNING C2_2_3 run5 -> veh=6 dist=1847.6 cpu=133.606s valid=1
[256/1200] QLEARNING C2_2_3 run7 -> veh=6 dist=1820.37 cpu=132.746s valid=1
[257/1200] QLEARNING C2_2_3 run10 -> veh=6 dist=1829.14 cpu=131.36s valid=1
[258/1200] QLEARNING C2_2_3 run9 -> veh=6 dist=1833.7 cpu=133.772s valid=1
[259/1200] QLEARNING C2_2_3 run8 -> veh=6 dist=1837.49 cpu=134.363s valid=1
[260/1200] QLEARNING C2_2_3 run6 -> veh=6 dist=1832.07 cpu=138.77s valid=1
[261/1200] CLASSIC C2_2_5 run1 -> veh=6 dist=1879.31 cpu=66.7933s valid=1
[262/1200] CLASSIC C2_2_5 run2 -> veh=6 dist=1879.62 cpu=66.9833s valid=1
[263/1200] CLASSIC C2_2_5 run3 -> veh=6 dist=1881.89 cpu=65.6148s valid=1
[264/1200] CLASSIC C2_2_4 run5 -> veh=6 dist=1781.53 cpu=137.59s valid=1
[265/1200] CLASSIC C2_2_4 run4 -> veh=6 dist=1763.75 cpu=138.239s valid=1
[266/1200] CLASSIC C2_2_4 run2 -> veh=6 dist=1868.67 cpu=145.054s valid=1
[267/1200] CLASSIC C2_2_4 run3 -> veh=6 dist=1812.63 cpu=139.999s valid=1
[268/1200] CLASSIC C2_2_5 run4 -> veh=6 dist=1879.31 cpu=67.7939s valid=1
[269/1200] CLASSIC C2_2_4 run7 -> veh=6 dist=1823.09 cpu=139.187s valid=1
[270/1200] CLASSIC C2_2_4 run8 -> veh=6 dist=1773.51 cpu=138.576s valid=1
[271/1200] CLASSIC C2_2_4 run9 -> veh=6 dist=1785.79 cpu=138.14s valid=1
[272/1200] CLASSIC C2_2_4 run1 -> veh=6 dist=1794.95 cpu=153.668s valid=1
[273/1200] QLEARNING C2_2_4 run1 -> veh=6 dist=1767.47 cpu=139.568s valid=1
[274/1200] CLASSIC C2_2_4 run10 -> veh=6 dist=1845.64 cpu=140.786s valid=1
[275/1200] CLASSIC C2_2_4 run6 -> veh=6 dist=1801.42 cpu=149.17s valid=1
[276/1200] CLASSIC C2_2_5 run5 -> veh=6 dist=1879.31 cpu=60.5364s valid=1
[277/1200] QLEARNING C2_2_4 run2 -> veh=6 dist=1800.63 cpu=153.778s valid=1
[278/1200] QLEARNING C2_2_4 run3 -> veh=6 dist=1768.67 cpu=138.897s valid=1
[279/1200] CLASSIC C2_2_5 run8 -> veh=6 dist=1883.51 cpu=60.5461s valid=1
[280/1200] QLEARNING C2_2_4 run5 -> veh=6 dist=1785.1 cpu=139.559s valid=1
[281/1200] CLASSIC C2_2_5 run7 -> veh=6 dist=1879.31 cpu=60.3469s valid=1
[282/1200] QLEARNING C2_2_4 run4 -> veh=6 dist=1739.11 cpu=140.716s valid=1
[283/1200] CLASSIC C2_2_5 run9 -> veh=6 dist=1879.31 cpu=60.5126s valid=1
[284/1200] CLASSIC C2_2_5 run10 -> veh=6 dist=1879.96 cpu=62.0701s valid=1
[285/1200] CLASSIC C2_2_5 run6 -> veh=6 dist=1879.31 cpu=67.5866s valid=1
[286/1200] QLEARNING C2_2_4 run6 -> veh=6 dist=1768.15 cpu=139.73s valid=1
[287/1200] QLEARNING C2_2_5 run2 -> veh=6 dist=1879.31 cpu=65.4655s valid=1
[288/1200] QLEARNING C2_2_5 run1 -> veh=6 dist=1879.31 cpu=66.1911s valid=1
[289/1200] QLEARNING C2_2_5 run3 -> veh=6 dist=1879.96 cpu=65.3835s valid=1
[290/1200] QLEARNING C2_2_5 run6 -> veh=6 dist=1883.51 cpu=63.8183s valid=1
[291/1200] QLEARNING C2_2_5 run7 -> veh=6 dist=1879.31 cpu=65.3077s valid=1
[292/1200] QLEARNING C2_2_4 run7 -> veh=6 dist=1789.35 cpu=153.411s valid=1
[293/1200] QLEARNING C2_2_5 run8 -> veh=6 dist=1879.31 cpu=66.1186s valid=1
[294/1200] QLEARNING C2_2_5 run9 -> veh=6 dist=1879.31 cpu=66.7118s valid=1
[295/1200] QLEARNING C2_2_5 run4 -> veh=6 dist=1879.31 cpu=73.2887s valid=1
[296/1200] QLEARNING C2_2_5 run5 -> veh=6 dist=1879.31 cpu=72.789s valid=1
[297/1200] QLEARNING C2_2_5 run10 -> veh=6 dist=1879.31 cpu=73.212s valid=1
[298/1200] QLEARNING C2_2_4 run8 -> veh=6 dist=1765.55 cpu=157.607s valid=1
[299/1200] CLASSIC C2_2_6 run1 -> veh=6 dist=1860.38 cpu=74.6209s valid=1
[300/1200] QLEARNING C2_2_4 run10 -> veh=6 dist=1770.5 cpu=157.998s valid=1
[301/1200] QLEARNING C2_2_4 run9 -> veh=6 dist=1778.7 cpu=158.305s valid=1
[302/1200] CLASSIC C2_2_6 run3 -> veh=6 dist=1857.41 cpu=75.7406s valid=1
[303/1200] CLASSIC C2_2_6 run5 -> veh=6 dist=1857.35 cpu=75.9988s valid=1
[304/1200] CLASSIC C2_2_6 run2 -> veh=6 dist=1865.75 cpu=82.7564s valid=1
[305/1200] CLASSIC C2_2_6 run6 -> veh=6 dist=1857.35 cpu=76.4169s valid=1
[306/1200] CLASSIC C2_2_6 run4 -> veh=6 dist=1858.46 cpu=85.2401s valid=1
[307/1200] CLASSIC C2_2_6 run7 -> veh=6 dist=1860.66 cpu=84.515s valid=1
[308/1200] CLASSIC C2_2_6 run8 -> veh=6 dist=1857.93 cpu=75.8928s valid=1
[309/1200] CLASSIC C2_2_6 run10 -> veh=6 dist=1858.85 cpu=76.3694s valid=1
[310/1200] CLASSIC C2_2_6 run9 -> veh=6 dist=1858.55 cpu=84.2313s valid=1
[311/1200] QLEARNING C2_2_6 run1 -> veh=6 dist=1858.59 cpu=79.4172s valid=1
[312/1200] QLEARNING C2_2_6 run2 -> veh=6 dist=1858.72 cpu=79.717s valid=1
[313/1200] QLEARNING C2_2_6 run3 -> veh=6 dist=1857.35 cpu=80.0752s valid=1
[314/1200] QLEARNING C2_2_6 run5 -> veh=6 dist=1857.35 cpu=79.6619s valid=1
[315/1200] QLEARNING C2_2_6 run4 -> veh=6 dist=1857.84 cpu=80.9739s valid=1
[316/1200] QLEARNING C2_2_6 run6 -> veh=6 dist=1859.91 cpu=79.2996s valid=1
[317/1200] QLEARNING C2_2_6 run8 -> veh=6 dist=1858.64 cpu=79.4176s valid=1
[318/1200] QLEARNING C2_2_6 run10 -> veh=6 dist=1857.83 cpu=79.4475s valid=1
[319/1200] QLEARNING C2_2_6 run9 -> veh=6 dist=1857.35 cpu=79.5722s valid=1
[320/1200] QLEARNING C2_2_6 run7 -> veh=6 dist=1857.83 cpu=86.6401s valid=1
[321/1200] CLASSIC C2_2_7 run1 -> veh=6 dist=1849.47 cpu=84.8012s valid=1
[322/1200] CLASSIC C2_2_7 run2 -> veh=6 dist=1852.83 cpu=82.9047s valid=1
[323/1200] CLASSIC C2_2_7 run5 -> veh=6 dist=1851.66 cpu=82.325s valid=1
[324/1200] CLASSIC C2_2_7 run6 -> veh=6 dist=1856.3 cpu=82.2928s valid=1
[325/1200] CLASSIC C2_2_7 run3 -> veh=6 dist=1853.2 cpu=90.0167s valid=1
[326/1200] CLASSIC C2_2_7 run8 -> veh=6 dist=1861.74 cpu=84.8549s valid=1
[327/1200] CLASSIC C2_2_7 run7 -> veh=6 dist=1852.44 cpu=89.5026s valid=1
[328/1200] CLASSIC C2_2_7 run4 -> veh=6 dist=1852.05 cpu=92.2765s valid=1
[329/1200] QLEARNING C2_2_7 run1 -> veh=6 dist=1850.71 cpu=88.4364s valid=1
[330/1200] CLASSIC C2_2_7 run9 -> veh=6 dist=1854.6 cpu=91.9027s valid=1
[331/1200] QLEARNING C2_2_7 run4 -> veh=6 dist=1851.27 cpu=87.3987s valid=1
[332/1200] CLASSIC C2_2_7 run10 -> veh=6 dist=1853.18 cpu=92.8439s valid=1
[333/1200] QLEARNING C2_2_7 run7 -> veh=6 dist=1853.79 cpu=85.7356s valid=1
[334/1200] QLEARNING C2_2_7 run5 -> veh=6 dist=1853.66 cpu=87.6537s valid=1
[335/1200] QLEARNING C2_2_7 run2 -> veh=6 dist=1850.89 cpu=96.3833s valid=1
[336/1200] QLEARNING C2_2_7 run3 -> veh=6 dist=1854.14 cpu=97.1238s valid=1
[337/1200] QLEARNING C2_2_7 run6 -> veh=6 dist=1853.55 cpu=94.6603s valid=1
[338/1200] QLEARNING C2_2_7 run10 -> veh=6 dist=1853.44 cpu=86.5372s valid=1
[339/1200] QLEARNING C2_2_7 run8 -> veh=6 dist=1851.42 cpu=96.5226s valid=1
[340/1200] CLASSIC C2_2_8 run1 -> veh=6 dist=1858.79 cpu=78.8866s valid=1
[341/1200] QLEARNING C2_2_7 run9 -> veh=6 dist=1852.4 cpu=97.1867s valid=1
[342/1200] CLASSIC C2_2_8 run3 -> veh=6 dist=1833.14 cpu=78.9522s valid=1
[343/1200] CLASSIC C2_2_8 run2 -> veh=6 dist=1843.83 cpu=86.2129s valid=1
[344/1200] CLASSIC C2_2_8 run5 -> veh=6 dist=1843.62 cpu=79.1827s valid=1
[345/1200] CLASSIC C2_2_8 run4 -> veh=6 dist=1844.96 cpu=80.5709s valid=1
[346/1200] CLASSIC C2_2_8 run7 -> veh=6 dist=1856.15 cpu=78.934s valid=1
[347/1200] CLASSIC C2_2_8 run6 -> veh=6 dist=1846.92 cpu=79.632s valid=1
[348/1200] CLASSIC C2_2_8 run8 -> veh=6 dist=1841.57 cpu=79.8576s valid=1
[349/1200] CLASSIC C2_2_8 run9 -> veh=6 dist=1844.68 cpu=79.6437s valid=1
[350/1200] CLASSIC C2_2_8 run10 -> veh=6 dist=1847.94 cpu=80.0077s valid=1
[351/1200] QLEARNING C2_2_8 run1 -> veh=6 dist=1838.44 cpu=83.8813s valid=1
[352/1200] QLEARNING C2_2_8 run2 -> veh=6 dist=1833.98 cpu=91.9841s valid=1
[353/1200] QLEARNING C2_2_8 run4 -> veh=6 dist=1843.58 cpu=85.0685s valid=1
[354/1200] QLEARNING C2_2_8 run5 -> veh=6 dist=1836.68 cpu=84.2599s valid=1
[355/1200] QLEARNING C2_2_8 run3 -> veh=6 dist=1832.15 cpu=93.2525s valid=1
[356/1200] QLEARNING C2_2_8 run6 -> veh=6 dist=1831.34 cpu=83.2312s valid=1
[357/1200] QLEARNING C2_2_8 run8 -> veh=6 dist=1839.11 cpu=82.2153s valid=1
[358/1200] QLEARNING C2_2_8 run9 -> veh=6 dist=1835.29 cpu=83.7136s valid=1
[359/1200] QLEARNING C2_2_8 run10 -> veh=6 dist=1838.82 cpu=86.6478s valid=1
[360/1200] QLEARNING C2_2_8 run7 -> veh=6 dist=1834.3 cpu=90.9459s valid=1
[361/1200] CLASSIC C2_2_9 run1 -> veh=6 dist=1838.82 cpu=95.7416s valid=1
[362/1200] CLASSIC C2_2_9 run3 -> veh=6 dist=1839.35 cpu=93.6112s valid=1
[363/1200] CLASSIC C2_2_9 run5 -> veh=6 dist=1844.97 cpu=95.1906s valid=1
[364/1200] CLASSIC C2_2_9 run6 -> veh=6 dist=1846.62 cpu=95.1981s valid=1
[365/1200] CLASSIC C2_2_9 run2 -> veh=6 dist=1856 cpu=102.478s valid=1
[366/1200] CLASSIC C2_2_9 run4 -> veh=6 dist=1840.28 cpu=104.35s valid=1
[367/1200] CLASSIC C2_2_9 run10 -> veh=6 dist=1847.87 cpu=94.9998s valid=1
[368/1200] CLASSIC C2_2_9 run7 -> veh=6 dist=1846.79 cpu=103.496s valid=1
[369/1200] CLASSIC C2_2_9 run8 -> veh=6 dist=1842.41 cpu=104.535s valid=1
[370/1200] CLASSIC C2_2_9 run9 -> veh=6 dist=1842.69 cpu=104.854s valid=1
[371/1200] QLEARNING C2_2_9 run2 -> veh=6 dist=1836.03 cpu=99.5288s valid=1
[372/1200] CLASSIC C2_2_10 run1 -> veh=6 dist=1832.16 cpu=91.6577s valid=1
[373/1200] QLEARNING C2_2_9 run1 -> veh=6 dist=1848.39 cpu=109.574s valid=1
[374/1200] QLEARNING C2_2_9 run4 -> veh=6 dist=1839.73 cpu=99.6703s valid=1
[375/1200] QLEARNING C2_2_9 run7 -> veh=6 dist=1863.92 cpu=98.7625s valid=1
[376/1200] QLEARNING C2_2_9 run8 -> veh=6 dist=1843.06 cpu=98.6549s valid=1
[377/1200] QLEARNING C2_2_9 run3 -> veh=6 dist=1841.68 cpu=107.627s valid=1
[378/1200] QLEARNING C2_2_9 run9 -> veh=6 dist=1841.83 cpu=99.4511s valid=1
[379/1200] CLASSIC C2_2_10 run2 -> veh=6 dist=1827.63 cpu=92.7618s valid=1
[380/1200] QLEARNING C2_2_9 run10 -> veh=6 dist=1850.62 cpu=98.5676s valid=1
[381/1200] CLASSIC C2_2_10 run3 -> veh=6 dist=1813.87 cpu=93.1725s valid=1
[382/1200] QLEARNING C2_2_9 run5 -> veh=6 dist=1844.39 cpu=108.22s valid=1
[383/1200] QLEARNING C2_2_9 run6 -> veh=6 dist=1855.43 cpu=110.592s valid=1
[384/1200] CLASSIC C2_2_10 run6 -> veh=6 dist=1840.88 cpu=91.9581s valid=1
[385/1200] CLASSIC C2_2_10 run5 -> veh=6 dist=1834.97 cpu=94.6589s valid=1
[386/1200] CLASSIC C2_2_10 run8 -> veh=6 dist=1814.87 cpu=93.3093s valid=1
[387/1200] CLASSIC R1_2_1 run1 -> veh=20 dist=4990.35 cpu=46.5995s valid=1
[388/1200] CLASSIC C2_2_10 run4 -> veh=6 dist=1816.72 cpu=104.592s valid=1
[389/1200] CLASSIC C2_2_10 run9 -> veh=6 dist=1822.49 cpu=92.6286s valid=1
[390/1200] CLASSIC R1_2_1 run3 -> veh=20 dist=4893.48 cpu=41.7037s valid=1
[391/1200] CLASSIC R1_2_1 run2 -> veh=20 dist=4920.12 cpu=47.0178s valid=1
[392/1200] CLASSIC C2_2_10 run10 -> veh=6 dist=1813.23 cpu=93.2547s valid=1
[393/1200] CLASSIC C2_2_10 run7 -> veh=6 dist=1819.99 cpu=104.743s valid=1
[394/1200] CLASSIC R1_2_1 run4 -> veh=20 dist=4993.58 cpu=40.89s valid=1
[395/1200] CLASSIC R1_2_1 run5 -> veh=20 dist=5028.28 cpu=41.6848s valid=1
[396/1200] QLEARNING C2_2_10 run1 -> veh=6 dist=1818.24 cpu=96.6779s valid=1
[397/1200] CLASSIC R1_2_1 run8 -> veh=20 dist=5022.79 cpu=41.0399s valid=1
[398/1200] CLASSIC R1_2_1 run10 -> veh=20 dist=4913.8 cpu=41.2666s valid=1
[399/1200] CLASSIC R1_2_1 run7 -> veh=20 dist=4840.12 cpu=43.2528s valid=1
[400/1200] CLASSIC R1_2_1 run6 -> veh=20 dist=4906.56 cpu=46.3678s valid=1
[401/1200] CLASSIC R1_2_1 run9 -> veh=20 dist=4892.94 cpu=46.5509s valid=1
[402/1200] QLEARNING C2_2_10 run2 -> veh=6 dist=1826.42 cpu=109.233s valid=1
[403/1200] QLEARNING C2_2_10 run4 -> veh=6 dist=1819.11 cpu=94.2096s valid=1
[404/1200] QLEARNING C2_2_10 run3 -> veh=6 dist=1818.11 cpu=97.8017s valid=1
[405/1200] QLEARNING R1_2_1 run1 -> veh=20 dist=4873.48 cpu=56.526s valid=1
[406/1200] QLEARNING R1_2_1 run2 -> veh=20 dist=4933.96 cpu=56.0978s valid=1
[407/1200] QLEARNING R1_2_1 run3 -> veh=20 dist=4871.92 cpu=54.8761s valid=1
[408/1200] QLEARNING C2_2_10 run5 -> veh=6 dist=1812.28 cpu=96.3779s valid=1
[409/1200] QLEARNING C2_2_10 run6 -> veh=6 dist=1817.33 cpu=95.5706s valid=1
[410/1200] QLEARNING R1_2_1 run4 -> veh=20 dist=4852.67 cpu=61.8249s valid=1
[411/1200] QLEARNING R1_2_1 run5 -> veh=20 dist=4874.95 cpu=61.5676s valid=1
[412/1200] QLEARNING C2_2_10 run9 -> veh=6 dist=1820.35 cpu=94.8778s valid=1
[413/1200] CLASSIC R1_2_2 run1 -> veh=18 dist=4324.2 cpu=47.3288s valid=1
[414/1200] QLEARNING C2_2_10 run7 -> veh=6 dist=1839.21 cpu=107.269s valid=1
[415/1200] QLEARNING R1_2_1 run6 -> veh=20 dist=4877.75 cpu=54.2706s valid=1
[416/1200] CLASSIC R1_2_2 run2 -> veh=18 dist=4484.62 cpu=46.1234s valid=1
[417/1200] QLEARNING C2_2_10 run10 -> veh=6 dist=1822 cpu=100.182s valid=1
[418/1200] CLASSIC R1_2_2 run4 -> veh=18 dist=4474.43 cpu=46.2415s valid=1
[419/1200] QLEARNING C2_2_10 run8 -> veh=6 dist=1818.02 cpu=107.765s valid=1
[420/1200] QLEARNING R1_2_1 run8 -> veh=20 dist=4890.7 cpu=55.7453s valid=1
[421/1200] CLASSIC R1_2_2 run7 -> veh=18 dist=4331.63 cpu=45.5037s valid=1
[422/1200] CLASSIC R1_2_2 run3 -> veh=18 dist=4425.47 cpu=51.8196s valid=1
[423/1200] QLEARNING R1_2_1 run7 -> veh=20 dist=4872.29 cpu=61.0955s valid=1
[424/1200] CLASSIC R1_2_2 run6 -> veh=18 dist=4407.29 cpu=47.7623s valid=1
[425/1200] CLASSIC R1_2_2 run9 -> veh=18 dist=4449.12 cpu=45.0193s valid=1
[426/1200] CLASSIC R1_2_2 run8 -> veh=18 dist=4379.16 cpu=46.7088s valid=1
[427/1200] QLEARNING R1_2_1 run9 -> veh=20 dist=4884.17 cpu=61.2468s valid=1
[428/1200] CLASSIC R1_2_2 run10 -> veh=18 dist=4463.47 cpu=46.6821s valid=1
[429/1200] QLEARNING R1_2_1 run10 -> veh=20 dist=4867.07 cpu=60.0183s valid=1
[430/1200] CLASSIC R1_2_2 run5 -> veh=18 dist=4420.79 cpu=52.5642s valid=1
[431/1200] QLEARNING R1_2_2 run1 -> veh=18 dist=4361.41 cpu=81.0768s valid=1
[432/1200] QLEARNING R1_2_2 run3 -> veh=18 dist=4238.32 cpu=83.0456s valid=1
[433/1200] CLASSIC R1_2_3 run1 -> veh=18 dist=3646.56 cpu=67.7007s valid=1
[434/1200] QLEARNING R1_2_2 run2 -> veh=18 dist=4355.01 cpu=89.0071s valid=1
[435/1200] QLEARNING R1_2_2 run6 -> veh=18 dist=4349.02 cpu=76.0074s valid=1
[436/1200] QLEARNING R1_2_2 run9 -> veh=18 dist=4307.19 cpu=75.8018s valid=1
[437/1200] QLEARNING R1_2_2 run7 -> veh=18 dist=4330.17 cpu=79.9651s valid=1
[438/1200] QLEARNING R1_2_2 run5 -> veh=18 dist=4345.85 cpu=82.3167s valid=1
[439/1200] QLEARNING R1_2_2 run8 -> veh=18 dist=4259.44 cpu=80.6677s valid=1
[440/1200] CLASSIC R1_2_3 run4 -> veh=18 dist=3683.7 cpu=67.8097s valid=1
[441/1200] QLEARNING R1_2_2 run4 -> veh=18 dist=4261.95 cpu=86.9923s valid=1
[442/1200] QLEARNING R1_2_2 run10 -> veh=18 dist=4316.34 cpu=79.107s valid=1
[443/1200] CLASSIC R1_2_3 run7 -> veh=18 dist=3798.6 cpu=67.3385s valid=1
[444/1200] CLASSIC R1_2_3 run2 -> veh=18 dist=3759.7 cpu=75.5053s valid=1
[445/1200] CLASSIC R1_2_3 run8 -> veh=18 dist=3758.22 cpu=67.5625s valid=1
[446/1200] CLASSIC R1_2_3 run5 -> veh=18 dist=3752.6 cpu=69.3836s valid=1
[447/1200] CLASSIC R1_2_3 run9 -> veh=18 dist=3711.57 cpu=68.4767s valid=1
[448/1200] CLASSIC R1_2_3 run10 -> veh=18 dist=3713.5 cpu=68.8994s valid=1
[449/1200] CLASSIC R1_2_3 run3 -> veh=18 dist=3727.17 cpu=77.0887s valid=1
[450/1200] CLASSIC R1_2_3 run6 -> veh=18 dist=3716.84 cpu=76.2054s valid=1
[451/1200] CLASSIC R1_2_5 run1 -> veh=18 dist=4700.76 cpu=26.4653s valid=1
[452/1200] CLASSIC R1_2_4 run1 -> veh=18 dist=3287 cpu=90.0844s valid=1
[453/1200] CLASSIC R1_2_5 run2 -> veh=18 dist=4605.99 cpu=26.326s valid=1
[454/1200] CLASSIC R1_2_4 run2 -> veh=18 dist=3186.84 cpu=92.8008s valid=1
[455/1200] QLEARNING R1_2_3 run2 -> veh=18 dist=3611.06 cpu=106.323s valid=1
[456/1200] QLEARNING R1_2_3 run6 -> veh=18 dist=3540.02 cpu=104.762s valid=1
[457/1200] QLEARNING R1_2_3 run3 -> veh=18 dist=3621.82 cpu=106.221s valid=1
[458/1200] QLEARNING R1_2_3 run10 -> veh=18 dist=3587.43 cpu=104.323s valid=1
[459/1200] QLEARNING R1_2_3 run5 -> veh=18 dist=3530.9 cpu=109.808s valid=1
[460/1200] QLEARNING R1_2_3 run8 -> veh=18 dist=3567.84 cpu=108.482s valid=1
[461/1200] QLEARNING R1_2_3 run7 -> veh=18 dist=3625.44 cpu=109.4s valid=1
[462/1200] QLEARNING R1_2_3 run1 -> veh=18 dist=3520.53 cpu=116.05s valid=1
[463/1200] QLEARNING R1_2_3 run4 -> veh=18 dist=3599.08 cpu=113.342s valid=1
[464/1200] CLASSIC R1_2_5 run3 -> veh=18 dist=4612.69 cpu=23.7349s valid=1
[465/1200] CLASSIC R1_2_5 run6 -> veh=18 dist=4686.16 cpu=22.6876s valid=1
[466/1200] CLASSIC R1_2_5 run4 -> veh=18 dist=4681.73 cpu=25.8505s valid=1
[467/1200] CLASSIC R1_2_5 run5 -> veh=18 dist=4542.21 cpu=24.7873s valid=1
[468/1200] QLEARNING R1_2_3 run9 -> veh=18 dist=3558.6 cpu=117.385s valid=1
[469/1200] CLASSIC R1_2_5 run7 -> veh=18 dist=4590.21 cpu=21.3667s valid=1
[470/1200] CLASSIC R1_2_5 run9 -> veh=18 dist=4796.26 cpu=20.4494s valid=1
[471/1200] CLASSIC R1_2_5 run8 -> veh=18 dist=4731.37 cpu=20.6626s valid=1
[472/1200] CLASSIC R1_2_4 run6 -> veh=18 dist=3310.8 cpu=78.4982s valid=1
[473/1200] CLASSIC R1_2_4 run5 -> veh=18 dist=3249.18 cpu=79.0981s valid=1
[474/1200] CLASSIC R1_2_4 run7 -> veh=18 dist=3368.92 cpu=79.5267s valid=1
[475/1200] CLASSIC R1_2_5 run10 -> veh=18 dist=4477.89 cpu=21.4203s valid=1
[476/1200] CLASSIC R1_2_4 run8 -> veh=18 dist=3376.01 cpu=77.9525s valid=1
[477/1200] CLASSIC R1_2_4 run3 -> veh=18 dist=3224.98 cpu=93.534s valid=1
[478/1200] CLASSIC R1_2_4 run9 -> veh=18 dist=3210.77 cpu=79.438s valid=1
[479/1200] CLASSIC R1_2_4 run4 -> veh=18 dist=3291.03 cpu=88.5269s valid=1
[480/1200] CLASSIC R1_2_4 run10 -> veh=18 dist=3109.88 cpu=83.1835s valid=1
[481/1200] QLEARNING R1_2_5 run1 -> veh=18 dist=4543.79 cpu=43.8778s valid=1
[482/1200] QLEARNING R1_2_5 run4 -> veh=18 dist=4433.46 cpu=46.0662s valid=1
[483/1200] QLEARNING R1_2_5 run3 -> veh=18 dist=4544.2 cpu=47.4413s valid=1
[484/1200] QLEARNING R1_2_5 run2 -> veh=18 dist=4537.62 cpu=48.0365s valid=1
[485/1200] QLEARNING R1_2_5 run5 -> veh=18 dist=4564.23 cpu=48.4603s valid=1
[486/1200] QLEARNING R1_2_5 run6 -> veh=18 dist=4508.97 cpu=50.2662s valid=1
[487/1200] QLEARNING R1_2_4 run2 -> veh=18 dist=3235.18 cpu=109.577s valid=1
[488/1200] QLEARNING R1_2_4 run1 -> veh=18 dist=3219.45 cpu=110.984s valid=1
[489/1200] QLEARNING R1_2_5 run7 -> veh=18 dist=4419.97 cpu=49.2593s valid=1
[490/1200] QLEARNING R1_2_5 run8 -> veh=18 dist=4536.29 cpu=49.4443s valid=1
[491/1200] QLEARNING R1_2_4 run5 -> veh=18 dist=3224.63 cpu=110.228s valid=1
[492/1200] QLEARNING R1_2_5 run9 -> veh=18 dist=4560.43 cpu=50.5296s valid=1
[493/1200] QLEARNING R1_2_4 run4 -> veh=18 dist=3273.35 cpu=112.606s valid=1
[494/1200] QLEARNING R1_2_4 run9 -> veh=18 dist=3228.54 cpu=109.705s valid=1
[495/1200] QLEARNING R1_2_4 run7 -> veh=18 dist=3165.14 cpu=111.84s valid=1
[496/1200] QLEARNING R1_2_5 run10 -> veh=18 dist=4515.42 cpu=51.3195s valid=1
[497/1200] QLEARNING R1_2_4 run8 -> veh=18 dist=3260 cpu=112.123s valid=1
[498/1200] QLEARNING R1_2_4 run10 -> veh=18 dist=3244.37 cpu=109.468s valid=1
[499/1200] CLASSIC R1_2_6 run2 -> veh=18 dist=4036.43 cpu=51.1847s valid=1
[500/1200] CLASSIC R1_2_6 run3 -> veh=18 dist=3929.9 cpu=51.8751s valid=1
[501/1200] CLASSIC R1_2_6 run4 -> veh=18 dist=4067.95 cpu=51.8414s valid=1
[502/1200] CLASSIC R1_2_6 run1 -> veh=18 dist=3867.23 cpu=53.6609s valid=1
[503/1200] CLASSIC R1_2_6 run5 -> veh=18 dist=3930.89 cpu=51.6913s valid=1
[504/1200] CLASSIC R1_2_6 run6 -> veh=18 dist=3913.96 cpu=52.4985s valid=1
[505/1200] CLASSIC R1_2_6 run8 -> veh=18 dist=3839.93 cpu=51.6222s valid=1
[506/1200] CLASSIC R1_2_6 run7 -> veh=18 dist=3942.7 cpu=52.9849s valid=1
[507/1200] QLEARNING R1_2_4 run3 -> veh=18 dist=3216.5 cpu=127.933s valid=1
[508/1200] CLASSIC R1_2_6 run10 -> veh=18 dist=4039.32 cpu=53.1771s valid=1
[509/1200] QLEARNING R1_2_4 run6 -> veh=18 dist=3228.81 cpu=126.127s valid=1
[510/1200] CLASSIC R1_2_6 run9 -> veh=18 dist=4015.61 cpu=58.2651s valid=1
[511/1200] QLEARNING R1_2_6 run2 -> veh=18 dist=3842.81 cpu=83.6807s valid=1
[512/1200] QLEARNING R1_2_6 run1 -> veh=18 dist=3725.15 cpu=97.686s valid=1
[513/1200] CLASSIC R1_2_7 run3 -> veh=18 dist=3416.24 cpu=71.1028s valid=1
[514/1200] QLEARNING R1_2_6 run3 -> veh=18 dist=3841.92 cpu=87.3396s valid=1
[515/1200] CLASSIC R1_2_7 run5 -> veh=18 dist=3374.57 cpu=72.0188s valid=1
[516/1200] CLASSIC R1_2_7 run7 -> veh=18 dist=3421.24 cpu=71.8815s valid=1
[517/1200] CLASSIC R1_2_7 run6 -> veh=18 dist=3500.88 cpu=72.0383s valid=1
[518/1200] QLEARNING R1_2_6 run4 -> veh=18 dist=3775.02 cpu=87.0256s valid=1
[519/1200] CLASSIC R1_2_7 run10 -> veh=18 dist=3467.13 cpu=72.2769s valid=1
[520/1200] CLASSIC R1_2_7 run2 -> veh=18 dist=3497.2 cpu=78.2347s valid=1
[521/1200] CLASSIC R1_2_7 run1 -> veh=18 dist=3496.34 cpu=79.7168s valid=1
[522/1200] QLEARNING R1_2_6 run6 -> veh=18 dist=3807.73 cpu=90.9076s valid=1
[523/1200] QLEARNING R1_2_6 run10 -> veh=18 dist=3784.49 cpu=85.4158s valid=1
[524/1200] QLEARNING R1_2_6 run9 -> veh=18 dist=3767.49 cpu=86.5016s valid=1
[525/1200] CLASSIC R1_2_7 run4 -> veh=18 dist=3396.87 cpu=80.808s valid=1
[526/1200] CLASSIC R1_2_7 run9 -> veh=18 dist=3226.23 cpu=81.0691s valid=1
[527/1200] QLEARNING R1_2_6 run7 -> veh=18 dist=3764.33 cpu=93.9815s valid=1
[528/1200] CLASSIC R1_2_7 run8 -> veh=18 dist=3269.27 cpu=83.1207s valid=1
[529/1200] QLEARNING R1_2_6 run5 -> veh=18 dist=3837.39 cpu=97.5347s valid=1
[530/1200] QLEARNING R1_2_6 run8 -> veh=18 dist=3812.54 cpu=94.8271s valid=1
[531/1200] CLASSIC R1_2_8 run2 -> veh=18 dist=3078.02 cpu=84.4171s valid=1
[532/1200] CLASSIC R1_2_8 run1 -> veh=18 dist=3078.53 cpu=89.7338s valid=1
[533/1200] QLEARNING R1_2_7 run5 -> veh=18 dist=3334.34 cpu=103.689s valid=1
[534/1200] QLEARNING R1_2_7 run1 -> veh=18 dist=3321.48 cpu=105.911s valid=1
[535/1200] QLEARNING R1_2_7 run3 -> veh=18 dist=3292.62 cpu=105.824s valid=1
[536/1200] QLEARNING R1_2_7 run4 -> veh=18 dist=3291.96 cpu=106.762s valid=1
[537/1200] QLEARNING R1_2_7 run2 -> veh=18 dist=3291.47 cpu=107.146s valid=1
[538/1200] QLEARNING R1_2_7 run10 -> veh=18 dist=3332.35 cpu=101.375s valid=1
[539/1200] QLEARNING R1_2_7 run7 -> veh=18 dist=3295.94 cpu=105.372s valid=1
[540/1200] QLEARNING R1_2_7 run8 -> veh=18 dist=3319.84 cpu=105.395s valid=1
[541/1200] QLEARNING R1_2_7 run6 -> veh=18 dist=3327.59 cpu=107.401s valid=1
[542/1200] CLASSIC R1_2_9 run1 -> veh=18 dist=4276.83 cpu=35.4855s valid=1
[543/1200] CLASSIC R1_2_9 run2 -> veh=18 dist=4249.09 cpu=36.1517s valid=1
[544/1200] QLEARNING R1_2_7 run9 -> veh=18 dist=3279.7 cpu=117.86s valid=1
[545/1200] CLASSIC R1_2_8 run3 -> veh=18 dist=3090.32 cpu=84.1775s valid=1
[546/1200] CLASSIC R1_2_9 run3 -> veh=18 dist=4333.88 cpu=33.2396s valid=1
[547/1200] CLASSIC R1_2_9 run4 -> veh=18 dist=4234.21 cpu=33.4815s valid=1
[548/1200] CLASSIC R1_2_9 run6 -> veh=18 dist=4158.56 cpu=31.5598s valid=1
[549/1200] CLASSIC R1_2_9 run5 -> veh=18 dist=4310.66 cpu=32.5007s valid=1
[550/1200] CLASSIC R1_2_9 run7 -> veh=18 dist=4206.56 cpu=32.7566s valid=1
[551/1200] CLASSIC R1_2_9 run9 -> veh=18 dist=4215.55 cpu=32.7694s valid=1
[552/1200] CLASSIC R1_2_9 run8 -> veh=18 dist=4220.9 cpu=33.2083s valid=1
[553/1200] CLASSIC R1_2_9 run10 -> veh=18 dist=4202.51 cpu=32.8608s valid=1
[554/1200] CLASSIC R1_2_8 run4 -> veh=18 dist=3014.6 cpu=93.3985s valid=1
[555/1200] CLASSIC R1_2_8 run5 -> veh=18 dist=3027.88 cpu=83.491s valid=1
[556/1200] CLASSIC R1_2_8 run8 -> veh=18 dist=3300.87 cpu=80.5438s valid=1
[557/1200] CLASSIC R1_2_8 run7 -> veh=18 dist=3057.51 cpu=83.7379s valid=1
[558/1200] CLASSIC R1_2_8 run6 -> veh=18 dist=3172.67 cpu=84.786s valid=1
[559/1200] CLASSIC R1_2_8 run9 -> veh=18 dist=3239.88 cpu=82.6106s valid=1
[560/1200] CLASSIC R1_2_8 run10 -> veh=18 dist=3213.8 cpu=93.6166s valid=1
[561/1200] QLEARNING R1_2_9 run1 -> veh=18 dist=4037.04 cpu=54.1925s valid=1
[562/1200] QLEARNING R1_2_9 run2 -> veh=18 dist=4091.66 cpu=57.8555s valid=1
[563/1200] QLEARNING R1_2_9 run3 -> veh=18 dist=4018.86 cpu=58.1397s valid=1
[564/1200] QLEARNING R1_2_9 run4 -> veh=18 dist=4100.87 cpu=63.1928s valid=1
[565/1200] QLEARNING R1_2_8 run1 -> veh=18 dist=3063.48 cpu=113.892s valid=1
[566/1200] QLEARNING R1_2_9 run5 -> veh=18 dist=4077.76 cpu=64.0275s valid=1
[567/1200] QLEARNING R1_2_8 run7 -> veh=18 dist=3123.51 cpu=109.28s valid=1
[568/1200] QLEARNING R1_2_9 run7 -> veh=18 dist=4049.11 cpu=56.2444s valid=1
[569/1200] QLEARNING R1_2_8 run6 -> veh=18 dist=3119.91 cpu=111.15s valid=1
[570/1200] QLEARNING R1_2_9 run6 -> veh=18 dist=4093.51 cpu=63.259s valid=1
[571/1200] QLEARNING R1_2_9 run8 -> veh=18 dist=3999.95 cpu=59.7025s valid=1
[572/1200] QLEARNING R1_2_8 run8 -> veh=18 dist=3101.7 cpu=114.881s valid=1
[573/1200] QLEARNING R1_2_9 run9 -> veh=18 dist=4015.78 cpu=59.5846s valid=1
[574/1200] QLEARNING R1_2_8 run2 -> veh=18 dist=3064.21 cpu=123.372s valid=1
[575/1200] CLASSIC R1_2_10 run5 -> veh=18 dist=3370.36 cpu=52.7815s valid=1
[576/1200] CLASSIC R1_2_10 run2 -> veh=18 dist=3643.81 cpu=56.8184s valid=1
[577/1200] CLASSIC R1_2_10 run3 -> veh=18 dist=3644.42 cpu=55.7135s valid=1
[578/1200] QLEARNING R1_2_8 run3 -> veh=18 dist=3084.1 cpu=125.286s valid=1
[579/1200] CLASSIC R1_2_10 run4 -> veh=18 dist=3652.57 cpu=56.4978s valid=1
[580/1200] QLEARNING R1_2_8 run4 -> veh=18 dist=3077.88 cpu=125.177s valid=1
[581/1200] QLEARNING R1_2_9 run10 -> veh=18 dist=4051.29 cpu=60.5004s valid=1
[582/1200] QLEARNING R1_2_8 run5 -> veh=18 dist=3118.37 cpu=125.503s valid=1
[583/1200] CLASSIC R1_2_10 run1 -> veh=18 dist=3612.52 cpu=62.0322s valid=1
[584/1200] QLEARNING R1_2_8 run9 -> veh=18 dist=3086.02 cpu=125.597s valid=1
[585/1200] CLASSIC R1_2_10 run7 -> veh=18 dist=3516.6 cpu=56.9898s valid=1
[586/1200] QLEARNING R1_2_8 run10 -> veh=18 dist=3073.61 cpu=126.01s valid=1
[587/1200] CLASSIC R1_2_10 run8 -> veh=18 dist=3614.2 cpu=57.0177s valid=1
[588/1200] CLASSIC R1_2_10 run10 -> veh=18 dist=3565.2 cpu=56.0685s valid=1
[589/1200] CLASSIC R1_2_10 run9 -> veh=18 dist=3597.51 cpu=56.8378s valid=1
[590/1200] CLASSIC R1_2_10 run6 -> veh=18 dist=3568.51 cpu=63.352s valid=1
[591/1200] QLEARNING R1_2_10 run1 -> veh=18 dist=3440.61 cpu=83.6392s valid=1
[592/1200] CLASSIC R2_2_1 run1 -> veh=5 dist=4172.49 cpu=54.9631s valid=1
[593/1200] CLASSIC R2_2_1 run3 -> veh=5 dist=4218.83 cpu=54.3888s valid=1
[594/1200] CLASSIC R2_2_1 run4 -> veh=5 dist=4107.52 cpu=53.608s valid=1
[595/1200] CLASSIC R2_2_1 run5 -> veh=5 dist=4148.64 cpu=55.4473s valid=1
[596/1200] CLASSIC R2_2_1 run2 -> veh=5 dist=4146.65 cpu=60.2778s valid=1
[597/1200] QLEARNING R1_2_10 run3 -> veh=18 dist=3461.63 cpu=83.681s valid=1
[598/1200] CLASSIC R2_2_1 run9 -> veh=5 dist=4123.25 cpu=53.9571s valid=1
[599/1200] QLEARNING R1_2_10 run5 -> veh=18 dist=3441.32 cpu=81.0483s valid=1
[600/1200] CLASSIC R2_2_1 run7 -> veh=5 dist=4174.03 cpu=54.5689s valid=1
[601/1200] QLEARNING R1_2_10 run4 -> veh=18 dist=3421.94 cpu=82.18s valid=1
[602/1200] CLASSIC R2_2_1 run8 -> veh=5 dist=4158.76 cpu=55.0194s valid=1
[603/1200] CLASSIC R2_2_1 run6 -> veh=5 dist=4158.64 cpu=59.6252s valid=1
[604/1200] QLEARNING R2_2_1 run3 -> veh=5 dist=4058.51 cpu=56.0335s valid=1
[605/1200] QLEARNING R2_2_1 run1 -> veh=5 dist=4091.33 cpu=57.6359s valid=1
[606/1200] QLEARNING R1_2_10 run2 -> veh=18 dist=3396.12 cpu=94.3825s valid=1
[607/1200] CLASSIC R2_2_1 run10 -> veh=5 dist=4119.15 cpu=60.2314s valid=1
[608/1200] QLEARNING R2_2_1 run7 -> veh=5 dist=4078.52 cpu=56.1436s valid=1
[609/1200] QLEARNING R2_2_1 run2 -> veh=5 dist=4091.51 cpu=62.6343s valid=1
[610/1200] QLEARNING R2_2_1 run9 -> veh=5 dist=4091.89 cpu=56.1488s valid=1
[611/1200] QLEARNING R1_2_10 run7 -> veh=18 dist=3433.17 cpu=80.2162s valid=1
[612/1200] QLEARNING R2_2_1 run4 -> veh=5 dist=4094.91 cpu=63.5835s valid=1
[613/1200] QLEARNING R2_2_1 run10 -> veh=5 dist=4073.49 cpu=57.653s valid=1
[614/1200] QLEARNING R1_2_10 run9 -> veh=18 dist=3462.02 cpu=79.8106s valid=1
[615/1200] QLEARNING R2_2_1 run5 -> veh=5 dist=4080.07 cpu=63.4132s valid=1
[616/1200] QLEARNING R1_2_10 run10 -> veh=18 dist=3417.11 cpu=80.0244s valid=1
[617/1200] QLEARNING R2_2_1 run6 -> veh=5 dist=4113.82 cpu=62.4713s valid=1
[618/1200] QLEARNING R2_2_1 run8 -> veh=5 dist=4078.09 cpu=62.265s valid=1
[619/1200] QLEARNING R1_2_10 run6 -> veh=18 dist=3438.36 cpu=89.6817s valid=1
[620/1200] QLEARNING R1_2_10 run8 -> veh=18 dist=3376.57 cpu=91.2237s valid=1
[621/1200] CLASSIC R2_2_2 run1 -> veh=4 dist=3791.41 cpu=88.9731s valid=1
[622/1200] CLASSIC R2_2_2 run2 -> veh=4 dist=3754.36 cpu=98.5698s valid=1
[623/1200] CLASSIC R2_2_2 run3 -> veh=4 dist=3806.07 cpu=91.6494s valid=1
[624/1200] CLASSIC R2_2_2 run4 -> veh=4 dist=3744.2 cpu=89.0528s valid=1
[625/1200] CLASSIC R2_2_2 run5 -> veh=4 dist=3763.68 cpu=89.1051s valid=1
[626/1200] CLASSIC R2_2_2 run7 -> veh=4 dist=3806.14 cpu=88.0057s valid=1
[627/1200] CLASSIC R2_2_2 run6 -> veh=4 dist=3823.38 cpu=90.7539s valid=1
[628/1200] CLASSIC R2_2_2 run9 -> veh=4 dist=3743.41 cpu=90.8327s valid=1
[629/1200] CLASSIC R2_2_2 run10 -> veh=4 dist=3795.61 cpu=90.7581s valid=1
[630/1200] QLEARNING R2_2_2 run2 -> veh=4 dist=3711.4 cpu=95.5536s valid=1
[631/1200] CLASSIC R2_2_2 run8 -> veh=4 dist=3800.83 cpu=96.6834s valid=1
[632/1200] QLEARNING R2_2_2 run3 -> veh=4 dist=3737.14 cpu=96.3258s valid=1
[633/1200] QLEARNING R2_2_2 run1 -> veh=4 dist=3795.89 cpu=98.6742s valid=1
[634/1200] QLEARNING R2_2_2 run4 -> veh=4 dist=3724.78 cpu=98.3202s valid=1
[635/1200] QLEARNING R2_2_2 run6 -> veh=4 dist=3742.88 cpu=98.6475s valid=1
[636/1200] QLEARNING R2_2_2 run7 -> veh=4 dist=3731.68 cpu=98.3388s valid=1
[637/1200] QLEARNING R2_2_2 run10 -> veh=4 dist=3719.02 cpu=97.1005s valid=1
[638/1200] QLEARNING R2_2_2 run5 -> veh=4 dist=3724.95 cpu=104.766s valid=1
[639/1200] QLEARNING R2_2_2 run8 -> veh=4 dist=3744.53 cpu=106.165s valid=1
[640/1200] QLEARNING R2_2_2 run9 -> veh=4 dist=3737.23 cpu=110.365s valid=1
[641/1200] CLASSIC R2_2_3 run2 -> veh=4 dist=2984.13 cpu=114.218s valid=1
[642/1200] CLASSIC R2_2_3 run3 -> veh=4 dist=3000.87 cpu=113.995s valid=1
[643/1200] CLASSIC R2_2_3 run5 -> veh=4 dist=2991.84 cpu=114.129s valid=1
[644/1200] CLASSIC R2_2_3 run6 -> veh=4 dist=2973.19 cpu=114.312s valid=1
[645/1200] CLASSIC R2_2_3 run8 -> veh=4 dist=2985.13 cpu=114.357s valid=1
[646/1200] CLASSIC R2_2_3 run4 -> veh=4 dist=3030.82 cpu=122.481s valid=1
[647/1200] CLASSIC R2_2_3 run1 -> veh=4 dist=3002.19 cpu=126.404s valid=1
[648/1200] CLASSIC R2_2_3 run7 -> veh=4 dist=3012.03 cpu=124.559s valid=1
[649/1200] CLASSIC R2_2_3 run10 -> veh=4 dist=2962.03 cpu=123.075s valid=1
[650/1200] CLASSIC R2_2_3 run9 -> veh=4 dist=2957.57 cpu=123.978s valid=1
[651/1200] QLEARNING R2_2_3 run1 -> veh=4 dist=2955.47 cpu=134.513s valid=1
[652/1200] QLEARNING R2_2_3 run2 -> veh=4 dist=2964.8 cpu=135.422s valid=1
[653/1200] QLEARNING R2_2_3 run3 -> veh=4 dist=2994.38 cpu=124.425s valid=1
[654/1200] QLEARNING R2_2_3 run4 -> veh=4 dist=2965.56 cpu=136.659s valid=1
[655/1200] CLASSIC R2_2_5 run2 -> veh=4 dist=3513.42 cpu=62.7059s valid=1
[656/1200] QLEARNING R2_2_3 run5 -> veh=4 dist=2952.27 cpu=127.172s valid=1
[657/1200] QLEARNING R2_2_3 run6 -> veh=4 dist=2996.47 cpu=126.407s valid=1
[658/1200] CLASSIC R2_2_5 run1 -> veh=4 dist=3433.31 cpu=69.0119s valid=1
[659/1200] QLEARNING R2_2_3 run8 -> veh=4 dist=3000.38 cpu=124.481s valid=1
[660/1200] QLEARNING R2_2_3 run7 -> veh=4 dist=2977.65 cpu=127.1s valid=1
[661/1200] QLEARNING R2_2_3 run9 -> veh=4 dist=2982.84 cpu=131.632s valid=1
[662/1200] QLEARNING R2_2_3 run10 -> veh=4 dist=2935.98 cpu=128.934s valid=1
[663/1200] CLASSIC R2_2_5 run3 -> veh=4 dist=3444.91 cpu=67.6823s valid=1
[664/1200] CLASSIC R2_2_4 run1 -> veh=4 dist=2009.33 cpu=131.306s valid=1
[665/1200] CLASSIC R2_2_4 run2 -> veh=4 dist=2003.02 cpu=131.244s valid=1
[666/1200] CLASSIC R2_2_5 run4 -> veh=4 dist=3458.03 cpu=68.5622s valid=1
[667/1200] CLASSIC R2_2_4 run3 -> veh=4 dist=1996.75 cpu=133.668s valid=1
[668/1200] CLASSIC R2_2_4 run5 -> veh=4 dist=1990.71 cpu=131.542s valid=1
[669/1200] CLASSIC R2_2_4 run6 -> veh=4 dist=2037.62 cpu=131.561s valid=1
[670/1200] CLASSIC R2_2_5 run5 -> veh=4 dist=3484.94 cpu=61.4174s valid=1
[671/1200] CLASSIC R2_2_4 run7 -> veh=4 dist=2060.78 cpu=130.93s valid=1
[672/1200] CLASSIC R2_2_4 run9 -> veh=4 dist=2099.26 cpu=128.6s valid=1
[673/1200] CLASSIC R2_2_4 run4 -> veh=4 dist=2028.25 cpu=143.518s valid=1
[674/1200] CLASSIC R2_2_4 run8 -> veh=4 dist=1999.66 cpu=146.547s valid=1
[675/1200] CLASSIC R2_2_4 run10 -> veh=4 dist=1999.27 cpu=144.804s valid=1
[676/1200] QLEARNING R2_2_4 run2 -> veh=4 dist=2015.7 cpu=137.538s valid=1
[677/1200] QLEARNING R2_2_4 run3 -> veh=4 dist=1987.22 cpu=134.216s valid=1
[678/1200] QLEARNING R2_2_4 run1 -> veh=4 dist=1995.08 cpu=149.805s valid=1
[679/1200] QLEARNING R2_2_4 run4 -> veh=4 dist=2009.97 cpu=136.688s valid=1
[680/1200] QLEARNING R2_2_4 run7 -> veh=4 dist=2001.88 cpu=136.102s valid=1
[681/1200] QLEARNING R2_2_4 run5 -> veh=4 dist=1987.22 cpu=138.463s valid=1
[682/1200] CLASSIC R2_2_5 run7 -> veh=4 dist=3479.32 cpu=62.4088s valid=1
[683/1200] CLASSIC R2_2_5 run6 -> veh=4 dist=3464.07 cpu=70.2237s valid=1
[684/1200] CLASSIC R2_2_5 run8 -> veh=4 dist=3475.97 cpu=62.4728s valid=1
[685/1200] CLASSIC R2_2_5 run9 -> veh=4 dist=3421.98 cpu=61.1836s valid=1
[686/1200] QLEARNING R2_2_4 run6 -> veh=4 dist=1987.79 cpu=139.757s valid=1
[687/1200] CLASSIC R2_2_5 run10 -> veh=4 dist=3527.21 cpu=67.0559s valid=1
[688/1200] QLEARNING R2_2_5 run2 -> veh=4 dist=3404.97 cpu=64.7161s valid=1
[689/1200] QLEARNING R2_2_5 run1 -> veh=4 dist=3416.57 cpu=65.2462s valid=1
[690/1200] QLEARNING R2_2_4 run8 -> veh=4 dist=1989.7 cpu=147.742s valid=1
[691/1200] QLEARNING R2_2_5 run4 -> veh=4 dist=3377.49 cpu=65.3228s valid=1
[692/1200] QLEARNING R2_2_5 run6 -> veh=4 dist=3416.65 cpu=64.1614s valid=1
[693/1200] QLEARNING R2_2_4 run9 -> veh=4 dist=2020.83 cpu=149.88s valid=1
[694/1200] QLEARNING R2_2_5 run3 -> veh=4 dist=3394.21 cpu=69.1111s valid=1
[695/1200] QLEARNING R2_2_5 run5 -> veh=4 dist=3414.65 cpu=68.9915s valid=1
[696/1200] QLEARNING R2_2_4 run10 -> veh=4 dist=1987.61 cpu=151.026s valid=1
[697/1200] QLEARNING R2_2_5 run7 -> veh=4 dist=3436.26 cpu=64.9229s valid=1
[698/1200] QLEARNING R2_2_5 run10 -> veh=4 dist=3437.57 cpu=65.2637s valid=1
[699/1200] QLEARNING R2_2_5 run9 -> veh=4 dist=3370.55 cpu=66.703s valid=1
[700/1200] QLEARNING R2_2_5 run8 -> veh=4 dist=3388.69 cpu=70.9991s valid=1
[701/1200] CLASSIC R2_2_6 run1 -> veh=4 dist=2934.77 cpu=95.982s valid=1
[702/1200] CLASSIC R2_2_6 run2 -> veh=4 dist=2971.17 cpu=95.7688s valid=1
[703/1200] CLASSIC R2_2_6 run3 -> veh=4 dist=2984.51 cpu=95.9331s valid=1
[704/1200] CLASSIC R2_2_6 run4 -> veh=4 dist=2972.5 cpu=95.4202s valid=1
[705/1200] CLASSIC R2_2_6 run5 -> veh=4 dist=3035.71 cpu=100.944s valid=1
[706/1200] CLASSIC R2_2_6 run8 -> veh=4 dist=2989.32 cpu=94.0047s valid=1
[707/1200] CLASSIC R2_2_6 run6 -> veh=4 dist=2994.7 cpu=101.281s valid=1
[708/1200] CLASSIC R2_2_6 run7 -> veh=4 dist=2979.52 cpu=101.162s valid=1
[709/1200] CLASSIC R2_2_6 run9 -> veh=4 dist=3077.33 cpu=94.0179s valid=1
[710/1200] CLASSIC R2_2_6 run10 -> veh=4 dist=3036.95 cpu=101.394s valid=1
[711/1200] QLEARNING R2_2_6 run1 -> veh=4 dist=2939.25 cpu=102.782s valid=1
[712/1200] QLEARNING R2_2_6 run4 -> veh=4 dist=2956.77 cpu=101.985s valid=1
[713/1200] QLEARNING R2_2_6 run2 -> veh=4 dist=2963.27 cpu=103.983s valid=1
[714/1200] QLEARNING R2_2_6 run3 -> veh=4 dist=2960.14 cpu=103.734s valid=1
[715/1200] QLEARNING R2_2_6 run6 -> veh=4 dist=2958.29 cpu=104.33s valid=1
[716/1200] QLEARNING R2_2_6 run8 -> veh=4 dist=2954 cpu=102.074s valid=1
[717/1200] QLEARNING R2_2_6 run7 -> veh=4 dist=2970.18 cpu=104.251s valid=1
[718/1200] QLEARNING R2_2_6 run5 -> veh=4 dist=2926.04 cpu=112.009s valid=1
[719/1200] QLEARNING R2_2_6 run10 -> veh=4 dist=2948.41 cpu=104.086s valid=1
[720/1200] QLEARNING R2_2_6 run9 -> veh=4 dist=2943.29 cpu=112.874s valid=1
[721/1200] CLASSIC R2_2_7 run1 -> veh=4 dist=2499.25 cpu=114.791s valid=1
[722/1200] CLASSIC R2_2_7 run4 -> veh=4 dist=2557.99 cpu=111.388s valid=1
[723/1200] CLASSIC R2_2_7 run3 -> veh=4 dist=2521.5 cpu=113.486s valid=1
[724/1200] CLASSIC R2_2_7 run2 -> veh=4 dist=2497.46 cpu=116.206s valid=1
[725/1200] CLASSIC R2_2_7 run9 -> veh=4 dist=2502.31 cpu=111.336s valid=1
[726/1200] CLASSIC R2_2_7 run8 -> veh=4 dist=2480.69 cpu=114.818s valid=1
[727/1200] CLASSIC R2_2_7 run7 -> veh=4 dist=2524.42 cpu=116.343s valid=1
[728/1200] CLASSIC R2_2_7 run5 -> veh=4 dist=2548.06 cpu=118.895s valid=1
[729/1200] CLASSIC R2_2_7 run6 -> veh=4 dist=2525.29 cpu=119.598s valid=1
[730/1200] CLASSIC R2_2_7 run10 -> veh=4 dist=2515.16 cpu=111.933s valid=1
[731/1200] QLEARNING R2_2_7 run1 -> veh=4 dist=2479.18 cpu=123.735s valid=1
[732/1200] QLEARNING R2_2_7 run2 -> veh=4 dist=2487.46 cpu=124.675s valid=1
[733/1200] QLEARNING R2_2_7 run3 -> veh=4 dist=2477.49 cpu=116.749s valid=1
[734/1200] QLEARNING R2_2_7 run4 -> veh=4 dist=2470.53 cpu=119.199s valid=1
[735/1200] QLEARNING R2_2_7 run5 -> veh=4 dist=2475.89 cpu=116.318s valid=1
[736/1200] QLEARNING R2_2_7 run6 -> veh=4 dist=2478 cpu=115.263s valid=1
[737/1200] QLEARNING R2_2_7 run7 -> veh=4 dist=2470.16 cpu=111.399s valid=1
[738/1200] QLEARNING R2_2_7 run9 -> veh=4 dist=2481.33 cpu=108.945s valid=1
[739/1200] QLEARNING R2_2_7 run8 -> veh=4 dist=2483.44 cpu=113.8s valid=1
[740/1200] QLEARNING R2_2_7 run10 -> veh=4 dist=2482.94 cpu=109.461s valid=1
[741/1200] CLASSIC R2_2_9 run1 -> veh=4 dist=3163.26 cpu=57.7945s valid=1
[742/1200] CLASSIC R2_2_9 run2 -> veh=4 dist=3196.5 cpu=62.3938s valid=1
[743/1200] CLASSIC R2_2_8 run2 -> veh=4 dist=1903.53 cpu=110.984s valid=1
[744/1200] CLASSIC R2_2_8 run1 -> veh=4 dist=1880.05 cpu=122.981s valid=1
[745/1200] CLASSIC R2_2_9 run3 -> veh=4 dist=3147.06 cpu=56.9178s valid=1
[746/1200] CLASSIC R2_2_8 run10 -> veh=4 dist=1853.26 cpu=109.135s valid=1
[747/1200] CLASSIC R2_2_8 run5 -> veh=4 dist=1888.37 cpu=118.464s valid=1
[748/1200] CLASSIC R2_2_8 run4 -> veh=4 dist=1873.2 cpu=119.265s valid=1
[749/1200] CLASSIC R2_2_9 run4 -> veh=4 dist=3193.23 cpu=63.3884s valid=1
[750/1200] CLASSIC R2_2_8 run3 -> veh=4 dist=1859.17 cpu=121.654s valid=1
[751/1200] CLASSIC R2_2_8 run6 -> veh=4 dist=1853.31 cpu=118.743s valid=1
[752/1200] CLASSIC R2_2_8 run8 -> veh=4 dist=1887.19 cpu=118.124s valid=1
[753/1200] CLASSIC R2_2_8 run7 -> veh=4 dist=1859.67 cpu=121.146s valid=1
[754/1200] CLASSIC R2_2_8 run9 -> veh=4 dist=1858.42 cpu=120.103s valid=1
[755/1200] QLEARNING R2_2_8 run2 -> veh=4 dist=1859.17 cpu=108.737s valid=1
[756/1200] QLEARNING R2_2_8 run1 -> veh=4 dist=1852.77 cpu=121.428s valid=1
[757/1200] QLEARNING R2_2_8 run5 -> veh=4 dist=1850.52 cpu=108.199s valid=1
[758/1200] CLASSIC R2_2_9 run5 -> veh=4 dist=3175.36 cpu=63.1517s valid=1
[759/1200] CLASSIC R2_2_9 run7 -> veh=4 dist=3154.24 cpu=63.1126s valid=1
[760/1200] CLASSIC R2_2_9 run6 -> veh=4 dist=3180.32 cpu=63.7397s valid=1
[761/1200] CLASSIC R2_2_9 run9 -> veh=4 dist=3223.21 cpu=57.5515s valid=1
[762/1200] CLASSIC R2_2_9 run8 -> veh=4 dist=3192.73 cpu=62.8776s valid=1
[763/1200] QLEARNING R2_2_8 run6 -> veh=4 dist=1855.08 cpu=111.551s valid=1
[764/1200] QLEARNING R2_2_8 run3 -> veh=4 dist=1850.85 cpu=122.16s valid=1
[765/1200] QLEARNING R2_2_8 run9 -> veh=4 dist=1855.96 cpu=110.384s valid=1
[766/1200] QLEARNING R2_2_8 run10 -> veh=4 dist=1882.19 cpu=110.514s valid=1
[767/1200] CLASSIC R2_2_9 run10 -> veh=4 dist=3199.15 cpu=56.9276s valid=1
[768/1200] QLEARNING R2_2_8 run4 -> veh=4 dist=1861.35 cpu=121.972s valid=1
[769/1200] QLEARNING R2_2_8 run7 -> veh=4 dist=1857.16 cpu=118.479s valid=1
[770/1200] QLEARNING R2_2_8 run8 -> veh=4 dist=1855.87 cpu=119.396s valid=1
[771/1200] QLEARNING R2_2_9 run3 -> veh=4 dist=3166.04 cpu=61.426s valid=1
[772/1200] QLEARNING R2_2_9 run2 -> veh=4 dist=3169.15 cpu=62.3018s valid=1
[773/1200] QLEARNING R2_2_9 run1 -> veh=4 dist=3149.57 cpu=66.6555s valid=1
[774/1200] QLEARNING R2_2_9 run4 -> veh=4 dist=3164.4 cpu=67.0812s valid=1
[775/1200] QLEARNING R2_2_9 run7 -> veh=4 dist=3174.13 cpu=61.0792s valid=1
[776/1200] QLEARNING R2_2_9 run5 -> veh=4 dist=3169.42 cpu=66.4108s valid=1
[777/1200] QLEARNING R2_2_9 run6 -> veh=4 dist=3106.64 cpu=68.348s valid=1
[778/1200] QLEARNING R2_2_9 run9 -> veh=4 dist=3150.46 cpu=60.8479s valid=1
[779/1200] QLEARNING R2_2_9 run8 -> veh=4 dist=3163.52 cpu=61.2893s valid=1
[780/1200] QLEARNING R2_2_9 run10 -> veh=4 dist=3162.4 cpu=67.4002s valid=1
[781/1200] CLASSIC RC1_2_1 run1 -> veh=19 dist=3643.37 cpu=32.3955s valid=1
[782/1200] CLASSIC RC1_2_1 run3 -> veh=19 dist=3719.86 cpu=29.1565s valid=1
[783/1200] CLASSIC RC1_2_1 run4 -> veh=19 dist=3709.42 cpu=29.7006s valid=1
[784/1200] CLASSIC RC1_2_1 run2 -> veh=19 dist=3692.99 cpu=32.1661s valid=1
[785/1200] CLASSIC R2_2_10 run1 -> veh=4 dist=2767.43 cpu=70.8012s valid=1
[786/1200] CLASSIC R2_2_10 run2 -> veh=4 dist=2729.76 cpu=71.5812s valid=1
[787/1200] CLASSIC R2_2_10 run3 -> veh=4 dist=2761.13 cpu=71.8864s valid=1
[788/1200] CLASSIC R2_2_10 run4 -> veh=4 dist=2732.2 cpu=71.462s valid=1
[789/1200] CLASSIC RC1_2_1 run5 -> veh=19 dist=3694.51 cpu=31.741s valid=1
[790/1200] CLASSIC R2_2_10 run5 -> veh=4 dist=2724.4 cpu=71.4718s valid=1
[791/1200] CLASSIC R2_2_10 run7 -> veh=4 dist=2725.54 cpu=65.6441s valid=1
[792/1200] CLASSIC R2_2_10 run6 -> veh=4 dist=2723.62 cpu=72.0338s valid=1
[793/1200] CLASSIC RC1_2_1 run7 -> veh=19 dist=3730.42 cpu=29.451s valid=1
[794/1200] CLASSIC RC1_2_1 run6 -> veh=19 dist=3715.43 cpu=32.6504s valid=1
[795/1200] CLASSIC R2_2_10 run9 -> veh=4 dist=2735.65 cpu=66.3387s valid=1
[796/1200] CLASSIC RC1_2_1 run8 -> veh=19 dist=3683.32 cpu=32.3586s valid=1
[797/1200] CLASSIC R2_2_10 run8 -> veh=4 dist=2666.92 cpu=73.3287s valid=1
[798/1200] CLASSIC RC1_2_1 run10 -> veh=19 dist=3705.43 cpu=28.9098s valid=1
[799/1200] QLEARNING R2_2_10 run3 -> veh=4 dist=2699.44 cpu=66.5324s valid=1
[800/1200] CLASSIC RC1_2_1 run9 -> veh=19 dist=3696.68 cpu=32.3578s valid=1
[801/1200] CLASSIC R2_2_10 run10 -> veh=4 dist=2717.75 cpu=71.86s valid=1
[802/1200] QLEARNING R2_2_10 run5 -> veh=4 dist=2694.23 cpu=67.4021s valid=1
[803/1200] QLEARNING R2_2_10 run1 -> veh=4 dist=2682.64 cpu=73.4403s valid=1
[804/1200] QLEARNING R2_2_10 run8 -> veh=4 dist=2716.19 cpu=67.3994s valid=1
[805/1200] QLEARNING R2_2_10 run7 -> veh=4 dist=2707.53 cpu=67.7401s valid=1
[806/1200] CLASSIC RC1_2_2 run2 -> veh=18 dist=3697.79 cpu=20.7173s valid=1
[807/1200] QLEARNING R2_2_10 run9 -> veh=4 dist=2703.34 cpu=67.2254s valid=1
[808/1200] QLEARNING R2_2_10 run2 -> veh=4 dist=2706.97 cpu=73.9429s valid=1
[809/1200] CLASSIC RC1_2_2 run1 -> veh=18 dist=3929.79 cpu=22.732s valid=1
[810/1200] QLEARNING R2_2_10 run4 -> veh=4 dist=2678.86 cpu=74.8967s valid=1
[811/1200] CLASSIC RC1_2_2 run3 -> veh=18 dist=3683.44 cpu=23.5271s valid=1
[812/1200] QLEARNING R2_2_10 run6 -> veh=4 dist=2672.72 cpu=74.4003s valid=1
[813/1200] CLASSIC RC1_2_2 run4 -> veh=18 dist=3684.33 cpu=26.4094s valid=1
[814/1200] CLASSIC RC1_2_2 run6 -> veh=18 dist=3741.03 cpu=21.8184s valid=1
[815/1200] CLASSIC RC1_2_2 run7 -> veh=18 dist=3529.16 cpu=19.8788s valid=1
[816/1200] QLEARNING R2_2_10 run10 -> veh=4 dist=2728.35 cpu=74.2951s valid=1
[817/1200] CLASSIC RC1_2_2 run5 -> veh=18 dist=3830.49 cpu=26.842s valid=1
[818/1200] CLASSIC RC1_2_2 run9 -> veh=18 dist=3740.9 cpu=20.176s valid=1
[819/1200] QLEARNING RC1_2_1 run1 -> veh=19 dist=3632.18 cpu=49.6031s valid=1
[820/1200] CLASSIC RC1_2_2 run8 -> veh=18 dist=3697.03 cpu=25.466s valid=1
[821/1200] CLASSIC RC1_2_2 run10 -> veh=18 dist=3558.62 cpu=23.9776s valid=1
[822/1200] QLEARNING RC1_2_1 run3 -> veh=18 dist=3935.58 cpu=46.8845s valid=1
[823/1200] QLEARNING RC1_2_1 run4 -> veh=19 dist=3643.94 cpu=49.8771s valid=1
[824/1200] QLEARNING RC1_2_1 run5 -> veh=19 dist=3682.02 cpu=49.7924s valid=1
[825/1200] QLEARNING RC1_2_1 run2 -> veh=18 dist=3999.44 cpu=51.1556s valid=1
[826/1200] QLEARNING RC1_2_2 run3 -> veh=18 dist=3690.09 cpu=30.7244s valid=1
[827/1200] QLEARNING RC1_2_1 run6 -> veh=19 dist=3636.72 cpu=54.6404s valid=1
[828/1200] QLEARNING RC1_2_2 run2 -> veh=18 dist=3564.02 cpu=33.2917s valid=1
[829/1200] CLASSIC RC1_2_3 run1 -> veh=18 dist=3717.85 cpu=27.2212s valid=1
[830/1200] QLEARNING RC1_2_2 run1 -> veh=18 dist=3705.93 cpu=34.5809s valid=1
[831/1200] QLEARNING RC1_2_1 run7 -> veh=19 dist=3577.65 cpu=54.365s valid=1
[832/1200] QLEARNING RC1_2_2 run4 -> veh=18 dist=3551.05 cpu=34.01s valid=1
[833/1200] CLASSIC RC1_2_3 run3 -> veh=18 dist=3559.01 cpu=26.6813s valid=1
[834/1200] CLASSIC RC1_2_3 run2 -> veh=18 dist=3627.65 cpu=27.975s valid=1
[835/1200] QLEARNING RC1_2_1 run8 -> veh=19 dist=3662.24 cpu=54.5893s valid=1
[836/1200] QLEARNING RC1_2_2 run6 -> veh=18 dist=3744.66 cpu=31.2126s valid=1
[837/1200] QLEARNING RC1_2_1 run10 -> veh=19 dist=3638.73 cpu=54.4087s valid=1
[838/1200] QLEARNING RC1_2_1 run9 -> veh=19 dist=3641.89 cpu=55.0277s valid=1
[839/1200] QLEARNING RC1_2_2 run5 -> veh=18 dist=3667.95 cpu=32.1941s valid=1
[840/1200] QLEARNING RC1_2_2 run7 -> veh=18 dist=3647.11 cpu=32.3324s valid=1
[841/1200] CLASSIC RC1_2_3 run4 -> veh=18 dist=3468.24 cpu=28.333s valid=1
[842/1200] CLASSIC RC1_2_3 run7 -> veh=18 dist=3604.41 cpu=24.2688s valid=1
[843/1200] QLEARNING RC1_2_2 run9 -> veh=18 dist=3485.12 cpu=33.1595s valid=1
[844/1200] QLEARNING RC1_2_2 run10 -> veh=18 dist=3611.27 cpu=34.7245s valid=1
[845/1200] CLASSIC RC1_2_3 run8 -> veh=18 dist=3526.54 cpu=25.2365s valid=1
[846/1200] CLASSIC RC1_2_3 run5 -> veh=18 dist=3632.21 cpu=29.6625s valid=1
[847/1200] CLASSIC RC1_2_3 run9 -> veh=18 dist=3633.89 cpu=25.3403s valid=1
[848/1200] CLASSIC RC1_2_3 run6 -> veh=18 dist=3648.64 cpu=29.5427s valid=1
[849/1200] CLASSIC RC1_2_3 run10 -> veh=18 dist=3693.17 cpu=28.0171s valid=1
[850/1200] QLEARNING RC1_2_3 run1 -> veh=18 dist=3303.99 cpu=31.3075s valid=1
[851/1200] QLEARNING RC1_2_2 run8 -> veh=18 dist=3668.36 cpu=50.2666s valid=1
[852/1200] QLEARNING RC1_2_3 run4 -> veh=18 dist=3295.11 cpu=34.2012s valid=1
[853/1200] QLEARNING RC1_2_3 run5 -> veh=18 dist=3386.68 cpu=31.7452s valid=1
[854/1200] QLEARNING RC1_2_3 run8 -> veh=18 dist=3258.2 cpu=29.2551s valid=1
[855/1200] QLEARNING RC1_2_3 run2 -> veh=18 dist=3304.67 cpu=40.1959s valid=1
[856/1200] QLEARNING RC1_2_3 run6 -> veh=18 dist=3196.75 cpu=34.096s valid=1
[857/1200] QLEARNING RC1_2_3 run3 -> veh=18 dist=3323.76 cpu=38.5551s valid=1
[858/1200] CLASSIC RC1_2_4 run2 -> veh=18 dist=3370.87 cpu=28.3606s valid=1
[859/1200] CLASSIC RC1_2_4 run4 -> veh=18 dist=3400.22 cpu=27.969s valid=1
[860/1200] CLASSIC RC1_2_4 run5 -> veh=18 dist=3368.45 cpu=28.4502s valid=1
[861/1200] QLEARNING RC1_2_3 run10 -> veh=18 dist=3258.36 cpu=31.2357s valid=1
[862/1200] CLASSIC RC1_2_4 run8 -> veh=18 dist=3315.64 cpu=28.8331s valid=1
[863/1200] CLASSIC RC1_2_4 run1 -> veh=18 dist=3490.66 cpu=31.9364s valid=1
[864/1200] CLASSIC RC1_2_4 run6 -> veh=18 dist=3349.83 cpu=29.9007s valid=1
[865/1200] CLASSIC RC1_2_4 run7 -> veh=18 dist=3540.48 cpu=30.0768s valid=1
[866/1200] CLASSIC RC1_2_4 run10 -> veh=18 dist=3298.74 cpu=29.9434s valid=1
[867/1200] CLASSIC RC1_2_4 run3 -> veh=18 dist=3342.67 cpu=33.7661s valid=1
[868/1200] CLASSIC RC1_2_4 run9 -> veh=18 dist=3463.25 cpu=31.8643s valid=1
[869/1200] QLEARNING RC1_2_4 run1 -> veh=18 dist=3144.21 cpu=32.3615s valid=1
[870/1200] QLEARNING RC1_2_3 run7 -> veh=18 dist=3288 cpu=42.9015s valid=1
[871/1200] QLEARNING RC1_2_4 run2 -> veh=18 dist=3068.64 cpu=32.9329s valid=1
[872/1200] QLEARNING RC1_2_4 run3 -> veh=18 dist=3153.81 cpu=33.4192s valid=1
[873/1200] QLEARNING RC1_2_4 run5 -> veh=18 dist=3141.24 cpu=33.2485s valid=1
[874/1200] QLEARNING RC1_2_3 run9 -> veh=18 dist=3325.33 cpu=39.8055s valid=1
[875/1200] QLEARNING RC1_2_4 run6 -> veh=18 dist=3124.23 cpu=33.6404s valid=1
[876/1200] QLEARNING RC1_2_4 run4 -> veh=18 dist=3081.78 cpu=36.7483s valid=1
[877/1200] QLEARNING RC1_2_4 run9 -> veh=18 dist=3093.72 cpu=33.2854s valid=1
[878/1200] QLEARNING RC1_2_4 run10 -> veh=18 dist=3138.17 cpu=32.8753s valid=1
[879/1200] QLEARNING RC1_2_4 run7 -> veh=18 dist=3133.12 cpu=36.8299s valid=1
[880/1200] QLEARNING RC1_2_4 run8 -> veh=18 dist=3071.01 cpu=36.988s valid=1
[881/1200] CLASSIC RC1_2_6 run6 -> veh=18 dist=3806.32 cpu=11.5777s valid=1
[882/1200] CLASSIC RC1_2_6 run4 -> veh=18 dist=3944.87 cpu=13.8676s valid=1
[883/1200] CLASSIC RC1_2_5 run9 -> veh=18 dist=3909.87 cpu=24.5108s valid=1
[884/1200] CLASSIC RC1_2_5 run1 -> veh=19 dist=3591.02 cpu=43.514s valid=1
[885/1200] CLASSIC RC1_2_5 run10 -> veh=18 dist=3962.01 cpu=26.9561s valid=1
[886/1200] CLASSIC RC1_2_6 run5 -> veh=18 dist=3666.88 cpu=18.1936s valid=1
[887/1200] CLASSIC RC1_2_5 run2 -> veh=19 dist=3571.23 cpu=40.2367s valid=1
[888/1200] CLASSIC RC1_2_5 run7 -> veh=18 dist=4087.67 cpu=30.8575s valid=1
[889/1200] CLASSIC RC1_2_6 run1 -> veh=18 dist=3813.58 cpu=22.6239s valid=1
[890/1200] CLASSIC RC1_2_6 run9 -> veh=18 dist=3854.93 cpu=19.3092s valid=1
[891/1200] QLEARNING RC1_2_5 run1 -> veh=18 dist=3727.73 cpu=32.2801s valid=1
[892/1200] CLASSIC RC1_2_6 run2 -> veh=18 dist=3908.3 cpu=24.9864s valid=1
[893/1200] QLEARNING RC1_2_5 run3 -> veh=18 dist=3894 cpu=31.3855s valid=1
[894/1200] CLASSIC RC1_2_6 run8 -> veh=18 dist=3825.97 cpu=21.5585s valid=1
[895/1200] QLEARNING RC1_2_5 run6 -> veh=18 dist=3765.58 cpu=32.6472s valid=1
[896/1200] CLASSIC RC1_2_5 run3 -> veh=19 dist=3641.66 cpu=43.1368s valid=1
[897/1200] CLASSIC RC1_2_5 run5 -> veh=19 dist=3579.32 cpu=40.3297s valid=1
[898/1200] CLASSIC RC1_2_6 run3 -> veh=18 dist=3846.5 cpu=29.8826s valid=1
[899/1200] CLASSIC RC1_2_5 run8 -> veh=19 dist=3549.27 cpu=40.0829s valid=1
[900/1200] CLASSIC RC1_2_5 run4 -> veh=18 dist=4400.7 cpu=44.2075s valid=1
[901/1200] CLASSIC RC1_2_6 run7 -> veh=18 dist=3835.38 cpu=27.6048s valid=1
[902/1200] QLEARNING RC1_2_6 run3 -> veh=18 dist=3821.79 cpu=19.3722s valid=1
[903/1200] CLASSIC RC1_2_5 run6 -> veh=19 dist=3550.62 cpu=44.0986s valid=1
[904/1200] QLEARNING RC1_2_5 run2 -> veh=18 dist=3957.22 cpu=42.5926s valid=1
[905/1200] QLEARNING RC1_2_5 run9 -> veh=18 dist=3682.38 cpu=40.433s valid=1
[906/1200] CLASSIC RC1_2_7 run6 -> veh=18 dist=3853.03 cpu=14.1083s valid=1
[907/1200] QLEARNING RC1_2_6 run5 -> veh=18 dist=3763.62 cpu=25.8863s valid=1
[908/1200] CLASSIC RC1_2_6 run10 -> veh=18 dist=3979.35 cpu=36.1923s valid=1
[909/1200] QLEARNING RC1_2_6 run4 -> veh=18 dist=3716.24 cpu=28.7517s valid=1
[910/1200] QLEARNING RC1_2_5 run7 -> veh=18 dist=3897.86 cpu=48.9454s valid=1
[911/1200] CLASSIC RC1_2_7 run5 -> veh=18 dist=3867.29 cpu=19.3181s valid=1
[912/1200] CLASSIC RC1_2_7 run4 -> veh=18 dist=3772.36 cpu=22.3196s valid=1
[913/1200] QLEARNING RC1_2_6 run10 -> veh=18 dist=3684.68 cpu=27.0897s valid=1
[914/1200] CLASSIC RC1_2_7 run8 -> veh=18 dist=3854.78 cpu=20.3875s valid=1
[915/1200] CLASSIC RC1_2_7 run3 -> veh=18 dist=3884.29 cpu=24.6635s valid=1
[916/1200] CLASSIC RC1_2_7 run9 -> veh=18 dist=3944.6 cpu=22.1022s valid=1
[917/1200] CLASSIC RC1_2_7 run2 -> veh=18 dist=3732.31 cpu=27.0474s valid=1
[918/1200] QLEARNING RC1_2_6 run7 -> veh=18 dist=3662.88 cpu=34.4056s valid=1
[919/1200] QLEARNING RC1_2_6 run1 -> veh=18 dist=3714.71 cpu=46.2263s valid=1
[920/1200] QLEARNING RC1_2_5 run4 -> veh=19 dist=3473.62 cpu=60.7161s valid=1
[921/1200] QLEARNING RC1_2_6 run9 -> veh=18 dist=3662.19 cpu=36.8287s valid=1
[922/1200] QLEARNING RC1_2_6 run2 -> veh=18 dist=3803.43 cpu=50.1516s valid=1
[923/1200] CLASSIC RC1_2_7 run1 -> veh=18 dist=3698.09 cpu=36.9836s valid=1
[924/1200] QLEARNING RC1_2_6 run8 -> veh=18 dist=3667.7 cpu=39.0352s valid=1
[925/1200] QLEARNING RC1_2_5 run5 -> veh=19 dist=3484.69 cpu=64.4449s valid=1
[926/1200] QLEARNING RC1_2_7 run4 -> veh=18 dist=3736.46 cpu=27.1805s valid=1
[927/1200] CLASSIC RC1_2_8 run6 -> veh=18 dist=3705.64 cpu=13.2898s valid=1
[928/1200] QLEARNING RC1_2_7 run3 -> veh=18 dist=3696.75 cpu=31.0324s valid=1
[929/1200] QLEARNING RC1_2_5 run8 -> veh=19 dist=3509.58 cpu=66.4792s valid=1
[930/1200] QLEARNING RC1_2_5 run10 -> veh=19 dist=3504.99 cpu=65.4335s valid=1
[931/1200] CLASSIC RC1_2_8 run2 -> veh=18 dist=3519.68 cpu=18.9786s valid=1
[932/1200] CLASSIC RC1_2_8 run4 -> veh=18 dist=3588.29 cpu=16.7064s valid=1
[933/1200] QLEARNING RC1_2_7 run2 -> veh=18 dist=3652.41 cpu=33.1261s valid=1
[934/1200] QLEARNING RC1_2_7 run1 -> veh=18 dist=3621.27 cpu=33.4794s valid=1
[935/1200] CLASSIC RC1_2_8 run1 -> veh=18 dist=3555.66 cpu=21.4498s valid=1
[936/1200] QLEARNING RC1_2_7 run6 -> veh=18 dist=3584.66 cpu=30.683s valid=1
[937/1200] QLEARNING RC1_2_6 run6 -> veh=18 dist=3762.18 cpu=49.3439s valid=1
[938/1200] CLASSIC RC1_2_8 run3 -> veh=18 dist=3593.61 cpu=22.6482s valid=1
[939/1200] CLASSIC RC1_2_8 run7 -> veh=18 dist=3715.65 cpu=18.9985s valid=1
[940/1200] CLASSIC RC1_2_7 run10 -> veh=18 dist=3514.8 cpu=38.9844s valid=1
[941/1200] CLASSIC RC1_2_8 run9 -> veh=18 dist=3609.35 cpu=18.6719s valid=1
[942/1200] CLASSIC RC1_2_8 run8 -> veh=18 dist=3577.47 cpu=20.3947s valid=1
[943/1200] CLASSIC RC1_2_8 run5 -> veh=18 dist=3695.76 cpu=23.0658s valid=1
[944/1200] CLASSIC RC1_2_8 run10 -> veh=18 dist=3651.62 cpu=19.7865s valid=1
[945/1200] CLASSIC RC1_2_9 run1 -> veh=18 dist=3728.8 cpu=12.6802s valid=1
[946/1200] QLEARNING RC1_2_7 run5 -> veh=18 dist=3720.09 cpu=41.8257s valid=1
[947/1200] CLASSIC RC1_2_7 run7 -> veh=18 dist=3930.9 cpu=49.1216s valid=1
[948/1200] QLEARNING RC1_2_7 run8 -> veh=18 dist=3595.06 cpu=38.3422s valid=1
[949/1200] CLASSIC RC1_2_9 run9 -> veh=18 dist=3815.77 cpu=12.4035s valid=1
[950/1200] CLASSIC RC1_2_9 run3 -> veh=18 dist=3554.2 cpu=16.2075s valid=1
[951/1200] CLASSIC RC1_2_9 run7 -> veh=18 dist=3651.73 cpu=16.0536s valid=1
[952/1200] QLEARNING RC1_2_8 run2 -> veh=18 dist=3382.88 cpu=25.3213s valid=1
[953/1200] CLASSIC RC1_2_9 run2 -> veh=18 dist=3515.35 cpu=17.7689s valid=1
[954/1200] QLEARNING RC1_2_7 run7 -> veh=18 dist=3483.63 cpu=43.5483s valid=1
[955/1200] CLASSIC RC1_2_9 run5 -> veh=18 dist=3518.33 cpu=17.286s valid=1
[956/1200] CLASSIC RC1_2_9 run4 -> veh=18 dist=3483.78 cpu=17.8922s valid=1
[957/1200] CLASSIC RC1_2_9 run8 -> veh=18 dist=3485.67 cpu=16.6899s valid=1
[958/1200] CLASSIC RC1_2_9 run10 -> veh=18 dist=3584.26 cpu=15.6234s valid=1
[959/1200] CLASSIC RC1_2_9 run6 -> veh=18 dist=3460.54 cpu=19.1518s valid=1
[960/1200] QLEARNING RC1_2_7 run10 -> veh=18 dist=3637.4 cpu=42.7828s valid=1
[961/1200] QLEARNING RC1_2_8 run1 -> veh=18 dist=3416.87 cpu=32.2653s valid=1
[962/1200] QLEARNING RC1_2_9 run1 -> veh=18 dist=3665.31 cpu=19.2439s valid=1
[963/1200] QLEARNING RC1_2_8 run3 -> veh=18 dist=3463.99 cpu=30.5763s valid=1
[964/1200] QLEARNING RC1_2_8 run7 -> veh=18 dist=3458.88 cpu=29.181s valid=1
[965/1200] QLEARNING RC1_2_7 run9 -> veh=18 dist=3573.36 cpu=47.2528s valid=1
[966/1200] QLEARNING RC1_2_9 run2 -> veh=18 dist=3424.72 cpu=21.3837s valid=1
[967/1200] QLEARNING RC1_2_8 run6 -> veh=18 dist=3279.63 cpu=32.2531s valid=1
[968/1200] QLEARNING RC1_2_9 run3 -> veh=18 dist=3431.67 cpu=22.2437s valid=1
[969/1200] CLASSIC RC1_2_10 run1 -> veh=18 dist=3464.59 cpu=12.9309s valid=1
[970/1200] QLEARNING RC1_2_9 run5 -> veh=18 dist=3312.06 cpu=21.5499s valid=1
[971/1200] CLASSIC RC1_2_10 run2 -> veh=18 dist=3562.87 cpu=13.6419s valid=1
[972/1200] QLEARNING RC1_2_8 run5 -> veh=18 dist=3512.74 cpu=35.8494s valid=1
[973/1200] CLASSIC RC1_2_10 run9 -> veh=18 dist=3739.6 cpu=11.7954s valid=1
[974/1200] QLEARNING RC1_2_9 run4 -> veh=18 dist=3400.4 cpu=25.2623s valid=1
[975/1200] CLASSIC RC1_2_10 run3 -> veh=18 dist=3631.38 cpu=16.0328s valid=1
[976/1200] CLASSIC RC1_2_10 run4 -> veh=18 dist=3460.55 cpu=15.9375s valid=1
[977/1200] QLEARNING RC1_2_8 run4 -> veh=18 dist=3352.99 cpu=38.2658s valid=1
[978/1200] CLASSIC RC1_2_10 run6 -> veh=18 dist=3636.58 cpu=15.2217s valid=1
[979/1200] QLEARNING RC1_2_8 run9 -> veh=18 dist=3480.18 cpu=35.3726s valid=1
[980/1200] CLASSIC RC1_2_10 run10 -> veh=18 dist=3640.01 cpu=14.3813s valid=1
[981/1200] QLEARNING RC1_2_8 run10 -> veh=18 dist=3374.23 cpu=35.3341s valid=1
[982/1200] QLEARNING RC1_2_9 run6 -> veh=18 dist=3445.68 cpu=25.3839s valid=1
[983/1200] CLASSIC RC1_2_10 run5 -> veh=18 dist=3455.39 cpu=17.2669s valid=1
[984/1200] CLASSIC RC1_2_10 run7 -> veh=18 dist=3657.58 cpu=17.9799s valid=1
[985/1200] CLASSIC RC1_2_10 run8 -> veh=18 dist=3718.65 cpu=17.9526s valid=1
[986/1200] QLEARNING RC1_2_8 run8 -> veh=18 dist=3415.14 cpu=39.8647s valid=1
[987/1200] QLEARNING RC1_2_9 run7 -> veh=18 dist=3386.62 cpu=27.5589s valid=1
[988/1200] QLEARNING RC1_2_9 run9 -> veh=18 dist=3335.88 cpu=27.7183s valid=1
[989/1200] QLEARNING RC1_2_9 run10 -> veh=18 dist=3470.3 cpu=26.1415s valid=1
[990/1200] QLEARNING RC1_2_9 run8 -> veh=18 dist=3422.97 cpu=29.8075s valid=1
[991/1200] QLEARNING RC1_2_10 run3 -> veh=18 dist=3336.29 cpu=22.0393s valid=1
[992/1200] QLEARNING RC1_2_10 run1 -> veh=18 dist=3307.34 cpu=24.7114s valid=1
[993/1200] QLEARNING RC1_2_10 run2 -> veh=18 dist=3337.09 cpu=25.7692s valid=1
[994/1200] QLEARNING RC1_2_10 run8 -> veh=18 dist=3282.57 cpu=21.7165s valid=1
[995/1200] QLEARNING RC1_2_10 run6 -> veh=18 dist=3339.64 cpu=24.3523s valid=1
[996/1200] QLEARNING RC1_2_10 run5 -> veh=18 dist=3281.13 cpu=27.1044s valid=1
[997/1200] QLEARNING RC1_2_10 run7 -> veh=18 dist=3360.5 cpu=26.6663s valid=1
[998/1200] QLEARNING RC1_2_10 run9 -> veh=18 dist=3245.43 cpu=24.2847s valid=1
[999/1200] QLEARNING RC1_2_10 run4 -> veh=18 dist=3281.99 cpu=28.8452s valid=1
[1000/1200] QLEARNING RC1_2_10 run10 -> veh=18 dist=3400.56 cpu=25.8892s valid=1
[1001/1200] CLASSIC RC2_2_1 run2 -> veh=6 dist=3219.61 cpu=44.7722s valid=1
[1002/1200] CLASSIC RC2_2_1 run5 -> veh=6 dist=3158.49 cpu=45.1517s valid=1
[1003/1200] CLASSIC RC2_2_1 run6 -> veh=6 dist=3274.66 cpu=43.8435s valid=1
[1004/1200] CLASSIC RC2_2_1 run9 -> veh=6 dist=3263.48 cpu=43.6771s valid=1
[1005/1200] CLASSIC RC2_2_1 run8 -> veh=6 dist=3262.25 cpu=44.0227s valid=1
[1006/1200] CLASSIC RC2_2_1 run1 -> veh=6 dist=3243.06 cpu=48.8508s valid=1
[1007/1200] CLASSIC RC2_2_1 run3 -> veh=6 dist=3273.83 cpu=49.329s valid=1
[1008/1200] CLASSIC RC2_2_1 run4 -> veh=6 dist=3265.06 cpu=48.5535s valid=1
[1009/1200] CLASSIC RC2_2_1 run10 -> veh=6 dist=3210.64 cpu=48.3435s valid=1
[1010/1200] CLASSIC RC2_2_1 run7 -> veh=6 dist=3216.98 cpu=48.6529s valid=1
[1011/1200] QLEARNING RC2_2_1 run4 -> veh=6 dist=3166.74 cpu=48.9072s valid=1
[1012/1200] QLEARNING RC2_2_1 run1 -> veh=6 dist=3236.39 cpu=52.8683s valid=1
[1013/1200] QLEARNING RC2_2_1 run3 -> veh=6 dist=3170.63 cpu=54.1259s valid=1
[1014/1200] QLEARNING RC2_2_1 run5 -> veh=6 dist=3237.69 cpu=53.6723s valid=1
[1015/1200] QLEARNING RC2_2_1 run2 -> veh=6 dist=3216.11 cpu=54.8358s valid=1
[1016/1200] QLEARNING RC2_2_1 run7 -> veh=6 dist=3139.4 cpu=53.9988s valid=1
[1017/1200] QLEARNING RC2_2_1 run8 -> veh=6 dist=3230.03 cpu=54.1631s valid=1
[1018/1200] QLEARNING RC2_2_1 run6 -> veh=6 dist=3219.68 cpu=54.7482s valid=1
[1019/1200] QLEARNING RC2_2_1 run9 -> veh=6 dist=3176.05 cpu=53.2504s valid=1
[1020/1200] QLEARNING RC2_2_1 run10 -> veh=6 dist=3249.61 cpu=53.6984s valid=1
[1021/1200] CLASSIC RC2_2_2 run1 -> veh=5 dist=2951.3 cpu=72.8885s valid=1
[1022/1200] CLASSIC RC2_2_2 run3 -> veh=5 dist=2909.6 cpu=71.3629s valid=1
[1023/1200] CLASSIC RC2_2_2 run4 -> veh=5 dist=2965.56 cpu=73.4159s valid=1
[1024/1200] CLASSIC RC2_2_2 run6 -> veh=5 dist=2948.37 cpu=71.9494s valid=1
[1025/1200] CLASSIC RC2_2_2 run2 -> veh=5 dist=2989.17 cpu=80.1331s valid=1
[1026/1200] CLASSIC RC2_2_2 run9 -> veh=5 dist=2924.56 cpu=72.8328s valid=1
[1027/1200] CLASSIC RC2_2_2 run5 -> veh=5 dist=2949.4 cpu=78.6048s valid=1
[1028/1200] CLASSIC RC2_2_2 run8 -> veh=5 dist=2884.21 cpu=73.7979s valid=1
[1029/1200] CLASSIC RC2_2_2 run7 -> veh=5 dist=2932.58 cpu=78.0422s valid=1
[1030/1200] CLASSIC RC2_2_2 run10 -> veh=5 dist=2957.65 cpu=77.436s valid=1
[1031/1200] QLEARNING RC2_2_2 run2 -> veh=5 dist=2887.43 cpu=87.7778s valid=1
[1032/1200] QLEARNING RC2_2_2 run1 -> veh=5 dist=2916.58 cpu=90.5381s valid=1
[1033/1200] QLEARNING RC2_2_2 run4 -> veh=5 dist=2842.53 cpu=79.9124s valid=1
[1034/1200] QLEARNING RC2_2_2 run6 -> veh=5 dist=2941.72 cpu=79.8678s valid=1
[1035/1200] QLEARNING RC2_2_2 run5 -> veh=5 dist=2911.21 cpu=80.4103s valid=1
[1036/1200] QLEARNING RC2_2_2 run3 -> veh=5 dist=3062.31 cpu=84.5313s valid=1
[1037/1200] QLEARNING RC2_2_2 run7 -> veh=5 dist=3013.33 cpu=82.8854s valid=1
[1038/1200] QLEARNING RC2_2_2 run10 -> veh=5 dist=2962.56 cpu=87.375s valid=1
[1039/1200] QLEARNING RC2_2_2 run8 -> veh=5 dist=2920.63 cpu=89.622s valid=1
[1040/1200] QLEARNING RC2_2_2 run9 -> veh=5 dist=2896.41 cpu=89.3521s valid=1
[1041/1200] CLASSIC RC2_2_3 run3 -> veh=4 dist=2695.82 cpu=94.9815s valid=1
[1042/1200] CLASSIC RC2_2_3 run1 -> veh=4 dist=2666.02 cpu=102.642s valid=1
[1043/1200] CLASSIC RC2_2_3 run2 -> veh=4 dist=2679.34 cpu=103.155s valid=1
[1044/1200] CLASSIC RC2_2_3 run4 -> veh=4 dist=2668.28 cpu=100.64s valid=1
[1045/1200] CLASSIC RC2_2_3 run5 -> veh=4 dist=2641.02 cpu=100.352s valid=1
[1046/1200] CLASSIC RC2_2_3 run7 -> veh=4 dist=2681.19 cpu=101.247s valid=1
[1047/1200] CLASSIC RC2_2_3 run6 -> veh=4 dist=2678.68 cpu=101.81s valid=1
[1048/1200] CLASSIC RC2_2_3 run8 -> veh=4 dist=2675.27 cpu=101.991s valid=1
[1049/1200] CLASSIC RC2_2_3 run9 -> veh=4 dist=2703.01 cpu=100.485s valid=1
[1050/1200] CLASSIC RC2_2_3 run10 -> veh=4 dist=2680.56 cpu=102.692s valid=1
[1051/1200] QLEARNING RC2_2_3 run2 -> veh=4 dist=2639.58 cpu=104.681s valid=1
[1052/1200] QLEARNING RC2_2_3 run1 -> veh=4 dist=2671.28 cpu=107.27s valid=1
[1053/1200] QLEARNING RC2_2_3 run4 -> veh=4 dist=2666.13 cpu=99.6639s valid=1
[1054/1200] QLEARNING RC2_2_3 run3 -> veh=5 dist=2439.2 cpu=102.18s valid=1
[1055/1200] QLEARNING RC2_2_3 run6 -> veh=4 dist=2699.22 cpu=97.3556s valid=1
[1056/1200] QLEARNING RC2_2_3 run5 -> veh=5 dist=2446.78 cpu=103.166s valid=1
[1057/1200] QLEARNING RC2_2_3 run10 -> veh=4 dist=2678.93 cpu=96.2995s valid=1
[1058/1200] QLEARNING RC2_2_3 run8 -> veh=4 dist=2662.21 cpu=100.308s valid=1
[1059/1200] QLEARNING RC2_2_3 run7 -> veh=5 dist=2463.8 cpu=106.823s valid=1
[1060/1200] QLEARNING RC2_2_3 run9 -> veh=5 dist=2434.56 cpu=110.544s valid=1
[1061/1200] CLASSIC RC2_2_4 run1 -> veh=4 dist=2123.88 cpu=111.337s valid=1
[1062/1200] CLASSIC RC2_2_4 run2 -> veh=4 dist=2169.95 cpu=113.062s valid=1
[1063/1200] CLASSIC RC2_2_4 run3 -> veh=4 dist=2099.5 cpu=112.681s valid=1
[1064/1200] CLASSIC RC2_2_5 run1 -> veh=5 dist=2857.06 cpu=62.6643s valid=1
[1065/1200] CLASSIC RC2_2_4 run4 -> veh=4 dist=2138.22 cpu=112.974s valid=1
[1066/1200] CLASSIC RC2_2_4 run5 -> veh=4 dist=2117.04 cpu=101.595s valid=1
[1067/1200] CLASSIC RC2_2_4 run6 -> veh=4 dist=2147.28 cpu=102.796s valid=1
[1068/1200] CLASSIC RC2_2_5 run2 -> veh=5 dist=2813.39 cpu=67.94s valid=1
[1069/1200] CLASSIC RC2_2_4 run9 -> veh=4 dist=2176.7 cpu=102.019s valid=1
[1070/1200] CLASSIC RC2_2_4 run8 -> veh=4 dist=2163.36 cpu=104.268s valid=1
[1071/1200] CLASSIC RC2_2_5 run3 -> veh=5 dist=2838.27 cpu=67.7522s valid=1
[1072/1200] CLASSIC RC2_2_5 run4 -> veh=5 dist=2834.7 cpu=67.2006s valid=1
[1073/1200] CLASSIC RC2_2_4 run7 -> veh=4 dist=2147.59 cpu=111.371s valid=1
[1074/1200] CLASSIC RC2_2_4 run10 -> veh=4 dist=2109.73 cpu=110.973s valid=1
[1075/1200] CLASSIC RC2_2_5 run6 -> veh=5 dist=2825.38 cpu=63.0379s valid=1
[1076/1200] CLASSIC RC2_2_5 run7 -> veh=5 dist=2765.04 cpu=62.6496s valid=1
[1077/1200] QLEARNING RC2_2_4 run2 -> veh=4 dist=2133.77 cpu=115.378s valid=1
[1078/1200] CLASSIC RC2_2_5 run8 -> veh=5 dist=2762.86 cpu=62.8499s valid=1
[1079/1200] QLEARNING RC2_2_4 run1 -> veh=4 dist=2114.51 cpu=116.962s valid=1
[1080/1200] CLASSIC RC2_2_5 run9 -> veh=5 dist=2819.27 cpu=63.1556s valid=1
[1081/1200] CLASSIC RC2_2_5 run5 -> veh=5 dist=2828.47 cpu=68.3843s valid=1
[1082/1200] QLEARNING RC2_2_4 run3 -> veh=4 dist=2115.37 cpu=106.936s valid=1
[1083/1200] CLASSIC RC2_2_5 run10 -> veh=5 dist=2764.51 cpu=63.3755s valid=1
[1084/1200] QLEARNING RC2_2_5 run1 -> veh=5 dist=2760.45 cpu=67.2648s valid=1
[1085/1200] QLEARNING RC2_2_4 run4 -> veh=4 dist=2128.91 cpu=116.405s valid=1
[1086/1200] QLEARNING RC2_2_4 run5 -> veh=4 dist=2114.22 cpu=116.756s valid=1
[1087/1200] QLEARNING RC2_2_4 run6 -> veh=4 dist=2094.38 cpu=117.052s valid=1
[1088/1200] QLEARNING RC2_2_4 run7 -> veh=4 dist=2085.39 cpu=115.842s valid=1
[1089/1200] QLEARNING RC2_2_4 run8 -> veh=4 dist=2107.69 cpu=118.215s valid=1
[1090/1200] QLEARNING RC2_2_4 run9 -> veh=4 dist=2119.15 cpu=118.351s valid=1
[1091/1200] QLEARNING RC2_2_5 run2 -> veh=5 dist=2764 cpu=73.9481s valid=1
[1092/1200] QLEARNING RC2_2_4 run10 -> veh=4 dist=2092.99 cpu=118.014s valid=1
[1093/1200] QLEARNING RC2_2_5 run3 -> veh=5 dist=2785.06 cpu=72.9839s valid=1
[1094/1200] QLEARNING RC2_2_5 run4 -> veh=5 dist=2752.46 cpu=72.9328s valid=1
[1095/1200] CLASSIC RC2_2_6 run1 -> veh=5 dist=2671.42 cpu=57.6668s valid=1
[1096/1200] QLEARNING RC2_2_5 run6 -> veh=5 dist=2768.75 cpu=67.0271s valid=1
[1097/1200] QLEARNING RC2_2_5 run5 -> veh=5 dist=2752.48 cpu=67.2096s valid=1
[1098/1200] QLEARNING RC2_2_5 run8 -> veh=5 dist=2761.58 cpu=66.8897s valid=1
[1099/1200] QLEARNING RC2_2_5 run9 -> veh=5 dist=2772.6 cpu=66.4984s valid=1
[1100/1200] CLASSIC RC2_2_6 run2 -> veh=5 dist=2719.73 cpu=63.9578s valid=1
[1101/1200] CLASSIC RC2_2_6 run3 -> veh=5 dist=2753.01 cpu=62.4552s valid=1
[1102/1200] CLASSIC RC2_2_6 run4 -> veh=5 dist=2733.41 cpu=62.9074s valid=1
[1103/1200] QLEARNING RC2_2_5 run7 -> veh=5 dist=2795.69 cpu=73.8972s valid=1
[1104/1200] CLASSIC RC2_2_6 run5 -> veh=5 dist=2696.82 cpu=63.967s valid=1
[1105/1200] QLEARNING RC2_2_5 run10 -> veh=5 dist=2757.51 cpu=71.8462s valid=1
[1106/1200] CLASSIC RC2_2_6 run7 -> veh=5 dist=2751.72 cpu=57.6971s valid=1
[1107/1200] CLASSIC RC2_2_6 run8 -> veh=5 dist=2659.89 cpu=58.1373s valid=1
[1108/1200] CLASSIC RC2_2_6 run6 -> veh=5 dist=2760.48 cpu=62.3527s valid=1
[1109/1200] CLASSIC RC2_2_6 run10 -> veh=5 dist=2751.44 cpu=58.2985s valid=1
[1110/1200] QLEARNING RC2_2_6 run2 -> veh=5 dist=2715.67 cpu=61.1028s valid=1
[1111/1200] QLEARNING RC2_2_6 run4 -> veh=5 dist=2654.75 cpu=61.4136s valid=1
[1112/1200] CLASSIC RC2_2_6 run9 -> veh=5 dist=2766.37 cpu=63.7536s valid=1
[1113/1200] QLEARNING RC2_2_6 run5 -> veh=5 dist=2668.99 cpu=61.8401s valid=1
[1114/1200] QLEARNING RC2_2_6 run1 -> veh=5 dist=2697.83 cpu=66.6619s valid=1
[1115/1200] QLEARNING RC2_2_6 run3 -> veh=5 dist=2688.76 cpu=67.4216s valid=1
[1116/1200] QLEARNING RC2_2_6 run6 -> veh=5 dist=2649.39 cpu=60.5464s valid=1
[1117/1200] QLEARNING RC2_2_6 run7 -> veh=5 dist=2677.88 cpu=67.453s valid=1
[1118/1200] QLEARNING RC2_2_6 run8 -> veh=5 dist=2679.3 cpu=67.0291s valid=1
[1119/1200] QLEARNING RC2_2_6 run10 -> veh=5 dist=2652.62 cpu=66.3592s valid=1
[1120/1200] QLEARNING RC2_2_6 run9 -> veh=5 dist=2647.08 cpu=67.3645s valid=1
[1121/1200] CLASSIC RC2_2_7 run1 -> veh=4 dist=2660.23 cpu=71.5168s valid=1
[1122/1200] CLASSIC RC2_2_7 run3 -> veh=4 dist=2619.04 cpu=71.6249s valid=1
[1123/1200] CLASSIC RC2_2_7 run2 -> veh=4 dist=2599.81 cpu=73.059s valid=1
[1124/1200] CLASSIC RC2_2_7 run4 -> veh=4 dist=2629.1 cpu=71.7914s valid=1
[1125/1200] CLASSIC RC2_2_7 run5 -> veh=4 dist=2580.21 cpu=72.2708s valid=1
[1126/1200] CLASSIC RC2_2_7 run7 -> veh=4 dist=2610.75 cpu=66.9159s valid=1
[1127/1200] CLASSIC RC2_2_7 run6 -> veh=4 dist=2628.83 cpu=71.3804s valid=1
[1128/1200] CLASSIC RC2_2_7 run8 -> veh=4 dist=2616.47 cpu=64.8966s valid=1
[1129/1200] CLASSIC RC2_2_7 run9 -> veh=4 dist=2663.47 cpu=65.8907s valid=1
[1130/1200] CLASSIC RC2_2_7 run10 -> veh=4 dist=2634.21 cpu=65.4101s valid=1
[1131/1200] QLEARNING RC2_2_7 run1 -> veh=4 dist=2586.64 cpu=68.9369s valid=1
[1132/1200] QLEARNING RC2_2_7 run2 -> veh=4 dist=2603.99 cpu=74.8255s valid=1
[1133/1200] QLEARNING RC2_2_7 run3 -> veh=4 dist=2603.37 cpu=73.9384s valid=1
[1134/1200] QLEARNING RC2_2_7 run5 -> veh=4 dist=2554.05 cpu=74.7999s valid=1
[1135/1200] QLEARNING RC2_2_7 run4 -> veh=4 dist=2563.73 cpu=75.2109s valid=1
[1136/1200] QLEARNING RC2_2_7 run8 -> veh=4 dist=2600.17 cpu=68.5806s valid=1
[1137/1200] QLEARNING RC2_2_7 run9 -> veh=4 dist=2599.09 cpu=68.2118s valid=1
[1138/1200] QLEARNING RC2_2_7 run7 -> veh=4 dist=2638.15 cpu=74.5286s valid=1
[1139/1200] QLEARNING RC2_2_7 run6 -> veh=4 dist=2699.25 cpu=78.2114s valid=1
[1140/1200] QLEARNING RC2_2_7 run10 -> veh=4 dist=2643.09 cpu=75.5654s valid=1
[1141/1200] CLASSIC RC2_2_8 run1 -> veh=4 dist=2379.24 cpu=74.7973s valid=1
[1142/1200] CLASSIC RC2_2_8 run2 -> veh=4 dist=2373.38 cpu=74.8766s valid=1
[1143/1200] CLASSIC RC2_2_8 run3 -> veh=4 dist=2398.36 cpu=74.2467s valid=1
[1144/1200] CLASSIC RC2_2_8 run5 -> veh=4 dist=2410.98 cpu=75.2026s valid=1
[1145/1200] CLASSIC RC2_2_8 run4 -> veh=4 dist=2376.89 cpu=80.5055s valid=1
[1146/1200] CLASSIC RC2_2_8 run6 -> veh=4 dist=2394.39 cpu=81.607s valid=1
[1147/1200] CLASSIC RC2_2_8 run7 -> veh=4 dist=2345.51 cpu=81.6665s valid=1
[1148/1200] CLASSIC RC2_2_8 run8 -> veh=4 dist=2381.22 cpu=79.4682s valid=1
[1149/1200] CLASSIC RC2_2_8 run9 -> veh=4 dist=2404.53 cpu=81.8613s valid=1
[1150/1200] CLASSIC RC2_2_8 run10 -> veh=4 dist=2375.14 cpu=81.4892s valid=1
[1151/1200] QLEARNING RC2_2_8 run2 -> veh=4 dist=2366.85 cpu=84.0539s valid=1
[1152/1200] QLEARNING RC2_2_8 run1 -> veh=4 dist=2393.41 cpu=85.4583s valid=1
[1153/1200] QLEARNING RC2_2_8 run6 -> veh=4 dist=2392.84 cpu=76.3678s valid=1
[1154/1200] CLASSIC RC2_2_9 run1 -> veh=4 dist=2217.79 cpu=71.4807s valid=1
[1155/1200] QLEARNING RC2_2_8 run8 -> veh=4 dist=2377.6 cpu=76.7947s valid=1
[1156/1200] QLEARNING RC2_2_8 run10 -> veh=4 dist=2394.56 cpu=76.2773s valid=1
[1157/1200] QLEARNING RC2_2_8 run3 -> veh=4 dist=2374.07 cpu=84.3329s valid=1
[1158/1200] CLASSIC RC2_2_9 run2 -> veh=4 dist=2286.61 cpu=75.3688s valid=1
[1159/1200] CLASSIC RC2_2_9 run3 -> veh=4 dist=2344.55 cpu=70.7227s valid=1
[1160/1200] QLEARNING RC2_2_8 run4 -> veh=4 dist=2372.63 cpu=84.8561s valid=1
[1161/1200] QLEARNING RC2_2_8 run5 -> veh=4 dist=2396.25 cpu=84.7846s valid=1
[1162/1200] QLEARNING RC2_2_8 run7 -> veh=4 dist=2362.75 cpu=84.469s valid=1
[1163/1200] QLEARNING RC2_2_8 run9 -> veh=4 dist=2336.82 cpu=84.4176s valid=1
[1164/1200] CLASSIC RC2_2_9 run8 -> veh=4 dist=2368.91 cpu=69.4162s valid=1
[1165/1200] CLASSIC RC2_2_9 run4 -> veh=4 dist=2345.11 cpu=76.8292s valid=1
[1166/1200] CLASSIC RC2_2_9 run9 -> veh=4 dist=2284.96 cpu=72.9933s valid=1
[1167/1200] CLASSIC RC2_2_9 run5 -> veh=4 dist=2297.42 cpu=78.1108s valid=1
[1168/1200] CLASSIC RC2_2_9 run7 -> veh=4 dist=2333.78 cpu=76.4688s valid=1
[1169/1200] CLASSIC RC2_2_9 run6 -> veh=4 dist=2327.83 cpu=77.0976s valid=1
[1170/1200] CLASSIC RC2_2_9 run10 -> veh=4 dist=2307.01 cpu=79.0725s valid=1
[1171/1200] QLEARNING RC2_2_9 run2 -> veh=4 dist=2248.11 cpu=75.9857s valid=1
[1172/1200] QLEARNING RC2_2_9 run3 -> veh=4 dist=2282.49 cpu=75.2712s valid=1
[1173/1200] QLEARNING RC2_2_9 run1 -> veh=4 dist=2302.69 cpu=81.9662s valid=1
[1174/1200] QLEARNING RC2_2_9 run4 -> veh=4 dist=2240.46 cpu=73.4262s valid=1
[1175/1200] QLEARNING RC2_2_9 run5 -> veh=4 dist=2252.48 cpu=75.4521s valid=1
[1176/1200] QLEARNING RC2_2_9 run6 -> veh=4 dist=2284.36 cpu=71.6148s valid=1
[1177/1200] QLEARNING RC2_2_9 run7 -> veh=4 dist=2293.9 cpu=70.4674s valid=1
[1178/1200] QLEARNING RC2_2_9 run9 -> veh=4 dist=2322.87 cpu=72.7131s valid=1
[1179/1200] QLEARNING RC2_2_9 run10 -> veh=4 dist=2261.49 cpu=76.9295s valid=1
[1180/1200] QLEARNING RC2_2_9 run8 -> veh=4 dist=2277.87 cpu=83.2455s valid=1
[1181/1200] CLASSIC RC2_2_10 run8 -> veh=4 dist=2113.71 cpu=55.362s valid=1
[1182/1200] CLASSIC RC2_2_10 run7 -> veh=4 dist=2163.52 cpu=56.6706s valid=1
[1183/1200] CLASSIC RC2_2_10 run2 -> veh=4 dist=2231.4 cpu=74.6815s valid=1
[1184/1200] QLEARNING RC2_2_10 run3 -> veh=4 dist=2101.86 cpu=59.5337s valid=1
[1185/1200] CLASSIC RC2_2_10 run10 -> veh=4 dist=2119.2 cpu=61.4137s valid=1
[1186/1200] CLASSIC RC2_2_10 run1 -> veh=4 dist=2093.95 cpu=77.9381s valid=1
[1187/1200] CLASSIC RC2_2_10 run3 -> veh=4 dist=2095.36 cpu=72.5449s valid=1
[1188/1200] CLASSIC RC2_2_10 run4 -> veh=4 dist=2128.89 cpu=72.5521s valid=1
[1189/1200] CLASSIC RC2_2_10 run5 -> veh=4 dist=2166.19 cpu=71.3049s valid=1
[1190/1200] QLEARNING RC2_2_10 run4 -> veh=4 dist=2056.59 cpu=63.4304s valid=1
[1191/1200] QLEARNING RC2_2_10 run5 -> veh=4 dist=2023.99 cpu=60.6752s valid=1
[1192/1200] CLASSIC RC2_2_10 run6 -> veh=4 dist=2138.28 cpu=73.1766s valid=1
[1193/1200] QLEARNING RC2_2_10 run2 -> veh=4 dist=2145.63 cpu=68.9415s valid=1
[1194/1200] QLEARNING RC2_2_10 run8 -> veh=4 dist=2101.79 cpu=56.0845s valid=1
[1195/1200] QLEARNING RC2_2_10 run7 -> veh=4 dist=2122.04 cpu=57.1796s valid=1
[1196/1200] CLASSIC RC2_2_10 run9 -> veh=4 dist=2151.29 cpu=71.9832s valid=1
[1197/1200] QLEARNING RC2_2_10 run10 -> veh=4 dist=2122.98 cpu=54.4957s valid=1
[1198/1200] QLEARNING RC2_2_10 run1 -> veh=4 dist=2096.87 cpu=72.5966s valid=1
[1199/1200] QLEARNING RC2_2_10 run6 -> veh=4 dist=2154.54 cpu=68.207s valid=1
[1200/1200] QLEARNING RC2_2_10 run9 -> veh=4 dist=2119.19 cpu=64.0448s valid=1
=== Fin size=200. Nuevas: 1200 | errores: 0 | Wall-clock: 0h 46m 58.8s ===
Campaña para size=200 finalizada.
