============================================================
Job ID:           54147
Nodo asignado:    n004
Workers asignados: 32
============================================================

=== Solomon PARALELO: 56 instancias | 1120 ejecuciones | ya hechas: 0 | pendientes: 1120 | Hilos: 64 | params: (por defecto) ===
=== Maestro: /home/jose.osnayo/PFC_VRPTW/Experiments/results/solomon/master_solomon.csv (SOBRESCRIBE, se guarda corrida a corrida) ===
[1/1120] QLEARNING | C101 | Run 6 -> veh=10 dist=828.937 cpu=3.26366s valid=1
[2/1120] CLASSIC | C101 | Run 2 -> veh=10 dist=828.937 cpu=3.28962s valid=1
[3/1120] QLEARNING | C103 | Run 2 -> veh=10 dist=828.065 cpu=4.83417s valid=1
[4/1120] CLASSIC | C103 | Run 3 -> veh=10 dist=828.065 cpu=4.95141s valid=1
[5/1120] QLEARNING | C101 | Run 10 -> veh=10 dist=828.937 cpu=3.386s valid=1
[6/1120] CLASSIC | C101 | Run 4 -> veh=10 dist=828.937 cpu=3.31007s valid=1
[7/1120] CLASSIC | C103 | Run 10 -> veh=10 dist=828.065 cpu=4.89408s valid=1
[8/1120] CLASSIC | C103 | Run 6 -> veh=10 dist=828.065 cpu=4.95628s valid=1
[9/1120] QLEARNING | C101 | Run 5 -> veh=10 dist=828.937 cpu=3.15204s valid=1
[10/1120] QLEARNING | C101 | Run 9 -> veh=10 dist=828.937 cpu=3.04946s valid=1
[11/1120] QLEARNING | C101 | Run 7 -> veh=10 dist=828.937 cpu=3.06775s valid=1
[12/1120] QLEARNING | C101 | Run 8 -> veh=10 dist=828.937 cpu=3.20285s valid=1
[13/1120] QLEARNING | C101 | Run 2 -> veh=10 dist=828.937 cpu=3.26828s valid=1
[14/1120] CLASSIC | C101 | Run 5 -> veh=10 dist=828.937 cpu=3.31905s valid=1
[15/1120] QLEARNING | C101 | Run 4 -> veh=10 dist=828.937 cpu=3.13127s valid=1
[16/1120] CLASSIC | C101 | Run 10 -> veh=10 dist=828.937 cpu=3.31053s valid=1
[17/1120] CLASSIC | C101 | Run 9 -> veh=10 dist=828.937 cpu=3.31028s valid=1
[18/1120] QLEARNING | C101 | Run 3 -> veh=10 dist=828.937 cpu=3.24301s valid=1
[19/1120] CLASSIC | C101 | Run 3 -> veh=10 dist=828.937 cpu=3.31513s valid=1
[20/1120] CLASSIC | C101 | Run 6 -> veh=10 dist=828.937 cpu=3.30536s valid=1
[21/1120] CLASSIC | C103 | Run 4 -> veh=10 dist=828.065 cpu=4.95916s valid=1
[22/1120] QLEARNING | C103 | Run 10 -> veh=10 dist=828.065 cpu=4.77204s valid=1
[23/1120] CLASSIC | C101 | Run 1 -> veh=10 dist=828.937 cpu=3.32104s valid=1
[24/1120] QLEARNING | C103 | Run 6 -> veh=10 dist=828.065 cpu=4.78831s valid=1
[25/1120] QLEARNING | C102 | Run 8 -> veh=10 dist=828.937 cpu=4.35183s valid=1
[26/1120] QLEARNING | C102 | Run 5 -> veh=10 dist=828.937 cpu=4.11959s valid=1
[27/1120] CLASSIC | C103 | Run 1 -> veh=10 dist=828.065 cpu=4.89627s valid=1
[28/1120] CLASSIC | C102 | Run 4 -> veh=10 dist=828.937 cpu=4.2226s valid=1
[29/1120] CLASSIC | C101 | Run 8 -> veh=10 dist=828.937 cpu=3.34332s valid=1
[30/1120] CLASSIC | C102 | Run 6 -> veh=10 dist=828.937 cpu=4.22458s valid=1
[31/1120] QLEARNING | C103 | Run 3 -> veh=10 dist=828.065 cpu=4.84373s valid=1
[32/1120] QLEARNING | C102 | Run 1 -> veh=10 dist=828.937 cpu=4.25401s valid=1
[33/1120] CLASSIC | C102 | Run 10 -> veh=10 dist=828.937 cpu=4.28359s valid=1
[34/1120] QLEARNING | C103 | Run 5 -> veh=10 dist=828.065 cpu=4.87439s valid=1
[35/1120] QLEARNING | C102 | Run 3 -> veh=10 dist=828.937 cpu=4.17751s valid=1
[36/1120] CLASSIC | C102 | Run 1 -> veh=10 dist=828.937 cpu=4.24857s valid=1
[37/1120] CLASSIC | C102 | Run 7 -> veh=10 dist=828.937 cpu=4.276s valid=1
[38/1120] CLASSIC | C102 | Run 2 -> veh=10 dist=828.937 cpu=4.27043s valid=1
[39/1120] QLEARNING | C102 | Run 7 -> veh=10 dist=828.937 cpu=4.19022s valid=1
[40/1120] CLASSIC | C102 | Run 8 -> veh=10 dist=828.937 cpu=4.25731s valid=1
[41/1120] QLEARNING | C102 | Run 2 -> veh=10 dist=828.937 cpu=4.20002s valid=1
[42/1120] QLEARNING | C103 | Run 1 -> veh=10 dist=828.065 cpu=4.85156s valid=1
[43/1120] QLEARNING | C103 | Run 9 -> veh=10 dist=828.065 cpu=4.87288s valid=1
[44/1120] CLASSIC | C103 | Run 9 -> veh=10 dist=828.065 cpu=4.88159s valid=1
[45/1120] QLEARNING | C103 | Run 8 -> veh=10 dist=828.065 cpu=4.89249s valid=1
[46/1120] QLEARNING | C103 | Run 4 -> veh=10 dist=828.065 cpu=4.83805s valid=1
[47/1120] QLEARNING | C103 | Run 7 -> veh=10 dist=828.065 cpu=4.86572s valid=1
[48/1120] CLASSIC | C103 | Run 8 -> veh=10 dist=828.065 cpu=5.02546s valid=1
[49/1120] CLASSIC | C101 | Run 7 -> veh=10 dist=828.937 cpu=3.30641s valid=1
[50/1120] CLASSIC | C103 | Run 7 -> veh=10 dist=828.065 cpu=4.96262s valid=1
[51/1120] CLASSIC | C104 | Run 2 -> veh=10 dist=848.933 cpu=5.78145s valid=1
[52/1120] CLASSIC | C103 | Run 2 -> veh=10 dist=828.065 cpu=5.01197s valid=1
[53/1120] QLEARNING | C101 | Run 1 -> veh=10 dist=828.937 cpu=3.1401s valid=1
[54/1120] CLASSIC | C103 | Run 5 -> veh=10 dist=828.065 cpu=4.98566s valid=1
[55/1120] CLASSIC | C102 | Run 3 -> veh=10 dist=828.937 cpu=4.1947s valid=1
[56/1120] CLASSIC | C102 | Run 9 -> veh=10 dist=828.937 cpu=4.28685s valid=1
[57/1120] CLASSIC | C104 | Run 3 -> veh=10 dist=837.197 cpu=5.70091s valid=1
[58/1120] QLEARNING | C102 | Run 9 -> veh=10 dist=828.937 cpu=4.09198s valid=1
[59/1120] CLASSIC | C104 | Run 5 -> veh=10 dist=847.052 cpu=5.73137s valid=1
[60/1120] QLEARNING | C102 | Run 10 -> veh=10 dist=828.937 cpu=4.16973s valid=1
[61/1120] CLASSIC | C104 | Run 1 -> veh=10 dist=827.519 cpu=5.70226s valid=1
[62/1120] CLASSIC | C104 | Run 4 -> veh=10 dist=824.777 cpu=5.7789s valid=1
[63/1120] CLASSIC | C102 | Run 5 -> veh=10 dist=828.937 cpu=4.21161s valid=1
[64/1120] QLEARNING | C102 | Run 4 -> veh=10 dist=828.937 cpu=4.14813s valid=1
[65/1120] QLEARNING | C102 | Run 6 -> veh=10 dist=828.937 cpu=4.21063s valid=1
[66/1120] CLASSIC | C105 | Run 9 -> veh=10 dist=828.937 cpu=3.65638s valid=1
[67/1120] CLASSIC | C105 | Run 10 -> veh=10 dist=828.937 cpu=3.66186s valid=1
[68/1120] QLEARNING | C104 | Run 1 -> veh=10 dist=824.777 cpu=5.16474s valid=1
[69/1120] QLEARNING | C105 | Run 5 -> veh=10 dist=828.937 cpu=3.39967s valid=1
[70/1120] CLASSIC | C104 | Run 8 -> veh=10 dist=826.716 cpu=5.74108s valid=1
[71/1120] CLASSIC | C105 | Run 1 -> veh=10 dist=828.937 cpu=3.65253s valid=1
[72/1120] QLEARNING | C105 | Run 1 -> veh=10 dist=828.937 cpu=3.45085s valid=1
[73/1120] QLEARNING | C105 | Run 8 -> veh=10 dist=828.937 cpu=3.4375s valid=1
[74/1120] CLASSIC | C105 | Run 4 -> veh=10 dist=828.937 cpu=3.66584s valid=1
[75/1120] CLASSIC | C105 | Run 3 -> veh=10 dist=828.937 cpu=3.67028s valid=1
[76/1120] QLEARNING | C105 | Run 3 -> veh=10 dist=828.937 cpu=3.38066s valid=1
[77/1120] QLEARNING | C105 | Run 2 -> veh=10 dist=828.937 cpu=3.46156s valid=1
[78/1120] QLEARNING | C104 | Run 6 -> veh=10 dist=824.777 cpu=5.23436s valid=1
[79/1120] CLASSIC | C105 | Run 2 -> veh=10 dist=828.937 cpu=3.68833s valid=1
[80/1120] CLASSIC | C105 | Run 8 -> veh=10 dist=828.937 cpu=3.6695s valid=1
[81/1120] CLASSIC | C104 | Run 9 -> veh=10 dist=840.022 cpu=5.77661s valid=1
[82/1120] QLEARNING | C105 | Run 7 -> veh=10 dist=828.937 cpu=3.5795s valid=1
[83/1120] QLEARNING | C104 | Run 7 -> veh=10 dist=824.777 cpu=5.37322s valid=1
[84/1120] CLASSIC | C105 | Run 7 -> veh=10 dist=828.937 cpu=3.67011s valid=1
[85/1120] QLEARNING | C105 | Run 4 -> veh=10 dist=828.937 cpu=3.34185s valid=1
[86/1120] CLASSIC | C105 | Run 5 -> veh=10 dist=828.937 cpu=3.6815s valid=1
[87/1120] CLASSIC | C105 | Run 6 -> veh=10 dist=828.937 cpu=3.70196s valid=1
[88/1120] CLASSIC | C104 | Run 6 -> veh=10 dist=831.743 cpu=5.67544s valid=1
[89/1120] QLEARNING | C105 | Run 10 -> veh=10 dist=828.937 cpu=3.39142s valid=1
[90/1120] QLEARNING | C105 | Run 6 -> veh=10 dist=828.937 cpu=3.41621s valid=1
[91/1120] CLASSIC | C104 | Run 7 -> veh=10 dist=847.731 cpu=5.61718s valid=1
[92/1120] QLEARNING | C104 | Run 2 -> veh=10 dist=824.777 cpu=5.33302s valid=1
[93/1120] QLEARNING | C105 | Run 9 -> veh=10 dist=828.937 cpu=3.43285s valid=1
[94/1120] QLEARNING | C104 | Run 5 -> veh=10 dist=824.777 cpu=5.25517s valid=1
[95/1120] QLEARNING | C104 | Run 8 -> veh=10 dist=824.777 cpu=5.2858s valid=1
[96/1120] QLEARNING | C104 | Run 4 -> veh=10 dist=824.777 cpu=5.11649s valid=1
[97/1120] CLASSIC | C106 | Run 4 -> veh=10 dist=828.937 cpu=3.93138s valid=1
[98/1120] CLASSIC | C106 | Run 3 -> veh=10 dist=828.937 cpu=3.89046s valid=1
[99/1120] CLASSIC | C106 | Run 10 -> veh=10 dist=828.937 cpu=3.91927s valid=1
[100/1120] QLEARNING | C104 | Run 10 -> veh=10 dist=824.777 cpu=5.24484s valid=1
[101/1120] CLASSIC | C104 | Run 10 -> veh=10 dist=824.777 cpu=5.76583s valid=1
[102/1120] CLASSIC | C106 | Run 1 -> veh=10 dist=828.937 cpu=3.93779s valid=1
[103/1120] QLEARNING | C106 | Run 3 -> veh=10 dist=828.937 cpu=3.79696s valid=1
[104/1120] QLEARNING | C106 | Run 9 -> veh=10 dist=828.937 cpu=3.80737s valid=1
[105/1120] CLASSIC | C106 | Run 2 -> veh=10 dist=828.937 cpu=3.95414s valid=1
[106/1120] QLEARNING | C104 | Run 3 -> veh=10 dist=824.777 cpu=5.18433s valid=1
[107/1120] CLASSIC | C106 | Run 9 -> veh=10 dist=828.937 cpu=3.92886s valid=1
[108/1120] CLASSIC | C106 | Run 8 -> veh=10 dist=828.937 cpu=3.93975s valid=1
[109/1120] CLASSIC | C106 | Run 6 -> veh=10 dist=828.937 cpu=3.882s valid=1
[110/1120] CLASSIC | C106 | Run 5 -> veh=10 dist=828.937 cpu=3.95527s valid=1
[111/1120] QLEARNING | C104 | Run 9 -> veh=10 dist=824.777 cpu=5.31843s valid=1
[112/1120] QLEARNING | C106 | Run 8 -> veh=10 dist=828.937 cpu=3.83053s valid=1
[113/1120] QLEARNING | C106 | Run 5 -> veh=10 dist=828.937 cpu=3.80613s valid=1
[114/1120] QLEARNING | C106 | Run 6 -> veh=10 dist=828.937 cpu=3.8737s valid=1
[115/1120] QLEARNING | C106 | Run 7 -> veh=10 dist=828.937 cpu=3.77975s valid=1
[116/1120] QLEARNING | C106 | Run 1 -> veh=10 dist=828.937 cpu=3.77823s valid=1
[117/1120] QLEARNING | C106 | Run 4 -> veh=10 dist=828.937 cpu=3.88026s valid=1
[118/1120] CLASSIC | C107 | Run 3 -> veh=10 dist=828.937 cpu=4.05029s valid=1
[119/1120] QLEARNING | C107 | Run 1 -> veh=10 dist=828.937 cpu=3.8372s valid=1
[120/1120] CLASSIC | C106 | Run 7 -> veh=10 dist=828.937 cpu=3.9711s valid=1
[121/1120] CLASSIC | C107 | Run 5 -> veh=10 dist=828.937 cpu=4.03103s valid=1
[122/1120] QLEARNING | C106 | Run 2 -> veh=10 dist=828.937 cpu=3.85683s valid=1
[123/1120] QLEARNING | C107 | Run 4 -> veh=10 dist=828.937 cpu=3.85801s valid=1
[124/1120] QLEARNING | C106 | Run 10 -> veh=10 dist=828.937 cpu=3.84312s valid=1
[125/1120] CLASSIC | C107 | Run 7 -> veh=10 dist=828.937 cpu=4.04376s valid=1
[126/1120] CLASSIC | C107 | Run 1 -> veh=10 dist=828.937 cpu=4.05014s valid=1
[127/1120] CLASSIC | C107 | Run 10 -> veh=10 dist=828.937 cpu=4.03474s valid=1
[128/1120] CLASSIC | C107 | Run 6 -> veh=10 dist=828.937 cpu=4.05395s valid=1
[129/1120] CLASSIC | C107 | Run 4 -> veh=10 dist=828.937 cpu=4.04104s valid=1
[130/1120] CLASSIC | C107 | Run 2 -> veh=10 dist=828.937 cpu=4.05104s valid=1
[131/1120] CLASSIC | C107 | Run 8 -> veh=10 dist=828.937 cpu=3.97799s valid=1
[132/1120] QLEARNING | C107 | Run 6 -> veh=10 dist=828.937 cpu=3.80252s valid=1
[133/1120] QLEARNING | C107 | Run 9 -> veh=10 dist=828.937 cpu=3.79152s valid=1
[134/1120] CLASSIC | C107 | Run 9 -> veh=10 dist=828.937 cpu=3.95932s valid=1
[135/1120] QLEARNING | C107 | Run 7 -> veh=10 dist=828.937 cpu=3.79913s valid=1
[136/1120] QLEARNING | C107 | Run 8 -> veh=10 dist=828.937 cpu=3.93074s valid=1
[137/1120] QLEARNING | C107 | Run 3 -> veh=10 dist=828.937 cpu=3.72491s valid=1
[138/1120] QLEARNING | C107 | Run 10 -> veh=10 dist=828.937 cpu=3.84136s valid=1
[139/1120] QLEARNING | C108 | Run 9 -> veh=10 dist=828.937 cpu=4.66061s valid=1
[140/1120] QLEARNING | C107 | Run 2 -> veh=10 dist=828.937 cpu=3.81843s valid=1
[141/1120] CLASSIC | C108 | Run 8 -> veh=10 dist=828.937 cpu=4.67734s valid=1
[142/1120] QLEARNING | C107 | Run 5 -> veh=10 dist=828.937 cpu=3.81379s valid=1
[143/1120] QLEARNING | C108 | Run 6 -> veh=10 dist=828.937 cpu=4.6613s valid=1
[144/1120] CLASSIC | C108 | Run 4 -> veh=10 dist=828.937 cpu=4.63578s valid=1
[145/1120] CLASSIC | C108 | Run 7 -> veh=10 dist=828.937 cpu=4.64104s valid=1
[146/1120] CLASSIC | C108 | Run 6 -> veh=10 dist=828.937 cpu=4.66021s valid=1
[147/1120] CLASSIC | C108 | Run 10 -> veh=10 dist=828.937 cpu=4.66552s valid=1
[148/1120] CLASSIC | C108 | Run 3 -> veh=10 dist=828.937 cpu=4.68819s valid=1
[149/1120] CLASSIC | C108 | Run 5 -> veh=10 dist=828.937 cpu=4.65584s valid=1
[150/1120] QLEARNING | C108 | Run 4 -> veh=10 dist=828.937 cpu=4.6963s valid=1
[151/1120] CLASSIC | C108 | Run 9 -> veh=10 dist=828.937 cpu=4.61963s valid=1
[152/1120] QLEARNING | C108 | Run 3 -> veh=10 dist=828.937 cpu=4.62916s valid=1
[153/1120] CLASSIC | C108 | Run 1 -> veh=10 dist=828.937 cpu=4.59349s valid=1
[154/1120] QLEARNING | C108 | Run 1 -> veh=10 dist=828.937 cpu=4.65635s valid=1
[155/1120] CLASSIC | C109 | Run 7 -> veh=10 dist=828.937 cpu=4.97914s valid=1
[156/1120] QLEARNING | C109 | Run 1 -> veh=10 dist=828.937 cpu=4.77077s valid=1
[157/1120] QLEARNING | C109 | Run 8 -> veh=10 dist=828.937 cpu=4.87028s valid=1
[158/1120] CLASSIC | C108 | Run 2 -> veh=10 dist=828.937 cpu=4.56745s valid=1
[159/1120] CLASSIC | C109 | Run 2 -> veh=10 dist=828.937 cpu=5.03985s valid=1
[160/1120] QLEARNING | C108 | Run 5 -> veh=10 dist=828.937 cpu=4.63463s valid=1
[161/1120] QLEARNING | C108 | Run 8 -> veh=10 dist=828.937 cpu=4.61353s valid=1
[162/1120] QLEARNING | C108 | Run 2 -> veh=10 dist=828.937 cpu=4.4931s valid=1
[163/1120] QLEARNING | C109 | Run 4 -> veh=10 dist=828.937 cpu=4.86664s valid=1
[164/1120] QLEARNING | C109 | Run 6 -> veh=10 dist=828.937 cpu=4.85123s valid=1
[165/1120] QLEARNING | C108 | Run 7 -> veh=10 dist=828.937 cpu=4.56455s valid=1
[166/1120] CLASSIC | C109 | Run 4 -> veh=10 dist=828.937 cpu=4.96405s valid=1
[167/1120] CLASSIC | C109 | Run 5 -> veh=10 dist=828.937 cpu=5.0118s valid=1
[168/1120] CLASSIC | C109 | Run 1 -> veh=10 dist=828.937 cpu=4.9593s valid=1
[169/1120] QLEARNING | C108 | Run 10 -> veh=10 dist=828.937 cpu=4.51532s valid=1
[170/1120] CLASSIC | C109 | Run 10 -> veh=10 dist=828.937 cpu=4.93471s valid=1
[171/1120] QLEARNING | C109 | Run 2 -> veh=10 dist=828.937 cpu=4.76853s valid=1
[172/1120] QLEARNING | C109 | Run 10 -> veh=10 dist=828.937 cpu=4.816s valid=1
[173/1120] QLEARNING | C109 | Run 7 -> veh=10 dist=828.937 cpu=4.80668s valid=1
[174/1120] QLEARNING | C109 | Run 5 -> veh=10 dist=828.937 cpu=4.74982s valid=1
[175/1120] CLASSIC | C109 | Run 3 -> veh=10 dist=828.937 cpu=4.87565s valid=1
[176/1120] QLEARNING | C109 | Run 3 -> veh=10 dist=828.937 cpu=4.61125s valid=1
[177/1120] CLASSIC | C109 | Run 8 -> veh=10 dist=828.937 cpu=4.92843s valid=1
[178/1120] CLASSIC | C109 | Run 6 -> veh=10 dist=828.937 cpu=4.8896s valid=1
[179/1120] CLASSIC | C109 | Run 9 -> veh=10 dist=828.937 cpu=4.87423s valid=1
[180/1120] QLEARNING | C109 | Run 9 -> veh=10 dist=828.937 cpu=4.68572s valid=1
[181/1120] QLEARNING | C201 | Run 2 -> veh=3 dist=591.557 cpu=5.67211s valid=1
[182/1120] QLEARNING | C201 | Run 4 -> veh=3 dist=591.557 cpu=5.69274s valid=1
[183/1120] CLASSIC | C201 | Run 8 -> veh=3 dist=591.557 cpu=6.24372s valid=1
[184/1120] QLEARNING | C201 | Run 3 -> veh=3 dist=591.557 cpu=5.63564s valid=1
[185/1120] CLASSIC | C201 | Run 3 -> veh=3 dist=591.557 cpu=6.29118s valid=1
[186/1120] CLASSIC | C201 | Run 9 -> veh=3 dist=591.557 cpu=6.26472s valid=1
[187/1120] QLEARNING | C201 | Run 9 -> veh=3 dist=591.557 cpu=5.80689s valid=1
[188/1120] CLASSIC | C201 | Run 6 -> veh=3 dist=591.557 cpu=6.22949s valid=1
[189/1120] CLASSIC | C201 | Run 2 -> veh=3 dist=591.557 cpu=6.25046s valid=1
[190/1120] QLEARNING | C201 | Run 1 -> veh=3 dist=591.557 cpu=5.7113s valid=1
[191/1120] CLASSIC | C201 | Run 7 -> veh=3 dist=591.557 cpu=6.33714s valid=1
[192/1120] QLEARNING | C201 | Run 10 -> veh=3 dist=591.557 cpu=5.74457s valid=1
[193/1120] CLASSIC | C201 | Run 5 -> veh=3 dist=591.557 cpu=6.30635s valid=1
[194/1120] QLEARNING | C201 | Run 6 -> veh=3 dist=591.557 cpu=5.55629s valid=1
[195/1120] QLEARNING | C201 | Run 7 -> veh=3 dist=591.557 cpu=5.47387s valid=1
[196/1120] CLASSIC | C201 | Run 10 -> veh=3 dist=591.557 cpu=6.27173s valid=1
[197/1120] CLASSIC | C201 | Run 1 -> veh=3 dist=591.557 cpu=6.13126s valid=1
[198/1120] QLEARNING | C201 | Run 5 -> veh=3 dist=591.557 cpu=5.69365s valid=1
[199/1120] CLASSIC | C201 | Run 4 -> veh=3 dist=591.557 cpu=6.07971s valid=1
[200/1120] QLEARNING | C201 | Run 8 -> veh=3 dist=591.557 cpu=5.65482s valid=1
[201/1120] CLASSIC | C202 | Run 3 -> veh=3 dist=591.557 cpu=9.03708s valid=1
[202/1120] CLASSIC | C202 | Run 5 -> veh=3 dist=591.557 cpu=9.08919s valid=1
[203/1120] CLASSIC | C202 | Run 7 -> veh=3 dist=591.557 cpu=9.03265s valid=1
[204/1120] QLEARNING | C202 | Run 9 -> veh=3 dist=591.557 cpu=9.19055s valid=1
[205/1120] CLASSIC | C202 | Run 10 -> veh=3 dist=591.557 cpu=9.19679s valid=1
[206/1120] CLASSIC | C202 | Run 2 -> veh=3 dist=591.557 cpu=9.12892s valid=1
[207/1120] QLEARNING | C202 | Run 8 -> veh=3 dist=591.557 cpu=9.62738s valid=1
[208/1120] CLASSIC | C202 | Run 8 -> veh=3 dist=591.557 cpu=9.15843s valid=1
[209/1120] QLEARNING | C202 | Run 2 -> veh=3 dist=591.557 cpu=9.49038s valid=1
[210/1120] CLASSIC | C202 | Run 1 -> veh=3 dist=591.557 cpu=8.91509s valid=1
[211/1120] CLASSIC | C202 | Run 9 -> veh=3 dist=591.557 cpu=9.1357s valid=1
[212/1120] QLEARNING | C202 | Run 6 -> veh=3 dist=591.557 cpu=9.26925s valid=1
[213/1120] QLEARNING | C202 | Run 3 -> veh=3 dist=591.557 cpu=10.0956s valid=1
[214/1120] CLASSIC | C202 | Run 4 -> veh=3 dist=591.557 cpu=8.98405s valid=1
[215/1120] QLEARNING | C202 | Run 4 -> veh=3 dist=591.557 cpu=9.44013s valid=1
[216/1120] QLEARNING | C202 | Run 5 -> veh=3 dist=591.557 cpu=9.76977s valid=1
[217/1120] CLASSIC | C202 | Run 6 -> veh=3 dist=591.557 cpu=9.05069s valid=1
[218/1120] QLEARNING | C202 | Run 1 -> veh=3 dist=591.557 cpu=9.83985s valid=1
[219/1120] QLEARNING | C202 | Run 7 -> veh=3 dist=591.557 cpu=9.30796s valid=1
[220/1120] QLEARNING | C202 | Run 10 -> veh=3 dist=591.557 cpu=9.45481s valid=1
[221/1120] QLEARNING | C203 | Run 7 -> veh=3 dist=591.173 cpu=10.3797s valid=1
[222/1120] CLASSIC | C205 | Run 2 -> veh=3 dist=588.876 cpu=7.26468s valid=1
[223/1120] CLASSIC | C203 | Run 5 -> veh=3 dist=591.173 cpu=11.6317s valid=1
[224/1120] QLEARNING | C203 | Run 9 -> veh=3 dist=591.173 cpu=10.3225s valid=1
[225/1120] QLEARNING | C203 | Run 8 -> veh=3 dist=591.173 cpu=10.4958s valid=1
[226/1120] QLEARNING | C203 | Run 1 -> veh=3 dist=591.173 cpu=10.285s valid=1
[227/1120] QLEARNING | C203 | Run 4 -> veh=3 dist=591.173 cpu=10.5456s valid=1
[228/1120] CLASSIC | C203 | Run 3 -> veh=3 dist=591.173 cpu=11.5736s valid=1
[229/1120] CLASSIC | C205 | Run 1 -> veh=3 dist=588.876 cpu=7.36412s valid=1
[230/1120] QLEARNING | C203 | Run 3 -> veh=3 dist=591.173 cpu=10.0059s valid=1
[231/1120] CLASSIC | C203 | Run 1 -> veh=3 dist=591.173 cpu=11.7782s valid=1
[232/1120] QLEARNING | C203 | Run 2 -> veh=3 dist=591.173 cpu=10.1764s valid=1
[233/1120] CLASSIC | C203 | Run 10 -> veh=3 dist=591.173 cpu=11.6965s valid=1
[234/1120] CLASSIC | C205 | Run 3 -> veh=3 dist=588.876 cpu=7.35712s valid=1
[235/1120] QLEARNING | C203 | Run 6 -> veh=3 dist=591.173 cpu=10.5414s valid=1
[236/1120] CLASSIC | C203 | Run 8 -> veh=3 dist=591.173 cpu=11.8334s valid=1
[237/1120] CLASSIC | C203 | Run 9 -> veh=3 dist=591.173 cpu=11.2963s valid=1
[238/1120] QLEARNING | C203 | Run 10 -> veh=3 dist=591.173 cpu=10.1035s valid=1
[239/1120] CLASSIC | C203 | Run 6 -> veh=3 dist=591.173 cpu=11.4283s valid=1
[240/1120] QLEARNING | C203 | Run 5 -> veh=3 dist=591.173 cpu=10.8998s valid=1
[241/1120] CLASSIC | C203 | Run 2 -> veh=3 dist=591.173 cpu=11.3538s valid=1
[242/1120] CLASSIC | C205 | Run 4 -> veh=3 dist=588.876 cpu=7.27586s valid=1
[243/1120] CLASSIC | C205 | Run 6 -> veh=3 dist=588.876 cpu=7.30866s valid=1
[244/1120] CLASSIC | C203 | Run 7 -> veh=3 dist=591.173 cpu=11.331s valid=1
[245/1120] CLASSIC | C203 | Run 4 -> veh=3 dist=591.173 cpu=11.2829s valid=1
[246/1120] CLASSIC | C204 | Run 9 -> veh=3 dist=590.599 cpu=12.9981s valid=1
[247/1120] CLASSIC | C205 | Run 5 -> veh=3 dist=588.876 cpu=7.263s valid=1
[248/1120] QLEARNING | C204 | Run 6 -> veh=3 dist=590.599 cpu=10.8529s valid=1
[249/1120] CLASSIC | C205 | Run 8 -> veh=3 dist=588.876 cpu=7.3238s valid=1
[250/1120] QLEARNING | C204 | Run 9 -> veh=3 dist=590.599 cpu=10.6395s valid=1
[251/1120] QLEARNING | C204 | Run 1 -> veh=3 dist=590.599 cpu=11.1497s valid=1
[252/1120] QLEARNING | C204 | Run 2 -> veh=3 dist=590.599 cpu=10.866s valid=1
[253/1120] QLEARNING | C204 | Run 5 -> veh=3 dist=590.599 cpu=11.072s valid=1
[254/1120] CLASSIC | C205 | Run 10 -> veh=3 dist=588.876 cpu=7.38269s valid=1
[255/1120] QLEARNING | C204 | Run 4 -> veh=3 dist=590.599 cpu=10.7941s valid=1
[256/1120] CLASSIC | C205 | Run 9 -> veh=3 dist=588.876 cpu=7.41097s valid=1
[257/1120] QLEARNING | C205 | Run 2 -> veh=3 dist=588.876 cpu=6.82464s valid=1
[258/1120] QLEARNING | C204 | Run 7 -> veh=3 dist=590.599 cpu=10.7321s valid=1
[259/1120] QLEARNING | C204 | Run 3 -> veh=3 dist=590.599 cpu=11.0509s valid=1
[260/1120] CLASSIC | C205 | Run 7 -> veh=3 dist=588.876 cpu=7.42172s valid=1
[261/1120] QLEARNING | C205 | Run 9 -> veh=3 dist=588.876 cpu=6.97957s valid=1
[262/1120] QLEARNING | C204 | Run 8 -> veh=3 dist=590.599 cpu=10.8109s valid=1
[263/1120] QLEARNING | C205 | Run 10 -> veh=3 dist=588.876 cpu=7.10166s valid=1
[264/1120] QLEARNING | C204 | Run 10 -> veh=3 dist=590.599 cpu=11.1643s valid=1
[265/1120] CLASSIC | C204 | Run 10 -> veh=3 dist=590.599 cpu=13.079s valid=1
[266/1120] QLEARNING | C205 | Run 1 -> veh=3 dist=588.876 cpu=7.16355s valid=1
[267/1120] CLASSIC | C204 | Run 2 -> veh=3 dist=590.599 cpu=12.6483s valid=1
[268/1120] QLEARNING | C205 | Run 4 -> veh=3 dist=588.876 cpu=7.60266s valid=1
[269/1120] CLASSIC | C204 | Run 4 -> veh=3 dist=590.599 cpu=12.7249s valid=1
[270/1120] CLASSIC | C204 | Run 3 -> veh=3 dist=590.599 cpu=12.9358s valid=1
[271/1120] QLEARNING | C205 | Run 6 -> veh=3 dist=588.876 cpu=6.86895s valid=1
[272/1120] QLEARNING | C205 | Run 3 -> veh=3 dist=588.876 cpu=6.82266s valid=1
[273/1120] QLEARNING | C205 | Run 7 -> veh=3 dist=588.876 cpu=6.75247s valid=1
[274/1120] CLASSIC | C204 | Run 5 -> veh=3 dist=590.599 cpu=12.9637s valid=1
[275/1120] CLASSIC | C204 | Run 1 -> veh=3 dist=590.599 cpu=13.0863s valid=1
[276/1120] QLEARNING | C205 | Run 5 -> veh=3 dist=588.876 cpu=6.88573s valid=1
[277/1120] CLASSIC | C206 | Run 2 -> veh=3 dist=588.493 cpu=7.69695s valid=1
[278/1120] CLASSIC | C204 | Run 8 -> veh=3 dist=590.599 cpu=13.0765s valid=1
[279/1120] CLASSIC | C206 | Run 1 -> veh=3 dist=588.493 cpu=7.67011s valid=1
[280/1120] CLASSIC | C204 | Run 6 -> veh=3 dist=590.599 cpu=12.8285s valid=1
[281/1120] QLEARNING | C205 | Run 8 -> veh=3 dist=588.876 cpu=6.77961s valid=1
[282/1120] CLASSIC | C206 | Run 7 -> veh=3 dist=588.493 cpu=7.61427s valid=1
[283/1120] CLASSIC | C206 | Run 4 -> veh=3 dist=588.493 cpu=7.63887s valid=1
[284/1120] CLASSIC | C206 | Run 8 -> veh=3 dist=588.493 cpu=7.58712s valid=1
[285/1120] CLASSIC | C204 | Run 7 -> veh=3 dist=590.599 cpu=12.8817s valid=1
[286/1120] QLEARNING | C206 | Run 5 -> veh=3 dist=588.493 cpu=7.17677s valid=1
[287/1120] CLASSIC | C206 | Run 10 -> veh=3 dist=588.493 cpu=7.73044s valid=1
[288/1120] QLEARNING | C206 | Run 2 -> veh=3 dist=588.493 cpu=7.33658s valid=1
[289/1120] QLEARNING | C206 | Run 3 -> veh=3 dist=588.493 cpu=7.16542s valid=1
[290/1120] CLASSIC | C206 | Run 9 -> veh=3 dist=588.493 cpu=7.5913s valid=1
[291/1120] CLASSIC | C207 | Run 1 -> veh=3 dist=588.286 cpu=7.68974s valid=1
[292/1120] CLASSIC | C206 | Run 3 -> veh=3 dist=588.493 cpu=7.52745s valid=1
[293/1120] CLASSIC | C206 | Run 5 -> veh=3 dist=588.493 cpu=7.71364s valid=1
[294/1120] CLASSIC | C206 | Run 6 -> veh=3 dist=588.493 cpu=7.76955s valid=1
[295/1120] QLEARNING | C206 | Run 8 -> veh=3 dist=588.493 cpu=6.99064s valid=1
[296/1120] CLASSIC | R101 | Run 1 -> veh=19 dist=1658.85 cpu=3.3404s valid=1
[297/1120] CLASSIC | R101 | Run 3 -> veh=19 dist=1663.36 cpu=3.349s valid=1
[298/1120] CLASSIC | C207 | Run 7 -> veh=3 dist=588.286 cpu=7.79856s valid=1
[299/1120] QLEARNING | C206 | Run 9 -> veh=3 dist=588.493 cpu=7.08177s valid=1
[300/1120] QLEARNING | C206 | Run 1 -> veh=3 dist=588.493 cpu=7.09813s valid=1
[301/1120] QLEARNING | C206 | Run 7 -> veh=3 dist=588.493 cpu=7.01211s valid=1
[302/1120] QLEARNING | C206 | Run 6 -> veh=3 dist=588.493 cpu=6.78206s valid=1
[303/1120] QLEARNING | C206 | Run 10 -> veh=3 dist=588.493 cpu=7.5199s valid=1
[304/1120] CLASSIC | R101 | Run 2 -> veh=19 dist=1656.83 cpu=3.33561s valid=1
[305/1120] CLASSIC | R101 | Run 7 -> veh=19 dist=1661.3 cpu=3.32536s valid=1
[306/1120] QLEARNING | R101 | Run 1 -> veh=19 dist=1651.5 cpu=3.12928s valid=1
[307/1120] QLEARNING | C206 | Run 4 -> veh=3 dist=588.493 cpu=7.15857s valid=1
[308/1120] CLASSIC | C207 | Run 4 -> veh=3 dist=588.286 cpu=7.75278s valid=1
[309/1120] QLEARNING | R101 | Run 3 -> veh=19 dist=1653.81 cpu=3.14397s valid=1
[310/1120] QLEARNING | R101 | Run 2 -> veh=19 dist=1655.55 cpu=3.11505s valid=1
[311/1120] CLASSIC | R101 | Run 5 -> veh=19 dist=1655.39 cpu=3.2773s valid=1
[312/1120] CLASSIC | R101 | Run 4 -> veh=19 dist=1654.38 cpu=3.2629s valid=1
[313/1120] QLEARNING | C207 | Run 4 -> veh=3 dist=588.286 cpu=8.32793s valid=1
[314/1120] CLASSIC | C207 | Run 10 -> veh=3 dist=588.286 cpu=7.72137s valid=1
[315/1120] CLASSIC | C208 | Run 1 -> veh=3 dist=588.324 cpu=8.02946s valid=1
[316/1120] CLASSIC | C208 | Run 5 -> veh=3 dist=588.324 cpu=8.15344s valid=1
[317/1120] CLASSIC | R101 | Run 6 -> veh=19 dist=1658.37 cpu=3.32846s valid=1
[318/1120] CLASSIC | R101 | Run 10 -> veh=19 dist=1656.99 cpu=3.35358s valid=1
[319/1120] CLASSIC | C207 | Run 2 -> veh=3 dist=588.286 cpu=7.54583s valid=1
[320/1120] CLASSIC | C208 | Run 2 -> veh=3 dist=588.324 cpu=8.01176s valid=1
[321/1120] CLASSIC | R101 | Run 8 -> veh=19 dist=1662.58 cpu=3.37163s valid=1
[322/1120] QLEARNING | R101 | Run 7 -> veh=19 dist=1653.56 cpu=3.19005s valid=1
[323/1120] QLEARNING | C207 | Run 3 -> veh=3 dist=588.286 cpu=8.06884s valid=1
[324/1120] CLASSIC | R101 | Run 9 -> veh=19 dist=1661.39 cpu=3.30206s valid=1
[325/1120] QLEARNING | C207 | Run 1 -> veh=3 dist=588.286 cpu=8.10024s valid=1
[326/1120] QLEARNING | R101 | Run 5 -> veh=19 dist=1655.41 cpu=3.12884s valid=1
[327/1120] QLEARNING | R101 | Run 10 -> veh=19 dist=1653.14 cpu=3.13397s valid=1
[328/1120] CLASSIC | C207 | Run 3 -> veh=3 dist=588.286 cpu=7.70042s valid=1
[329/1120] QLEARNING | R101 | Run 4 -> veh=19 dist=1653.76 cpu=3.15948s valid=1
[330/1120] CLASSIC | C208 | Run 10 -> veh=3 dist=588.324 cpu=8.06264s valid=1
[331/1120] QLEARNING | C208 | Run 3 -> veh=3 dist=588.324 cpu=7.09976s valid=1
[332/1120] CLASSIC | C207 | Run 9 -> veh=3 dist=588.286 cpu=7.7127s valid=1
[333/1120] CLASSIC | C207 | Run 6 -> veh=3 dist=588.286 cpu=7.5129s valid=1
[334/1120] QLEARNING | C207 | Run 2 -> veh=3 dist=588.286 cpu=7.99058s valid=1
[335/1120] QLEARNING | R101 | Run 9 -> veh=19 dist=1652.47 cpu=3.12453s valid=1
[336/1120] QLEARNING | R101 | Run 6 -> veh=19 dist=1653.19 cpu=3.10533s valid=1
[337/1120] QLEARNING | C207 | Run 7 -> veh=3 dist=588.286 cpu=8.0764s valid=1
[338/1120] CLASSIC | C207 | Run 5 -> veh=3 dist=588.286 cpu=7.79308s valid=1
[339/1120] CLASSIC | C208 | Run 4 -> veh=3 dist=588.324 cpu=8.09504s valid=1
[340/1120] CLASSIC | C207 | Run 8 -> veh=3 dist=588.286 cpu=7.59491s valid=1
[341/1120] QLEARNING | C207 | Run 5 -> veh=3 dist=588.286 cpu=8.10214s valid=1
[342/1120] CLASSIC | C208 | Run 3 -> veh=3 dist=588.324 cpu=8.0177s valid=1
[343/1120] QLEARNING | C208 | Run 2 -> veh=3 dist=588.324 cpu=7.37768s valid=1
[344/1120] QLEARNING | C207 | Run 8 -> veh=3 dist=588.286 cpu=8.0406s valid=1
[345/1120] QLEARNING | C207 | Run 6 -> veh=3 dist=588.286 cpu=8.11347s valid=1
[346/1120] CLASSIC | C208 | Run 6 -> veh=3 dist=588.324 cpu=8.02571s valid=1
[347/1120] QLEARNING | C208 | Run 7 -> veh=3 dist=588.324 cpu=7.25785s valid=1
[348/1120] QLEARNING | C207 | Run 10 -> veh=3 dist=588.286 cpu=8.1184s valid=1
[349/1120] CLASSIC | C208 | Run 8 -> veh=3 dist=588.324 cpu=8.16809s valid=1
[350/1120] CLASSIC | R102 | Run 1 -> veh=17 dist=1493.19 cpu=4.3498s valid=1
[351/1120] QLEARNING | C208 | Run 4 -> veh=3 dist=588.324 cpu=7.84826s valid=1
[352/1120] QLEARNING | R101 | Run 8 -> veh=19 dist=1655.4 cpu=3.0871s valid=1
[353/1120] CLASSIC | R102 | Run 3 -> veh=17 dist=1490.47 cpu=4.36504s valid=1
[354/1120] CLASSIC | R102 | Run 4 -> veh=17 dist=1493.36 cpu=4.34833s valid=1
[355/1120] QLEARNING | C208 | Run 9 -> veh=3 dist=588.324 cpu=7.66828s valid=1
[356/1120] CLASSIC | C208 | Run 7 -> veh=3 dist=588.324 cpu=7.95847s valid=1
[357/1120] CLASSIC | R102 | Run 9 -> veh=17 dist=1492.23 cpu=4.34035s valid=1
[358/1120] QLEARNING | C207 | Run 9 -> veh=3 dist=588.286 cpu=7.9502s valid=1
[359/1120] QLEARNING | C208 | Run 10 -> veh=3 dist=588.324 cpu=7.47018s valid=1
[360/1120] CLASSIC | R102 | Run 2 -> veh=17 dist=1490.54 cpu=4.35028s valid=1
[361/1120] QLEARNING | C208 | Run 8 -> veh=3 dist=588.324 cpu=7.36806s valid=1
[362/1120] QLEARNING | C208 | Run 6 -> veh=3 dist=588.324 cpu=7.70762s valid=1
[363/1120] CLASSIC | R102 | Run 10 -> veh=17 dist=1492.39 cpu=4.35769s valid=1
[364/1120] CLASSIC | R102 | Run 8 -> veh=17 dist=1487.57 cpu=4.3722s valid=1
[365/1120] QLEARNING | R102 | Run 2 -> veh=17 dist=1489.04 cpu=4.20301s valid=1
[366/1120] CLASSIC | R102 | Run 7 -> veh=17 dist=1493.16 cpu=4.38689s valid=1
[367/1120] QLEARNING | C208 | Run 1 -> veh=3 dist=588.324 cpu=7.74534s valid=1
[368/1120] CLASSIC | R102 | Run 6 -> veh=17 dist=1488.29 cpu=4.42369s valid=1
[369/1120] CLASSIC | C208 | Run 9 -> veh=3 dist=588.324 cpu=7.88483s valid=1
[370/1120] CLASSIC | R102 | Run 5 -> veh=17 dist=1497.61 cpu=4.27583s valid=1
[371/1120] QLEARNING | R102 | Run 10 -> veh=17 dist=1488.5 cpu=4.20455s valid=1
[372/1120] QLEARNING | R102 | Run 1 -> veh=17 dist=1487.43 cpu=4.10726s valid=1
[373/1120] QLEARNING | R102 | Run 7 -> veh=17 dist=1487.57 cpu=4.16822s valid=1
[374/1120] QLEARNING | R102 | Run 8 -> veh=17 dist=1488.78 cpu=4.18688s valid=1
[375/1120] QLEARNING | R103 | Run 4 -> veh=13 dist=1292.68 cpu=4.46297s valid=1
[376/1120] CLASSIC | R103 | Run 9 -> veh=13 dist=1302.62 cpu=4.72411s valid=1
[377/1120] QLEARNING | C208 | Run 5 -> veh=3 dist=588.324 cpu=7.56454s valid=1
[378/1120] QLEARNING | R102 | Run 4 -> veh=17 dist=1488.59 cpu=4.0918s valid=1
[379/1120] QLEARNING | R102 | Run 5 -> veh=17 dist=1489.48 cpu=4.06995s valid=1
[380/1120] QLEARNING | R103 | Run 5 -> veh=13 dist=1303.4 cpu=4.45429s valid=1
[381/1120] QLEARNING | R102 | Run 6 -> veh=17 dist=1486.64 cpu=4.08657s valid=1
[382/1120] QLEARNING | R103 | Run 6 -> veh=13 dist=1302.55 cpu=4.48474s valid=1
[383/1120] QLEARNING | R103 | Run 1 -> veh=13 dist=1300.82 cpu=4.49355s valid=1
[384/1120] CLASSIC | R103 | Run 7 -> veh=13 dist=1319.85 cpu=4.71648s valid=1
[385/1120] QLEARNING | R102 | Run 3 -> veh=17 dist=1487.48 cpu=4.08451s valid=1
[386/1120] CLASSIC | R103 | Run 10 -> veh=13 dist=1311.38 cpu=4.75198s valid=1
[387/1120] CLASSIC | R103 | Run 1 -> veh=13 dist=1308.16 cpu=4.75071s valid=1
[388/1120] CLASSIC | R103 | Run 4 -> veh=13 dist=1306.6 cpu=4.72608s valid=1
[389/1120] QLEARNING | R102 | Run 9 -> veh=17 dist=1487.97 cpu=4.11005s valid=1
[390/1120] CLASSIC | R103 | Run 6 -> veh=13 dist=1310.51 cpu=4.70894s valid=1
[391/1120] QLEARNING | R103 | Run 3 -> veh=13 dist=1302.38 cpu=4.50025s valid=1
[392/1120] QLEARNING | R103 | Run 9 -> veh=13 dist=1305.68 cpu=4.50546s valid=1
[393/1120] CLASSIC | R103 | Run 5 -> veh=14 dist=1226.78 cpu=4.72894s valid=1
[394/1120] CLASSIC | R103 | Run 8 -> veh=13 dist=1308.89 cpu=4.72902s valid=1
[395/1120] QLEARNING | R104 | Run 1 -> veh=10 dist=994.429 cpu=4.98408s valid=1
[396/1120] CLASSIC | R103 | Run 3 -> veh=13 dist=1307.74 cpu=4.63284s valid=1
[397/1120] QLEARNING | R103 | Run 8 -> veh=13 dist=1305.28 cpu=4.47588s valid=1
[398/1120] QLEARNING | R103 | Run 2 -> veh=13 dist=1304.9 cpu=4.41029s valid=1
[399/1120] CLASSIC | R103 | Run 2 -> veh=13 dist=1303.98 cpu=4.62071s valid=1
[400/1120] CLASSIC | R104 | Run 3 -> veh=10 dist=992.685 cpu=5.51392s valid=1
[401/1120] QLEARNING | R103 | Run 7 -> veh=13 dist=1295.21 cpu=4.42268s valid=1
[402/1120] QLEARNING | R103 | Run 10 -> veh=13 dist=1298.51 cpu=4.39268s valid=1
[403/1120] CLASSIC | R105 | Run 3 -> veh=14 dist=1392.73 cpu=3.74357s valid=1
[404/1120] CLASSIC | R105 | Run 2 -> veh=14 dist=1377.63 cpu=3.70046s valid=1
[405/1120] CLASSIC | R104 | Run 8 -> veh=10 dist=1009.23 cpu=5.52365s valid=1
[406/1120] CLASSIC | R105 | Run 1 -> veh=14 dist=1383.14 cpu=3.69397s valid=1
[407/1120] CLASSIC | R104 | Run 1 -> veh=10 dist=1010.79 cpu=5.54187s valid=1
[408/1120] CLASSIC | R104 | Run 6 -> veh=10 dist=1011.79 cpu=5.56931s valid=1
[409/1120] CLASSIC | R104 | Run 10 -> veh=10 dist=1012.04 cpu=5.56936s valid=1
[410/1120] CLASSIC | R105 | Run 5 -> veh=14 dist=1377.63 cpu=3.69043s valid=1
[411/1120] CLASSIC | R105 | Run 4 -> veh=14 dist=1387.47 cpu=3.74993s valid=1
[412/1120] QLEARNING | R104 | Run 9 -> veh=10 dist=996.76 cpu=4.92115s valid=1
[413/1120] CLASSIC | R104 | Run 5 -> veh=10 dist=992.125 cpu=5.44051s valid=1
[414/1120] CLASSIC | R105 | Run 9 -> veh=14 dist=1377.33 cpu=3.70862s valid=1
[415/1120] QLEARNING | R104 | Run 7 -> veh=10 dist=985.357 cpu=4.92428s valid=1
[416/1120] CLASSIC | R105 | Run 6 -> veh=14 dist=1389.8 cpu=3.71968s valid=1
[417/1120] QLEARNING | R104 | Run 10 -> veh=10 dist=990.971 cpu=4.9077s valid=1
[418/1120] QLEARNING | R104 | Run 6 -> veh=10 dist=1002.63 cpu=5.04862s valid=1
[419/1120] CLASSIC | R105 | Run 8 -> veh=14 dist=1399.88 cpu=3.71033s valid=1
[420/1120] QLEARNING | R104 | Run 2 -> veh=10 dist=992.41 cpu=4.92131s valid=1
[421/1120] CLASSIC | R105 | Run 7 -> veh=14 dist=1388.17 cpu=3.74866s valid=1
[422/1120] CLASSIC | R104 | Run 7 -> veh=10 dist=999.531 cpu=5.51342s valid=1
[423/1120] QLEARNING | R104 | Run 4 -> veh=10 dist=995.977 cpu=4.92103s valid=1
[424/1120] QLEARNING | R105 | Run 9 -> veh=14 dist=1377.63 cpu=3.4059s valid=1
[425/1120] CLASSIC | R105 | Run 10 -> veh=14 dist=1388.53 cpu=3.69024s valid=1
[426/1120] QLEARNING | R105 | Run 1 -> veh=14 dist=1377.33 cpu=3.35153s valid=1
[427/1120] QLEARNING | R104 | Run 5 -> veh=10 dist=987.713 cpu=4.91392s valid=1
[428/1120] QLEARNING | R105 | Run 3 -> veh=14 dist=1377.33 cpu=3.39716s valid=1
[429/1120] QLEARNING | R105 | Run 2 -> veh=14 dist=1377.63 cpu=3.39786s valid=1
[430/1120] QLEARNING | R104 | Run 8 -> veh=10 dist=999.492 cpu=4.96899s valid=1
[431/1120] QLEARNING | R104 | Run 3 -> veh=10 dist=989.358 cpu=5.1982s valid=1
[432/1120] QLEARNING | R105 | Run 8 -> veh=14 dist=1377.63 cpu=3.38558s valid=1
[433/1120] QLEARNING | R105 | Run 10 -> veh=14 dist=1377.33 cpu=3.38722s valid=1
[434/1120] QLEARNING | R105 | Run 7 -> veh=14 dist=1381.59 cpu=3.39504s valid=1
[435/1120] CLASSIC | R104 | Run 2 -> veh=10 dist=1021.99 cpu=5.49405s valid=1
[436/1120] CLASSIC | R104 | Run 4 -> veh=10 dist=1005.4 cpu=5.50634s valid=1
[437/1120] QLEARNING | R105 | Run 5 -> veh=14 dist=1377.63 cpu=3.33462s valid=1
[438/1120] QLEARNING | R105 | Run 6 -> veh=14 dist=1377.33 cpu=3.3184s valid=1
[439/1120] QLEARNING | R105 | Run 4 -> veh=14 dist=1377.63 cpu=3.33762s valid=1
[440/1120] CLASSIC | R104 | Run 9 -> veh=10 dist=1002.26 cpu=5.41972s valid=1
[441/1120] CLASSIC | R106 | Run 10 -> veh=12 dist=1258.65 cpu=4.62706s valid=1
[442/1120] CLASSIC | R106 | Run 2 -> veh=12 dist=1262.78 cpu=4.6128s valid=1
[443/1120] CLASSIC | R106 | Run 4 -> veh=12 dist=1261.78 cpu=4.64298s valid=1
[444/1120] CLASSIC | R106 | Run 7 -> veh=12 dist=1262.53 cpu=4.64869s valid=1
[445/1120] QLEARNING | R106 | Run 7 -> veh=12 dist=1260.69 cpu=4.22956s valid=1
[446/1120] CLASSIC | R106 | Run 3 -> veh=12 dist=1261.07 cpu=4.54238s valid=1
[447/1120] QLEARNING | R106 | Run 4 -> veh=12 dist=1255.75 cpu=4.27731s valid=1
[448/1120] CLASSIC | R106 | Run 6 -> veh=12 dist=1257.29 cpu=4.6547s valid=1
[449/1120] CLASSIC | R106 | Run 1 -> veh=12 dist=1253.5 cpu=4.63761s valid=1
[450/1120] CLASSIC | R106 | Run 8 -> veh=12 dist=1262.12 cpu=4.61798s valid=1
[451/1120] CLASSIC | R106 | Run 5 -> veh=12 dist=1268.25 cpu=4.59458s valid=1
[452/1120] QLEARNING | R106 | Run 2 -> veh=12 dist=1255.85 cpu=4.24656s valid=1
[453/1120] QLEARNING | R106 | Run 1 -> veh=12 dist=1259.71 cpu=4.22285s valid=1
[454/1120] QLEARNING | R106 | Run 3 -> veh=12 dist=1257.96 cpu=4.14953s valid=1
[455/1120] QLEARNING | R106 | Run 6 -> veh=12 dist=1264.3 cpu=4.22963s valid=1
[456/1120] CLASSIC | R106 | Run 9 -> veh=12 dist=1262.49 cpu=4.55631s valid=1
[457/1120] QLEARNING | R106 | Run 5 -> veh=12 dist=1257.96 cpu=4.27884s valid=1
[458/1120] QLEARNING | R106 | Run 8 -> veh=12 dist=1260.81 cpu=4.22174s valid=1
[459/1120] QLEARNING | R106 | Run 9 -> veh=12 dist=1260.11 cpu=4.21902s valid=1
[460/1120] QLEARNING | R106 | Run 10 -> veh=12 dist=1260.69 cpu=4.13963s valid=1
[461/1120] QLEARNING | R107 | Run 5 -> veh=11 dist=1080.59 cpu=4.70122s valid=1
[462/1120] CLASSIC | R107 | Run 1 -> veh=11 dist=1088.81 cpu=5.14619s valid=1
[463/1120] CLASSIC | R107 | Run 2 -> veh=11 dist=1092.86 cpu=5.03483s valid=1
[464/1120] CLASSIC | R107 | Run 4 -> veh=11 dist=1105.58 cpu=5.11964s valid=1
[465/1120] QLEARNING | R108 | Run 2 -> veh=10 dist=965.892 cpu=4.95646s valid=1
[466/1120] CLASSIC | R107 | Run 3 -> veh=11 dist=1078.53 cpu=4.99882s valid=1
[467/1120] CLASSIC | R107 | Run 5 -> veh=10 dist=1118.98 cpu=5.08741s valid=1
[468/1120] QLEARNING | R107 | Run 2 -> veh=11 dist=1091.1 cpu=4.69713s valid=1
[469/1120] QLEARNING | R107 | Run 1 -> veh=10 dist=1123.33 cpu=5.49494s valid=1
[470/1120] CLASSIC | R107 | Run 6 -> veh=11 dist=1094.92 cpu=5.03801s valid=1
[471/1120] QLEARNING | R107 | Run 10 -> veh=10 dist=1122.41 cpu=5.15811s valid=1
[472/1120] QLEARNING | R107 | Run 7 -> veh=10 dist=1118.94 cpu=5.19893s valid=1
[473/1120] CLASSIC | R109 | Run 1 -> veh=12 dist=1159.16 cpu=4.6442s valid=1
[474/1120] CLASSIC | R108 | Run 1 -> veh=10 dist=986.11 cpu=5.68129s valid=1
[475/1120] QLEARNING | R107 | Run 8 -> veh=11 dist=1092.36 cpu=4.6697s valid=1
[476/1120] QLEARNING | R108 | Run 5 -> veh=10 dist=967.488 cpu=4.94209s valid=1
[477/1120] QLEARNING | R107 | Run 9 -> veh=10 dist=1133.01 cpu=4.78471s valid=1
[478/1120] CLASSIC | R107 | Run 8 -> veh=10 dist=1130.42 cpu=5.34289s valid=1
[479/1120] QLEARNING | R107 | Run 3 -> veh=10 dist=1139.53 cpu=5.09029s valid=1
[480/1120] QLEARNING | R107 | Run 4 -> veh=10 dist=1123.86 cpu=5.06817s valid=1
[481/1120] CLASSIC | R107 | Run 9 -> veh=10 dist=1124.95 cpu=5.36581s valid=1
[482/1120] QLEARNING | R107 | Run 6 -> veh=11 dist=1090.34 cpu=4.69448s valid=1
[483/1120] CLASSIC | R107 | Run 7 -> veh=11 dist=1086.4 cpu=5.06934s valid=1
[484/1120] CLASSIC | R109 | Run 4 -> veh=12 dist=1177.38 cpu=4.58932s valid=1
[485/1120] CLASSIC | R109 | Run 5 -> veh=12 dist=1171.55 cpu=4.64358s valid=1
[486/1120] CLASSIC | R109 | Run 7 -> veh=12 dist=1169.09 cpu=4.66656s valid=1
[487/1120] CLASSIC | R109 | Run 3 -> veh=12 dist=1163.36 cpu=4.64248s valid=1
[488/1120] CLASSIC | R107 | Run 10 -> veh=10 dist=1125.56 cpu=5.14616s valid=1
[489/1120] QLEARNING | R108 | Run 1 -> veh=10 dist=970.202 cpu=4.91543s valid=1
[490/1120] QLEARNING | R108 | Run 6 -> veh=10 dist=954.776 cpu=4.96265s valid=1
[491/1120] CLASSIC | R108 | Run 2 -> veh=9 dist=967.444 cpu=5.37469s valid=1
[492/1120] QLEARNING | R108 | Run 8 -> veh=10 dist=953.108 cpu=4.98036s valid=1
[493/1120] QLEARNING | R108 | Run 7 -> veh=10 dist=965.775 cpu=4.97258s valid=1
[494/1120] CLASSIC | R109 | Run 2 -> veh=12 dist=1177.77 cpu=4.52984s valid=1
[495/1120] QLEARNING | R108 | Run 4 -> veh=9 dist=974.472 cpu=5.03259s valid=1
[496/1120] CLASSIC | R108 | Run 3 -> veh=10 dist=978.61 cpu=5.63721s valid=1
[497/1120] QLEARNING | R108 | Run 3 -> veh=9 dist=971.303 cpu=5.19287s valid=1
[498/1120] CLASSIC | R108 | Run 6 -> veh=10 dist=975.948 cpu=5.67321s valid=1
[499/1120] QLEARNING | R108 | Run 9 -> veh=10 dist=956.762 cpu=4.87661s valid=1
[500/1120] CLASSIC | R108 | Run 4 -> veh=10 dist=985.75 cpu=5.65042s valid=1
[501/1120] CLASSIC | R108 | Run 5 -> veh=9 dist=976.938 cpu=5.50031s valid=1
[502/1120] CLASSIC | R108 | Run 8 -> veh=10 dist=965.579 cpu=5.61566s valid=1
[503/1120] QLEARNING | R109 | Run 2 -> veh=12 dist=1169.11 cpu=4.17945s valid=1
[504/1120] CLASSIC | R108 | Run 9 -> veh=10 dist=970.374 cpu=5.65474s valid=1
[505/1120] QLEARNING | R109 | Run 9 -> veh=12 dist=1177.43 cpu=4.17936s valid=1
[506/1120] CLASSIC | R108 | Run 7 -> veh=10 dist=969.213 cpu=5.69085s valid=1
[507/1120] QLEARNING | R108 | Run 10 -> veh=10 dist=963.007 cpu=4.844s valid=1
[508/1120] CLASSIC | R109 | Run 6 -> veh=12 dist=1160.67 cpu=4.65881s valid=1
[509/1120] CLASSIC | R109 | Run 9 -> veh=12 dist=1174.98 cpu=4.65719s valid=1
[510/1120] QLEARNING | R109 | Run 1 -> veh=12 dist=1162.78 cpu=4.12379s valid=1
[511/1120] QLEARNING | R109 | Run 6 -> veh=12 dist=1171.47 cpu=4.21164s valid=1
[512/1120] CLASSIC | R109 | Run 8 -> veh=12 dist=1193.21 cpu=4.65474s valid=1
[513/1120] QLEARNING | R109 | Run 7 -> veh=12 dist=1172.14 cpu=4.22699s valid=1
[514/1120] QLEARNING | R109 | Run 5 -> veh=12 dist=1164.41 cpu=4.03451s valid=1
[515/1120] CLASSIC | R108 | Run 10 -> veh=10 dist=968.391 cpu=5.51036s valid=1
[516/1120] QLEARNING | R109 | Run 4 -> veh=12 dist=1173.45 cpu=4.07711s valid=1
[517/1120] QLEARNING | R109 | Run 3 -> veh=12 dist=1161.74 cpu=4.09566s valid=1
[518/1120] CLASSIC | R110 | Run 6 -> veh=11 dist=1111.53 cpu=5.45197s valid=1
[519/1120] QLEARNING | R110 | Run 7 -> veh=11 dist=1120.79 cpu=4.82085s valid=1
[520/1120] CLASSIC | R109 | Run 10 -> veh=12 dist=1176.15 cpu=4.53073s valid=1
[521/1120] QLEARNING | R109 | Run 10 -> veh=12 dist=1165.57 cpu=4.13335s valid=1
[522/1120] QLEARNING | R109 | Run 8 -> veh=12 dist=1168.14 cpu=4.10908s valid=1
[523/1120] CLASSIC | R110 | Run 5 -> veh=11 dist=1124.05 cpu=5.63907s valid=1
[524/1120] CLASSIC | R110 | Run 1 -> veh=11 dist=1124.1 cpu=5.52545s valid=1
[525/1120] CLASSIC | R110 | Run 2 -> veh=11 dist=1116.61 cpu=5.54536s valid=1
[526/1120] QLEARNING | R110 | Run 5 -> veh=11 dist=1118.19 cpu=4.86861s valid=1
[527/1120] QLEARNING | R110 | Run 6 -> veh=11 dist=1115.97 cpu=5.05152s valid=1
[528/1120] CLASSIC | R110 | Run 4 -> veh=11 dist=1122.33 cpu=5.55224s valid=1
[529/1120] CLASSIC | R110 | Run 8 -> veh=11 dist=1124.51 cpu=5.53932s valid=1
[530/1120] QLEARNING | R111 | Run 1 -> veh=11 dist=1068.22 cpu=4.71953s valid=1
[531/1120] QLEARNING | R111 | Run 7 -> veh=10 dist=1109.57 cpu=4.72149s valid=1
[532/1120] QLEARNING | R110 | Run 3 -> veh=11 dist=1125.33 cpu=5.07368s valid=1
[533/1120] CLASSIC | R111 | Run 3 -> veh=11 dist=1074.33 cpu=5.2237s valid=1
[534/1120] CLASSIC | R111 | Run 5 -> veh=11 dist=1076.41 cpu=5.22048s valid=1
[535/1120] QLEARNING | R110 | Run 4 -> veh=11 dist=1094.87 cpu=4.84341s valid=1
[536/1120] QLEARNING | R111 | Run 3 -> veh=11 dist=1065.74 cpu=4.73968s valid=1
[537/1120] QLEARNING | R110 | Run 2 -> veh=11 dist=1104.97 cpu=5.20211s valid=1
[538/1120] CLASSIC | R111 | Run 2 -> veh=11 dist=1078.89 cpu=5.17648s valid=1
[539/1120] QLEARNING | R110 | Run 9 -> veh=11 dist=1115.7 cpu=4.90386s valid=1
[540/1120] QLEARNING | R110 | Run 8 -> veh=11 dist=1100.31 cpu=4.82061s valid=1
[541/1120] CLASSIC | R111 | Run 4 -> veh=11 dist=1054.59 cpu=5.13894s valid=1
[542/1120] CLASSIC | R110 | Run 7 -> veh=11 dist=1105.98 cpu=5.48213s valid=1
[543/1120] QLEARNING | R110 | Run 10 -> veh=11 dist=1100.34 cpu=5.1226s valid=1
[544/1120] CLASSIC | R112 | Run 1 -> veh=10 dist=979.245 cpu=5.66269s valid=1
[545/1120] CLASSIC | R111 | Run 9 -> veh=10 dist=1097.64 cpu=5.26291s valid=1
[546/1120] QLEARNING | R110 | Run 1 -> veh=11 dist=1087.76 cpu=4.82327s valid=1
[547/1120] CLASSIC | R110 | Run 3 -> veh=11 dist=1106.34 cpu=5.41851s valid=1
[548/1120] QLEARNING | R111 | Run 10 -> veh=11 dist=1064.6 cpu=4.74933s valid=1
[549/1120] CLASSIC | R111 | Run 7 -> veh=11 dist=1060.58 cpu=5.11924s valid=1
[550/1120] CLASSIC | R111 | Run 1 -> veh=10 dist=1099.15 cpu=5.22181s valid=1
[551/1120] QLEARNING | R111 | Run 4 -> veh=11 dist=1073.16 cpu=4.63796s valid=1
[552/1120] CLASSIC | R111 | Run 6 -> veh=11 dist=1060.19 cpu=5.12926s valid=1
[553/1120] CLASSIC | R112 | Run 4 -> veh=10 dist=975.495 cpu=5.62482s valid=1
[554/1120] CLASSIC | R111 | Run 8 -> veh=11 dist=1066.98 cpu=5.08781s valid=1
[555/1120] QLEARNING | R111 | Run 9 -> veh=10 dist=1098.39 cpu=4.75821s valid=1
[556/1120] QLEARNING | R111 | Run 5 -> veh=11 dist=1060.69 cpu=4.69752s valid=1
[557/1120] QLEARNING | R111 | Run 6 -> veh=11 dist=1071.98 cpu=4.7106s valid=1
[558/1120] QLEARNING | R111 | Run 2 -> veh=11 dist=1071.96 cpu=4.64484s valid=1
[559/1120] QLEARNING | R112 | Run 7 -> veh=10 dist=979.037 cpu=5.21168s valid=1
[560/1120] CLASSIC | R111 | Run 10 -> veh=11 dist=1076.96 cpu=5.09097s valid=1
[561/1120] CLASSIC | R112 | Run 8 -> veh=10 dist=983.899 cpu=5.60835s valid=1
[562/1120] QLEARNING | R112 | Run 3 -> veh=10 dist=975.033 cpu=5.20723s valid=1
[563/1120] QLEARNING | R112 | Run 2 -> veh=10 dist=980.802 cpu=5.12511s valid=1
[564/1120] QLEARNING | R111 | Run 8 -> veh=11 dist=1069.03 cpu=4.65202s valid=1
[565/1120] CLASSIC | R110 | Run 9 -> veh=11 dist=1093.64 cpu=5.41132s valid=1
[566/1120] CLASSIC | R112 | Run 5 -> veh=10 dist=983.996 cpu=5.66049s valid=1
[567/1120] CLASSIC | R112 | Run 2 -> veh=10 dist=982.747 cpu=5.67551s valid=1
[568/1120] CLASSIC | R110 | Run 10 -> veh=11 dist=1112.33 cpu=5.4592s valid=1
[569/1120] CLASSIC | R112 | Run 6 -> veh=10 dist=976.316 cpu=5.68655s valid=1
[570/1120] QLEARNING | R112 | Run 4 -> veh=10 dist=973.168 cpu=5.15954s valid=1
[571/1120] CLASSIC | R112 | Run 7 -> veh=10 dist=981.725 cpu=5.64982s valid=1
[572/1120] QLEARNING | R112 | Run 6 -> veh=10 dist=970.594 cpu=5.18336s valid=1
[573/1120] CLASSIC | R201 | Run 2 -> veh=4 dist=1260.57 cpu=5.29896s valid=1
[574/1120] CLASSIC | R112 | Run 9 -> veh=10 dist=975.29 cpu=5.59324s valid=1
[575/1120] CLASSIC | R112 | Run 3 -> veh=10 dist=987.879 cpu=5.56204s valid=1
[576/1120] QLEARNING | R112 | Run 1 -> veh=10 dist=969.234 cpu=5.17132s valid=1
[577/1120] CLASSIC | R201 | Run 10 -> veh=4 dist=1258.3 cpu=5.33031s valid=1
[578/1120] QLEARNING | R201 | Run 5 -> veh=4 dist=1266.92 cpu=4.71954s valid=1
[579/1120] QLEARNING | R112 | Run 8 -> veh=10 dist=981.455 cpu=5.22058s valid=1
[580/1120] QLEARNING | R112 | Run 10 -> veh=10 dist=980.814 cpu=4.97129s valid=1
[581/1120] QLEARNING | R112 | Run 9 -> veh=10 dist=961.372 cpu=5.04781s valid=1
[582/1120] CLASSIC | R201 | Run 3 -> veh=4 dist=1253.23 cpu=5.26359s valid=1
[583/1120] QLEARNING | R201 | Run 1 -> veh=4 dist=1264.08 cpu=4.70676s valid=1
[584/1120] QLEARNING | R112 | Run 5 -> veh=10 dist=978.345 cpu=5.08596s valid=1
[585/1120] CLASSIC | R112 | Run 10 -> veh=10 dist=979.667 cpu=5.5158s valid=1
[586/1120] CLASSIC | R201 | Run 8 -> veh=4 dist=1254.69 cpu=5.21227s valid=1
[587/1120] CLASSIC | R201 | Run 6 -> veh=4 dist=1278 cpu=5.24658s valid=1
[588/1120] QLEARNING | R201 | Run 3 -> veh=4 dist=1271.17 cpu=4.65931s valid=1
[589/1120] CLASSIC | R201 | Run 7 -> veh=4 dist=1267.22 cpu=5.4119s valid=1
[590/1120] CLASSIC | R201 | Run 1 -> veh=4 dist=1265.79 cpu=5.21812s valid=1
[591/1120] CLASSIC | R201 | Run 5 -> veh=4 dist=1278.02 cpu=5.36909s valid=1
[592/1120] QLEARNING | R201 | Run 2 -> veh=4 dist=1261.65 cpu=4.76763s valid=1
[593/1120] CLASSIC | R201 | Run 9 -> veh=4 dist=1257.62 cpu=5.33541s valid=1
[594/1120] CLASSIC | R201 | Run 4 -> veh=4 dist=1265.49 cpu=5.34774s valid=1
[595/1120] QLEARNING | R201 | Run 4 -> veh=4 dist=1254.54 cpu=4.73684s valid=1
[596/1120] QLEARNING | R201 | Run 8 -> veh=4 dist=1256.11 cpu=4.64602s valid=1
[597/1120] QLEARNING | R201 | Run 10 -> veh=4 dist=1260.47 cpu=4.74235s valid=1
[598/1120] QLEARNING | R201 | Run 7 -> veh=4 dist=1263.33 cpu=4.68769s valid=1
[599/1120] QLEARNING | R201 | Run 6 -> veh=4 dist=1265.49 cpu=4.67682s valid=1
[600/1120] QLEARNING | R201 | Run 9 -> veh=4 dist=1254.69 cpu=4.66229s valid=1
[601/1120] QLEARNING | R202 | Run 6 -> veh=4 dist=1084.09 cpu=6.28976s valid=1
[602/1120] CLASSIC | R202 | Run 8 -> veh=4 dist=1106.14 cpu=7.05434s valid=1
[603/1120] CLASSIC | R202 | Run 9 -> veh=4 dist=1082.46 cpu=6.89914s valid=1
[604/1120] CLASSIC | R202 | Run 10 -> veh=4 dist=1096.5 cpu=6.86463s valid=1
[605/1120] QLEARNING | R202 | Run 1 -> veh=4 dist=1092.09 cpu=6.28645s valid=1
[606/1120] QLEARNING | R202 | Run 10 -> veh=4 dist=1086.57 cpu=6.32679s valid=1
[607/1120] QLEARNING | R202 | Run 4 -> veh=4 dist=1086.97 cpu=6.3221s valid=1
[608/1120] QLEARNING | R202 | Run 7 -> veh=4 dist=1087.65 cpu=6.34065s valid=1
[609/1120] QLEARNING | R202 | Run 3 -> veh=4 dist=1087.55 cpu=6.22129s valid=1
[610/1120] QLEARNING | R202 | Run 2 -> veh=4 dist=1090.13 cpu=6.29586s valid=1
[611/1120] QLEARNING | R202 | Run 5 -> veh=4 dist=1086.99 cpu=6.28275s valid=1
[612/1120] QLEARNING | R202 | Run 9 -> veh=4 dist=1088.19 cpu=6.30058s valid=1
[613/1120] CLASSIC | R202 | Run 1 -> veh=4 dist=1082.46 cpu=6.72405s valid=1
[614/1120] QLEARNING | R202 | Run 8 -> veh=4 dist=1098.18 cpu=6.19902s valid=1
[615/1120] CLASSIC | R202 | Run 6 -> veh=4 dist=1101.65 cpu=7.06909s valid=1
[616/1120] CLASSIC | R202 | Run 2 -> veh=3 dist=1195.31 cpu=7.1519s valid=1
[617/1120] CLASSIC | R202 | Run 7 -> veh=4 dist=1092.08 cpu=7.00308s valid=1
[618/1120] CLASSIC | R202 | Run 5 -> veh=4 dist=1099.65 cpu=7.0338s valid=1
[619/1120] CLASSIC | R202 | Run 3 -> veh=4 dist=1087.29 cpu=6.98219s valid=1
[620/1120] CLASSIC | R202 | Run 4 -> veh=4 dist=1088.49 cpu=7.07035s valid=1
[621/1120] QLEARNING | R203 | Run 10 -> veh=3 dist=949.193 cpu=8.39643s valid=1
[622/1120] QLEARNING | R203 | Run 3 -> veh=3 dist=946.624 cpu=8.40749s valid=1
[623/1120] QLEARNING | R203 | Run 8 -> veh=3 dist=943.504 cpu=8.60457s valid=1
[624/1120] CLASSIC | R203 | Run 3 -> veh=3 dist=942.32 cpu=9.73108s valid=1
[625/1120] QLEARNING | R203 | Run 9 -> veh=3 dist=949.086 cpu=8.43918s valid=1
[626/1120] QLEARNING | R203 | Run 6 -> veh=3 dist=946.688 cpu=8.59717s valid=1
[627/1120] QLEARNING | R203 | Run 4 -> veh=3 dist=941.083 cpu=8.51147s valid=1
[628/1120] QLEARNING | R203 | Run 1 -> veh=3 dist=941.408 cpu=8.64683s valid=1
[629/1120] CLASSIC | R203 | Run 5 -> veh=3 dist=949.865 cpu=9.9052s valid=1
[630/1120] CLASSIC | R203 | Run 10 -> veh=3 dist=956.412 cpu=10.0958s valid=1
[631/1120] QLEARNING | R203 | Run 5 -> veh=3 dist=949.04 cpu=8.58191s valid=1
[632/1120] QLEARNING | R203 | Run 7 -> veh=3 dist=942.79 cpu=8.59877s valid=1
[633/1120] CLASSIC | R203 | Run 1 -> veh=3 dist=943.504 cpu=10.0295s valid=1
[634/1120] CLASSIC | R203 | Run 7 -> veh=3 dist=946.209 cpu=10.0443s valid=1
[635/1120] QLEARNING | R203 | Run 2 -> veh=3 dist=947.026 cpu=8.40083s valid=1
[636/1120] CLASSIC | R203 | Run 6 -> veh=3 dist=947.438 cpu=10.082s valid=1
[637/1120] CLASSIC | R203 | Run 4 -> veh=3 dist=953.302 cpu=9.92114s valid=1
[638/1120] CLASSIC | R203 | Run 9 -> veh=3 dist=959.691 cpu=9.85619s valid=1
[639/1120] CLASSIC | R204 | Run 6 -> veh=2 dist=847.459 cpu=11.336s valid=1
[640/1120] CLASSIC | R203 | Run 2 -> veh=3 dist=951.192 cpu=9.87438s valid=1
[641/1120] CLASSIC | R203 | Run 8 -> veh=3 dist=950.092 cpu=9.842s valid=1
[642/1120] QLEARNING | R205 | Run 1 -> veh=3 dist=1025.02 cpu=6.73679s valid=1
[643/1120] CLASSIC | R205 | Run 1 -> veh=3 dist=1036.71 cpu=7.88313s valid=1
[644/1120] CLASSIC | R205 | Run 3 -> veh=3 dist=1028.16 cpu=7.85439s valid=1
[645/1120] QLEARNING | R205 | Run 3 -> veh=3 dist=1037.24 cpu=6.69668s valid=1
[646/1120] QLEARNING | R204 | Run 3 -> veh=3 dist=752.205 cpu=9.89068s valid=1
[647/1120] CLASSIC | R205 | Run 6 -> veh=3 dist=1028.27 cpu=7.75353s valid=1
[648/1120] CLASSIC | R205 | Run 5 -> veh=3 dist=1031.92 cpu=7.61208s valid=1
[649/1120] CLASSIC | R205 | Run 8 -> veh=3 dist=1050.27 cpu=7.54329s valid=1
[650/1120] CLASSIC | R205 | Run 4 -> veh=3 dist=1048.04 cpu=7.67057s valid=1
[651/1120] CLASSIC | R205 | Run 2 -> veh=3 dist=1018.29 cpu=7.77103s valid=1
[652/1120] QLEARNING | R205 | Run 10 -> veh=3 dist=1017.92 cpu=6.65069s valid=1
[653/1120] CLASSIC | R205 | Run 7 -> veh=3 dist=1031.93 cpu=7.79013s valid=1
[654/1120] QLEARNING | R205 | Run 2 -> veh=3 dist=1009.41 cpu=6.62596s valid=1
[655/1120] QLEARNING | R205 | Run 6 -> veh=3 dist=1022.28 cpu=6.87067s valid=1
[656/1120] CLASSIC | R204 | Run 8 -> veh=3 dist=763.085 cpu=11.7495s valid=1
[657/1120] CLASSIC | R204 | Run 2 -> veh=2 dist=833.735 cpu=11.6832s valid=1
[658/1120] QLEARNING | R204 | Run 8 -> veh=2 dist=856.212 cpu=11.0747s valid=1
[659/1120] QLEARNING | R205 | Run 5 -> veh=3 dist=1003.82 cpu=6.79131s valid=1
[660/1120] QLEARNING | R205 | Run 4 -> veh=3 dist=1008.48 cpu=6.89473s valid=1
[661/1120] QLEARNING | R205 | Run 7 -> veh=3 dist=1010.53 cpu=6.49527s valid=1
[662/1120] CLASSIC | R204 | Run 5 -> veh=2 dist=832.144 cpu=11.5065s valid=1
[663/1120] QLEARNING | R205 | Run 9 -> veh=3 dist=1006.42 cpu=6.7265s valid=1
[664/1120] CLASSIC | R205 | Run 9 -> veh=3 dist=1018.81 cpu=7.77676s valid=1
[665/1120] QLEARNING | R204 | Run 1 -> veh=2 dist=856.915 cpu=10.2437s valid=1
[666/1120] CLASSIC | R205 | Run 10 -> veh=3 dist=1020.91 cpu=7.69451s valid=1
[667/1120] QLEARNING | R204 | Run 2 -> veh=2 dist=840.756 cpu=10.5713s valid=1
[668/1120] QLEARNING | R204 | Run 10 -> veh=2 dist=849.071 cpu=11.526s valid=1
[669/1120] QLEARNING | R204 | Run 4 -> veh=2 dist=834.453 cpu=10.1444s valid=1
[670/1120] QLEARNING | R205 | Run 8 -> veh=3 dist=1044.19 cpu=6.66968s valid=1
[671/1120] CLASSIC | R204 | Run 3 -> veh=3 dist=756.748 cpu=12.0745s valid=1
[672/1120] CLASSIC | R204 | Run 7 -> veh=2 dist=849.05 cpu=12.3666s valid=1
[673/1120] CLASSIC | R204 | Run 10 -> veh=2 dist=831.489 cpu=12.146s valid=1
[674/1120] CLASSIC | R204 | Run 1 -> veh=2 dist=864.793 cpu=11.6261s valid=1
[675/1120] CLASSIC | R204 | Run 4 -> veh=2 dist=847.926 cpu=11.6325s valid=1
[676/1120] QLEARNING | R204 | Run 7 -> veh=2 dist=828.776 cpu=12.4876s valid=1
[677/1120] QLEARNING | R204 | Run 6 -> veh=2 dist=849.206 cpu=12.626s valid=1
[678/1120] QLEARNING | R204 | Run 9 -> veh=2 dist=856.335 cpu=11.5183s valid=1
[679/1120] CLASSIC | R204 | Run 9 -> veh=2 dist=838.554 cpu=11.8987s valid=1
[680/1120] QLEARNING | R206 | Run 4 -> veh=3 dist=918.563 cpu=8.01387s valid=1
[681/1120] QLEARNING | R204 | Run 5 -> veh=2 dist=848.709 cpu=12.987s valid=1
[682/1120] QLEARNING | R206 | Run 6 -> veh=3 dist=907.93 cpu=7.96921s valid=1
[683/1120] CLASSIC | R206 | Run 2 -> veh=3 dist=910.268 cpu=9.40316s valid=1
[684/1120] CLASSIC | R206 | Run 3 -> veh=3 dist=919.386 cpu=9.58457s valid=1
[685/1120] QLEARNING | R206 | Run 1 -> veh=3 dist=913.242 cpu=7.96152s valid=1
[686/1120] CLASSIC | R206 | Run 8 -> veh=3 dist=930.931 cpu=9.56329s valid=1
[687/1120] CLASSIC | R206 | Run 4 -> veh=3 dist=935.394 cpu=9.58185s valid=1
[688/1120] CLASSIC | R206 | Run 1 -> veh=3 dist=925.654 cpu=9.33683s valid=1
[689/1120] QLEARNING | R206 | Run 7 -> veh=3 dist=909.819 cpu=7.9906s valid=1
[690/1120] QLEARNING | R206 | Run 5 -> veh=3 dist=913.666 cpu=8.09824s valid=1
[691/1120] QLEARNING | R206 | Run 2 -> veh=3 dist=913.861 cpu=8.06959s valid=1
[692/1120] CLASSIC | R206 | Run 10 -> veh=3 dist=952.371 cpu=9.53783s valid=1
[693/1120] QLEARNING | R206 | Run 10 -> veh=3 dist=926.186 cpu=7.97686s valid=1
[694/1120] QLEARNING | R206 | Run 9 -> veh=3 dist=910.538 cpu=7.97876s valid=1
[695/1120] QLEARNING | R206 | Run 8 -> veh=3 dist=913.394 cpu=7.98798s valid=1
[696/1120] CLASSIC | R206 | Run 5 -> veh=3 dist=932.272 cpu=9.4549s valid=1
[697/1120] QLEARNING | R206 | Run 3 -> veh=3 dist=913.257 cpu=7.82633s valid=1
[698/1120] QLEARNING | R207 | Run 4 -> veh=3 dist=814.728 cpu=9.03019s valid=1
[699/1120] CLASSIC | R206 | Run 6 -> veh=3 dist=930.298 cpu=9.33946s valid=1
[700/1120] QLEARNING | R207 | Run 1 -> veh=3 dist=812.72 cpu=9.35625s valid=1
[701/1120] CLASSIC | R206 | Run 7 -> veh=3 dist=919.879 cpu=9.54047s valid=1
[702/1120] CLASSIC | R206 | Run 9 -> veh=3 dist=937.915 cpu=9.13988s valid=1
[703/1120] CLASSIC | R207 | Run 6 -> veh=3 dist=812.857 cpu=10.5191s valid=1
[704/1120] CLASSIC | R207 | Run 3 -> veh=3 dist=820.971 cpu=10.7535s valid=1
[705/1120] QLEARNING | R207 | Run 2 -> veh=3 dist=814.49 cpu=8.98671s valid=1
[706/1120] CLASSIC | R207 | Run 1 -> veh=3 dist=819.385 cpu=10.9539s valid=1
[707/1120] QLEARNING | R207 | Run 9 -> veh=3 dist=813.453 cpu=9.04402s valid=1
[708/1120] CLASSIC | R207 | Run 5 -> veh=3 dist=814.906 cpu=10.7251s valid=1
[709/1120] QLEARNING | R207 | Run 3 -> veh=3 dist=814.987 cpu=9.00267s valid=1
[710/1120] QLEARNING | R207 | Run 5 -> veh=3 dist=813.453 cpu=9.07152s valid=1
[711/1120] QLEARNING | R207 | Run 6 -> veh=3 dist=814.987 cpu=9.08951s valid=1
[712/1120] QLEARNING | R207 | Run 10 -> veh=3 dist=814.987 cpu=9.24264s valid=1
[713/1120] QLEARNING | R207 | Run 8 -> veh=3 dist=814.987 cpu=9.31403s valid=1
[714/1120] CLASSIC | R207 | Run 8 -> veh=3 dist=818.404 cpu=10.9183s valid=1
[715/1120] QLEARNING | R209 | Run 2 -> veh=3 dist=924.026 cpu=7.82232s valid=1
[716/1120] CLASSIC | R207 | Run 4 -> veh=3 dist=818.451 cpu=10.6418s valid=1
[717/1120] CLASSIC | R207 | Run 9 -> veh=3 dist=830.549 cpu=10.8157s valid=1
[718/1120] CLASSIC | R207 | Run 7 -> veh=3 dist=818.148 cpu=10.828s valid=1
[719/1120] CLASSIC | R207 | Run 2 -> veh=3 dist=816.116 cpu=10.6009s valid=1
[720/1120] CLASSIC | R207 | Run 10 -> veh=3 dist=815.256 cpu=10.8868s valid=1
[721/1120] QLEARNING | R207 | Run 7 -> veh=3 dist=814.987 cpu=9.51642s valid=1
[722/1120] CLASSIC | R209 | Run 5 -> veh=3 dist=925.632 cpu=9.61734s valid=1
[723/1120] CLASSIC | R210 | Run 2 -> veh=3 dist=966.685 cpu=9.34105s valid=1
[724/1120] CLASSIC | R209 | Run 1 -> veh=3 dist=920.924 cpu=9.59956s valid=1
[725/1120] CLASSIC | R209 | Run 2 -> veh=3 dist=932.973 cpu=9.29476s valid=1
[726/1120] CLASSIC | R209 | Run 6 -> veh=3 dist=945.565 cpu=9.62121s valid=1
[727/1120] CLASSIC | R209 | Run 7 -> veh=3 dist=944.713 cpu=9.47665s valid=1
[728/1120] QLEARNING | R209 | Run 1 -> veh=3 dist=919.49 cpu=8.02538s valid=1
[729/1120] QLEARNING | R208 | Run 7 -> veh=2 dist=727.687 cpu=13.1987s valid=1
[730/1120] CLASSIC | R208 | Run 3 -> veh=2 dist=736.74 cpu=13.2538s valid=1
[731/1120] QLEARNING | R209 | Run 3 -> veh=3 dist=926.478 cpu=7.92067s valid=1
[732/1120] CLASSIC | R209 | Run 4 -> veh=3 dist=933.489 cpu=9.61652s valid=1
[733/1120] QLEARNING | R209 | Run 9 -> veh=3 dist=936.851 cpu=7.8617s valid=1
[734/1120] QLEARNING | R208 | Run 2 -> veh=2 dist=726.823 cpu=12.7647s valid=1
[735/1120] CLASSIC | R209 | Run 3 -> veh=3 dist=925.632 cpu=9.54766s valid=1
[736/1120] CLASSIC | R209 | Run 8 -> veh=3 dist=919.778 cpu=9.45611s valid=1
[737/1120] CLASSIC | R208 | Run 8 -> veh=2 dist=735.144 cpu=12.7114s valid=1
[738/1120] QLEARNING | R209 | Run 4 -> veh=3 dist=924.313 cpu=7.99235s valid=1
[739/1120] CLASSIC | R208 | Run 1 -> veh=2 dist=739.636 cpu=14.2358s valid=1
[740/1120] QLEARNING | R209 | Run 6 -> veh=3 dist=921.3 cpu=8.02367s valid=1
[741/1120] CLASSIC | R208 | Run 4 -> veh=2 dist=729.288 cpu=14.386s valid=1
[742/1120] CLASSIC | R209 | Run 9 -> veh=3 dist=928.027 cpu=9.49283s valid=1
[743/1120] QLEARNING | R209 | Run 7 -> veh=3 dist=925.146 cpu=8.05203s valid=1
[744/1120] QLEARNING | R209 | Run 5 -> veh=3 dist=929.326 cpu=8.02235s valid=1
[745/1120] QLEARNING | R208 | Run 5 -> veh=2 dist=732.153 cpu=13.1045s valid=1
[746/1120] CLASSIC | R209 | Run 10 -> veh=3 dist=922.243 cpu=9.21555s valid=1
[747/1120] CLASSIC | R210 | Run 4 -> veh=3 dist=961.723 cpu=9.30495s valid=1
[748/1120] QLEARNING | R208 | Run 1 -> veh=2 dist=741.472 cpu=12.7551s valid=1
[749/1120] QLEARNING | R209 | Run 8 -> veh=3 dist=928.475 cpu=8.06887s valid=1
[750/1120] CLASSIC | R208 | Run 6 -> veh=2 dist=730.343 cpu=14.1408s valid=1
[751/1120] CLASSIC | R208 | Run 2 -> veh=2 dist=727.687 cpu=14.0239s valid=1
[752/1120] QLEARNING | R210 | Run 1 -> veh=3 dist=944.794 cpu=8.1377s valid=1
[753/1120] QLEARNING | R209 | Run 10 -> veh=3 dist=931.652 cpu=7.88351s valid=1
[754/1120] QLEARNING | R208 | Run 6 -> veh=2 dist=741.091 cpu=12.6269s valid=1
[755/1120] QLEARNING | R208 | Run 4 -> veh=2 dist=730.186 cpu=12.6916s valid=1
[756/1120] QLEARNING | R208 | Run 3 -> veh=2 dist=732.576 cpu=12.8984s valid=1
[757/1120] QLEARNING | R210 | Run 3 -> veh=3 dist=950.24 cpu=8.15761s valid=1
[758/1120] CLASSIC | R210 | Run 1 -> veh=3 dist=944.794 cpu=9.12492s valid=1
[759/1120] CLASSIC | R210 | Run 10 -> veh=3 dist=965.046 cpu=9.14234s valid=1
[760/1120] QLEARNING | R208 | Run 10 -> veh=2 dist=727.687 cpu=14.3937s valid=1
[761/1120] CLASSIC | R210 | Run 3 -> veh=3 dist=943.089 cpu=8.85691s valid=1
[762/1120] CLASSIC | R210 | Run 8 -> veh=3 dist=965.521 cpu=9.16567s valid=1
[763/1120] CLASSIC | R210 | Run 5 -> veh=3 dist=946.518 cpu=9.31116s valid=1
[764/1120] CLASSIC | R210 | Run 7 -> veh=3 dist=966.152 cpu=9.26472s valid=1
[765/1120] QLEARNING | R208 | Run 8 -> veh=2 dist=726.823 cpu=13.0904s valid=1
[766/1120] CLASSIC | RC101 | Run 1 -> veh=15 dist=1644.73 cpu=3.49731s valid=1
[767/1120] QLEARNING | R208 | Run 9 -> veh=2 dist=727.687 cpu=13.824s valid=1
[768/1120] CLASSIC | R208 | Run 7 -> veh=2 dist=732.153 cpu=14.5399s valid=1
[769/1120] CLASSIC | RC101 | Run 5 -> veh=15 dist=1642.29 cpu=3.45809s valid=1
[770/1120] CLASSIC | R208 | Run 9 -> veh=2 dist=736.039 cpu=13.72s valid=1
[771/1120] CLASSIC | R208 | Run 5 -> veh=2 dist=740.091 cpu=14.1289s valid=1
[772/1120] CLASSIC | R210 | Run 9 -> veh=3 dist=967.256 cpu=9.46709s valid=1
[773/1120] CLASSIC | R210 | Run 6 -> veh=3 dist=953.101 cpu=9.32487s valid=1
[774/1120] CLASSIC | RC101 | Run 2 -> veh=15 dist=1646.26 cpu=3.45948s valid=1
[775/1120] CLASSIC | R208 | Run 10 -> veh=2 dist=735.107 cpu=14.7036s valid=1
[776/1120] CLASSIC | RC101 | Run 3 -> veh=15 dist=1641.51 cpu=3.49523s valid=1
[777/1120] QLEARNING | RC101 | Run 6 -> veh=15 dist=1639.97 cpu=3.32457s valid=1
[778/1120] CLASSIC | RC101 | Run 4 -> veh=15 dist=1639.37 cpu=3.45837s valid=1
[779/1120] QLEARNING | R210 | Run 5 -> veh=3 dist=949.597 cpu=8.26956s valid=1
[780/1120] CLASSIC | RC101 | Run 6 -> veh=14 dist=1698.82 cpu=3.50951s valid=1
[781/1120] QLEARNING | R210 | Run 6 -> veh=3 dist=964.127 cpu=8.20716s valid=1
[782/1120] QLEARNING | RC101 | Run 5 -> veh=15 dist=1641.2 cpu=3.29088s valid=1
[783/1120] QLEARNING | RC101 | Run 1 -> veh=15 dist=1638.36 cpu=3.194s valid=1
[784/1120] QLEARNING | R210 | Run 2 -> veh=3 dist=954.399 cpu=7.87974s valid=1
[785/1120] QLEARNING | RC101 | Run 3 -> veh=15 dist=1637 cpu=3.24625s valid=1
[786/1120] QLEARNING | R210 | Run 10 -> veh=3 dist=954.121 cpu=8.13763s valid=1
[787/1120] CLASSIC | RC101 | Run 9 -> veh=15 dist=1638.36 cpu=3.49801s valid=1
[788/1120] CLASSIC | RC101 | Run 8 -> veh=15 dist=1649.7 cpu=3.50778s valid=1
[789/1120] CLASSIC | RC101 | Run 10 -> veh=15 dist=1642.82 cpu=3.51445s valid=1
[790/1120] QLEARNING | RC101 | Run 2 -> veh=15 dist=1639.31 cpu=3.24386s valid=1
[791/1120] QLEARNING | R210 | Run 4 -> veh=3 dist=942.639 cpu=7.91285s valid=1
[792/1120] CLASSIC | RC101 | Run 7 -> veh=15 dist=1637.83 cpu=3.41437s valid=1
[793/1120] QLEARNING | R210 | Run 9 -> veh=3 dist=948.495 cpu=8.22428s valid=1
[794/1120] QLEARNING | RC101 | Run 4 -> veh=15 dist=1641.57 cpu=3.26057s valid=1
[795/1120] QLEARNING | RC101 | Run 7 -> veh=15 dist=1640.69 cpu=3.24843s valid=1
[796/1120] QLEARNING | R210 | Run 7 -> veh=3 dist=940.446 cpu=8.21452s valid=1
[797/1120] QLEARNING | RC101 | Run 8 -> veh=15 dist=1636.62 cpu=3.1659s valid=1
[798/1120] QLEARNING | R210 | Run 8 -> veh=3 dist=947.882 cpu=8.14831s valid=1
[799/1120] QLEARNING | RC101 | Run 9 -> veh=15 dist=1636.88 cpu=3.21208s valid=1
[800/1120] QLEARNING | RC101 | Run 10 -> veh=15 dist=1635.24 cpu=3.17617s valid=1
[801/1120] CLASSIC | RC102 | Run 6 -> veh=13 dist=1495.69 cpu=4.40224s valid=1
[802/1120] CLASSIC | RC102 | Run 7 -> veh=13 dist=1493.85 cpu=4.29577s valid=1
[803/1120] CLASSIC | RC102 | Run 8 -> veh=12 dist=1558.16 cpu=4.52216s valid=1
[804/1120] CLASSIC | RC102 | Run 2 -> veh=13 dist=1485.27 cpu=4.35381s valid=1
[805/1120] QLEARNING | RC102 | Run 1 -> veh=13 dist=1492.15 cpu=4.0293s valid=1
[806/1120] CLASSIC | RC102 | Run 10 -> veh=13 dist=1488.83 cpu=4.26401s valid=1
[807/1120] CLASSIC | R211 | Run 2 -> veh=3 dist=797.774 cpu=11.256s valid=1
[808/1120] CLASSIC | R211 | Run 4 -> veh=3 dist=801.355 cpu=11.1667s valid=1
[809/1120] QLEARNING | RC102 | Run 10 -> veh=13 dist=1480.55 cpu=4.0128s valid=1
[810/1120] QLEARNING | R211 | Run 5 -> veh=3 dist=778.813 cpu=9.06782s valid=1
[811/1120] CLASSIC | RC102 | Run 1 -> veh=13 dist=1501.74 cpu=4.26371s valid=1
[812/1120] CLASSIC | RC102 | Run 4 -> veh=12 dist=1566.98 cpu=4.2822s valid=1
[813/1120] CLASSIC | RC102 | Run 5 -> veh=13 dist=1503.42 cpu=4.28218s valid=1
[814/1120] CLASSIC | RC102 | Run 3 -> veh=13 dist=1477.85 cpu=4.28858s valid=1
[815/1120] QLEARNING | RC102 | Run 7 -> veh=13 dist=1491.23 cpu=4.0751s valid=1
[816/1120] CLASSIC | RC102 | Run 9 -> veh=13 dist=1479.12 cpu=4.26251s valid=1
[817/1120] QLEARNING | RC102 | Run 8 -> veh=13 dist=1502.85 cpu=4.00589s valid=1
[818/1120] QLEARNING | RC102 | Run 3 -> veh=12 dist=1580.38 cpu=4.03469s valid=1
[819/1120] QLEARNING | RC102 | Run 6 -> veh=13 dist=1489.59 cpu=4.0498s valid=1
[820/1120] CLASSIC | RC103 | Run 3 -> veh=11 dist=1285.32 cpu=4.95107s valid=1
[821/1120] QLEARNING | RC102 | Run 5 -> veh=13 dist=1490.37 cpu=3.94593s valid=1
[822/1120] QLEARNING | R211 | Run 1 -> veh=3 dist=789.901 cpu=9.08902s valid=1
[823/1120] CLASSIC | R211 | Run 3 -> veh=3 dist=807.359 cpu=10.6185s valid=1
[824/1120] QLEARNING | RC102 | Run 9 -> veh=13 dist=1492.68 cpu=3.95274s valid=1
[825/1120] CLASSIC | RC103 | Run 6 -> veh=11 dist=1278.37 cpu=4.95232s valid=1
[826/1120] QLEARNING | R211 | Run 2 -> veh=3 dist=786.386 cpu=8.86314s valid=1
[827/1120] QLEARNING | R211 | Run 7 -> veh=3 dist=784.828 cpu=8.99797s valid=1
[828/1120] QLEARNING | RC102 | Run 2 -> veh=13 dist=1498.32 cpu=3.95219s valid=1
[829/1120] CLASSIC | RC103 | Run 2 -> veh=11 dist=1264.3 cpu=4.93059s valid=1
[830/1120] QLEARNING | RC103 | Run 7 -> veh=11 dist=1267.3 cpu=4.47744s valid=1
[831/1120] CLASSIC | R211 | Run 10 -> veh=3 dist=798.355 cpu=11.0519s valid=1
[832/1120] QLEARNING | RC103 | Run 10 -> veh=11 dist=1279.94 cpu=4.47715s valid=1
[833/1120] CLASSIC | RC103 | Run 8 -> veh=11 dist=1279.37 cpu=5.03644s valid=1
[834/1120] QLEARNING | RC103 | Run 1 -> veh=11 dist=1282.6 cpu=4.42206s valid=1
[835/1120] QLEARNING | RC102 | Run 4 -> veh=13 dist=1501.37 cpu=3.99399s valid=1
[836/1120] QLEARNING | R211 | Run 6 -> veh=3 dist=783.079 cpu=8.83225s valid=1
[837/1120] CLASSIC | R211 | Run 5 -> veh=3 dist=808.919 cpu=11.0032s valid=1
[838/1120] CLASSIC | R211 | Run 1 -> veh=3 dist=784.436 cpu=10.7711s valid=1
[839/1120] QLEARNING | RC103 | Run 4 -> veh=11 dist=1263.54 cpu=4.45098s valid=1
[840/1120] QLEARNING | R211 | Run 3 -> veh=3 dist=773.166 cpu=9.02189s valid=1
[841/1120] QLEARNING | R211 | Run 4 -> veh=3 dist=795.299 cpu=8.93472s valid=1
[842/1120] CLASSIC | RC103 | Run 4 -> veh=11 dist=1269.81 cpu=4.97512s valid=1
[843/1120] QLEARNING | RC103 | Run 3 -> veh=11 dist=1276.44 cpu=4.60087s valid=1
[844/1120] QLEARNING | RC103 | Run 2 -> veh=11 dist=1271.44 cpu=4.51246s valid=1
[845/1120] QLEARNING | RC103 | Run 8 -> veh=11 dist=1275.99 cpu=4.45336s valid=1
[846/1120] CLASSIC | RC103 | Run 5 -> veh=11 dist=1289.81 cpu=4.94372s valid=1
[847/1120] QLEARNING | R211 | Run 10 -> veh=3 dist=805.576 cpu=8.8352s valid=1
[848/1120] QLEARNING | RC103 | Run 5 -> veh=11 dist=1264.3 cpu=4.44009s valid=1
[849/1120] CLASSIC | RC103 | Run 9 -> veh=11 dist=1265.8 cpu=4.84604s valid=1
[850/1120] QLEARNING | R211 | Run 9 -> veh=3 dist=778.895 cpu=8.7979s valid=1
[851/1120] QLEARNING | RC103 | Run 6 -> veh=11 dist=1266.37 cpu=4.36177s valid=1
[852/1120] CLASSIC | RC103 | Run 7 -> veh=11 dist=1279.14 cpu=4.88884s valid=1
[853/1120] CLASSIC | RC104 | Run 3 -> veh=10 dist=1141.34 cpu=4.9867s valid=1
[854/1120] QLEARNING | RC103 | Run 9 -> veh=11 dist=1265.8 cpu=4.36127s valid=1
[855/1120] QLEARNING | R211 | Run 8 -> veh=3 dist=782.486 cpu=9.08088s valid=1
[856/1120] CLASSIC | RC104 | Run 1 -> veh=10 dist=1145.2 cpu=4.83459s valid=1
[857/1120] CLASSIC | R211 | Run 7 -> veh=3 dist=815.476 cpu=11.4802s valid=1
[858/1120] CLASSIC | RC104 | Run 6 -> veh=10 dist=1145.02 cpu=4.88371s valid=1
[859/1120] CLASSIC | RC103 | Run 10 -> veh=11 dist=1281.05 cpu=4.97678s valid=1
[860/1120] QLEARNING | RC104 | Run 1 -> veh=10 dist=1141.85 cpu=4.54663s valid=1
[861/1120] QLEARNING | RC104 | Run 2 -> veh=10 dist=1149.19 cpu=4.56102s valid=1
[862/1120] CLASSIC | RC103 | Run 1 -> veh=11 dist=1280.15 cpu=4.81032s valid=1
[863/1120] CLASSIC | RC104 | Run 2 -> veh=10 dist=1151.79 cpu=4.89332s valid=1
[864/1120] QLEARNING | RC104 | Run 4 -> veh=10 dist=1139.9 cpu=4.64007s valid=1
[865/1120] CLASSIC | RC105 | Run 5 -> veh=14 dist=1559.57 cpu=3.99221s valid=1
[866/1120] CLASSIC | R211 | Run 6 -> veh=3 dist=798.31 cpu=11.0308s valid=1
[867/1120] QLEARNING | RC104 | Run 3 -> veh=10 dist=1146.34 cpu=4.57169s valid=1
[868/1120] CLASSIC | RC104 | Run 9 -> veh=10 dist=1157.7 cpu=4.92712s valid=1
[869/1120] CLASSIC | RC104 | Run 4 -> veh=10 dist=1146.74 cpu=4.84491s valid=1
[870/1120] CLASSIC | R211 | Run 8 -> veh=3 dist=801.58 cpu=11.1201s valid=1
[871/1120] CLASSIC | RC104 | Run 8 -> veh=10 dist=1150.57 cpu=4.90702s valid=1
[872/1120] CLASSIC | R211 | Run 9 -> veh=3 dist=802.936 cpu=11.4992s valid=1
[873/1120] CLASSIC | RC105 | Run 6 -> veh=14 dist=1548.53 cpu=4.08394s valid=1
[874/1120] CLASSIC | RC104 | Run 10 -> veh=10 dist=1171.44 cpu=4.91398s valid=1
[875/1120] CLASSIC | RC105 | Run 2 -> veh=14 dist=1544.4 cpu=4.08727s valid=1
[876/1120] CLASSIC | RC105 | Run 10 -> veh=14 dist=1560.69 cpu=4.04693s valid=1
[877/1120] QLEARNING | RC104 | Run 9 -> veh=10 dist=1139.65 cpu=4.76009s valid=1
[878/1120] QLEARNING | RC104 | Run 6 -> veh=10 dist=1146.61 cpu=4.54804s valid=1
[879/1120] QLEARNING | RC105 | Run 7 -> veh=14 dist=1551.3 cpu=3.84246s valid=1
[880/1120] CLASSIC | RC105 | Run 3 -> veh=14 dist=1565.4 cpu=4.08143s valid=1
[881/1120] QLEARNING | RC105 | Run 2 -> veh=14 dist=1555.38 cpu=3.82433s valid=1
[882/1120] CLASSIC | RC105 | Run 1 -> veh=14 dist=1558.61 cpu=4.09435s valid=1
[883/1120] QLEARNING | RC104 | Run 8 -> veh=10 dist=1146.94 cpu=4.5772s valid=1
[884/1120] CLASSIC | RC105 | Run 4 -> veh=14 dist=1561.68 cpu=4.0975s valid=1
[885/1120] QLEARNING | RC105 | Run 3 -> veh=14 dist=1547.6 cpu=3.88028s valid=1
[886/1120] QLEARNING | RC104 | Run 5 -> veh=10 dist=1151.96 cpu=4.61813s valid=1
[887/1120] CLASSIC | RC105 | Run 7 -> veh=14 dist=1560.02 cpu=4.05614s valid=1
[888/1120] QLEARNING | RC106 | Run 2 -> veh=12 dist=1404.83 cpu=3.90398s valid=1
[889/1120] CLASSIC | RC105 | Run 9 -> veh=14 dist=1567.96 cpu=4.09203s valid=1
[890/1120] CLASSIC | RC104 | Run 7 -> veh=10 dist=1148.1 cpu=4.82216s valid=1
[891/1120] QLEARNING | RC105 | Run 10 -> veh=14 dist=1554.69 cpu=3.8607s valid=1
[892/1120] CLASSIC | RC105 | Run 8 -> veh=14 dist=1560.45 cpu=3.96109s valid=1
[893/1120] QLEARNING | RC105 | Run 1 -> veh=13 dist=1664 cpu=3.8592s valid=1
[894/1120] CLASSIC | RC104 | Run 5 -> veh=10 dist=1144.18 cpu=4.93317s valid=1
[895/1120] QLEARNING | RC104 | Run 10 -> veh=10 dist=1148.7 cpu=4.52899s valid=1
[896/1120] QLEARNING | RC104 | Run 7 -> veh=10 dist=1143.05 cpu=4.60201s valid=1
[897/1120] QLEARNING | RC105 | Run 6 -> veh=14 dist=1549.14 cpu=3.88933s valid=1
[898/1120] QLEARNING | RC105 | Run 5 -> veh=14 dist=1542.27 cpu=3.81857s valid=1
[899/1120] CLASSIC | RC106 | Run 8 -> veh=12 dist=1385.92 cpu=4.16865s valid=1
[900/1120] CLASSIC | RC106 | Run 1 -> veh=12 dist=1408.48 cpu=4.25033s valid=1
[901/1120] QLEARNING | RC105 | Run 8 -> veh=14 dist=1553.27 cpu=3.85966s valid=1
[902/1120] QLEARNING | RC106 | Run 6 -> veh=12 dist=1391.25 cpu=3.93408s valid=1
[903/1120] CLASSIC | RC106 | Run 4 -> veh=12 dist=1403.3 cpu=4.32108s valid=1
[904/1120] CLASSIC | RC106 | Run 9 -> veh=12 dist=1398.55 cpu=4.29178s valid=1
[905/1120] QLEARNING | RC105 | Run 4 -> veh=14 dist=1555.97 cpu=3.7538s valid=1
[906/1120] CLASSIC | RC106 | Run 7 -> veh=12 dist=1386.79 cpu=4.22717s valid=1
[907/1120] QLEARNING | RC106 | Run 3 -> veh=12 dist=1395.73 cpu=3.957s valid=1
[908/1120] CLASSIC | RC106 | Run 2 -> veh=12 dist=1390.42 cpu=4.21262s valid=1
[909/1120] QLEARNING | RC106 | Run 9 -> veh=12 dist=1385.56 cpu=3.96596s valid=1
[910/1120] QLEARNING | RC105 | Run 9 -> veh=14 dist=1553.64 cpu=3.77396s valid=1
[911/1120] CLASSIC | RC106 | Run 3 -> veh=12 dist=1419.17 cpu=4.21817s valid=1
[912/1120] QLEARNING | RC106 | Run 1 -> veh=12 dist=1395.06 cpu=3.87177s valid=1
[913/1120] CLASSIC | RC106 | Run 10 -> veh=12 dist=1418.24 cpu=4.36399s valid=1
[914/1120] CLASSIC | RC106 | Run 6 -> veh=12 dist=1403.79 cpu=4.1838s valid=1
[915/1120] QLEARNING | RC106 | Run 4 -> veh=12 dist=1400.4 cpu=3.82375s valid=1
[916/1120] CLASSIC | RC106 | Run 5 -> veh=12 dist=1412.19 cpu=4.32234s valid=1
[917/1120] QLEARNING | RC106 | Run 8 -> veh=12 dist=1401.07 cpu=4.07309s valid=1
[918/1120] QLEARNING | RC107 | Run 2 -> veh=11 dist=1255.48 cpu=4.44921s valid=1
[919/1120] QLEARNING | RC106 | Run 5 -> veh=12 dist=1389.85 cpu=3.8359s valid=1
[920/1120] QLEARNING | RC106 | Run 10 -> veh=12 dist=1386.79 cpu=3.77018s valid=1
[921/1120] CLASSIC | RC107 | Run 3 -> veh=11 dist=1261.13 cpu=4.85422s valid=1
[922/1120] QLEARNING | RC107 | Run 5 -> veh=11 dist=1256.43 cpu=4.44727s valid=1
[923/1120] QLEARNING | RC107 | Run 6 -> veh=11 dist=1249.38 cpu=4.48871s valid=1
[924/1120] QLEARNING | RC106 | Run 7 -> veh=12 dist=1403 cpu=3.77112s valid=1
[925/1120] CLASSIC | RC107 | Run 2 -> veh=11 dist=1276.26 cpu=4.85034s valid=1
[926/1120] CLASSIC | RC107 | Run 1 -> veh=11 dist=1267.44 cpu=4.98006s valid=1
[927/1120] CLASSIC | RC107 | Run 10 -> veh=11 dist=1250.51 cpu=4.77878s valid=1
[928/1120] CLASSIC | RC108 | Run 2 -> veh=10 dist=1145.62 cpu=4.88658s valid=1
[929/1120] QLEARNING | RC107 | Run 1 -> veh=11 dist=1246.41 cpu=4.62232s valid=1
[930/1120] CLASSIC | RC107 | Run 5 -> veh=11 dist=1276.92 cpu=4.88042s valid=1
[931/1120] CLASSIC | RC107 | Run 4 -> veh=11 dist=1249.72 cpu=4.8276s valid=1
[932/1120] QLEARNING | RC108 | Run 3 -> veh=10 dist=1159.06 cpu=4.63289s valid=1
[933/1120] QLEARNING | RC107 | Run 3 -> veh=11 dist=1249.92 cpu=4.34757s valid=1
[934/1120] CLASSIC | RC107 | Run 7 -> veh=11 dist=1253.54 cpu=4.86786s valid=1
[935/1120] QLEARNING | RC107 | Run 9 -> veh=11 dist=1244.19 cpu=4.47172s valid=1
[936/1120] CLASSIC | RC107 | Run 6 -> veh=11 dist=1252.02 cpu=4.78329s valid=1
[937/1120] CLASSIC | RC108 | Run 10 -> veh=11 dist=1161.6 cpu=5.01918s valid=1
[938/1120] QLEARNING | RC107 | Run 4 -> veh=11 dist=1254.54 cpu=4.5573s valid=1
[939/1120] CLASSIC | RC107 | Run 8 -> veh=11 dist=1250.49 cpu=4.84952s valid=1
[940/1120] QLEARNING | RC107 | Run 7 -> veh=11 dist=1246.67 cpu=4.48622s valid=1
[941/1120] CLASSIC | RC107 | Run 9 -> veh=11 dist=1244.73 cpu=4.70854s valid=1
[942/1120] CLASSIC | RC108 | Run 4 -> veh=11 dist=1141.68 cpu=5.03206s valid=1
[943/1120] QLEARNING | RC108 | Run 2 -> veh=10 dist=1140.87 cpu=4.57802s valid=1
[944/1120] QLEARNING | RC108 | Run 1 -> veh=10 dist=1142.55 cpu=4.59432s valid=1
[945/1120] CLASSIC | RC108 | Run 3 -> veh=11 dist=1158.26 cpu=5.03753s valid=1
[946/1120] QLEARNING | RC107 | Run 10 -> veh=11 dist=1244.62 cpu=4.43221s valid=1
[947/1120] CLASSIC | RC201 | Run 1 -> veh=4 dist=1431.39 cpu=5.35632s valid=1
[948/1120] CLASSIC | RC201 | Run 5 -> veh=4 dist=1427.68 cpu=5.36898s valid=1
[949/1120] QLEARNING | RC107 | Run 8 -> veh=11 dist=1247.45 cpu=4.52842s valid=1
[950/1120] CLASSIC | RC108 | Run 7 -> veh=11 dist=1163.34 cpu=4.97443s valid=1
[951/1120] CLASSIC | RC108 | Run 5 -> veh=10 dist=1139.82 cpu=4.79426s valid=1
[952/1120] QLEARNING | RC201 | Run 2 -> veh=4 dist=1424.37 cpu=4.68644s valid=1
[953/1120] CLASSIC | RC108 | Run 1 -> veh=11 dist=1159.89 cpu=5.02555s valid=1
[954/1120] QLEARNING | RC201 | Run 3 -> veh=4 dist=1426.15 cpu=4.65761s valid=1
[955/1120] CLASSIC | RC108 | Run 9 -> veh=11 dist=1138.57 cpu=4.99305s valid=1
[956/1120] QLEARNING | RC108 | Run 5 -> veh=10 dist=1146.82 cpu=4.66707s valid=1
[957/1120] CLASSIC | RC108 | Run 8 -> veh=11 dist=1164.56 cpu=5.01712s valid=1
[958/1120] CLASSIC | RC108 | Run 6 -> veh=10 dist=1147.3 cpu=5.06858s valid=1
[959/1120] QLEARNING | RC108 | Run 7 -> veh=10 dist=1141.88 cpu=4.65957s valid=1
[960/1120] QLEARNING | RC108 | Run 4 -> veh=10 dist=1157.01 cpu=4.63945s valid=1
[961/1120] QLEARNING | RC108 | Run 9 -> veh=11 dist=1136.97 cpu=4.68132s valid=1
[962/1120] QLEARNING | RC108 | Run 6 -> veh=11 dist=1142.2 cpu=4.53612s valid=1
[963/1120] QLEARNING | RC108 | Run 8 -> veh=10 dist=1151.96 cpu=4.57618s valid=1
[964/1120] CLASSIC | RC201 | Run 7 -> veh=4 dist=1438.45 cpu=5.43738s valid=1
[965/1120] QLEARNING | RC108 | Run 10 -> veh=10 dist=1155.28 cpu=4.57396s valid=1
[966/1120] CLASSIC | RC201 | Run 2 -> veh=4 dist=1450.35 cpu=5.45367s valid=1
[967/1120] QLEARNING | RC201 | Run 7 -> veh=4 dist=1416.81 cpu=4.73785s valid=1
[968/1120] QLEARNING | RC201 | Run 1 -> veh=4 dist=1419.94 cpu=4.70398s valid=1
[969/1120] QLEARNING | RC201 | Run 4 -> veh=4 dist=1424.14 cpu=4.63298s valid=1
[970/1120] QLEARNING | RC201 | Run 10 -> veh=4 dist=1416.81 cpu=4.68933s valid=1
[971/1120] CLASSIC | RC201 | Run 4 -> veh=4 dist=1430.67 cpu=5.27504s valid=1
[972/1120] CLASSIC | RC201 | Run 6 -> veh=4 dist=1477.45 cpu=5.38722s valid=1
[973/1120] CLASSIC | RC201 | Run 3 -> veh=4 dist=1440.33 cpu=5.39676s valid=1
[974/1120] QLEARNING | RC201 | Run 5 -> veh=4 dist=1425.87 cpu=4.70989s valid=1
[975/1120] QLEARNING | RC201 | Run 8 -> veh=4 dist=1441.19 cpu=4.69204s valid=1
[976/1120] QLEARNING | RC201 | Run 9 -> veh=4 dist=1435.7 cpu=4.62897s valid=1
[977/1120] CLASSIC | RC201 | Run 9 -> veh=4 dist=1435.12 cpu=5.2437s valid=1
[978/1120] CLASSIC | RC201 | Run 10 -> veh=4 dist=1428.56 cpu=5.31202s valid=1
[979/1120] QLEARNING | RC201 | Run 6 -> veh=4 dist=1418.49 cpu=4.70593s valid=1
[980/1120] CLASSIC | RC201 | Run 8 -> veh=4 dist=1413.52 cpu=5.22531s valid=1
[981/1120] CLASSIC | RC202 | Run 4 -> veh=4 dist=1162.87 cpu=6.99608s valid=1
[982/1120] CLASSIC | RC202 | Run 9 -> veh=4 dist=1186.22 cpu=6.95428s valid=1
[983/1120] CLASSIC | RC202 | Run 2 -> veh=4 dist=1197.08 cpu=7.08848s valid=1
[984/1120] QLEARNING | RC202 | Run 6 -> veh=4 dist=1161.29 cpu=6.36647s valid=1
[985/1120] CLASSIC | RC202 | Run 5 -> veh=4 dist=1192.57 cpu=6.96084s valid=1
[986/1120] CLASSIC | RC202 | Run 8 -> veh=4 dist=1162.8 cpu=6.89293s valid=1
[987/1120] CLASSIC | RC202 | Run 1 -> veh=4 dist=1214.18 cpu=6.98732s valid=1
[988/1120] CLASSIC | RC202 | Run 7 -> veh=4 dist=1173.03 cpu=7.04727s valid=1
[989/1120] QLEARNING | RC202 | Run 3 -> veh=4 dist=1164.06 cpu=6.328s valid=1
[990/1120] QLEARNING | RC202 | Run 2 -> veh=4 dist=1165.09 cpu=6.26468s valid=1
[991/1120] CLASSIC | RC202 | Run 3 -> veh=4 dist=1163.62 cpu=6.85021s valid=1
[992/1120] QLEARNING | RC202 | Run 4 -> veh=4 dist=1164.02 cpu=6.34294s valid=1
[993/1120] QLEARNING | RC202 | Run 1 -> veh=4 dist=1161.29 cpu=6.38136s valid=1
[994/1120] QLEARNING | RC202 | Run 5 -> veh=4 dist=1161.29 cpu=6.3929s valid=1
[995/1120] QLEARNING | RC202 | Run 9 -> veh=4 dist=1167.31 cpu=6.38613s valid=1
[996/1120] QLEARNING | RC202 | Run 10 -> veh=4 dist=1165.57 cpu=6.26712s valid=1
[997/1120] CLASSIC | RC202 | Run 6 -> veh=4 dist=1176.2 cpu=6.80768s valid=1
[998/1120] QLEARNING | RC202 | Run 7 -> veh=4 dist=1161.29 cpu=6.17662s valid=1
[999/1120] QLEARNING | RC202 | Run 8 -> veh=4 dist=1165.57 cpu=6.37512s valid=1
[1000/1120] CLASSIC | RC202 | Run 10 -> veh=4 dist=1191.3 cpu=7.02808s valid=1
[1001/1120] CLASSIC | RC203 | Run 2 -> veh=3 dist=1076.61 cpu=9.85231s valid=1
[1002/1120] QLEARNING | RC203 | Run 9 -> veh=3 dist=1072.01 cpu=8.58338s valid=1
[1003/1120] CLASSIC | RC205 | Run 2 -> veh=4 dist=1340.36 cpu=6.63398s valid=1
[1004/1120] CLASSIC | RC203 | Run 1 -> veh=3 dist=1091.14 cpu=10.1276s valid=1
[1005/1120] QLEARNING | RC203 | Run 6 -> veh=3 dist=1072.48 cpu=8.46985s valid=1
[1006/1120] CLASSIC | RC205 | Run 1 -> veh=4 dist=1325.47 cpu=6.42514s valid=1
[1007/1120] CLASSIC | RC203 | Run 5 -> veh=3 dist=1078.71 cpu=9.8885s valid=1
[1008/1120] QLEARNING | RC203 | Run 4 -> veh=3 dist=1074.74 cpu=8.52504s valid=1
[1009/1120] QLEARNING | RC203 | Run 5 -> veh=3 dist=1072.5 cpu=8.49547s valid=1
[1010/1120] CLASSIC | RC203 | Run 8 -> veh=3 dist=1083.86 cpu=9.95621s valid=1
[1011/1120] QLEARNING | RC203 | Run 2 -> veh=3 dist=1061.1 cpu=8.54199s valid=1
[1012/1120] QLEARNING | RC203 | Run 3 -> veh=3 dist=1073.58 cpu=8.63964s valid=1
[1013/1120] CLASSIC | RC205 | Run 4 -> veh=4 dist=1319.74 cpu=6.50853s valid=1
[1014/1120] QLEARNING | RC203 | Run 8 -> veh=3 dist=1081.06 cpu=8.54348s valid=1
[1015/1120] QLEARNING | RC203 | Run 7 -> veh=3 dist=1076.06 cpu=8.45739s valid=1
[1016/1120] QLEARNING | RC203 | Run 10 -> veh=3 dist=1072.02 cpu=8.64718s valid=1
[1017/1120] CLASSIC | RC203 | Run 3 -> veh=3 dist=1081 cpu=9.82346s valid=1
[1018/1120] CLASSIC | RC203 | Run 9 -> veh=3 dist=1089.41 cpu=10.1211s valid=1
[1019/1120] QLEARNING | RC203 | Run 1 -> veh=3 dist=1085.19 cpu=8.52455s valid=1
[1020/1120] QLEARNING | RC205 | Run 2 -> veh=4 dist=1333.59 cpu=5.7818s valid=1
[1021/1120] CLASSIC | RC205 | Run 6 -> veh=4 dist=1320.96 cpu=6.47722s valid=1
[1022/1120] CLASSIC | RC205 | Run 3 -> veh=4 dist=1311.39 cpu=6.65388s valid=1
[1023/1120] CLASSIC | RC203 | Run 4 -> veh=3 dist=1078.89 cpu=10.1451s valid=1
[1024/1120] QLEARNING | RC205 | Run 3 -> veh=4 dist=1329.71 cpu=5.80536s valid=1
[1025/1120] CLASSIC | RC204 | Run 3 -> veh=3 dist=803.958 cpu=11.2282s valid=1
[1026/1120] QLEARNING | RC205 | Run 8 -> veh=4 dist=1330.8 cpu=5.78582s valid=1
[1027/1120] CLASSIC | RC203 | Run 10 -> veh=3 dist=1076.86 cpu=9.98436s valid=1
[1028/1120] QLEARNING | RC205 | Run 9 -> veh=4 dist=1319.44 cpu=5.73913s valid=1
[1029/1120] QLEARNING | RC205 | Run 7 -> veh=4 dist=1331.9 cpu=5.6135s valid=1
[1030/1120] CLASSIC | RC203 | Run 6 -> veh=3 dist=1068.52 cpu=9.6247s valid=1
[1031/1120] QLEARNING | RC204 | Run 1 -> veh=3 dist=800.323 cpu=9.52176s valid=1
[1032/1120] QLEARNING | RC205 | Run 1 -> veh=4 dist=1318.89 cpu=5.84126s valid=1
[1033/1120] QLEARNING | RC204 | Run 3 -> veh=3 dist=801.109 cpu=9.31477s valid=1
[1034/1120] QLEARNING | RC205 | Run 6 -> veh=4 dist=1316.93 cpu=5.76742s valid=1
[1035/1120] CLASSIC | RC204 | Run 8 -> veh=3 dist=800.454 cpu=11.0934s valid=1
[1036/1120] QLEARNING | RC205 | Run 4 -> veh=4 dist=1316.49 cpu=5.81262s valid=1
[1037/1120] CLASSIC | RC205 | Run 8 -> veh=4 dist=1318.59 cpu=6.63114s valid=1
[1038/1120] CLASSIC | RC205 | Run 7 -> veh=4 dist=1331.05 cpu=6.63531s valid=1
[1039/1120] CLASSIC | RC203 | Run 7 -> veh=3 dist=1068.41 cpu=9.88826s valid=1
[1040/1120] CLASSIC | RC204 | Run 1 -> veh=3 dist=798.78 cpu=11.3574s valid=1
[1041/1120] QLEARNING | RC204 | Run 5 -> veh=3 dist=798.563 cpu=9.32277s valid=1
[1042/1120] CLASSIC | RC205 | Run 10 -> veh=4 dist=1340.42 cpu=6.55288s valid=1
[1043/1120] QLEARNING | RC204 | Run 2 -> veh=3 dist=799.472 cpu=9.585s valid=1
[1044/1120] CLASSIC | RC205 | Run 5 -> veh=4 dist=1327.97 cpu=6.48317s valid=1
[1045/1120] QLEARNING | RC205 | Run 5 -> veh=4 dist=1310.26 cpu=5.71256s valid=1
[1046/1120] QLEARNING | RC204 | Run 8 -> veh=3 dist=799.156 cpu=9.43452s valid=1
[1047/1120] QLEARNING | RC204 | Run 4 -> veh=3 dist=799.156 cpu=9.81678s valid=1
[1048/1120] QLEARNING | RC204 | Run 9 -> veh=3 dist=799.156 cpu=9.45372s valid=1
[1049/1120] CLASSIC | RC205 | Run 9 -> veh=4 dist=1339.62 cpu=6.4184s valid=1
[1050/1120] QLEARNING | RC205 | Run 10 -> veh=4 dist=1317.95 cpu=5.70476s valid=1
[1051/1120] QLEARNING | RC204 | Run 6 -> veh=3 dist=799.478 cpu=9.72675s valid=1
[1052/1120] QLEARNING | RC204 | Run 7 -> veh=3 dist=804.033 cpu=9.47248s valid=1
[1053/1120] QLEARNING | RC204 | Run 10 -> veh=3 dist=799.121 cpu=9.42662s valid=1
[1054/1120] CLASSIC | RC204 | Run 2 -> veh=3 dist=798.507 cpu=11.2619s valid=1
[1055/1120] CLASSIC | RC206 | Run 3 -> veh=3 dist=1174.65 cpu=7.10569s valid=1
[1056/1120] CLASSIC | RC204 | Run 6 -> veh=3 dist=799.609 cpu=11.1197s valid=1
[1057/1120] CLASSIC | RC204 | Run 10 -> veh=3 dist=802.165 cpu=10.7993s valid=1
[1058/1120] CLASSIC | RC204 | Run 4 -> veh=3 dist=800.507 cpu=11.2326s valid=1
[1059/1120] CLASSIC | RC204 | Run 9 -> veh=3 dist=807.375 cpu=11.183s valid=1
[1060/1120] CLASSIC | RC206 | Run 1 -> veh=3 dist=1169.34 cpu=7.18105s valid=1
[1061/1120] CLASSIC | RC204 | Run 5 -> veh=3 dist=803.129 cpu=11.2353s valid=1
[1062/1120] CLASSIC | RC206 | Run 4 -> veh=3 dist=1184.86 cpu=6.62108s valid=1
[1063/1120] CLASSIC | RC206 | Run 8 -> veh=3 dist=1183.75 cpu=7.17443s valid=1
[1064/1120] CLASSIC | RC204 | Run 7 -> veh=3 dist=800.312 cpu=11.0702s valid=1
[1065/1120] QLEARNING | RC206 | Run 1 -> veh=3 dist=1153.69 cpu=6.88622s valid=1
[1066/1120] CLASSIC | RC206 | Run 5 -> veh=3 dist=1159.88 cpu=7.22771s valid=1
[1067/1120] CLASSIC | RC206 | Run 2 -> veh=3 dist=1146.32 cpu=6.87012s valid=1
[1068/1120] QLEARNING | RC206 | Run 3 -> veh=3 dist=1146.32 cpu=6.82727s valid=1
[1069/1120] CLASSIC | RC206 | Run 9 -> veh=3 dist=1178.6 cpu=7.41818s valid=1
[1070/1120] CLASSIC | RC206 | Run 7 -> veh=3 dist=1146.32 cpu=6.46781s valid=1
[1071/1120] QLEARNING | RC206 | Run 10 -> veh=3 dist=1152.03 cpu=7.06081s valid=1
[1072/1120] QLEARNING | RC206 | Run 6 -> veh=3 dist=1156.77 cpu=6.88633s valid=1
[1073/1120] QLEARNING | RC206 | Run 9 -> veh=3 dist=1165.99 cpu=6.78172s valid=1
[1074/1120] QLEARNING | RC206 | Run 7 -> veh=3 dist=1146.32 cpu=6.80905s valid=1
[1075/1120] QLEARNING | RC206 | Run 2 -> veh=3 dist=1153.69 cpu=6.76075s valid=1
[1076/1120] QLEARNING | RC206 | Run 4 -> veh=3 dist=1168.82 cpu=6.95833s valid=1
[1077/1120] QLEARNING | RC207 | Run 2 -> veh=3 dist=1071.42 cpu=8.06702s valid=1
[1078/1120] CLASSIC | RC206 | Run 6 -> veh=3 dist=1186.8 cpu=6.96528s valid=1
[1079/1120] QLEARNING | RC206 | Run 5 -> veh=3 dist=1146.32 cpu=6.92095s valid=1
[1080/1120] CLASSIC | RC207 | Run 3 -> veh=3 dist=1087.65 cpu=9.01336s valid=1
[1081/1120] CLASSIC | RC207 | Run 6 -> veh=3 dist=1078.58 cpu=9.12527s valid=1
[1082/1120] QLEARNING | RC207 | Run 1 -> veh=3 dist=1077.27 cpu=8.05173s valid=1
[1083/1120] QLEARNING | RC206 | Run 8 -> veh=3 dist=1165.19 cpu=6.93006s valid=1
[1084/1120] QLEARNING | RC207 | Run 10 -> veh=3 dist=1075.8 cpu=8.17335s valid=1
[1085/1120] QLEARNING | RC207 | Run 3 -> veh=3 dist=1089.17 cpu=8.20688s valid=1
[1086/1120] CLASSIC | RC206 | Run 10 -> veh=3 dist=1153.69 cpu=7.23703s valid=1
[1087/1120] QLEARNING | RC207 | Run 8 -> veh=3 dist=1096.34 cpu=8.10909s valid=1
[1088/1120] CLASSIC | RC207 | Run 1 -> veh=3 dist=1094.79 cpu=9.16499s valid=1
[1089/1120] QLEARNING | RC207 | Run 7 -> veh=3 dist=1080.75 cpu=7.96396s valid=1
[1090/1120] QLEARNING | RC207 | Run 5 -> veh=3 dist=1089.17 cpu=8.34524s valid=1
[1091/1120] QLEARNING | RC207 | Run 4 -> veh=3 dist=1093.55 cpu=7.83898s valid=1
[1092/1120] QLEARNING | RC207 | Run 6 -> veh=3 dist=1094.95 cpu=8.02443s valid=1
[1093/1120] CLASSIC | RC207 | Run 8 -> veh=3 dist=1100.99 cpu=8.51581s valid=1
[1094/1120] CLASSIC | RC207 | Run 10 -> veh=3 dist=1095.05 cpu=8.79814s valid=1
[1095/1120] QLEARNING | RC207 | Run 9 -> veh=3 dist=1088.25 cpu=8.02319s valid=1
[1096/1120] QLEARNING | RC208 | Run 2 -> veh=3 dist=834.885 cpu=8.96474s valid=1
[1097/1120] CLASSIC | RC207 | Run 9 -> veh=3 dist=1082.26 cpu=9.13146s valid=1
[1098/1120] CLASSIC | RC207 | Run 4 -> veh=3 dist=1101.35 cpu=9.36543s valid=1
[1099/1120] QLEARNING | RC208 | Run 6 -> veh=3 dist=840.057 cpu=8.41335s valid=1
[1100/1120] CLASSIC | RC207 | Run 7 -> veh=3 dist=1084.81 cpu=9.42365s valid=1
[1101/1120] CLASSIC | RC207 | Run 2 -> veh=3 dist=1085.2 cpu=8.78402s valid=1
[1102/1120] QLEARNING | RC208 | Run 1 -> veh=3 dist=831.477 cpu=9.0592s valid=1
[1103/1120] CLASSIC | RC208 | Run 2 -> veh=3 dist=829.695 cpu=9.87093s valid=1
[1104/1120] CLASSIC | RC207 | Run 5 -> veh=3 dist=1092.56 cpu=8.91421s valid=1
[1105/1120] QLEARNING | RC208 | Run 5 -> veh=3 dist=828.709 cpu=9.01157s valid=1
[1106/1120] QLEARNING | RC208 | Run 3 -> veh=3 dist=846.639 cpu=8.44496s valid=1
[1107/1120] QLEARNING | RC208 | Run 8 -> veh=3 dist=841.992 cpu=8.22541s valid=1
[1108/1120] CLASSIC | RC208 | Run 10 -> veh=3 dist=846.199 cpu=10.1929s valid=1
[1109/1120] QLEARNING | RC208 | Run 10 -> veh=3 dist=845.584 cpu=8.21309s valid=1
[1110/1120] QLEARNING | RC208 | Run 7 -> veh=3 dist=853.138 cpu=7.88995s valid=1
[1111/1120] CLASSIC | RC208 | Run 8 -> veh=3 dist=852.247 cpu=9.84934s valid=1
[1112/1120] CLASSIC | RC208 | Run 6 -> veh=3 dist=858.745 cpu=10.5537s valid=1
[1113/1120] CLASSIC | RC208 | Run 3 -> veh=3 dist=865.119 cpu=10.0781s valid=1
[1114/1120] CLASSIC | RC208 | Run 1 -> veh=3 dist=856.747 cpu=9.08212s valid=1
[1115/1120] QLEARNING | RC208 | Run 4 -> veh=3 dist=845.584 cpu=7.65995s valid=1
[1116/1120] CLASSIC | RC208 | Run 4 -> veh=3 dist=854.834 cpu=9.52757s valid=1
[1117/1120] QLEARNING | RC208 | Run 9 -> veh=3 dist=844.096 cpu=7.97026s valid=1
[1118/1120] CLASSIC | RC208 | Run 9 -> veh=3 dist=849.731 cpu=9.1563s valid=1
[1119/1120] CLASSIC | RC208 | Run 7 -> veh=3 dist=847.942 cpu=8.98128s valid=1
[1120/1120] CLASSIC | RC208 | Run 5 -> veh=3 dist=841.758 cpu=8.67503s valid=1

=== Terminado en 0h 3m 47.32s | nuevas: 1120 | errores: 0 ===
-> Resultados en: /home/jose.osnayo/PFC_VRPTW/Experiments/results/solomon/master_solomon.csv
-> Siguiente paso: python analyze_results_solomon.py
Campaña para size=100 finalizada.
