============================================================
Job ID:           54148
Nodo asignado:    n004
Workers asignados: 32
============================================================
=== Campana PARALELA | size=200 | hilos: 32 | params: (por defecto) ===
=== Instancias: 60 | corridas objetivo: 1200 | ya hechas: 0 | pendientes: 1200 ===
=== Maestro: /home/jose.osnayo/PFC_VRPTW/Experiments/results/master_gh200.csv (SOBRESCRIBE, se guarda corrida a corrida) ===
[1/1200] CLASSIC C1_2_1 run1 -> veh=20 dist=2704.57 cpu=8.91596s valid=1
[2/1200] CLASSIC C1_2_1 run4 -> veh=20 dist=2704.57 cpu=8.91838s valid=1
[3/1200] CLASSIC C1_2_1 run2 -> veh=20 dist=2704.57 cpu=8.95451s valid=1
[4/1200] CLASSIC C1_2_1 run8 -> veh=20 dist=2704.57 cpu=8.97961s valid=1
[5/1200] CLASSIC C1_2_1 run6 -> veh=20 dist=2704.57 cpu=8.99509s valid=1
[6/1200] CLASSIC C1_2_1 run10 -> veh=20 dist=2704.57 cpu=8.98336s valid=1
[7/1200] CLASSIC C1_2_1 run9 -> veh=20 dist=2704.57 cpu=9.0696s valid=1
[8/1200] CLASSIC C1_2_1 run5 -> veh=20 dist=2704.57 cpu=9.09206s valid=1
[9/1200] CLASSIC C1_2_1 run7 -> veh=20 dist=2704.57 cpu=9.14787s valid=1
[10/1200] CLASSIC C1_2_1 run3 -> veh=20 dist=2704.57 cpu=9.19209s valid=1
[11/1200] QLEARNING C1_2_1 run7 -> veh=20 dist=2704.57 cpu=9.27649s valid=1
[12/1200] QLEARNING C1_2_1 run4 -> veh=20 dist=2704.57 cpu=9.32792s valid=1
[13/1200] QLEARNING C1_2_1 run8 -> veh=20 dist=2704.57 cpu=9.38113s valid=1
[14/1200] QLEARNING C1_2_1 run3 -> veh=20 dist=2704.57 cpu=9.34956s valid=1
[15/1200] QLEARNING C1_2_1 run6 -> veh=20 dist=2704.57 cpu=9.47416s valid=1
[16/1200] QLEARNING C1_2_1 run9 -> veh=20 dist=2704.57 cpu=9.54198s valid=1
[17/1200] QLEARNING C1_2_1 run1 -> veh=20 dist=2704.57 cpu=9.55827s valid=1
[18/1200] QLEARNING C1_2_1 run2 -> veh=20 dist=2704.57 cpu=9.55995s valid=1
[19/1200] QLEARNING C1_2_1 run10 -> veh=20 dist=2704.57 cpu=9.58668s valid=1
[20/1200] QLEARNING C1_2_1 run5 -> veh=20 dist=2704.57 cpu=9.62037s valid=1
[21/1200] CLASSIC C1_2_2 run6 -> veh=18 dist=3067.28 cpu=11.212s valid=1
[22/1200] CLASSIC C1_2_2 run8 -> veh=18 dist=3148 cpu=11.4087s valid=1
[23/1200] CLASSIC C1_2_2 run10 -> veh=18 dist=3056.7 cpu=11.5583s valid=1
[24/1200] CLASSIC C1_2_2 run1 -> veh=18 dist=3163.44 cpu=11.596s valid=1
[25/1200] CLASSIC C1_2_2 run3 -> veh=18 dist=3138.53 cpu=11.6113s valid=1
[26/1200] CLASSIC C1_2_2 run9 -> veh=19 dist=2834.37 cpu=11.9978s valid=1
[27/1200] CLASSIC C1_2_2 run4 -> veh=19 dist=2824.36 cpu=12.0015s valid=1
[28/1200] CLASSIC C1_2_2 run7 -> veh=19 dist=2799.7 cpu=12.0169s valid=1
[29/1200] CLASSIC C1_2_2 run5 -> veh=19 dist=2810.88 cpu=12.0997s valid=1
[30/1200] CLASSIC C1_2_2 run2 -> veh=19 dist=2825.48 cpu=12.1163s valid=1
[31/1200] QLEARNING C1_2_2 run2 -> veh=18 dist=2977.72 cpu=13.0465s valid=1
[32/1200] QLEARNING C1_2_2 run1 -> veh=19 dist=2782.54 cpu=13.2926s valid=1
[33/1200] QLEARNING C1_2_2 run3 -> veh=19 dist=2798.42 cpu=13.0445s valid=1
[34/1200] QLEARNING C1_2_2 run5 -> veh=19 dist=2781.11 cpu=13.1922s valid=1
[35/1200] QLEARNING C1_2_2 run4 -> veh=18 dist=3021.48 cpu=13.2323s valid=1
[36/1200] QLEARNING C1_2_2 run9 -> veh=18 dist=2966.32 cpu=13.2068s valid=1
[37/1200] QLEARNING C1_2_2 run6 -> veh=19 dist=2794.11 cpu=13.3246s valid=1
[38/1200] QLEARNING C1_2_2 run8 -> veh=19 dist=2778.79 cpu=13.3834s valid=1
[39/1200] QLEARNING C1_2_2 run7 -> veh=18 dist=2980.55 cpu=13.4277s valid=1
[40/1200] QLEARNING C1_2_2 run10 -> veh=19 dist=2775.4 cpu=13.4169s valid=1
[41/1200] CLASSIC C1_2_3 run4 -> veh=18 dist=2789.04 cpu=13.4595s valid=1
[42/1200] CLASSIC C1_2_3 run6 -> veh=18 dist=2837.63 cpu=13.5775s valid=1
[43/1200] CLASSIC C1_2_3 run2 -> veh=18 dist=2819.38 cpu=13.8127s valid=1
[44/1200] CLASSIC C1_2_3 run1 -> veh=18 dist=2863.07 cpu=13.8881s valid=1
[45/1200] CLASSIC C1_2_3 run3 -> veh=18 dist=2791.03 cpu=14.0232s valid=1
[46/1200] CLASSIC C1_2_3 run5 -> veh=18 dist=2793.96 cpu=13.9743s valid=1
[47/1200] CLASSIC C1_2_3 run9 -> veh=18 dist=2831.39 cpu=13.812s valid=1
[48/1200] CLASSIC C1_2_3 run8 -> veh=18 dist=2786.38 cpu=13.8759s valid=1
[49/1200] CLASSIC C1_2_3 run7 -> veh=18 dist=2787.8 cpu=13.9778s valid=1
[50/1200] CLASSIC C1_2_3 run10 -> veh=18 dist=2819.69 cpu=14.0255s valid=1
[51/1200] QLEARNING C1_2_3 run1 -> veh=18 dist=2763.96 cpu=15.5269s valid=1
[52/1200] QLEARNING C1_2_3 run2 -> veh=18 dist=2765.58 cpu=15.773s valid=1
[53/1200] QLEARNING C1_2_3 run5 -> veh=18 dist=2723.73 cpu=15.1381s valid=1
[54/1200] QLEARNING C1_2_3 run6 -> veh=18 dist=2748.9 cpu=15.1998s valid=1
[55/1200] QLEARNING C1_2_3 run3 -> veh=18 dist=2731.37 cpu=15.5837s valid=1
[56/1200] QLEARNING C1_2_3 run4 -> veh=18 dist=2750.82 cpu=15.5812s valid=1
[57/1200] QLEARNING C1_2_3 run7 -> veh=18 dist=2765.26 cpu=15.6277s valid=1
[58/1200] QLEARNING C1_2_3 run8 -> veh=18 dist=2762.12 cpu=15.4456s valid=1
[59/1200] QLEARNING C1_2_3 run10 -> veh=18 dist=2758.57 cpu=15.4711s valid=1
[60/1200] QLEARNING C1_2_3 run9 -> veh=18 dist=2744.97 cpu=15.91s valid=1
[61/1200] CLASSIC C1_2_4 run1 -> veh=18 dist=2775.47 cpu=16.6449s valid=1
[62/1200] CLASSIC C1_2_4 run2 -> veh=18 dist=2756.85 cpu=16.6625s valid=1
[63/1200] CLASSIC C1_2_4 run4 -> veh=18 dist=2790.89 cpu=16.7968s valid=1
[64/1200] CLASSIC C1_2_4 run3 -> veh=18 dist=2792.21 cpu=17.156s valid=1
[65/1200] CLASSIC C1_2_5 run1 -> veh=20 dist=2702.05 cpu=9.90623s valid=1
[66/1200] CLASSIC C1_2_5 run2 -> veh=20 dist=2702.05 cpu=9.9829s valid=1
[67/1200] CLASSIC C1_2_5 run3 -> veh=20 dist=2702.05 cpu=9.87263s valid=1
[68/1200] CLASSIC C1_2_5 run4 -> veh=20 dist=2702.05 cpu=9.88442s valid=1
[69/1200] CLASSIC C1_2_5 run6 -> veh=20 dist=2702.05 cpu=9.65464s valid=1
[70/1200] CLASSIC C1_2_5 run5 -> veh=20 dist=2702.05 cpu=9.94826s valid=1
[71/1200] CLASSIC C1_2_5 run7 -> veh=20 dist=2702.05 cpu=9.86433s valid=1
[72/1200] CLASSIC C1_2_5 run8 -> veh=20 dist=2702.05 cpu=9.87314s valid=1
[73/1200] CLASSIC C1_2_5 run9 -> veh=20 dist=2702.05 cpu=9.88974s valid=1
[74/1200] CLASSIC C1_2_5 run10 -> veh=20 dist=2702.05 cpu=9.88332s valid=1
[75/1200] QLEARNING C1_2_5 run1 -> veh=20 dist=2702.05 cpu=10.2372s valid=1
[76/1200] CLASSIC C1_2_4 run5 -> veh=18 dist=2706.13 cpu=16.2699s valid=1
[77/1200] QLEARNING C1_2_5 run2 -> veh=20 dist=2702.05 cpu=10.2995s valid=1
[78/1200] CLASSIC C1_2_4 run6 -> veh=18 dist=2810.01 cpu=16.199s valid=1
[79/1200] CLASSIC C1_2_4 run7 -> veh=18 dist=2658.46 cpu=16.4214s valid=1
[80/1200] QLEARNING C1_2_4 run1 -> veh=18 dist=2665.63 cpu=16.2397s valid=1
[81/1200] CLASSIC C1_2_4 run9 -> veh=18 dist=2783.53 cpu=16.3543s valid=1
[82/1200] CLASSIC C1_2_4 run10 -> veh=18 dist=2656.65 cpu=16.5139s valid=1
[83/1200] QLEARNING C1_2_5 run3 -> veh=20 dist=2702.05 cpu=10.2023s valid=1
[84/1200] QLEARNING C1_2_5 run4 -> veh=20 dist=2702.05 cpu=10.3267s valid=1
[85/1200] CLASSIC C1_2_4 run8 -> veh=18 dist=2651.41 cpu=16.9804s valid=1
[86/1200] QLEARNING C1_2_4 run2 -> veh=18 dist=2674.54 cpu=17.0069s valid=1
[87/1200] QLEARNING C1_2_4 run4 -> veh=18 dist=2681.89 cpu=16.7805s valid=1
[88/1200] QLEARNING C1_2_4 run3 -> veh=18 dist=2684.12 cpu=17.0033s valid=1
[89/1200] QLEARNING C1_2_4 run6 -> veh=18 dist=2685.37 cpu=17.1927s valid=1
[90/1200] QLEARNING C1_2_4 run7 -> veh=18 dist=2673.35 cpu=17.0977s valid=1
[91/1200] QLEARNING C1_2_5 run5 -> veh=20 dist=2702.05 cpu=10.2893s valid=1
[92/1200] QLEARNING C1_2_4 run8 -> veh=18 dist=2667.29 cpu=17.1613s valid=1
[93/1200] QLEARNING C1_2_4 run5 -> veh=18 dist=2678.26 cpu=17.5466s valid=1
[94/1200] QLEARNING C1_2_5 run6 -> veh=20 dist=2702.05 cpu=10.3206s valid=1
[95/1200] QLEARNING C1_2_4 run10 -> veh=18 dist=2689.01 cpu=17.1412s valid=1
[96/1200] QLEARNING C1_2_4 run9 -> veh=18 dist=2662.93 cpu=17.2357s valid=1
[97/1200] QLEARNING C1_2_5 run7 -> veh=20 dist=2702.05 cpu=10.3004s valid=1
[98/1200] QLEARNING C1_2_5 run8 -> veh=20 dist=2702.05 cpu=10.1805s valid=1
[99/1200] QLEARNING C1_2_5 run9 -> veh=20 dist=2702.05 cpu=10.1621s valid=1
[100/1200] QLEARNING C1_2_5 run10 -> veh=20 dist=2702.05 cpu=10.3539s valid=1
[101/1200] CLASSIC C1_2_6 run1 -> veh=20 dist=2701.04 cpu=10.4954s valid=1
[102/1200] CLASSIC C1_2_6 run3 -> veh=20 dist=2701.04 cpu=10.7473s valid=1
[103/1200] CLASSIC C1_2_6 run2 -> veh=20 dist=2701.04 cpu=10.7592s valid=1
[104/1200] CLASSIC C1_2_6 run4 -> veh=20 dist=2701.04 cpu=10.7804s valid=1
[105/1200] CLASSIC C1_2_6 run5 -> veh=20 dist=2701.04 cpu=10.7984s valid=1
[106/1200] CLASSIC C1_2_6 run6 -> veh=20 dist=2701.04 cpu=10.7484s valid=1
[107/1200] CLASSIC C1_2_6 run7 -> veh=20 dist=2701.04 cpu=10.703s valid=1
[108/1200] CLASSIC C1_2_6 run9 -> veh=20 dist=2701.04 cpu=10.4506s valid=1
[109/1200] CLASSIC C1_2_6 run8 -> veh=20 dist=2701.04 cpu=10.7479s valid=1
[110/1200] CLASSIC C1_2_6 run10 -> veh=20 dist=2701.04 cpu=10.5468s valid=1
[111/1200] QLEARNING C1_2_6 run1 -> veh=20 dist=2701.04 cpu=11.024s valid=1
[112/1200] QLEARNING C1_2_6 run3 -> veh=20 dist=2701.04 cpu=11.0925s valid=1
[113/1200] QLEARNING C1_2_6 run4 -> veh=20 dist=2701.04 cpu=10.9999s valid=1
[114/1200] QLEARNING C1_2_6 run5 -> veh=20 dist=2701.04 cpu=11.1861s valid=1
[115/1200] QLEARNING C1_2_6 run2 -> veh=20 dist=2701.04 cpu=11.4833s valid=1
[116/1200] QLEARNING C1_2_6 run6 -> veh=20 dist=2701.04 cpu=11.1131s valid=1
[117/1200] QLEARNING C1_2_6 run8 -> veh=20 dist=2701.04 cpu=11.1032s valid=1
[118/1200] QLEARNING C1_2_6 run7 -> veh=20 dist=2701.04 cpu=11.3236s valid=1
[119/1200] QLEARNING C1_2_6 run10 -> veh=20 dist=2701.04 cpu=11.0295s valid=1
[120/1200] CLASSIC C1_2_7 run4 -> veh=20 dist=2701.04 cpu=10.5697s valid=1
[121/1200] QLEARNING C1_2_6 run9 -> veh=20 dist=2701.04 cpu=11.3317s valid=1
[122/1200] CLASSIC C1_2_7 run1 -> veh=20 dist=2701.04 cpu=10.9775s valid=1
[123/1200] CLASSIC C1_2_7 run2 -> veh=20 dist=2701.04 cpu=11.0654s valid=1
[124/1200] CLASSIC C1_2_7 run3 -> veh=20 dist=2701.04 cpu=10.9949s valid=1
[125/1200] CLASSIC C1_2_7 run6 -> veh=20 dist=2701.04 cpu=11.0379s valid=1
[126/1200] CLASSIC C1_2_7 run5 -> veh=20 dist=2701.04 cpu=11.0988s valid=1
[127/1200] CLASSIC C1_2_7 run8 -> veh=20 dist=2701.04 cpu=11.0977s valid=1
[128/1200] CLASSIC C1_2_7 run7 -> veh=20 dist=2701.04 cpu=11.1205s valid=1
[129/1200] CLASSIC C1_2_7 run9 -> veh=20 dist=2701.04 cpu=10.8466s valid=1
[130/1200] CLASSIC C1_2_7 run10 -> veh=20 dist=2701.04 cpu=11.067s valid=1
[131/1200] QLEARNING C1_2_7 run1 -> veh=20 dist=2701.04 cpu=11.4048s valid=1
[132/1200] QLEARNING C1_2_7 run2 -> veh=20 dist=2701.04 cpu=11.3005s valid=1
[133/1200] QLEARNING C1_2_7 run3 -> veh=20 dist=2701.04 cpu=11.6247s valid=1
[134/1200] QLEARNING C1_2_7 run5 -> veh=20 dist=2701.04 cpu=11.5037s valid=1
[135/1200] QLEARNING C1_2_7 run4 -> veh=20 dist=2701.04 cpu=11.5152s valid=1
[136/1200] QLEARNING C1_2_7 run6 -> veh=20 dist=2701.04 cpu=11.4948s valid=1
[137/1200] QLEARNING C1_2_7 run7 -> veh=20 dist=2701.04 cpu=11.5435s valid=1
[138/1200] QLEARNING C1_2_7 run8 -> veh=20 dist=2701.04 cpu=11.467s valid=1
[139/1200] QLEARNING C1_2_7 run10 -> veh=20 dist=2701.04 cpu=11.0271s valid=1
[140/1200] QLEARNING C1_2_7 run9 -> veh=20 dist=2701.04 cpu=11.5884s valid=1
[141/1200] CLASSIC C1_2_8 run5 -> veh=19 dist=2818.45 cpu=11.5812s valid=1
[142/1200] CLASSIC C1_2_8 run3 -> veh=19 dist=2842.45 cpu=11.9623s valid=1
[143/1200] CLASSIC C1_2_8 run1 -> veh=19 dist=2877.47 cpu=12.8516s valid=1
[144/1200] CLASSIC C1_2_8 run2 -> veh=19 dist=2841.43 cpu=12.9212s valid=1
[145/1200] CLASSIC C1_2_8 run8 -> veh=19 dist=2883.5 cpu=11.8384s valid=1
[146/1200] CLASSIC C1_2_8 run6 -> veh=19 dist=2833.83 cpu=12.1186s valid=1
[147/1200] CLASSIC C1_2_8 run9 -> veh=19 dist=2828.23 cpu=11.8392s valid=1
[148/1200] CLASSIC C1_2_8 run4 -> veh=20 dist=2693.25 cpu=12.7727s valid=1
[149/1200] CLASSIC C1_2_8 run7 -> veh=20 dist=2693.77 cpu=12.696s valid=1
[150/1200] QLEARNING C1_2_8 run2 -> veh=19 dist=2806.92 cpu=12.3733s valid=1
[151/1200] QLEARNING C1_2_8 run1 -> veh=19 dist=2846.14 cpu=12.4695s valid=1
[152/1200] CLASSIC C1_2_8 run10 -> veh=20 dist=2695.44 cpu=13.0163s valid=1
[153/1200] QLEARNING C1_2_8 run6 -> veh=19 dist=2811.4 cpu=12.4385s valid=1
[154/1200] QLEARNING C1_2_8 run3 -> veh=19 dist=2795.81 cpu=12.9981s valid=1
[155/1200] QLEARNING C1_2_8 run10 -> veh=19 dist=2835.24 cpu=12.4826s valid=1
[156/1200] QLEARNING C1_2_8 run4 -> veh=20 dist=2690.5 cpu=13.2725s valid=1
[157/1200] QLEARNING C1_2_8 run5 -> veh=19 dist=2860.34 cpu=13.3549s valid=1
[158/1200] QLEARNING C1_2_8 run9 -> veh=19 dist=2812.78 cpu=13.2937s valid=1
[159/1200] QLEARNING C1_2_8 run8 -> veh=20 dist=2690.91 cpu=13.5368s valid=1
[160/1200] QLEARNING C1_2_8 run7 -> veh=20 dist=2690.77 cpu=13.9369s valid=1
[161/1200] CLASSIC C1_2_9 run2 -> veh=18 dist=2826.68 cpu=11.3876s valid=1
[162/1200] CLASSIC C1_2_9 run4 -> veh=18 dist=2882.27 cpu=9.48483s valid=1
[163/1200] CLASSIC C1_2_9 run1 -> veh=19 dist=2697.81 cpu=13.8977s valid=1
[164/1200] CLASSIC C1_2_9 run3 -> veh=19 dist=2732.35 cpu=13.9272s valid=1
[165/1200] CLASSIC C1_2_9 run6 -> veh=19 dist=2681.89 cpu=13.813s valid=1
[166/1200] CLASSIC C1_2_9 run5 -> veh=19 dist=2673.17 cpu=13.9827s valid=1
[167/1200] CLASSIC C1_2_9 run7 -> veh=19 dist=2712.86 cpu=13.9506s valid=1
[168/1200] CLASSIC C1_2_9 run8 -> veh=19 dist=2701.06 cpu=13.8015s valid=1
[169/1200] CLASSIC C1_2_9 run9 -> veh=19 dist=2709.71 cpu=13.9141s valid=1
[170/1200] CLASSIC C1_2_9 run10 -> veh=19 dist=2722.51 cpu=13.8852s valid=1
[171/1200] QLEARNING C1_2_9 run1 -> veh=19 dist=2661.97 cpu=14.3764s valid=1
[172/1200] CLASSIC C1_2_10 run1 -> veh=18 dist=2896.59 cpu=12.0139s valid=1
[173/1200] QLEARNING C1_2_9 run2 -> veh=19 dist=2651.33 cpu=15.181s valid=1
[174/1200] QLEARNING C1_2_9 run6 -> veh=18 dist=2798.03 cpu=13.5631s valid=1
[175/1200] QLEARNING C1_2_9 run10 -> veh=18 dist=2815.66 cpu=13.3122s valid=1
[176/1200] QLEARNING C1_2_9 run3 -> veh=19 dist=2654.18 cpu=14.6133s valid=1
[177/1200] QLEARNING C1_2_9 run4 -> veh=19 dist=2648.92 cpu=14.6472s valid=1
[178/1200] QLEARNING C1_2_9 run9 -> veh=18 dist=2864.36 cpu=14.044s valid=1
[179/1200] QLEARNING C1_2_9 run5 -> veh=19 dist=2648.66 cpu=14.7329s valid=1
[180/1200] CLASSIC C1_2_10 run4 -> veh=18 dist=2668.03 cpu=12.9721s valid=1
[181/1200] QLEARNING C1_2_9 run7 -> veh=19 dist=2649.66 cpu=14.9752s valid=1
[182/1200] CLASSIC C1_2_10 run2 -> veh=18 dist=2802.21 cpu=13.6623s valid=1
[183/1200] QLEARNING C1_2_9 run8 -> veh=19 dist=2660.65 cpu=14.8742s valid=1
[184/1200] CLASSIC C1_2_10 run7 -> veh=18 dist=2729.55 cpu=12.8887s valid=1
[185/1200] CLASSIC C1_2_10 run9 -> veh=18 dist=2747.82 cpu=12.7358s valid=1
[186/1200] CLASSIC C1_2_10 run8 -> veh=18 dist=2976.04 cpu=13.3126s valid=1
[187/1200] CLASSIC C1_2_10 run3 -> veh=18 dist=2720.8 cpu=14.4893s valid=1
[188/1200] CLASSIC C1_2_10 run6 -> veh=18 dist=2710.79 cpu=13.9919s valid=1
[189/1200] CLASSIC C1_2_10 run5 -> veh=18 dist=2699.06 cpu=14.3496s valid=1
[190/1200] CLASSIC C1_2_10 run10 -> veh=18 dist=2758.78 cpu=13.9552s valid=1
[191/1200] QLEARNING C1_2_10 run1 -> veh=18 dist=2713.23 cpu=14.5488s valid=1
[192/1200] QLEARNING C1_2_10 run2 -> veh=18 dist=2717.52 cpu=15.0112s valid=1
[193/1200] QLEARNING C1_2_10 run4 -> veh=18 dist=2742.55 cpu=14.6101s valid=1
[194/1200] QLEARNING C1_2_10 run3 -> veh=18 dist=2703.55 cpu=15.6762s valid=1
[195/1200] QLEARNING C1_2_10 run5 -> veh=18 dist=2682 cpu=14.4551s valid=1
[196/1200] QLEARNING C1_2_10 run6 -> veh=18 dist=2681.72 cpu=15.8262s valid=1
[197/1200] QLEARNING C1_2_10 run8 -> veh=18 dist=2688.46 cpu=14.673s valid=1
[198/1200] QLEARNING C1_2_10 run10 -> veh=18 dist=2728.77 cpu=14.5753s valid=1
[199/1200] QLEARNING C1_2_10 run9 -> veh=18 dist=2721.22 cpu=14.5839s valid=1
[200/1200] QLEARNING C1_2_10 run7 -> veh=18 dist=2697.66 cpu=15.2219s valid=1
[201/1200] CLASSIC C2_2_1 run1 -> veh=6 dist=1931.44 cpu=14.8902s valid=1
[202/1200] CLASSIC C2_2_1 run2 -> veh=6 dist=1931.44 cpu=15.1494s valid=1
[203/1200] CLASSIC C2_2_1 run3 -> veh=6 dist=1931.44 cpu=14.6634s valid=1
[204/1200] CLASSIC C2_2_1 run4 -> veh=6 dist=1931.44 cpu=14.7047s valid=1
[205/1200] CLASSIC C2_2_1 run5 -> veh=6 dist=1931.44 cpu=14.8351s valid=1
[206/1200] QLEARNING C2_2_1 run2 -> veh=6 dist=1931.44 cpu=13.8382s valid=1
[207/1200] CLASSIC C2_2_1 run7 -> veh=6 dist=1931.44 cpu=14.6662s valid=1
[208/1200] CLASSIC C2_2_1 run6 -> veh=6 dist=1931.44 cpu=15.0825s valid=1
[209/1200] CLASSIC C2_2_1 run8 -> veh=6 dist=1931.44 cpu=14.5351s valid=1
[210/1200] QLEARNING C2_2_1 run1 -> veh=6 dist=1931.44 cpu=14.2611s valid=1
[211/1200] CLASSIC C2_2_1 run9 -> veh=6 dist=1931.44 cpu=14.591s valid=1
[212/1200] CLASSIC C2_2_1 run10 -> veh=6 dist=1931.44 cpu=14.4621s valid=1
[213/1200] QLEARNING C2_2_1 run4 -> veh=6 dist=1931.44 cpu=14.1533s valid=1
[214/1200] QLEARNING C2_2_1 run5 -> veh=6 dist=1931.44 cpu=14.1848s valid=1
[215/1200] QLEARNING C2_2_1 run6 -> veh=6 dist=1931.44 cpu=14.3112s valid=1
[216/1200] QLEARNING C2_2_1 run3 -> veh=6 dist=1931.44 cpu=14.6335s valid=1
[217/1200] QLEARNING C2_2_1 run8 -> veh=6 dist=1931.44 cpu=13.9482s valid=1
[218/1200] QLEARNING C2_2_1 run7 -> veh=6 dist=1931.44 cpu=14.2891s valid=1
[219/1200] QLEARNING C2_2_1 run10 -> veh=6 dist=1931.44 cpu=14.0481s valid=1
[220/1200] QLEARNING C2_2_1 run9 -> veh=6 dist=1931.44 cpu=14.4446s valid=1
[221/1200] CLASSIC C2_2_2 run1 -> veh=6 dist=1877.43 cpu=25.7296s valid=1
[222/1200] CLASSIC C2_2_2 run2 -> veh=6 dist=1880.21 cpu=25.8068s valid=1
[223/1200] CLASSIC C2_2_2 run3 -> veh=6 dist=1868.63 cpu=25.5203s valid=1
[224/1200] CLASSIC C2_2_2 run4 -> veh=6 dist=1867.09 cpu=25.829s valid=1
[225/1200] CLASSIC C2_2_2 run5 -> veh=6 dist=1888.45 cpu=25.4286s valid=1
[226/1200] CLASSIC C2_2_2 run6 -> veh=6 dist=1879.55 cpu=25.612s valid=1
[227/1200] CLASSIC C2_2_2 run7 -> veh=6 dist=1884.9 cpu=25.5853s valid=1
[228/1200] QLEARNING C2_2_2 run2 -> veh=6 dist=1863.89 cpu=23.9655s valid=1
[229/1200] QLEARNING C2_2_2 run1 -> veh=6 dist=1863.96 cpu=24.45s valid=1
[230/1200] CLASSIC C2_2_2 run8 -> veh=6 dist=1880.72 cpu=25.6075s valid=1
[231/1200] QLEARNING C2_2_2 run5 -> veh=6 dist=1863.96 cpu=23.6471s valid=1
[232/1200] QLEARNING C2_2_2 run3 -> veh=6 dist=1865.51 cpu=24.1586s valid=1
[233/1200] QLEARNING C2_2_2 run4 -> veh=6 dist=1867.09 cpu=24.2164s valid=1
[234/1200] CLASSIC C2_2_2 run9 -> veh=6 dist=1881.04 cpu=25.7s valid=1
[235/1200] QLEARNING C2_2_2 run6 -> veh=6 dist=1863.96 cpu=23.7228s valid=1
[236/1200] CLASSIC C2_2_2 run10 -> veh=6 dist=1863.89 cpu=25.6032s valid=1
[237/1200] QLEARNING C2_2_2 run9 -> veh=6 dist=1863.96 cpu=23.5468s valid=1
[238/1200] QLEARNING C2_2_2 run7 -> veh=6 dist=1863.16 cpu=24.4855s valid=1
[239/1200] QLEARNING C2_2_2 run8 -> veh=6 dist=1863.96 cpu=24.2708s valid=1
[240/1200] QLEARNING C2_2_2 run10 -> veh=6 dist=1863.96 cpu=24.274s valid=1
[241/1200] CLASSIC C2_2_3 run1 -> veh=6 dist=1872.04 cpu=31.5321s valid=1
[242/1200] CLASSIC C2_2_3 run3 -> veh=6 dist=1840.88 cpu=31.5095s valid=1
[243/1200] QLEARNING C2_2_3 run1 -> veh=6 dist=1828.36 cpu=30.1416s valid=1
[244/1200] CLASSIC C2_2_3 run4 -> veh=6 dist=1807.33 cpu=31.3984s valid=1
[245/1200] QLEARNING C2_2_3 run2 -> veh=6 dist=1839.03 cpu=30.0738s valid=1
[246/1200] CLASSIC C2_2_3 run6 -> veh=6 dist=1842.2 cpu=31.7953s valid=1
[247/1200] CLASSIC C2_2_3 run2 -> veh=6 dist=1853.31 cpu=32.3228s valid=1
[248/1200] CLASSIC C2_2_3 run9 -> veh=6 dist=1828 cpu=31.5926s valid=1
[249/1200] CLASSIC C2_2_3 run5 -> veh=6 dist=1872.37 cpu=32.0963s valid=1
[250/1200] CLASSIC C2_2_3 run7 -> veh=6 dist=1805.08 cpu=32.0066s valid=1
[251/1200] CLASSIC C2_2_3 run8 -> veh=6 dist=1836.21 cpu=31.8987s valid=1
[252/1200] CLASSIC C2_2_3 run10 -> veh=6 dist=1846.8 cpu=32.5537s valid=1
[253/1200] QLEARNING C2_2_3 run3 -> veh=6 dist=1827.77 cpu=29.7224s valid=1
[254/1200] QLEARNING C2_2_3 run4 -> veh=6 dist=1831.6 cpu=30.3017s valid=1
[255/1200] QLEARNING C2_2_3 run5 -> veh=6 dist=1847.6 cpu=30.2773s valid=1
[256/1200] QLEARNING C2_2_3 run6 -> veh=6 dist=1832.07 cpu=30.0847s valid=1
[257/1200] QLEARNING C2_2_3 run7 -> veh=6 dist=1820.37 cpu=30.3622s valid=1
[258/1200] QLEARNING C2_2_3 run8 -> veh=6 dist=1837.49 cpu=29.9515s valid=1
[259/1200] QLEARNING C2_2_3 run9 -> veh=6 dist=1833.7 cpu=29.801s valid=1
[260/1200] CLASSIC C2_2_5 run1 -> veh=6 dist=1879.31 cpu=17.4215s valid=1
[261/1200] CLASSIC C2_2_5 run3 -> veh=6 dist=1881.89 cpu=17.2601s valid=1
[262/1200] CLASSIC C2_2_5 run2 -> veh=6 dist=1879.62 cpu=17.641s valid=1
[263/1200] CLASSIC C2_2_5 run4 -> veh=6 dist=1879.31 cpu=17.3409s valid=1
[264/1200] QLEARNING C2_2_3 run10 -> veh=6 dist=1829.14 cpu=29.954s valid=1
[265/1200] QLEARNING C2_2_4 run1 -> veh=6 dist=1767.47 cpu=33.5391s valid=1
[266/1200] QLEARNING C2_2_4 run2 -> veh=6 dist=1800.63 cpu=34.1272s valid=1
[267/1200] CLASSIC C2_2_4 run3 -> veh=6 dist=1812.63 cpu=37.1722s valid=1
[268/1200] CLASSIC C2_2_4 run5 -> veh=6 dist=1781.53 cpu=37.6445s valid=1
[269/1200] CLASSIC C2_2_4 run1 -> veh=6 dist=1794.95 cpu=38.5494s valid=1
[270/1200] CLASSIC C2_2_4 run4 -> veh=6 dist=1763.75 cpu=38.2153s valid=1
[271/1200] CLASSIC C2_2_4 run9 -> veh=6 dist=1785.79 cpu=37.0869s valid=1
[272/1200] CLASSIC C2_2_4 run2 -> veh=6 dist=1868.67 cpu=38.853s valid=1
[273/1200] CLASSIC C2_2_5 run5 -> veh=6 dist=1879.31 cpu=17.6674s valid=1
[274/1200] CLASSIC C2_2_4 run8 -> veh=6 dist=1773.51 cpu=38.5016s valid=1
[275/1200] CLASSIC C2_2_4 run7 -> veh=6 dist=1823.09 cpu=38.678s valid=1
[276/1200] CLASSIC C2_2_4 run6 -> veh=6 dist=1801.42 cpu=38.8125s valid=1
[277/1200] CLASSIC C2_2_5 run7 -> veh=6 dist=1879.31 cpu=17.3703s valid=1
[278/1200] CLASSIC C2_2_5 run6 -> veh=6 dist=1879.31 cpu=17.7783s valid=1
[279/1200] CLASSIC C2_2_4 run10 -> veh=6 dist=1845.64 cpu=38.9615s valid=1
[280/1200] QLEARNING C2_2_4 run6 -> veh=6 dist=1768.15 cpu=31.7128s valid=1
[281/1200] CLASSIC C2_2_5 run8 -> veh=6 dist=1883.51 cpu=17.595s valid=1
[282/1200] QLEARNING C2_2_4 run3 -> veh=6 dist=1768.67 cpu=32.0901s valid=1
[283/1200] CLASSIC C2_2_5 run9 -> veh=6 dist=1879.31 cpu=17.4885s valid=1
[284/1200] QLEARNING C2_2_4 run7 -> veh=6 dist=1789.35 cpu=32.2175s valid=1
[285/1200] CLASSIC C2_2_5 run10 -> veh=6 dist=1879.96 cpu=17.3024s valid=1
[286/1200] QLEARNING C2_2_5 run1 -> veh=6 dist=1879.31 cpu=16.5999s valid=1
[287/1200] QLEARNING C2_2_4 run5 -> veh=6 dist=1785.1 cpu=33.0424s valid=1
[288/1200] QLEARNING C2_2_4 run4 -> veh=6 dist=1739.11 cpu=33.4783s valid=1
[289/1200] QLEARNING C2_2_4 run9 -> veh=6 dist=1778.7 cpu=33.4063s valid=1
[290/1200] QLEARNING C2_2_4 run10 -> veh=6 dist=1770.5 cpu=33.3639s valid=1
[291/1200] QLEARNING C2_2_5 run3 -> veh=6 dist=1879.96 cpu=15.9002s valid=1
[292/1200] QLEARNING C2_2_4 run8 -> veh=6 dist=1765.55 cpu=33.9186s valid=1
[293/1200] QLEARNING C2_2_5 run2 -> veh=6 dist=1879.31 cpu=16.8744s valid=1
[294/1200] QLEARNING C2_2_5 run4 -> veh=6 dist=1879.31 cpu=16.8397s valid=1
[295/1200] QLEARNING C2_2_5 run5 -> veh=6 dist=1879.31 cpu=16.2447s valid=1
[296/1200] QLEARNING C2_2_5 run6 -> veh=6 dist=1883.51 cpu=16.4119s valid=1
[297/1200] QLEARNING C2_2_5 run7 -> veh=6 dist=1879.31 cpu=17.1194s valid=1
[298/1200] QLEARNING C2_2_5 run9 -> veh=6 dist=1879.31 cpu=16.2527s valid=1
[299/1200] QLEARNING C2_2_5 run8 -> veh=6 dist=1879.31 cpu=17.1947s valid=1
[300/1200] QLEARNING C2_2_5 run10 -> veh=6 dist=1879.31 cpu=16.5744s valid=1
[301/1200] CLASSIC C2_2_6 run3 -> veh=6 dist=1857.41 cpu=21.4229s valid=1
[302/1200] CLASSIC C2_2_6 run1 -> veh=6 dist=1860.38 cpu=21.9962s valid=1
[303/1200] QLEARNING C2_2_6 run1 -> veh=6 dist=1858.59 cpu=19.2841s valid=1
[304/1200] QLEARNING C2_2_6 run2 -> veh=6 dist=1858.72 cpu=18.9202s valid=1
[305/1200] CLASSIC C2_2_6 run2 -> veh=6 dist=1865.75 cpu=22.2124s valid=1
[306/1200] QLEARNING C2_2_6 run4 -> veh=6 dist=1857.84 cpu=18.8547s valid=1
[307/1200] CLASSIC C2_2_6 run4 -> veh=6 dist=1858.46 cpu=22.0366s valid=1
[308/1200] QLEARNING C2_2_6 run3 -> veh=6 dist=1857.35 cpu=19.24s valid=1
[309/1200] CLASSIC C2_2_6 run5 -> veh=6 dist=1857.35 cpu=21.9803s valid=1
[310/1200] QLEARNING C2_2_6 run6 -> veh=6 dist=1859.91 cpu=18.7624s valid=1
[311/1200] CLASSIC C2_2_6 run7 -> veh=6 dist=1860.66 cpu=21.6936s valid=1
[312/1200] QLEARNING C2_2_6 run7 -> veh=6 dist=1857.83 cpu=18.9744s valid=1
[313/1200] QLEARNING C2_2_6 run5 -> veh=6 dist=1857.35 cpu=19.408s valid=1
[314/1200] CLASSIC C2_2_6 run8 -> veh=6 dist=1857.93 cpu=21.9767s valid=1
[315/1200] CLASSIC C2_2_6 run6 -> veh=6 dist=1857.35 cpu=22.4851s valid=1
[316/1200] QLEARNING C2_2_6 run8 -> veh=6 dist=1858.64 cpu=19.3151s valid=1
[317/1200] CLASSIC C2_2_6 run9 -> veh=6 dist=1858.55 cpu=21.5946s valid=1
[318/1200] QLEARNING C2_2_6 run9 -> veh=6 dist=1857.35 cpu=19.4192s valid=1
[319/1200] CLASSIC C2_2_6 run10 -> veh=6 dist=1858.85 cpu=21.8372s valid=1
[320/1200] QLEARNING C2_2_6 run10 -> veh=6 dist=1857.83 cpu=19.223s valid=1
[321/1200] CLASSIC C2_2_7 run5 -> veh=6 dist=1851.66 cpu=22.1426s valid=1
[322/1200] CLASSIC C2_2_7 run3 -> veh=6 dist=1853.2 cpu=23.1017s valid=1
[323/1200] CLASSIC C2_2_7 run1 -> veh=6 dist=1849.47 cpu=23.3057s valid=1
[324/1200] CLASSIC C2_2_7 run2 -> veh=6 dist=1852.83 cpu=23.2895s valid=1
[325/1200] CLASSIC C2_2_7 run4 -> veh=6 dist=1852.05 cpu=23.1908s valid=1
[326/1200] CLASSIC C2_2_7 run6 -> veh=6 dist=1856.3 cpu=23.1443s valid=1
[327/1200] CLASSIC C2_2_7 run8 -> veh=6 dist=1861.74 cpu=22.7643s valid=1
[328/1200] CLASSIC C2_2_7 run7 -> veh=6 dist=1852.44 cpu=23.6899s valid=1
[329/1200] QLEARNING C2_2_7 run1 -> veh=6 dist=1850.71 cpu=21.2793s valid=1
[330/1200] QLEARNING C2_2_7 run2 -> veh=6 dist=1850.89 cpu=20.6985s valid=1
[331/1200] CLASSIC C2_2_7 run10 -> veh=6 dist=1853.18 cpu=22.7863s valid=1
[332/1200] CLASSIC C2_2_7 run9 -> veh=6 dist=1854.6 cpu=23.0995s valid=1
[333/1200] QLEARNING C2_2_7 run6 -> veh=6 dist=1853.55 cpu=20.7076s valid=1
[334/1200] QLEARNING C2_2_7 run3 -> veh=6 dist=1854.14 cpu=21.122s valid=1
[335/1200] QLEARNING C2_2_7 run8 -> veh=6 dist=1851.42 cpu=20.9097s valid=1
[336/1200] QLEARNING C2_2_7 run5 -> veh=6 dist=1853.66 cpu=21.2388s valid=1
[337/1200] QLEARNING C2_2_7 run4 -> veh=6 dist=1851.27 cpu=21.5193s valid=1
[338/1200] QLEARNING C2_2_7 run7 -> veh=6 dist=1853.79 cpu=21.3427s valid=1
[339/1200] QLEARNING C2_2_7 run9 -> veh=6 dist=1852.4 cpu=21.313s valid=1
[340/1200] QLEARNING C2_2_7 run10 -> veh=6 dist=1853.44 cpu=21.2561s valid=1
[341/1200] QLEARNING C2_2_8 run1 -> veh=6 dist=1838.44 cpu=20.8335s valid=1
[342/1200] QLEARNING C2_2_8 run2 -> veh=6 dist=1833.98 cpu=20.9482s valid=1
[343/1200] CLASSIC C2_2_8 run2 -> veh=6 dist=1843.83 cpu=23.2057s valid=1
[344/1200] CLASSIC C2_2_8 run5 -> veh=6 dist=1843.62 cpu=23.1701s valid=1
[345/1200] CLASSIC C2_2_8 run1 -> veh=6 dist=1858.79 cpu=23.5382s valid=1
[346/1200] CLASSIC C2_2_8 run4 -> veh=6 dist=1844.96 cpu=23.6305s valid=1
[347/1200] CLASSIC C2_2_8 run3 -> veh=6 dist=1833.14 cpu=23.7118s valid=1
[348/1200] CLASSIC C2_2_8 run7 -> veh=6 dist=1856.15 cpu=23.4445s valid=1
[349/1200] CLASSIC C2_2_8 run9 -> veh=6 dist=1844.68 cpu=23.1211s valid=1
[350/1200] CLASSIC C2_2_8 run8 -> veh=6 dist=1841.57 cpu=23.478s valid=1
[351/1200] CLASSIC C2_2_8 run6 -> veh=6 dist=1846.92 cpu=23.6845s valid=1
[352/1200] CLASSIC C2_2_8 run10 -> veh=6 dist=1847.94 cpu=23.3623s valid=1
[353/1200] QLEARNING C2_2_8 run3 -> veh=6 dist=1832.15 cpu=20.5251s valid=1
[354/1200] QLEARNING C2_2_8 run4 -> veh=6 dist=1843.58 cpu=20.795s valid=1
[355/1200] QLEARNING C2_2_8 run6 -> veh=6 dist=1831.34 cpu=20.8432s valid=1
[356/1200] QLEARNING C2_2_8 run5 -> veh=6 dist=1836.68 cpu=20.9383s valid=1
[357/1200] QLEARNING C2_2_8 run7 -> veh=6 dist=1834.3 cpu=20.766s valid=1
[358/1200] QLEARNING C2_2_8 run8 -> veh=6 dist=1839.11 cpu=20.5856s valid=1
[359/1200] QLEARNING C2_2_8 run9 -> veh=6 dist=1835.29 cpu=20.8718s valid=1
[360/1200] QLEARNING C2_2_8 run10 -> veh=6 dist=1838.82 cpu=20.6905s valid=1
[361/1200] CLASSIC C2_2_9 run2 -> veh=6 dist=1856 cpu=26.5569s valid=1
[362/1200] CLASSIC C2_2_9 run1 -> veh=6 dist=1838.82 cpu=27.407s valid=1
[363/1200] CLASSIC C2_2_9 run3 -> veh=6 dist=1839.35 cpu=26.8312s valid=1
[364/1200] CLASSIC C2_2_9 run4 -> veh=6 dist=1840.28 cpu=26.8951s valid=1
[365/1200] QLEARNING C2_2_9 run1 -> veh=6 dist=1848.39 cpu=24.0704s valid=1
[366/1200] QLEARNING C2_2_9 run2 -> veh=6 dist=1836.03 cpu=24.3868s valid=1
[367/1200] QLEARNING C2_2_9 run3 -> veh=6 dist=1841.68 cpu=23.8403s valid=1
[368/1200] CLASSIC C2_2_9 run7 -> veh=6 dist=1846.79 cpu=26.4004s valid=1
[369/1200] QLEARNING C2_2_9 run6 -> veh=6 dist=1855.43 cpu=23.4938s valid=1
[370/1200] QLEARNING C2_2_9 run4 -> veh=6 dist=1839.73 cpu=24.5111s valid=1
[371/1200] CLASSIC C2_2_9 run5 -> veh=6 dist=1844.97 cpu=27.1984s valid=1
[372/1200] QLEARNING C2_2_9 run5 -> veh=6 dist=1844.39 cpu=24.1326s valid=1
[373/1200] CLASSIC C2_2_9 run8 -> veh=6 dist=1842.41 cpu=26.8564s valid=1
[374/1200] CLASSIC C2_2_9 run6 -> veh=6 dist=1846.62 cpu=27.3879s valid=1
[375/1200] QLEARNING C2_2_9 run7 -> veh=6 dist=1863.92 cpu=24.1885s valid=1
[376/1200] QLEARNING C2_2_9 run9 -> veh=6 dist=1841.83 cpu=23.8877s valid=1
[377/1200] CLASSIC C2_2_9 run10 -> veh=6 dist=1847.87 cpu=27.0943s valid=1
[378/1200] QLEARNING C2_2_9 run8 -> veh=6 dist=1843.06 cpu=24.0457s valid=1
[379/1200] CLASSIC C2_2_9 run9 -> veh=6 dist=1842.69 cpu=27.2297s valid=1
[380/1200] QLEARNING C2_2_9 run10 -> veh=6 dist=1850.62 cpu=23.9772s valid=1
[381/1200] QLEARNING C2_2_10 run2 -> veh=6 dist=1826.42 cpu=23.2747s valid=1
[382/1200] CLASSIC C2_2_10 run1 -> veh=6 dist=1832.16 cpu=27.9252s valid=1
[383/1200] CLASSIC C2_2_10 run2 -> veh=6 dist=1827.63 cpu=28.1577s valid=1
[384/1200] QLEARNING C2_2_10 run1 -> veh=6 dist=1818.24 cpu=23.8925s valid=1
[385/1200] CLASSIC C2_2_10 run4 -> veh=6 dist=1816.72 cpu=28.0143s valid=1
[386/1200] CLASSIC C2_2_10 run3 -> veh=6 dist=1813.87 cpu=28.5747s valid=1
[387/1200] CLASSIC C2_2_10 run5 -> veh=6 dist=1834.97 cpu=27.5431s valid=1
[388/1200] CLASSIC C2_2_10 run6 -> veh=6 dist=1840.88 cpu=27.2142s valid=1
[389/1200] CLASSIC R1_2_1 run1 -> veh=20 dist=4990.35 cpu=7.92046s valid=1
[390/1200] CLASSIC R1_2_1 run2 -> veh=20 dist=4920.12 cpu=8.18675s valid=1
[391/1200] CLASSIC C2_2_10 run7 -> veh=6 dist=1819.99 cpu=28.1371s valid=1
[392/1200] CLASSIC R1_2_1 run4 -> veh=20 dist=4993.58 cpu=8.06869s valid=1
[393/1200] CLASSIC C2_2_10 run8 -> veh=6 dist=1814.87 cpu=28.1523s valid=1
[394/1200] CLASSIC R1_2_1 run3 -> veh=20 dist=4893.48 cpu=8.15355s valid=1
[395/1200] CLASSIC R1_2_1 run5 -> veh=20 dist=5028.28 cpu=8.04166s valid=1
[396/1200] CLASSIC R1_2_1 run6 -> veh=20 dist=4906.56 cpu=8.03853s valid=1
[397/1200] CLASSIC C2_2_10 run9 -> veh=6 dist=1822.49 cpu=28.2786s valid=1
[398/1200] CLASSIC R1_2_1 run7 -> veh=20 dist=4840.12 cpu=8.16857s valid=1
[399/1200] CLASSIC R1_2_1 run8 -> veh=20 dist=5022.79 cpu=8.16374s valid=1
[400/1200] CLASSIC R1_2_1 run9 -> veh=20 dist=4892.94 cpu=8.09053s valid=1
[401/1200] CLASSIC R1_2_1 run10 -> veh=20 dist=4913.8 cpu=8.14265s valid=1
[402/1200] CLASSIC C2_2_10 run10 -> veh=6 dist=1813.23 cpu=28.0073s valid=1
[403/1200] QLEARNING R1_2_1 run2 -> veh=20 dist=4933.96 cpu=8.50337s valid=1
[404/1200] QLEARNING R1_2_1 run1 -> veh=20 dist=4873.48 cpu=8.75934s valid=1
[405/1200] QLEARNING R1_2_1 run3 -> veh=20 dist=4871.92 cpu=8.68419s valid=1
[406/1200] QLEARNING R1_2_1 run4 -> veh=20 dist=4852.67 cpu=8.88046s valid=1
[407/1200] QLEARNING R1_2_1 run6 -> veh=20 dist=4877.75 cpu=8.69307s valid=1
[408/1200] QLEARNING R1_2_1 run5 -> veh=20 dist=4874.95 cpu=8.74361s valid=1
[409/1200] QLEARNING R1_2_1 run8 -> veh=20 dist=4890.7 cpu=8.51444s valid=1
[410/1200] QLEARNING R1_2_1 run7 -> veh=20 dist=4872.29 cpu=8.91178s valid=1
[411/1200] QLEARNING R1_2_1 run9 -> veh=20 dist=4884.17 cpu=8.65461s valid=1
[412/1200] QLEARNING R1_2_1 run10 -> veh=20 dist=4867.07 cpu=8.81981s valid=1
[413/1200] QLEARNING C2_2_10 run3 -> veh=6 dist=1818.11 cpu=23.8883s valid=1
[414/1200] CLASSIC R1_2_2 run1 -> veh=18 dist=4324.2 cpu=9.8523s valid=1
[415/1200] CLASSIC R1_2_2 run2 -> veh=18 dist=4484.62 cpu=9.75393s valid=1
[416/1200] CLASSIC R1_2_2 run3 -> veh=18 dist=4425.47 cpu=9.57492s valid=1
[417/1200] CLASSIC R1_2_2 run8 -> veh=18 dist=4379.16 cpu=9.63405s valid=1
[418/1200] CLASSIC R1_2_2 run4 -> veh=18 dist=4474.43 cpu=9.8172s valid=1
[419/1200] CLASSIC R1_2_2 run6 -> veh=18 dist=4407.29 cpu=9.86974s valid=1
[420/1200] QLEARNING C2_2_10 run4 -> veh=6 dist=1819.11 cpu=24.0195s valid=1
[421/1200] CLASSIC R1_2_2 run5 -> veh=18 dist=4420.79 cpu=9.91869s valid=1
[422/1200] CLASSIC R1_2_2 run7 -> veh=18 dist=4331.63 cpu=9.89911s valid=1
[423/1200] CLASSIC R1_2_2 run9 -> veh=18 dist=4449.12 cpu=9.80062s valid=1
[424/1200] CLASSIC R1_2_2 run10 -> veh=18 dist=4463.47 cpu=9.76128s valid=1
[425/1200] QLEARNING C2_2_10 run5 -> veh=6 dist=1812.28 cpu=24.2457s valid=1
[426/1200] QLEARNING C2_2_10 run6 -> veh=6 dist=1817.33 cpu=24.6574s valid=1
[427/1200] QLEARNING R1_2_2 run2 -> veh=18 dist=4355.01 cpu=11.671s valid=1
[428/1200] QLEARNING R1_2_2 run3 -> veh=18 dist=4238.32 cpu=11.8394s valid=1
[429/1200] QLEARNING R1_2_2 run4 -> veh=18 dist=4261.95 cpu=11.9996s valid=1
[430/1200] QLEARNING R1_2_2 run1 -> veh=18 dist=4361.41 cpu=12.24s valid=1
[431/1200] QLEARNING R1_2_2 run6 -> veh=18 dist=4349.02 cpu=11.7485s valid=1
[432/1200] QLEARNING R1_2_2 run5 -> veh=18 dist=4345.85 cpu=12.2975s valid=1
[433/1200] QLEARNING C2_2_10 run7 -> veh=6 dist=1839.21 cpu=24.6178s valid=1
[434/1200] QLEARNING C2_2_10 run10 -> veh=6 dist=1822 cpu=23.3149s valid=1
[435/1200] QLEARNING C2_2_10 run8 -> veh=6 dist=1818.02 cpu=24.6221s valid=1
[436/1200] QLEARNING C2_2_10 run9 -> veh=6 dist=1820.35 cpu=24.2688s valid=1
[437/1200] QLEARNING R1_2_2 run9 -> veh=18 dist=4307.19 cpu=11.7444s valid=1
[438/1200] QLEARNING R1_2_2 run7 -> veh=18 dist=4330.17 cpu=12.1801s valid=1
[439/1200] QLEARNING R1_2_2 run10 -> veh=18 dist=4316.34 cpu=11.9734s valid=1
[440/1200] QLEARNING R1_2_2 run8 -> veh=18 dist=4259.44 cpu=12.2615s valid=1
[441/1200] CLASSIC R1_2_3 run1 -> veh=18 dist=3646.56 cpu=12.7039s valid=1
[442/1200] CLASSIC R1_2_3 run2 -> veh=18 dist=3759.7 cpu=13.1211s valid=1
[443/1200] CLASSIC R1_2_3 run4 -> veh=18 dist=3683.7 cpu=12.8098s valid=1
[444/1200] CLASSIC R1_2_3 run3 -> veh=18 dist=3727.17 cpu=13.3796s valid=1
[445/1200] CLASSIC R1_2_3 run8 -> veh=18 dist=3758.22 cpu=12.6815s valid=1
[446/1200] CLASSIC R1_2_3 run6 -> veh=18 dist=3716.84 cpu=13.1108s valid=1
[447/1200] CLASSIC R1_2_3 run5 -> veh=18 dist=3752.6 cpu=13.221s valid=1
[448/1200] CLASSIC R1_2_3 run7 -> veh=18 dist=3798.6 cpu=13.2106s valid=1
[449/1200] CLASSIC R1_2_3 run9 -> veh=18 dist=3711.57 cpu=13.1782s valid=1
[450/1200] CLASSIC R1_2_3 run10 -> veh=18 dist=3713.5 cpu=13.1994s valid=1
[451/1200] QLEARNING R1_2_3 run5 -> veh=18 dist=3530.9 cpu=14.693s valid=1
[452/1200] QLEARNING R1_2_3 run4 -> veh=18 dist=3599.08 cpu=14.8525s valid=1
[453/1200] QLEARNING R1_2_3 run1 -> veh=18 dist=3520.53 cpu=14.9486s valid=1
[454/1200] QLEARNING R1_2_3 run3 -> veh=18 dist=3621.82 cpu=14.9661s valid=1
[455/1200] QLEARNING R1_2_3 run2 -> veh=18 dist=3611.06 cpu=15.2388s valid=1
[456/1200] QLEARNING R1_2_3 run7 -> veh=18 dist=3625.44 cpu=14.7655s valid=1
[457/1200] QLEARNING R1_2_3 run6 -> veh=18 dist=3540.02 cpu=15.0603s valid=1
[458/1200] QLEARNING R1_2_3 run8 -> veh=18 dist=3567.84 cpu=15.1375s valid=1
[459/1200] QLEARNING R1_2_3 run9 -> veh=18 dist=3558.6 cpu=14.7924s valid=1
[460/1200] QLEARNING R1_2_3 run10 -> veh=18 dist=3587.43 cpu=15.1229s valid=1
[461/1200] CLASSIC R1_2_5 run2 -> veh=18 dist=4605.99 cpu=6.57272s valid=1
[462/1200] CLASSIC R1_2_5 run1 -> veh=18 dist=4700.76 cpu=6.73179s valid=1
[463/1200] CLASSIC R1_2_4 run1 -> veh=18 dist=3287 cpu=17.2147s valid=1
[464/1200] CLASSIC R1_2_4 run2 -> veh=18 dist=3186.84 cpu=17.2873s valid=1
[465/1200] CLASSIC R1_2_4 run4 -> veh=18 dist=3291.03 cpu=16.867s valid=1
[466/1200] CLASSIC R1_2_4 run3 -> veh=18 dist=3224.98 cpu=17.6254s valid=1
[467/1200] CLASSIC R1_2_4 run5 -> veh=18 dist=3249.18 cpu=17.185s valid=1
[468/1200] CLASSIC R1_2_5 run6 -> veh=18 dist=4686.16 cpu=6.56506s valid=1
[469/1200] CLASSIC R1_2_5 run5 -> veh=18 dist=4542.21 cpu=6.60614s valid=1
[470/1200] CLASSIC R1_2_5 run3 -> veh=18 dist=4612.69 cpu=6.73037s valid=1
[471/1200] CLASSIC R1_2_4 run6 -> veh=18 dist=3310.8 cpu=16.9656s valid=1
[472/1200] CLASSIC R1_2_5 run4 -> veh=18 dist=4681.73 cpu=6.74851s valid=1
[473/1200] CLASSIC R1_2_4 run7 -> veh=18 dist=3368.92 cpu=16.9913s valid=1
[474/1200] CLASSIC R1_2_5 run8 -> veh=18 dist=4731.37 cpu=6.46826s valid=1
[475/1200] CLASSIC R1_2_5 run7 -> veh=18 dist=4590.21 cpu=6.72378s valid=1
[476/1200] CLASSIC R1_2_5 run9 -> veh=18 dist=4796.26 cpu=6.62725s valid=1
[477/1200] CLASSIC R1_2_4 run8 -> veh=18 dist=3376.01 cpu=17.2811s valid=1
[478/1200] CLASSIC R1_2_4 run10 -> veh=18 dist=3109.88 cpu=14.98s valid=1
[479/1200] CLASSIC R1_2_5 run10 -> veh=18 dist=4477.89 cpu=6.53349s valid=1
[480/1200] CLASSIC R1_2_4 run9 -> veh=18 dist=3210.77 cpu=17.5202s valid=1
[481/1200] QLEARNING R1_2_4 run1 -> veh=18 dist=3219.45 cpu=17.2772s valid=1
[482/1200] QLEARNING R1_2_4 run2 -> veh=18 dist=3235.18 cpu=17.4318s valid=1
[483/1200] QLEARNING R1_2_5 run1 -> veh=18 dist=4543.79 cpu=8.29151s valid=1
[484/1200] QLEARNING R1_2_5 run2 -> veh=18 dist=4537.62 cpu=8.33496s valid=1
[485/1200] QLEARNING R1_2_4 run3 -> veh=18 dist=3216.5 cpu=17.4278s valid=1
[486/1200] QLEARNING R1_2_4 run4 -> veh=18 dist=3273.35 cpu=17.5723s valid=1
[487/1200] QLEARNING R1_2_4 run5 -> veh=18 dist=3224.63 cpu=17.0925s valid=1
[488/1200] QLEARNING R1_2_5 run3 -> veh=18 dist=4544.2 cpu=8.16125s valid=1
[489/1200] QLEARNING R1_2_5 run4 -> veh=18 dist=4433.46 cpu=8.49964s valid=1
[490/1200] QLEARNING R1_2_5 run5 -> veh=18 dist=4564.23 cpu=8.33956s valid=1
[491/1200] QLEARNING R1_2_5 run6 -> veh=18 dist=4508.97 cpu=8.43683s valid=1
[492/1200] QLEARNING R1_2_4 run6 -> veh=18 dist=3228.81 cpu=17.739s valid=1
[493/1200] QLEARNING R1_2_5 run7 -> veh=18 dist=4419.97 cpu=8.2561s valid=1
[494/1200] QLEARNING R1_2_5 run8 -> veh=18 dist=4536.29 cpu=8.49092s valid=1
[495/1200] QLEARNING R1_2_4 run9 -> veh=18 dist=3228.54 cpu=17.1981s valid=1
[496/1200] QLEARNING R1_2_4 run7 -> veh=18 dist=3165.14 cpu=17.4871s valid=1
[497/1200] QLEARNING R1_2_4 run8 -> veh=18 dist=3260 cpu=17.4798s valid=1
[498/1200] QLEARNING R1_2_5 run9 -> veh=18 dist=4560.43 cpu=8.41746s valid=1
[499/1200] QLEARNING R1_2_5 run10 -> veh=18 dist=4515.42 cpu=8.47465s valid=1
[500/1200] QLEARNING R1_2_4 run10 -> veh=18 dist=3244.37 cpu=17.4821s valid=1
[501/1200] CLASSIC R1_2_6 run2 -> veh=18 dist=4036.43 cpu=10.5753s valid=1
[502/1200] CLASSIC R1_2_6 run4 -> veh=18 dist=4067.95 cpu=10.6049s valid=1
[503/1200] CLASSIC R1_2_6 run6 -> veh=18 dist=3913.96 cpu=10.6066s valid=1
[504/1200] CLASSIC R1_2_6 run1 -> veh=18 dist=3867.23 cpu=10.8873s valid=1
[505/1200] CLASSIC R1_2_6 run5 -> veh=18 dist=3930.89 cpu=10.7437s valid=1
[506/1200] CLASSIC R1_2_6 run3 -> veh=18 dist=3929.9 cpu=10.9143s valid=1
[507/1200] CLASSIC R1_2_6 run8 -> veh=18 dist=3839.93 cpu=10.6829s valid=1
[508/1200] CLASSIC R1_2_6 run7 -> veh=18 dist=3942.7 cpu=10.8585s valid=1
[509/1200] CLASSIC R1_2_6 run9 -> veh=18 dist=4015.61 cpu=10.8445s valid=1
[510/1200] CLASSIC R1_2_6 run10 -> veh=18 dist=4039.32 cpu=10.7703s valid=1
[511/1200] QLEARNING R1_2_6 run1 -> veh=18 dist=3725.15 cpu=12.7731s valid=1
[512/1200] QLEARNING R1_2_6 run3 -> veh=18 dist=3841.92 cpu=12.6664s valid=1
[513/1200] QLEARNING R1_2_6 run2 -> veh=18 dist=3842.81 cpu=12.7286s valid=1
[514/1200] QLEARNING R1_2_6 run4 -> veh=18 dist=3775.02 cpu=12.85s valid=1
[515/1200] QLEARNING R1_2_6 run5 -> veh=18 dist=3837.39 cpu=12.9811s valid=1
[516/1200] QLEARNING R1_2_6 run6 -> veh=18 dist=3807.73 cpu=12.4138s valid=1
[517/1200] QLEARNING R1_2_6 run7 -> veh=18 dist=3764.33 cpu=12.6892s valid=1
[518/1200] QLEARNING R1_2_6 run8 -> veh=18 dist=3812.54 cpu=12.9326s valid=1
[519/1200] QLEARNING R1_2_6 run10 -> veh=18 dist=3784.49 cpu=12.7218s valid=1
[520/1200] QLEARNING R1_2_6 run9 -> veh=18 dist=3767.49 cpu=12.9196s valid=1
[521/1200] CLASSIC R1_2_7 run1 -> veh=18 dist=3496.34 cpu=14.0172s valid=1
[522/1200] CLASSIC R1_2_7 run2 -> veh=18 dist=3497.2 cpu=14.0135s valid=1
[523/1200] CLASSIC R1_2_7 run3 -> veh=18 dist=3416.24 cpu=13.8595s valid=1
[524/1200] CLASSIC R1_2_7 run4 -> veh=18 dist=3396.87 cpu=13.9086s valid=1
[525/1200] CLASSIC R1_2_7 run5 -> veh=18 dist=3374.57 cpu=14.0395s valid=1
[526/1200] CLASSIC R1_2_7 run6 -> veh=18 dist=3500.88 cpu=14.035s valid=1
[527/1200] CLASSIC R1_2_7 run10 -> veh=18 dist=3467.13 cpu=13.624s valid=1
[528/1200] CLASSIC R1_2_7 run7 -> veh=18 dist=3421.24 cpu=13.9854s valid=1
[529/1200] CLASSIC R1_2_7 run8 -> veh=18 dist=3269.27 cpu=14.2279s valid=1
[530/1200] CLASSIC R1_2_7 run9 -> veh=18 dist=3226.23 cpu=14.2635s valid=1
[531/1200] QLEARNING R1_2_7 run1 -> veh=18 dist=3321.48 cpu=15.0138s valid=1
[532/1200] QLEARNING R1_2_7 run2 -> veh=18 dist=3291.47 cpu=15.2286s valid=1
[533/1200] QLEARNING R1_2_7 run3 -> veh=18 dist=3292.62 cpu=15.1717s valid=1
[534/1200] QLEARNING R1_2_7 run4 -> veh=18 dist=3291.96 cpu=15.0617s valid=1
[535/1200] QLEARNING R1_2_7 run5 -> veh=18 dist=3334.34 cpu=15.3587s valid=1
[536/1200] QLEARNING R1_2_7 run6 -> veh=18 dist=3327.59 cpu=15.2765s valid=1
[537/1200] QLEARNING R1_2_7 run8 -> veh=18 dist=3319.84 cpu=15.2601s valid=1
[538/1200] QLEARNING R1_2_7 run10 -> veh=18 dist=3332.35 cpu=15.0362s valid=1
[539/1200] QLEARNING R1_2_7 run7 -> veh=18 dist=3295.94 cpu=15.4519s valid=1
[540/1200] QLEARNING R1_2_7 run9 -> veh=18 dist=3279.7 cpu=15.4601s valid=1
[541/1200] CLASSIC R1_2_8 run2 -> veh=18 dist=3078.02 cpu=17.9919s valid=1
[542/1200] CLASSIC R1_2_8 run1 -> veh=18 dist=3078.53 cpu=18.5168s valid=1
[543/1200] CLASSIC R1_2_9 run1 -> veh=18 dist=4276.83 cpu=7.9896s valid=1
[544/1200] CLASSIC R1_2_9 run2 -> veh=18 dist=4249.09 cpu=7.89584s valid=1
[545/1200] CLASSIC R1_2_9 run3 -> veh=18 dist=4333.88 cpu=7.73668s valid=1
[546/1200] CLASSIC R1_2_9 run4 -> veh=18 dist=4234.21 cpu=7.77315s valid=1
[547/1200] CLASSIC R1_2_8 run3 -> veh=18 dist=3090.32 cpu=17.9801s valid=1
[548/1200] CLASSIC R1_2_9 run6 -> veh=18 dist=4158.56 cpu=7.73732s valid=1
[549/1200] CLASSIC R1_2_9 run5 -> veh=18 dist=4310.66 cpu=7.85067s valid=1
[550/1200] CLASSIC R1_2_9 run7 -> veh=18 dist=4206.56 cpu=7.98516s valid=1
[551/1200] CLASSIC R1_2_8 run4 -> veh=18 dist=3014.6 cpu=17.9167s valid=1
[552/1200] CLASSIC R1_2_8 run5 -> veh=18 dist=3027.88 cpu=18.0175s valid=1
[553/1200] CLASSIC R1_2_9 run8 -> veh=18 dist=4220.9 cpu=8.08267s valid=1
[554/1200] CLASSIC R1_2_9 run9 -> veh=18 dist=4215.55 cpu=8.03448s valid=1
[555/1200] CLASSIC R1_2_9 run10 -> veh=18 dist=4202.51 cpu=8.00102s valid=1
[556/1200] CLASSIC R1_2_8 run6 -> veh=18 dist=3172.67 cpu=17.628s valid=1
[557/1200] CLASSIC R1_2_8 run7 -> veh=18 dist=3057.51 cpu=18.0616s valid=1
[558/1200] CLASSIC R1_2_8 run8 -> veh=18 dist=3300.87 cpu=18.058s valid=1
[559/1200] QLEARNING R1_2_9 run1 -> veh=18 dist=4037.04 cpu=9.17231s valid=1
[560/1200] CLASSIC R1_2_8 run9 -> veh=18 dist=3239.88 cpu=18.4811s valid=1
[561/1200] QLEARNING R1_2_9 run2 -> veh=18 dist=4091.66 cpu=9.35876s valid=1
[562/1200] QLEARNING R1_2_8 run2 -> veh=18 dist=3064.21 cpu=17.5238s valid=1
[563/1200] CLASSIC R1_2_8 run10 -> veh=18 dist=3213.8 cpu=18.2927s valid=1
[564/1200] QLEARNING R1_2_8 run1 -> veh=18 dist=3063.48 cpu=17.7084s valid=1
[565/1200] QLEARNING R1_2_8 run7 -> veh=18 dist=3123.51 cpu=16.9609s valid=1
[566/1200] QLEARNING R1_2_8 run5 -> veh=18 dist=3118.37 cpu=17.2753s valid=1
[567/1200] QLEARNING R1_2_8 run4 -> veh=18 dist=3077.88 cpu=17.5267s valid=1
[568/1200] QLEARNING R1_2_8 run3 -> veh=18 dist=3084.1 cpu=17.6001s valid=1
[569/1200] QLEARNING R1_2_8 run6 -> veh=18 dist=3119.91 cpu=17.4067s valid=1
[570/1200] QLEARNING R1_2_8 run8 -> veh=18 dist=3101.7 cpu=17.5147s valid=1
[571/1200] QLEARNING R1_2_9 run3 -> veh=18 dist=4018.86 cpu=9.52011s valid=1
[572/1200] QLEARNING R1_2_8 run9 -> veh=18 dist=3086.02 cpu=17.3538s valid=1
[573/1200] QLEARNING R1_2_8 run10 -> veh=18 dist=3073.61 cpu=17.3035s valid=1
[574/1200] QLEARNING R1_2_9 run4 -> veh=18 dist=4100.87 cpu=9.49899s valid=1
[575/1200] QLEARNING R1_2_9 run6 -> veh=18 dist=4093.51 cpu=9.13106s valid=1
[576/1200] QLEARNING R1_2_9 run5 -> veh=18 dist=4077.76 cpu=9.39798s valid=1
[577/1200] QLEARNING R1_2_9 run7 -> veh=18 dist=4049.11 cpu=9.28794s valid=1
[578/1200] QLEARNING R1_2_9 run8 -> veh=18 dist=3999.95 cpu=9.40328s valid=1
[579/1200] QLEARNING R1_2_9 run9 -> veh=18 dist=4015.78 cpu=9.50335s valid=1
[580/1200] QLEARNING R1_2_9 run10 -> veh=18 dist=4051.29 cpu=9.53903s valid=1
[581/1200] CLASSIC R1_2_10 run5 -> veh=18 dist=3370.36 cpu=10.412s valid=1
[582/1200] CLASSIC R1_2_10 run1 -> veh=18 dist=3612.52 cpu=11.0662s valid=1
[583/1200] CLASSIC R1_2_10 run2 -> veh=18 dist=3643.81 cpu=11.1999s valid=1
[584/1200] CLASSIC R1_2_10 run4 -> veh=18 dist=3652.57 cpu=11.2319s valid=1
[585/1200] CLASSIC R1_2_10 run7 -> veh=18 dist=3516.6 cpu=11.1882s valid=1
[586/1200] CLASSIC R1_2_10 run3 -> veh=18 dist=3644.42 cpu=11.3615s valid=1
[587/1200] CLASSIC R1_2_10 run6 -> veh=18 dist=3568.51 cpu=11.3759s valid=1
[588/1200] CLASSIC R1_2_10 run8 -> veh=18 dist=3614.2 cpu=11.3131s valid=1
[589/1200] CLASSIC R1_2_10 run10 -> veh=18 dist=3565.2 cpu=11.045s valid=1
[590/1200] CLASSIC R1_2_10 run9 -> veh=18 dist=3597.51 cpu=11.2819s valid=1
[591/1200] QLEARNING R1_2_10 run1 -> veh=18 dist=3440.61 cpu=12.4326s valid=1
[592/1200] QLEARNING R1_2_10 run2 -> veh=18 dist=3396.12 cpu=12.4929s valid=1
[593/1200] QLEARNING R1_2_10 run3 -> veh=18 dist=3461.63 cpu=12.4969s valid=1
[594/1200] QLEARNING R1_2_10 run5 -> veh=18 dist=3441.32 cpu=12.0106s valid=1
[595/1200] QLEARNING R1_2_10 run6 -> veh=18 dist=3438.36 cpu=12.3594s valid=1
[596/1200] QLEARNING R1_2_10 run4 -> veh=18 dist=3421.94 cpu=12.5446s valid=1
[597/1200] QLEARNING R1_2_10 run8 -> veh=18 dist=3376.57 cpu=12.3472s valid=1
[598/1200] QLEARNING R1_2_10 run7 -> veh=18 dist=3433.17 cpu=12.4469s valid=1
[599/1200] QLEARNING R1_2_10 run10 -> veh=18 dist=3417.11 cpu=12.2787s valid=1
[600/1200] QLEARNING R1_2_10 run9 -> veh=18 dist=3462.02 cpu=12.4521s valid=1
[601/1200] CLASSIC R2_2_1 run1 -> veh=5 dist=4172.49 cpu=17.491s valid=1
[602/1200] CLASSIC R2_2_1 run4 -> veh=5 dist=4107.52 cpu=17.1784s valid=1
[603/1200] CLASSIC R2_2_1 run3 -> veh=5 dist=4218.83 cpu=17.3771s valid=1
[604/1200] CLASSIC R2_2_1 run2 -> veh=5 dist=4146.65 cpu=17.4581s valid=1
[605/1200] CLASSIC R2_2_1 run5 -> veh=5 dist=4148.64 cpu=17.4114s valid=1
[606/1200] CLASSIC R2_2_1 run6 -> veh=5 dist=4158.64 cpu=17.3342s valid=1
[607/1200] CLASSIC R2_2_1 run7 -> veh=5 dist=4174.03 cpu=17.5953s valid=1
[608/1200] CLASSIC R2_2_1 run8 -> veh=5 dist=4158.76 cpu=17.5654s valid=1
[609/1200] QLEARNING R2_2_1 run1 -> veh=5 dist=4091.33 cpu=15.8371s valid=1
[610/1200] CLASSIC R2_2_1 run9 -> veh=5 dist=4123.25 cpu=17.1248s valid=1
[611/1200] CLASSIC R2_2_1 run10 -> veh=5 dist=4119.15 cpu=17.3032s valid=1
[612/1200] QLEARNING R2_2_1 run2 -> veh=5 dist=4091.51 cpu=15.855s valid=1
[613/1200] QLEARNING R2_2_1 run4 -> veh=5 dist=4094.91 cpu=15.6968s valid=1
[614/1200] QLEARNING R2_2_1 run3 -> veh=5 dist=4058.51 cpu=16.1674s valid=1
[615/1200] QLEARNING R2_2_1 run5 -> veh=5 dist=4080.07 cpu=15.9851s valid=1
[616/1200] QLEARNING R2_2_1 run8 -> veh=5 dist=4078.09 cpu=15.9065s valid=1
[617/1200] QLEARNING R2_2_1 run7 -> veh=5 dist=4078.52 cpu=16.1093s valid=1
[618/1200] QLEARNING R2_2_1 run9 -> veh=5 dist=4091.89 cpu=15.9592s valid=1
[619/1200] QLEARNING R2_2_1 run6 -> veh=5 dist=4113.82 cpu=16.2081s valid=1
[620/1200] QLEARNING R2_2_1 run10 -> veh=5 dist=4073.49 cpu=16.199s valid=1
[621/1200] CLASSIC R2_2_2 run1 -> veh=4 dist=3791.41 cpu=29.8565s valid=1
[622/1200] CLASSIC R2_2_2 run2 -> veh=4 dist=3754.36 cpu=30.8198s valid=1
[623/1200] CLASSIC R2_2_2 run6 -> veh=4 dist=3823.38 cpu=28.9041s valid=1
[624/1200] CLASSIC R2_2_2 run3 -> veh=4 dist=3806.07 cpu=29.5665s valid=1
[625/1200] CLASSIC R2_2_2 run4 -> veh=4 dist=3744.2 cpu=29.8097s valid=1
[626/1200] CLASSIC R2_2_2 run5 -> veh=4 dist=3763.68 cpu=29.6196s valid=1
[627/1200] CLASSIC R2_2_2 run7 -> veh=4 dist=3806.14 cpu=30.0993s valid=1
[628/1200] QLEARNING R2_2_2 run1 -> veh=4 dist=3795.89 cpu=28.6458s valid=1
[629/1200] CLASSIC R2_2_2 run8 -> veh=4 dist=3800.83 cpu=30.4026s valid=1
[630/1200] CLASSIC R2_2_2 run10 -> veh=4 dist=3795.61 cpu=29.7494s valid=1
[631/1200] QLEARNING R2_2_2 run2 -> veh=4 dist=3711.4 cpu=30.0844s valid=1
[632/1200] CLASSIC R2_2_2 run9 -> veh=4 dist=3743.41 cpu=30.3503s valid=1
[633/1200] QLEARNING R2_2_2 run9 -> veh=4 dist=3737.23 cpu=28.0714s valid=1
[634/1200] QLEARNING R2_2_2 run4 -> veh=4 dist=3724.78 cpu=29.4943s valid=1
[635/1200] QLEARNING R2_2_2 run3 -> veh=4 dist=3737.14 cpu=30.5978s valid=1
[636/1200] QLEARNING R2_2_2 run6 -> veh=4 dist=3742.88 cpu=30.1867s valid=1
[637/1200] QLEARNING R2_2_2 run5 -> veh=4 dist=3724.95 cpu=30.385s valid=1
[638/1200] QLEARNING R2_2_2 run8 -> veh=4 dist=3744.53 cpu=30.5261s valid=1
[639/1200] QLEARNING R2_2_2 run7 -> veh=4 dist=3731.68 cpu=30.7704s valid=1
[640/1200] QLEARNING R2_2_2 run10 -> veh=4 dist=3719.02 cpu=30.4818s valid=1
[641/1200] CLASSIC R2_2_3 run1 -> veh=4 dist=3002.19 cpu=40.0532s valid=1
[642/1200] CLASSIC R2_2_3 run2 -> veh=4 dist=2984.13 cpu=40.6794s valid=1
[643/1200] CLASSIC R2_2_3 run4 -> veh=4 dist=3030.82 cpu=39.8097s valid=1
[644/1200] CLASSIC R2_2_3 run3 -> veh=4 dist=3000.87 cpu=40.5372s valid=1
[645/1200] QLEARNING R2_2_3 run1 -> veh=4 dist=2955.47 cpu=38.504s valid=1
[646/1200] QLEARNING R2_2_3 run2 -> veh=4 dist=2964.8 cpu=39.021s valid=1
[647/1200] CLASSIC R2_2_3 run6 -> veh=4 dist=2973.19 cpu=40.4218s valid=1
[648/1200] CLASSIC R2_2_3 run5 -> veh=4 dist=2991.84 cpu=41.2141s valid=1
[649/1200] CLASSIC R2_2_3 run8 -> veh=4 dist=2985.13 cpu=40.2275s valid=1
[650/1200] CLASSIC R2_2_3 run9 -> veh=4 dist=2957.57 cpu=40.0531s valid=1
[651/1200] CLASSIC R2_2_3 run7 -> veh=4 dist=3012.03 cpu=40.3995s valid=1
[652/1200] CLASSIC R2_2_3 run10 -> veh=4 dist=2962.03 cpu=40.7261s valid=1
[653/1200] QLEARNING R2_2_3 run3 -> veh=4 dist=2994.38 cpu=38.0303s valid=1
[654/1200] QLEARNING R2_2_3 run8 -> veh=4 dist=3000.38 cpu=37.5635s valid=1
[655/1200] QLEARNING R2_2_3 run5 -> veh=4 dist=2952.27 cpu=38.3532s valid=1
[656/1200] QLEARNING R2_2_3 run4 -> veh=4 dist=2965.56 cpu=39.5945s valid=1
[657/1200] QLEARNING R2_2_3 run7 -> veh=4 dist=2977.65 cpu=38.866s valid=1
[658/1200] QLEARNING R2_2_3 run6 -> veh=4 dist=2996.47 cpu=39.4749s valid=1
[659/1200] QLEARNING R2_2_3 run9 -> veh=4 dist=2982.84 cpu=38.9671s valid=1
[660/1200] QLEARNING R2_2_3 run10 -> veh=4 dist=2935.98 cpu=39.2012s valid=1
[661/1200] CLASSIC R2_2_5 run2 -> veh=4 dist=3513.42 cpu=21.8236s valid=1
[662/1200] CLASSIC R2_2_5 run1 -> veh=4 dist=3433.31 cpu=21.912s valid=1
[663/1200] CLASSIC R2_2_5 run3 -> veh=4 dist=3444.91 cpu=22.1482s valid=1
[664/1200] CLASSIC R2_2_5 run4 -> veh=4 dist=3458.03 cpu=22.0679s valid=1
[665/1200] QLEARNING R2_2_4 run1 -> veh=4 dist=1995.08 cpu=45.2827s valid=1
[666/1200] CLASSIC R2_2_4 run1 -> veh=4 dist=2009.33 cpu=53.6169s valid=1
[667/1200] CLASSIC R2_2_4 run2 -> veh=4 dist=2003.02 cpu=53.8882s valid=1
[668/1200] QLEARNING R2_2_4 run2 -> veh=4 dist=2015.7 cpu=46.5119s valid=1
[669/1200] CLASSIC R2_2_4 run3 -> veh=4 dist=1996.75 cpu=54.2452s valid=1
[670/1200] CLASSIC R2_2_4 run4 -> veh=4 dist=2028.25 cpu=54.6865s valid=1
[671/1200] CLASSIC R2_2_5 run5 -> veh=4 dist=3484.94 cpu=22.1048s valid=1
[672/1200] CLASSIC R2_2_5 run6 -> veh=4 dist=3464.07 cpu=21.7523s valid=1
[673/1200] CLASSIC R2_2_5 run7 -> veh=4 dist=3479.32 cpu=21.8827s valid=1
[674/1200] CLASSIC R2_2_5 run9 -> veh=4 dist=3421.98 cpu=21.6524s valid=1
[675/1200] CLASSIC R2_2_5 run8 -> veh=4 dist=3475.97 cpu=22.3786s valid=1
[676/1200] QLEARNING R2_2_5 run1 -> veh=4 dist=3416.57 cpu=21.0941s valid=1
[677/1200] QLEARNING R2_2_5 run2 -> veh=4 dist=3404.97 cpu=20.9315s valid=1
[678/1200] CLASSIC R2_2_4 run5 -> veh=4 dist=1990.71 cpu=54.039s valid=1
[679/1200] CLASSIC R2_2_5 run10 -> veh=4 dist=3527.21 cpu=22.3936s valid=1
[680/1200] CLASSIC R2_2_4 run6 -> veh=4 dist=2037.62 cpu=54.5733s valid=1
[681/1200] CLASSIC R2_2_4 run7 -> veh=4 dist=2060.78 cpu=54.6321s valid=1
[682/1200] CLASSIC R2_2_4 run9 -> veh=4 dist=2099.26 cpu=54.0668s valid=1
[683/1200] CLASSIC R2_2_4 run8 -> veh=4 dist=1999.66 cpu=54.2299s valid=1
[684/1200] CLASSIC R2_2_4 run10 -> veh=4 dist=1999.27 cpu=54.254s valid=1
[685/1200] QLEARNING R2_2_4 run3 -> veh=4 dist=1987.22 cpu=46.0345s valid=1
[686/1200] QLEARNING R2_2_5 run4 -> veh=4 dist=3377.49 cpu=20.2595s valid=1
[687/1200] QLEARNING R2_2_4 run4 -> veh=4 dist=2009.97 cpu=46.1453s valid=1
[688/1200] QLEARNING R2_2_4 run7 -> veh=4 dist=2001.88 cpu=44.3392s valid=1
[689/1200] QLEARNING R2_2_5 run3 -> veh=4 dist=3394.21 cpu=21.0086s valid=1
[690/1200] QLEARNING R2_2_4 run6 -> veh=4 dist=1987.79 cpu=45.8408s valid=1
[691/1200] QLEARNING R2_2_4 run5 -> veh=4 dist=1987.22 cpu=46.1236s valid=1
[692/1200] QLEARNING R2_2_5 run6 -> veh=4 dist=3416.65 cpu=20.4317s valid=1
[693/1200] QLEARNING R2_2_5 run5 -> veh=4 dist=3414.65 cpu=21.0751s valid=1
[694/1200] QLEARNING R2_2_4 run8 -> veh=4 dist=1989.7 cpu=47.316s valid=1
[695/1200] QLEARNING R2_2_4 run9 -> veh=4 dist=2020.83 cpu=47.2937s valid=1
[696/1200] QLEARNING R2_2_4 run10 -> veh=4 dist=1987.61 cpu=48.1224s valid=1
[697/1200] QLEARNING R2_2_5 run7 -> veh=4 dist=3436.26 cpu=20.9388s valid=1
[698/1200] QLEARNING R2_2_5 run8 -> veh=4 dist=3388.69 cpu=21.1555s valid=1
[699/1200] QLEARNING R2_2_5 run9 -> veh=4 dist=3370.55 cpu=20.8555s valid=1
[700/1200] QLEARNING R2_2_5 run10 -> veh=4 dist=3437.57 cpu=20.8652s valid=1
[701/1200] CLASSIC R2_2_6 run3 -> veh=4 dist=2984.51 cpu=34.1004s valid=1
[702/1200] CLASSIC R2_2_6 run1 -> veh=4 dist=2934.77 cpu=35.2631s valid=1
[703/1200] CLASSIC R2_2_6 run2 -> veh=4 dist=2971.17 cpu=35.2501s valid=1
[704/1200] CLASSIC R2_2_6 run4 -> veh=4 dist=2972.5 cpu=34.0944s valid=1
[705/1200] CLASSIC R2_2_6 run5 -> veh=4 dist=3035.71 cpu=35.1204s valid=1
[706/1200] CLASSIC R2_2_6 run6 -> veh=4 dist=2994.7 cpu=34.4721s valid=1
[707/1200] QLEARNING R2_2_6 run1 -> veh=4 dist=2939.25 cpu=34.0403s valid=1
[708/1200] CLASSIC R2_2_6 run7 -> veh=4 dist=2979.52 cpu=34.8401s valid=1
[709/1200] QLEARNING R2_2_6 run2 -> veh=4 dist=2963.27 cpu=33.6998s valid=1
[710/1200] CLASSIC R2_2_6 run10 -> veh=4 dist=3036.95 cpu=34.9108s valid=1
[711/1200] CLASSIC R2_2_6 run9 -> veh=4 dist=3077.33 cpu=35.0994s valid=1
[712/1200] CLASSIC R2_2_6 run8 -> veh=4 dist=2989.32 cpu=35.3232s valid=1
[713/1200] QLEARNING R2_2_6 run4 -> veh=4 dist=2956.77 cpu=33.5262s valid=1
[714/1200] QLEARNING R2_2_6 run5 -> veh=4 dist=2926.04 cpu=33.4871s valid=1
[715/1200] QLEARNING R2_2_6 run3 -> veh=4 dist=2960.14 cpu=33.7635s valid=1
[716/1200] QLEARNING R2_2_6 run6 -> veh=4 dist=2958.29 cpu=33.8529s valid=1
[717/1200] QLEARNING R2_2_6 run7 -> veh=4 dist=2970.18 cpu=33.3976s valid=1
[718/1200] QLEARNING R2_2_6 run9 -> veh=4 dist=2943.29 cpu=32.4317s valid=1
[719/1200] QLEARNING R2_2_6 run8 -> veh=4 dist=2954 cpu=32.9549s valid=1
[720/1200] QLEARNING R2_2_6 run10 -> veh=4 dist=2948.41 cpu=34.0341s valid=1
[721/1200] CLASSIC R2_2_7 run1 -> veh=4 dist=2499.25 cpu=43.8048s valid=1
[722/1200] CLASSIC R2_2_7 run4 -> veh=4 dist=2557.99 cpu=44.495s valid=1
[723/1200] CLASSIC R2_2_7 run3 -> veh=4 dist=2521.5 cpu=44.689s valid=1
[724/1200] CLASSIC R2_2_7 run5 -> veh=4 dist=2548.06 cpu=45.1133s valid=1
[725/1200] CLASSIC R2_2_7 run2 -> veh=4 dist=2497.46 cpu=45.6074s valid=1
[726/1200] CLASSIC R2_2_7 run6 -> veh=4 dist=2525.29 cpu=45.6297s valid=1
[727/1200] CLASSIC R2_2_7 run7 -> veh=4 dist=2524.42 cpu=45.4206s valid=1
[728/1200] CLASSIC R2_2_7 run8 -> veh=4 dist=2480.69 cpu=45.8381s valid=1
[729/1200] QLEARNING R2_2_7 run2 -> veh=4 dist=2487.46 cpu=41.3985s valid=1
[730/1200] QLEARNING R2_2_7 run1 -> veh=4 dist=2479.18 cpu=41.5929s valid=1
[731/1200] CLASSIC R2_2_7 run10 -> veh=4 dist=2515.16 cpu=45.3708s valid=1
[732/1200] CLASSIC R2_2_7 run9 -> veh=4 dist=2502.31 cpu=45.9883s valid=1
[733/1200] QLEARNING R2_2_7 run3 -> veh=4 dist=2477.49 cpu=40.2703s valid=1
[734/1200] QLEARNING R2_2_7 run5 -> veh=4 dist=2475.89 cpu=40.8594s valid=1
[735/1200] QLEARNING R2_2_7 run4 -> veh=4 dist=2470.53 cpu=41.3503s valid=1
[736/1200] QLEARNING R2_2_7 run6 -> veh=4 dist=2478 cpu=40.3934s valid=1
[737/1200] QLEARNING R2_2_7 run8 -> veh=4 dist=2483.44 cpu=40.3594s valid=1
[738/1200] QLEARNING R2_2_7 run7 -> veh=4 dist=2470.16 cpu=40.6661s valid=1
[739/1200] QLEARNING R2_2_7 run10 -> veh=4 dist=2482.94 cpu=41.3867s valid=1
[740/1200] QLEARNING R2_2_7 run9 -> veh=4 dist=2481.33 cpu=41.7457s valid=1
[741/1200] CLASSIC R2_2_9 run2 -> veh=4 dist=3196.5 cpu=27.2355s valid=1
[742/1200] CLASSIC R2_2_9 run1 -> veh=4 dist=3163.26 cpu=27.3914s valid=1
[743/1200] QLEARNING R2_2_8 run1 -> veh=4 dist=1852.77 cpu=49.298s valid=1
[744/1200] QLEARNING R2_2_8 run2 -> veh=4 dist=1859.17 cpu=47.826s valid=1
[745/1200] CLASSIC R2_2_9 run3 -> veh=4 dist=3147.06 cpu=27.3258s valid=1
[746/1200] CLASSIC R2_2_9 run4 -> veh=4 dist=3193.23 cpu=27.9732s valid=1
[747/1200] CLASSIC R2_2_8 run1 -> veh=4 dist=1880.05 cpu=57.5462s valid=1
[748/1200] CLASSIC R2_2_8 run2 -> veh=4 dist=1903.53 cpu=58.004s valid=1
[749/1200] CLASSIC R2_2_8 run5 -> veh=4 dist=1888.37 cpu=58.157s valid=1
[750/1200] CLASSIC R2_2_8 run4 -> veh=4 dist=1873.2 cpu=58.6363s valid=1
[751/1200] CLASSIC R2_2_8 run7 -> veh=4 dist=1859.67 cpu=58.3853s valid=1
[752/1200] CLASSIC R2_2_8 run3 -> veh=4 dist=1859.17 cpu=59.0779s valid=1
[753/1200] CLASSIC R2_2_8 run6 -> veh=4 dist=1853.31 cpu=59.0605s valid=1
[754/1200] CLASSIC R2_2_8 run10 -> veh=4 dist=1853.26 cpu=57.4668s valid=1
[755/1200] CLASSIC R2_2_8 run8 -> veh=4 dist=1887.19 cpu=59.0684s valid=1
[756/1200] CLASSIC R2_2_8 run9 -> veh=4 dist=1858.42 cpu=59.2119s valid=1
[757/1200] QLEARNING R2_2_8 run3 -> veh=4 dist=1850.85 cpu=48.5011s valid=1
[758/1200] CLASSIC R2_2_9 run5 -> veh=4 dist=3175.36 cpu=27.1426s valid=1
[759/1200] QLEARNING R2_2_8 run5 -> veh=4 dist=1850.52 cpu=48.114s valid=1
[760/1200] CLASSIC R2_2_9 run8 -> veh=4 dist=3192.73 cpu=26.869s valid=1
[761/1200] QLEARNING R2_2_8 run4 -> veh=4 dist=1861.35 cpu=49.4592s valid=1
[762/1200] CLASSIC R2_2_9 run7 -> veh=4 dist=3154.24 cpu=27.317s valid=1
[763/1200] CLASSIC R2_2_9 run6 -> veh=4 dist=3180.32 cpu=27.7144s valid=1
[764/1200] QLEARNING R2_2_8 run7 -> veh=4 dist=1857.16 cpu=49.2161s valid=1
[765/1200] CLASSIC R2_2_9 run9 -> veh=4 dist=3223.21 cpu=26.388s valid=1
[766/1200] QLEARNING R2_2_9 run1 -> veh=4 dist=3149.57 cpu=24.8244s valid=1
[767/1200] QLEARNING R2_2_9 run2 -> veh=4 dist=3169.15 cpu=25.1051s valid=1
[768/1200] CLASSIC R2_2_9 run10 -> veh=4 dist=3199.15 cpu=27.551s valid=1
[769/1200] QLEARNING R2_2_8 run6 -> veh=4 dist=1855.08 cpu=51.4748s valid=1
[770/1200] QLEARNING R2_2_8 run8 -> veh=4 dist=1855.87 cpu=49.0508s valid=1
[771/1200] QLEARNING R2_2_8 run9 -> veh=4 dist=1855.96 cpu=51.3375s valid=1
[772/1200] QLEARNING R2_2_8 run10 -> veh=4 dist=1882.19 cpu=51.3379s valid=1
[773/1200] QLEARNING R2_2_9 run3 -> veh=4 dist=3166.04 cpu=24.7842s valid=1
[774/1200] QLEARNING R2_2_9 run4 -> veh=4 dist=3164.4 cpu=25.2734s valid=1
[775/1200] CLASSIC RC1_2_1 run1 -> veh=19 dist=3643.37 cpu=8.12936s valid=1
[776/1200] QLEARNING R2_2_9 run5 -> veh=4 dist=3169.42 cpu=24.628s valid=1
[777/1200] CLASSIC RC1_2_1 run2 -> veh=19 dist=3692.99 cpu=8.07494s valid=1
[778/1200] QLEARNING R2_2_9 run6 -> veh=4 dist=3106.64 cpu=25.4167s valid=1
[779/1200] QLEARNING R2_2_9 run7 -> veh=4 dist=3174.13 cpu=24.9016s valid=1
[780/1200] QLEARNING R2_2_9 run8 -> veh=4 dist=3163.52 cpu=25.1201s valid=1
[781/1200] CLASSIC RC1_2_1 run3 -> veh=19 dist=3719.86 cpu=8.06952s valid=1
[782/1200] CLASSIC RC1_2_1 run4 -> veh=19 dist=3709.42 cpu=8.07394s valid=1
[783/1200] CLASSIC RC1_2_1 run5 -> veh=19 dist=3694.51 cpu=7.99118s valid=1
[784/1200] QLEARNING R2_2_9 run9 -> veh=4 dist=3150.46 cpu=25.2109s valid=1
[785/1200] CLASSIC RC1_2_1 run6 -> veh=19 dist=3715.43 cpu=8.21388s valid=1
[786/1200] QLEARNING R2_2_9 run10 -> veh=4 dist=3162.4 cpu=25.167s valid=1
[787/1200] CLASSIC RC1_2_1 run7 -> veh=19 dist=3730.42 cpu=8.15634s valid=1
[788/1200] CLASSIC RC1_2_1 run8 -> veh=19 dist=3683.32 cpu=7.85069s valid=1
[789/1200] CLASSIC RC1_2_1 run9 -> veh=19 dist=3696.68 cpu=8.18916s valid=1
[790/1200] CLASSIC RC1_2_1 run10 -> veh=19 dist=3705.43 cpu=8.05698s valid=1
[791/1200] QLEARNING RC1_2_1 run1 -> veh=19 dist=3632.18 cpu=9.59775s valid=1
[792/1200] QLEARNING RC1_2_1 run2 -> veh=18 dist=3999.44 cpu=9.36682s valid=1
[793/1200] QLEARNING RC1_2_1 run3 -> veh=18 dist=3935.58 cpu=8.97157s valid=1
[794/1200] QLEARNING RC1_2_1 run4 -> veh=19 dist=3643.94 cpu=9.61785s valid=1
[795/1200] CLASSIC R2_2_10 run1 -> veh=4 dist=2767.43 cpu=32.0963s valid=1
[796/1200] CLASSIC R2_2_10 run2 -> veh=4 dist=2729.76 cpu=32.4253s valid=1
[797/1200] CLASSIC R2_2_10 run3 -> veh=4 dist=2761.13 cpu=32.5243s valid=1
[798/1200] CLASSIC R2_2_10 run6 -> veh=4 dist=2723.62 cpu=31.3631s valid=1
[799/1200] CLASSIC R2_2_10 run5 -> veh=4 dist=2724.4 cpu=32.0375s valid=1
[800/1200] CLASSIC R2_2_10 run4 -> veh=4 dist=2732.2 cpu=32.2448s valid=1
[801/1200] QLEARNING RC1_2_1 run5 -> veh=19 dist=3682.02 cpu=9.6066s valid=1
[802/1200] QLEARNING R2_2_10 run1 -> veh=4 dist=2682.64 cpu=28.0445s valid=1
[803/1200] QLEARNING RC1_2_1 run6 -> veh=19 dist=3636.72 cpu=9.70081s valid=1
[804/1200] QLEARNING R2_2_10 run3 -> veh=4 dist=2699.44 cpu=28.2424s valid=1
[805/1200] CLASSIC RC1_2_2 run1 -> veh=18 dist=3929.79 cpu=7.98182s valid=1
[806/1200] CLASSIC R2_2_10 run7 -> veh=4 dist=2725.54 cpu=32.3623s valid=1
[807/1200] QLEARNING RC1_2_1 run8 -> veh=19 dist=3662.24 cpu=9.63825s valid=1
[808/1200] QLEARNING RC1_2_1 run7 -> veh=19 dist=3577.65 cpu=9.69398s valid=1
[809/1200] CLASSIC RC1_2_2 run2 -> veh=18 dist=3697.79 cpu=7.54126s valid=1
[810/1200] QLEARNING R2_2_10 run2 -> veh=4 dist=2706.97 cpu=28.7228s valid=1
[811/1200] QLEARNING RC1_2_1 run9 -> veh=19 dist=3641.89 cpu=9.68177s valid=1
[812/1200] QLEARNING R2_2_10 run4 -> veh=4 dist=2678.86 cpu=28.9335s valid=1
[813/1200] QLEARNING RC1_2_1 run10 -> veh=19 dist=3638.73 cpu=9.4376s valid=1
[814/1200] CLASSIC R2_2_10 run8 -> veh=4 dist=2666.92 cpu=32.3759s valid=1
[815/1200] CLASSIC R2_2_10 run9 -> veh=4 dist=2735.65 cpu=31.6642s valid=1
[816/1200] CLASSIC R2_2_10 run10 -> veh=4 dist=2717.75 cpu=31.1781s valid=1
[817/1200] QLEARNING R2_2_10 run7 -> veh=4 dist=2707.53 cpu=29.1483s valid=1
[818/1200] QLEARNING R2_2_10 run6 -> veh=4 dist=2672.72 cpu=29.3758s valid=1
[819/1200] QLEARNING R2_2_10 run5 -> veh=4 dist=2694.23 cpu=30.0427s valid=1
[820/1200] QLEARNING R2_2_10 run8 -> veh=4 dist=2716.19 cpu=29.5532s valid=1
[821/1200] QLEARNING R2_2_10 run9 -> veh=4 dist=2703.34 cpu=29.2588s valid=1
[822/1200] CLASSIC RC1_2_2 run3 -> veh=18 dist=3683.44 cpu=8.46492s valid=1
[823/1200] QLEARNING R2_2_10 run10 -> veh=4 dist=2728.35 cpu=29.03s valid=1
[824/1200] CLASSIC RC1_2_2 run4 -> veh=18 dist=3684.33 cpu=8.33027s valid=1
[825/1200] CLASSIC RC1_2_2 run5 -> veh=18 dist=3830.49 cpu=8.74673s valid=1
[826/1200] CLASSIC RC1_2_2 run6 -> veh=18 dist=3741.03 cpu=7.83452s valid=1
[827/1200] CLASSIC RC1_2_2 run7 -> veh=18 dist=3529.16 cpu=7.82039s valid=1
[828/1200] CLASSIC RC1_2_2 run9 -> veh=18 dist=3740.9 cpu=7.49123s valid=1
[829/1200] CLASSIC RC1_2_2 run10 -> veh=18 dist=3558.62 cpu=8.23687s valid=1
[830/1200] CLASSIC RC1_2_2 run8 -> veh=18 dist=3697.03 cpu=8.2509s valid=1
[831/1200] QLEARNING RC1_2_2 run2 -> veh=18 dist=3564.02 cpu=8.84006s valid=1
[832/1200] QLEARNING RC1_2_2 run3 -> veh=18 dist=3690.09 cpu=8.75369s valid=1
[833/1200] QLEARNING RC1_2_2 run1 -> veh=18 dist=3705.93 cpu=9.53779s valid=1
[834/1200] QLEARNING RC1_2_2 run4 -> veh=18 dist=3551.05 cpu=9.18046s valid=1
[835/1200] QLEARNING RC1_2_2 run6 -> veh=18 dist=3744.66 cpu=8.91517s valid=1
[836/1200] QLEARNING RC1_2_2 run5 -> veh=18 dist=3667.95 cpu=9.10602s valid=1
[837/1200] QLEARNING RC1_2_2 run7 -> veh=18 dist=3647.11 cpu=9.00509s valid=1
[838/1200] QLEARNING RC1_2_2 run10 -> veh=18 dist=3611.27 cpu=9.33718s valid=1
[839/1200] QLEARNING RC1_2_2 run9 -> veh=18 dist=3485.12 cpu=9.4123s valid=1
[840/1200] CLASSIC RC1_2_3 run2 -> veh=18 dist=3627.65 cpu=9.67782s valid=1
[841/1200] CLASSIC RC1_2_3 run1 -> veh=18 dist=3717.85 cpu=9.80908s valid=1
[842/1200] CLASSIC RC1_2_3 run8 -> veh=18 dist=3526.54 cpu=9.21849s valid=1
[843/1200] QLEARNING RC1_2_2 run8 -> veh=18 dist=3668.36 cpu=10.7631s valid=1
[844/1200] CLASSIC RC1_2_3 run3 -> veh=18 dist=3559.01 cpu=10.219s valid=1
[845/1200] CLASSIC RC1_2_3 run4 -> veh=18 dist=3468.24 cpu=10.026s valid=1
[846/1200] CLASSIC RC1_2_3 run7 -> veh=18 dist=3604.41 cpu=9.54439s valid=1
[847/1200] CLASSIC RC1_2_3 run5 -> veh=18 dist=3632.21 cpu=9.94627s valid=1
[848/1200] CLASSIC RC1_2_3 run9 -> veh=18 dist=3633.89 cpu=9.70044s valid=1
[849/1200] CLASSIC RC1_2_3 run6 -> veh=18 dist=3648.64 cpu=10.2609s valid=1
[850/1200] CLASSIC RC1_2_3 run10 -> veh=18 dist=3693.17 cpu=9.89913s valid=1
[851/1200] QLEARNING RC1_2_3 run1 -> veh=18 dist=3303.99 cpu=9.91883s valid=1
[852/1200] QLEARNING RC1_2_3 run4 -> veh=18 dist=3295.11 cpu=9.99269s valid=1
[853/1200] QLEARNING RC1_2_3 run2 -> veh=18 dist=3304.67 cpu=10.6425s valid=1
[854/1200] QLEARNING RC1_2_3 run5 -> veh=18 dist=3386.68 cpu=10.4313s valid=1
[855/1200] QLEARNING RC1_2_3 run3 -> veh=18 dist=3323.76 cpu=11.0728s valid=1
[856/1200] QLEARNING RC1_2_3 run6 -> veh=18 dist=3196.75 cpu=10.3721s valid=1
[857/1200] QLEARNING RC1_2_3 run8 -> veh=18 dist=3258.2 cpu=9.50664s valid=1
[858/1200] QLEARNING RC1_2_3 run7 -> veh=18 dist=3288 cpu=11.2567s valid=1
[859/1200] QLEARNING RC1_2_3 run10 -> veh=18 dist=3258.36 cpu=9.63594s valid=1
[860/1200] QLEARNING RC1_2_3 run9 -> veh=18 dist=3325.33 cpu=10.6193s valid=1
[861/1200] CLASSIC RC1_2_4 run1 -> veh=18 dist=3490.66 cpu=12.5316s valid=1
[862/1200] CLASSIC RC1_2_4 run2 -> veh=18 dist=3370.87 cpu=12.7366s valid=1
[863/1200] CLASSIC RC1_2_4 run3 -> veh=18 dist=3342.67 cpu=13.0661s valid=1
[864/1200] CLASSIC RC1_2_4 run6 -> veh=18 dist=3349.83 cpu=11.981s valid=1
[865/1200] CLASSIC RC1_2_4 run4 -> veh=18 dist=3400.22 cpu=12.558s valid=1
[866/1200] CLASSIC RC1_2_4 run5 -> veh=18 dist=3368.45 cpu=12.5962s valid=1
[867/1200] CLASSIC RC1_2_4 run7 -> veh=18 dist=3540.48 cpu=12.0655s valid=1
[868/1200] QLEARNING RC1_2_4 run1 -> veh=18 dist=3144.21 cpu=11.2602s valid=1
[869/1200] QLEARNING RC1_2_4 run2 -> veh=18 dist=3068.64 cpu=11.426s valid=1
[870/1200] CLASSIC RC1_2_5 run1 -> veh=19 dist=3591.02 cpu=9.76795s valid=1
[871/1200] CLASSIC RC1_2_5 run2 -> veh=19 dist=3571.23 cpu=9.80299s valid=1
[872/1200] CLASSIC RC1_2_4 run8 -> veh=18 dist=3315.64 cpu=12.6288s valid=1
[873/1200] CLASSIC RC1_2_5 run7 -> veh=18 dist=4087.67 cpu=8.12599s valid=1
[874/1200] CLASSIC RC1_2_5 run3 -> veh=19 dist=3641.66 cpu=9.6309s valid=1
[875/1200] CLASSIC RC1_2_4 run10 -> veh=18 dist=3298.74 cpu=12.2438s valid=1
[876/1200] CLASSIC RC1_2_4 run9 -> veh=18 dist=3463.25 cpu=12.7761s valid=1
[877/1200] QLEARNING RC1_2_4 run6 -> veh=18 dist=3124.23 cpu=10.972s valid=1
[878/1200] QLEARNING RC1_2_4 run3 -> veh=18 dist=3153.81 cpu=11.8254s valid=1
[879/1200] QLEARNING RC1_2_4 run5 -> veh=18 dist=3141.24 cpu=11.2998s valid=1
[880/1200] QLEARNING RC1_2_4 run10 -> veh=18 dist=3138.17 cpu=10.6483s valid=1
[881/1200] CLASSIC RC1_2_5 run4 -> veh=18 dist=4400.7 cpu=9.63596s valid=1
[882/1200] CLASSIC RC1_2_5 run9 -> veh=18 dist=3909.87 cpu=7.67201s valid=1
[883/1200] QLEARNING RC1_2_4 run7 -> veh=18 dist=3133.12 cpu=11.573s valid=1
[884/1200] QLEARNING RC1_2_4 run4 -> veh=18 dist=3081.78 cpu=11.7894s valid=1
[885/1200] QLEARNING RC1_2_4 run8 -> veh=18 dist=3071.01 cpu=11.5252s valid=1
[886/1200] CLASSIC RC1_2_5 run5 -> veh=19 dist=3579.32 cpu=9.75674s valid=1
[887/1200] QLEARNING RC1_2_4 run9 -> veh=18 dist=3093.72 cpu=11.7439s valid=1
[888/1200] CLASSIC RC1_2_5 run10 -> veh=18 dist=3962.01 cpu=7.99738s valid=1
[889/1200] CLASSIC RC1_2_5 run6 -> veh=19 dist=3550.62 cpu=9.72512s valid=1
[890/1200] CLASSIC RC1_2_5 run8 -> veh=19 dist=3549.27 cpu=9.80491s valid=1
[891/1200] QLEARNING RC1_2_5 run1 -> veh=18 dist=3727.73 cpu=8.45321s valid=1
[892/1200] QLEARNING RC1_2_5 run2 -> veh=18 dist=3957.22 cpu=9.63035s valid=1
[893/1200] CLASSIC RC1_2_6 run6 -> veh=18 dist=3806.32 cpu=5.63579s valid=1
[894/1200] CLASSIC RC1_2_6 run4 -> veh=18 dist=3944.87 cpu=6.01122s valid=1
[895/1200] QLEARNING RC1_2_5 run3 -> veh=18 dist=3894 cpu=8.10109s valid=1
[896/1200] CLASSIC RC1_2_6 run1 -> veh=18 dist=3813.58 cpu=6.97345s valid=1
[897/1200] CLASSIC RC1_2_6 run5 -> veh=18 dist=3666.88 cpu=6.75673s valid=1
[898/1200] QLEARNING RC1_2_5 run6 -> veh=18 dist=3765.58 cpu=8.08223s valid=1
[899/1200] CLASSIC RC1_2_6 run9 -> veh=18 dist=3854.93 cpu=6.99418s valid=1
[900/1200] QLEARNING RC1_2_6 run3 -> veh=18 dist=3821.79 cpu=6.48003s valid=1
[901/1200] CLASSIC RC1_2_6 run2 -> veh=18 dist=3908.3 cpu=7.59574s valid=1
[902/1200] CLASSIC RC1_2_6 run8 -> veh=18 dist=3825.97 cpu=7.43209s valid=1
[903/1200] QLEARNING RC1_2_5 run9 -> veh=18 dist=3682.38 cpu=8.74952s valid=1
[904/1200] CLASSIC RC1_2_6 run7 -> veh=18 dist=3835.38 cpu=7.88454s valid=1
[905/1200] CLASSIC RC1_2_6 run3 -> veh=18 dist=3846.5 cpu=8.38295s valid=1
[906/1200] QLEARNING RC1_2_6 run5 -> veh=18 dist=3763.62 cpu=7.923s valid=1
[907/1200] QLEARNING RC1_2_5 run7 -> veh=18 dist=3897.86 cpu=9.8092s valid=1
[908/1200] CLASSIC RC1_2_6 run10 -> veh=18 dist=3979.35 cpu=8.91051s valid=1
[909/1200] QLEARNING RC1_2_5 run4 -> veh=19 dist=3473.62 cpu=11.23s valid=1
[910/1200] QLEARNING RC1_2_6 run4 -> veh=18 dist=3716.24 cpu=8.52109s valid=1
[911/1200] QLEARNING RC1_2_6 run10 -> veh=18 dist=3684.68 cpu=7.88539s valid=1
[912/1200] QLEARNING RC1_2_6 run7 -> veh=18 dist=3662.88 cpu=8.67683s valid=1
[913/1200] QLEARNING RC1_2_6 run8 -> veh=18 dist=3667.7 cpu=8.87106s valid=1
[914/1200] QLEARNING RC1_2_5 run5 -> veh=19 dist=3484.69 cpu=11.015s valid=1
[915/1200] QLEARNING RC1_2_6 run1 -> veh=18 dist=3714.71 cpu=9.55202s valid=1
[916/1200] QLEARNING RC1_2_6 run9 -> veh=18 dist=3662.19 cpu=8.89891s valid=1
[917/1200] QLEARNING RC1_2_6 run2 -> veh=18 dist=3803.43 cpu=9.60299s valid=1
[918/1200] CLASSIC RC1_2_7 run3 -> veh=18 dist=3884.29 cpu=7.65023s valid=1
[919/1200] QLEARNING RC1_2_5 run10 -> veh=19 dist=3504.99 cpu=11.0833s valid=1
[920/1200] CLASSIC RC1_2_7 run2 -> veh=18 dist=3732.31 cpu=8.34089s valid=1
[921/1200] QLEARNING RC1_2_6 run6 -> veh=18 dist=3762.18 cpu=9.54728s valid=1
[922/1200] QLEARNING RC1_2_5 run8 -> veh=19 dist=3509.58 cpu=11.2095s valid=1
[923/1200] CLASSIC RC1_2_7 run1 -> veh=18 dist=3698.09 cpu=9.1541s valid=1
[924/1200] CLASSIC RC1_2_7 run4 -> veh=18 dist=3772.36 cpu=7.46366s valid=1
[925/1200] CLASSIC RC1_2_7 run6 -> veh=18 dist=3853.03 cpu=6.3878s valid=1
[926/1200] CLASSIC RC1_2_7 run5 -> veh=18 dist=3867.29 cpu=7.01s valid=1
[927/1200] CLASSIC RC1_2_7 run8 -> veh=18 dist=3854.78 cpu=6.70289s valid=1
[928/1200] CLASSIC RC1_2_7 run9 -> veh=18 dist=3944.6 cpu=7.53438s valid=1
[929/1200] QLEARNING RC1_2_7 run4 -> veh=18 dist=3736.46 cpu=7.92663s valid=1
[930/1200] QLEARNING RC1_2_7 run3 -> veh=18 dist=3696.75 cpu=8.2616s valid=1
[931/1200] CLASSIC RC1_2_8 run6 -> veh=18 dist=3705.64 cpu=6.0316s valid=1
[932/1200] QLEARNING RC1_2_7 run2 -> veh=18 dist=3652.41 cpu=8.84539s valid=1
[933/1200] CLASSIC RC1_2_7 run7 -> veh=18 dist=3930.9 cpu=10.1296s valid=1
[934/1200] QLEARNING RC1_2_7 run1 -> veh=18 dist=3621.27 cpu=9.19332s valid=1
[935/1200] CLASSIC RC1_2_8 run4 -> veh=18 dist=3588.29 cpu=6.91569s valid=1
[936/1200] CLASSIC RC1_2_8 run2 -> veh=18 dist=3519.68 cpu=7.20602s valid=1
[937/1200] CLASSIC RC1_2_7 run10 -> veh=18 dist=3514.8 cpu=9.46622s valid=1
[938/1200] QLEARNING RC1_2_7 run6 -> veh=18 dist=3584.66 cpu=8.54448s valid=1
[939/1200] QLEARNING RC1_2_7 run5 -> veh=18 dist=3720.09 cpu=9.26572s valid=1
[940/1200] CLASSIC RC1_2_8 run1 -> veh=18 dist=3555.66 cpu=8.00556s valid=1
[941/1200] CLASSIC RC1_2_8 run7 -> veh=18 dist=3715.65 cpu=7.30999s valid=1
[942/1200] CLASSIC RC1_2_8 run9 -> veh=18 dist=3609.35 cpu=7.34658s valid=1
[943/1200] CLASSIC RC1_2_8 run3 -> veh=18 dist=3593.61 cpu=7.98404s valid=1
[944/1200] CLASSIC RC1_2_8 run8 -> veh=18 dist=3577.47 cpu=7.69567s valid=1
[945/1200] CLASSIC RC1_2_8 run10 -> veh=18 dist=3651.62 cpu=7.59214s valid=1
[946/1200] QLEARNING RC1_2_7 run7 -> veh=18 dist=3483.63 cpu=9.87904s valid=1
[947/1200] CLASSIC RC1_2_8 run5 -> veh=18 dist=3695.76 cpu=8.19489s valid=1
[948/1200] QLEARNING RC1_2_7 run8 -> veh=18 dist=3595.06 cpu=9.51064s valid=1
[949/1200] QLEARNING RC1_2_7 run10 -> veh=18 dist=3637.4 cpu=9.26379s valid=1
[950/1200] QLEARNING RC1_2_8 run2 -> veh=18 dist=3382.88 cpu=8.33417s valid=1
[951/1200] QLEARNING RC1_2_7 run9 -> veh=18 dist=3573.36 cpu=10.6037s valid=1
[952/1200] QLEARNING RC1_2_8 run1 -> veh=18 dist=3416.87 cpu=9.12903s valid=1
[953/1200] QLEARNING RC1_2_8 run3 -> veh=18 dist=3463.99 cpu=9.22127s valid=1
[954/1200] QLEARNING RC1_2_8 run4 -> veh=18 dist=3352.99 cpu=9.48896s valid=1
[955/1200] QLEARNING RC1_2_8 run5 -> veh=18 dist=3512.74 cpu=9.37901s valid=1
[956/1200] QLEARNING RC1_2_8 run6 -> veh=18 dist=3279.63 cpu=9.1629s valid=1
[957/1200] QLEARNING RC1_2_8 run7 -> veh=18 dist=3458.88 cpu=8.77567s valid=1
[958/1200] CLASSIC RC1_2_9 run1 -> veh=18 dist=3728.8 cpu=6.29567s valid=1
[959/1200] QLEARNING RC1_2_8 run9 -> veh=18 dist=3480.18 cpu=9.0595s valid=1
[960/1200] QLEARNING RC1_2_8 run8 -> veh=18 dist=3415.14 cpu=9.77836s valid=1
[961/1200] CLASSIC RC1_2_9 run9 -> veh=18 dist=3815.77 cpu=6.18711s valid=1
[962/1200] CLASSIC RC1_2_9 run2 -> veh=18 dist=3515.35 cpu=7.31941s valid=1
[963/1200] CLASSIC RC1_2_9 run3 -> veh=18 dist=3554.2 cpu=6.92639s valid=1
[964/1200] CLASSIC RC1_2_9 run10 -> veh=18 dist=3584.26 cpu=6.71378s valid=1
[965/1200] CLASSIC RC1_2_9 run5 -> veh=18 dist=3518.33 cpu=7.20306s valid=1
[966/1200] CLASSIC RC1_2_9 run4 -> veh=18 dist=3483.78 cpu=7.43935s valid=1
[967/1200] CLASSIC RC1_2_9 run7 -> veh=18 dist=3651.73 cpu=7.17468s valid=1
[968/1200] QLEARNING RC1_2_8 run10 -> veh=18 dist=3374.23 cpu=9.37542s valid=1
[969/1200] CLASSIC RC1_2_9 run8 -> veh=18 dist=3485.67 cpu=7.45017s valid=1
[970/1200] CLASSIC RC1_2_9 run6 -> veh=18 dist=3460.54 cpu=7.88874s valid=1
[971/1200] QLEARNING RC1_2_9 run1 -> veh=18 dist=3665.31 cpu=7.2873s valid=1
[972/1200] CLASSIC RC1_2_10 run1 -> veh=18 dist=3464.59 cpu=6.84786s valid=1
[973/1200] QLEARNING RC1_2_9 run2 -> veh=18 dist=3424.72 cpu=8.09799s valid=1
[974/1200] QLEARNING RC1_2_9 run5 -> veh=18 dist=3312.06 cpu=7.88283s valid=1
[975/1200] QLEARNING RC1_2_9 run3 -> veh=18 dist=3431.67 cpu=7.95313s valid=1
[976/1200] CLASSIC RC1_2_10 run2 -> veh=18 dist=3562.87 cpu=7.17097s valid=1
[977/1200] QLEARNING RC1_2_9 run4 -> veh=18 dist=3400.4 cpu=8.54525s valid=1
[978/1200] QLEARNING RC1_2_9 run6 -> veh=18 dist=3445.68 cpu=8.6241s valid=1
[979/1200] QLEARNING RC1_2_9 run7 -> veh=18 dist=3386.62 cpu=8.72669s valid=1
[980/1200] CLASSIC RC1_2_10 run3 -> veh=18 dist=3631.38 cpu=7.65974s valid=1
[981/1200] QLEARNING RC1_2_9 run9 -> veh=18 dist=3335.88 cpu=8.97811s valid=1
[982/1200] QLEARNING RC1_2_9 run10 -> veh=18 dist=3470.3 cpu=8.85873s valid=1
[983/1200] CLASSIC RC1_2_10 run6 -> veh=18 dist=3636.58 cpu=7.31204s valid=1
[984/1200] QLEARNING RC1_2_9 run8 -> veh=18 dist=3422.97 cpu=9.08594s valid=1
[985/1200] CLASSIC RC1_2_10 run5 -> veh=18 dist=3455.39 cpu=7.62605s valid=1
[986/1200] CLASSIC RC1_2_10 run4 -> veh=18 dist=3460.55 cpu=7.8367s valid=1
[987/1200] CLASSIC RC1_2_10 run7 -> veh=18 dist=3657.58 cpu=8.02631s valid=1
[988/1200] CLASSIC RC1_2_10 run9 -> veh=18 dist=3739.6 cpu=7.09285s valid=1
[989/1200] CLASSIC RC1_2_10 run8 -> veh=18 dist=3718.65 cpu=7.90516s valid=1
[990/1200] CLASSIC RC1_2_10 run10 -> veh=18 dist=3640.01 cpu=7.29742s valid=1
[991/1200] QLEARNING RC1_2_10 run3 -> veh=18 dist=3336.29 cpu=8.10318s valid=1
[992/1200] QLEARNING RC1_2_10 run2 -> veh=18 dist=3337.09 cpu=8.54122s valid=1
[993/1200] QLEARNING RC1_2_10 run1 -> veh=18 dist=3307.34 cpu=8.71102s valid=1
[994/1200] QLEARNING RC1_2_10 run6 -> veh=18 dist=3339.64 cpu=8.4423s valid=1
[995/1200] QLEARNING RC1_2_10 run9 -> veh=18 dist=3245.43 cpu=8.5227s valid=1
[996/1200] QLEARNING RC1_2_10 run8 -> veh=18 dist=3282.57 cpu=8.67932s valid=1
[997/1200] QLEARNING RC1_2_10 run5 -> veh=18 dist=3281.13 cpu=9.3115s valid=1
[998/1200] QLEARNING RC1_2_10 run4 -> veh=18 dist=3281.99 cpu=9.34245s valid=1
[999/1200] QLEARNING RC1_2_10 run7 -> veh=18 dist=3360.5 cpu=9.06409s valid=1
[1000/1200] QLEARNING RC1_2_10 run10 -> veh=18 dist=3400.56 cpu=8.83162s valid=1
[1001/1200] CLASSIC RC2_2_1 run1 -> veh=6 dist=3243.06 cpu=15.7679s valid=1
[1002/1200] CLASSIC RC2_2_1 run3 -> veh=6 dist=3273.83 cpu=15.429s valid=1
[1003/1200] CLASSIC RC2_2_1 run2 -> veh=6 dist=3219.61 cpu=15.7382s valid=1
[1004/1200] CLASSIC RC2_2_1 run5 -> veh=6 dist=3158.49 cpu=15.6369s valid=1
[1005/1200] CLASSIC RC2_2_1 run4 -> veh=6 dist=3265.06 cpu=15.602s valid=1
[1006/1200] CLASSIC RC2_2_1 run6 -> veh=6 dist=3274.66 cpu=15.6475s valid=1
[1007/1200] CLASSIC RC2_2_1 run7 -> veh=6 dist=3216.98 cpu=15.6714s valid=1
[1008/1200] CLASSIC RC2_2_1 run8 -> veh=6 dist=3262.25 cpu=15.2962s valid=1
[1009/1200] CLASSIC RC2_2_1 run9 -> veh=6 dist=3263.48 cpu=15.4857s valid=1
[1010/1200] QLEARNING RC2_2_1 run1 -> veh=6 dist=3236.39 cpu=15.0727s valid=1
[1011/1200] CLASSIC RC2_2_1 run10 -> veh=6 dist=3210.64 cpu=15.2926s valid=1
[1012/1200] QLEARNING RC2_2_1 run2 -> veh=6 dist=3216.11 cpu=14.8357s valid=1
[1013/1200] QLEARNING RC2_2_1 run5 -> veh=6 dist=3237.69 cpu=15.1021s valid=1
[1014/1200] QLEARNING RC2_2_1 run4 -> veh=6 dist=3166.74 cpu=14.8041s valid=1
[1015/1200] QLEARNING RC2_2_1 run3 -> veh=6 dist=3170.63 cpu=15.2123s valid=1
[1016/1200] QLEARNING RC2_2_1 run7 -> veh=6 dist=3139.4 cpu=15.0611s valid=1
[1017/1200] QLEARNING RC2_2_1 run6 -> veh=6 dist=3219.68 cpu=15.3822s valid=1
[1018/1200] QLEARNING RC2_2_1 run8 -> veh=6 dist=3230.03 cpu=15.2267s valid=1
[1019/1200] QLEARNING RC2_2_1 run10 -> veh=6 dist=3249.61 cpu=14.8432s valid=1
[1020/1200] QLEARNING RC2_2_1 run9 -> veh=6 dist=3176.05 cpu=15.3344s valid=1
[1021/1200] CLASSIC RC2_2_2 run1 -> veh=5 dist=2951.3 cpu=27.1758s valid=1
[1022/1200] CLASSIC RC2_2_2 run2 -> veh=5 dist=2989.17 cpu=27.3387s valid=1
[1023/1200] CLASSIC RC2_2_2 run3 -> veh=5 dist=2909.6 cpu=26.5562s valid=1
[1024/1200] CLASSIC RC2_2_2 run5 -> veh=5 dist=2949.4 cpu=26.5696s valid=1
[1025/1200] CLASSIC RC2_2_2 run4 -> veh=5 dist=2965.56 cpu=27.3503s valid=1
[1026/1200] CLASSIC RC2_2_2 run6 -> veh=5 dist=2948.37 cpu=26.7438s valid=1
[1027/1200] CLASSIC RC2_2_2 run9 -> veh=5 dist=2924.56 cpu=26.9314s valid=1
[1028/1200] CLASSIC RC2_2_2 run7 -> veh=5 dist=2932.58 cpu=27.0058s valid=1
[1029/1200] CLASSIC RC2_2_2 run10 -> veh=5 dist=2957.65 cpu=26.9919s valid=1
[1030/1200] QLEARNING RC2_2_2 run1 -> veh=5 dist=2916.58 cpu=26.8616s valid=1
[1031/1200] CLASSIC RC2_2_2 run8 -> veh=5 dist=2884.21 cpu=27.3519s valid=1
[1032/1200] QLEARNING RC2_2_2 run2 -> veh=5 dist=2887.43 cpu=27.1936s valid=1
[1033/1200] QLEARNING RC2_2_2 run3 -> veh=5 dist=3062.31 cpu=25.6916s valid=1
[1034/1200] QLEARNING RC2_2_2 run4 -> veh=5 dist=2842.53 cpu=26.1489s valid=1
[1035/1200] QLEARNING RC2_2_2 run7 -> veh=5 dist=3013.33 cpu=25.9878s valid=1
[1036/1200] QLEARNING RC2_2_2 run8 -> veh=5 dist=2920.63 cpu=26.2242s valid=1
[1037/1200] QLEARNING RC2_2_2 run5 -> veh=5 dist=2911.21 cpu=27.4793s valid=1
[1038/1200] QLEARNING RC2_2_2 run6 -> veh=5 dist=2941.72 cpu=26.9467s valid=1
[1039/1200] QLEARNING RC2_2_2 run10 -> veh=5 dist=2962.56 cpu=26.6084s valid=1
[1040/1200] QLEARNING RC2_2_2 run9 -> veh=5 dist=2896.41 cpu=27.2175s valid=1
[1041/1200] CLASSIC RC2_2_3 run3 -> veh=4 dist=2695.82 cpu=38.4366s valid=1
[1042/1200] QLEARNING RC2_2_3 run1 -> veh=4 dist=2671.28 cpu=37.1831s valid=1
[1043/1200] CLASSIC RC2_2_3 run6 -> veh=4 dist=2678.68 cpu=38.4159s valid=1
[1044/1200] CLASSIC RC2_2_3 run2 -> veh=4 dist=2679.34 cpu=39.1341s valid=1
[1045/1200] CLASSIC RC2_2_3 run7 -> veh=4 dist=2681.19 cpu=38.5236s valid=1
[1046/1200] CLASSIC RC2_2_3 run1 -> veh=4 dist=2666.02 cpu=39.2868s valid=1
[1047/1200] CLASSIC RC2_2_3 run5 -> veh=4 dist=2641.02 cpu=38.7105s valid=1
[1048/1200] CLASSIC RC2_2_3 run4 -> veh=4 dist=2668.28 cpu=39.0592s valid=1
[1049/1200] CLASSIC RC2_2_3 run9 -> veh=4 dist=2703.01 cpu=38.5986s valid=1
[1050/1200] CLASSIC RC2_2_3 run8 -> veh=4 dist=2675.27 cpu=38.9248s valid=1
[1051/1200] CLASSIC RC2_2_3 run10 -> veh=4 dist=2680.56 cpu=38.7501s valid=1
[1052/1200] QLEARNING RC2_2_3 run2 -> veh=4 dist=2639.58 cpu=38.1567s valid=1
[1053/1200] QLEARNING RC2_2_3 run3 -> veh=5 dist=2439.2 cpu=33.9144s valid=1
[1054/1200] QLEARNING RC2_2_3 run5 -> veh=5 dist=2446.78 cpu=33.6294s valid=1
[1055/1200] QLEARNING RC2_2_3 run7 -> veh=5 dist=2463.8 cpu=34.5888s valid=1
[1056/1200] QLEARNING RC2_2_3 run9 -> veh=5 dist=2434.56 cpu=34.2038s valid=1
[1057/1200] QLEARNING RC2_2_3 run4 -> veh=4 dist=2666.13 cpu=37.8316s valid=1
[1058/1200] QLEARNING RC2_2_3 run8 -> veh=4 dist=2662.21 cpu=35.878s valid=1
[1059/1200] QLEARNING RC2_2_3 run6 -> veh=4 dist=2699.22 cpu=37.0385s valid=1
[1060/1200] QLEARNING RC2_2_3 run10 -> veh=4 dist=2678.93 cpu=36.2304s valid=1
[1061/1200] CLASSIC RC2_2_5 run1 -> veh=5 dist=2857.06 cpu=24.0536s valid=1
[1062/1200] CLASSIC RC2_2_5 run4 -> veh=5 dist=2834.7 cpu=23.2937s valid=1
[1063/1200] CLASSIC RC2_2_5 run2 -> veh=5 dist=2813.39 cpu=24.2019s valid=1
[1064/1200] CLASSIC RC2_2_5 run3 -> veh=5 dist=2838.27 cpu=24.2034s valid=1
[1065/1200] CLASSIC RC2_2_4 run1 -> veh=4 dist=2123.88 cpu=46.9362s valid=1
[1066/1200] CLASSIC RC2_2_4 run4 -> veh=4 dist=2138.22 cpu=46.5647s valid=1
[1067/1200] CLASSIC RC2_2_4 run3 -> veh=4 dist=2099.5 cpu=47.1586s valid=1
[1068/1200] CLASSIC RC2_2_4 run2 -> veh=4 dist=2169.95 cpu=47.3839s valid=1
[1069/1200] QLEARNING RC2_2_4 run1 -> veh=4 dist=2114.51 cpu=41.8906s valid=1
[1070/1200] QLEARNING RC2_2_4 run2 -> veh=4 dist=2133.77 cpu=42.6037s valid=1
[1071/1200] CLASSIC RC2_2_4 run6 -> veh=4 dist=2147.28 cpu=45.7893s valid=1
[1072/1200] CLASSIC RC2_2_4 run5 -> veh=4 dist=2117.04 cpu=47.492s valid=1
[1073/1200] CLASSIC RC2_2_5 run5 -> veh=5 dist=2828.47 cpu=24.059s valid=1
[1074/1200] CLASSIC RC2_2_5 run6 -> veh=5 dist=2825.38 cpu=23.6722s valid=1
[1075/1200] CLASSIC RC2_2_4 run7 -> veh=4 dist=2147.59 cpu=47.834s valid=1
[1076/1200] CLASSIC RC2_2_4 run8 -> veh=4 dist=2163.36 cpu=47.7528s valid=1
[1077/1200] CLASSIC RC2_2_4 run9 -> veh=4 dist=2176.7 cpu=47.5639s valid=1
[1078/1200] CLASSIC RC2_2_4 run10 -> veh=4 dist=2109.73 cpu=47.2919s valid=1
[1079/1200] QLEARNING RC2_2_5 run1 -> veh=5 dist=2760.45 cpu=21.4396s valid=1
[1080/1200] CLASSIC RC2_2_5 run7 -> veh=5 dist=2765.04 cpu=24.0158s valid=1
[1081/1200] CLASSIC RC2_2_5 run8 -> veh=5 dist=2762.86 cpu=23.9058s valid=1
[1082/1200] QLEARNING RC2_2_5 run2 -> veh=5 dist=2764 cpu=22.4919s valid=1
[1083/1200] CLASSIC RC2_2_5 run10 -> veh=5 dist=2764.51 cpu=23.8313s valid=1
[1084/1200] CLASSIC RC2_2_5 run9 -> veh=5 dist=2819.27 cpu=24.1777s valid=1
[1085/1200] QLEARNING RC2_2_4 run3 -> veh=4 dist=2115.37 cpu=41.8092s valid=1
[1086/1200] QLEARNING RC2_2_4 run5 -> veh=4 dist=2114.22 cpu=41.8059s valid=1
[1087/1200] QLEARNING RC2_2_4 run7 -> veh=4 dist=2085.39 cpu=42.1328s valid=1
[1088/1200] QLEARNING RC2_2_4 run4 -> veh=4 dist=2128.91 cpu=42.3902s valid=1
[1089/1200] QLEARNING RC2_2_4 run8 -> veh=4 dist=2107.69 cpu=42.2886s valid=1
[1090/1200] QLEARNING RC2_2_4 run9 -> veh=4 dist=2119.15 cpu=42.6328s valid=1
[1091/1200] QLEARNING RC2_2_4 run6 -> veh=4 dist=2094.38 cpu=43.1034s valid=1
[1092/1200] QLEARNING RC2_2_4 run10 -> veh=4 dist=2092.99 cpu=43.1692s valid=1
[1093/1200] QLEARNING RC2_2_5 run4 -> veh=5 dist=2752.46 cpu=21.7731s valid=1
[1094/1200] QLEARNING RC2_2_5 run3 -> veh=5 dist=2785.06 cpu=22.2969s valid=1
[1095/1200] QLEARNING RC2_2_5 run6 -> veh=5 dist=2768.75 cpu=22.3408s valid=1
[1096/1200] QLEARNING RC2_2_5 run5 -> veh=5 dist=2752.48 cpu=22.5597s valid=1
[1097/1200] QLEARNING RC2_2_5 run10 -> veh=5 dist=2757.51 cpu=22.0527s valid=1
[1098/1200] QLEARNING RC2_2_5 run9 -> veh=5 dist=2772.6 cpu=22.168s valid=1
[1099/1200] QLEARNING RC2_2_5 run8 -> veh=5 dist=2761.58 cpu=22.3959s valid=1
[1100/1200] QLEARNING RC2_2_5 run7 -> veh=5 dist=2795.69 cpu=22.821s valid=1
[1101/1200] CLASSIC RC2_2_6 run1 -> veh=5 dist=2671.42 cpu=21.8972s valid=1
[1102/1200] CLASSIC RC2_2_6 run2 -> veh=5 dist=2719.73 cpu=22.2895s valid=1
[1103/1200] CLASSIC RC2_2_6 run3 -> veh=5 dist=2753.01 cpu=21.4611s valid=1
[1104/1200] CLASSIC RC2_2_6 run4 -> veh=5 dist=2733.41 cpu=22.1691s valid=1
[1105/1200] QLEARNING RC2_2_6 run1 -> veh=5 dist=2697.83 cpu=19.7605s valid=1
[1106/1200] CLASSIC RC2_2_6 run6 -> veh=5 dist=2760.48 cpu=21.6027s valid=1
[1107/1200] CLASSIC RC2_2_6 run5 -> veh=5 dist=2696.82 cpu=22.263s valid=1
[1108/1200] CLASSIC RC2_2_6 run7 -> veh=5 dist=2751.72 cpu=22.0672s valid=1
[1109/1200] CLASSIC RC2_2_6 run10 -> veh=5 dist=2751.44 cpu=22.0462s valid=1
[1110/1200] CLASSIC RC2_2_6 run8 -> veh=5 dist=2659.89 cpu=22.3707s valid=1
[1111/1200] CLASSIC RC2_2_6 run9 -> veh=5 dist=2766.37 cpu=22.2704s valid=1
[1112/1200] QLEARNING RC2_2_6 run2 -> veh=5 dist=2715.67 cpu=20.6908s valid=1
[1113/1200] QLEARNING RC2_2_6 run3 -> veh=5 dist=2688.76 cpu=20.5583s valid=1
[1114/1200] QLEARNING RC2_2_6 run4 -> veh=5 dist=2654.75 cpu=20.6182s valid=1
[1115/1200] QLEARNING RC2_2_6 run6 -> veh=5 dist=2649.39 cpu=20.3359s valid=1
[1116/1200] QLEARNING RC2_2_6 run5 -> veh=5 dist=2668.99 cpu=20.5924s valid=1
[1117/1200] QLEARNING RC2_2_6 run7 -> veh=5 dist=2677.88 cpu=20.0676s valid=1
[1118/1200] QLEARNING RC2_2_6 run8 -> veh=5 dist=2679.3 cpu=20.0378s valid=1
[1119/1200] QLEARNING RC2_2_6 run10 -> veh=5 dist=2652.62 cpu=20.0545s valid=1
[1120/1200] QLEARNING RC2_2_6 run9 -> veh=5 dist=2647.08 cpu=20.5614s valid=1
[1121/1200] CLASSIC RC2_2_7 run1 -> veh=4 dist=2660.23 cpu=28.2767s valid=1
[1122/1200] CLASSIC RC2_2_7 run3 -> veh=4 dist=2619.04 cpu=28.1489s valid=1
[1123/1200] CLASSIC RC2_2_7 run2 -> veh=4 dist=2599.81 cpu=28.4714s valid=1
[1124/1200] CLASSIC RC2_2_7 run4 -> veh=4 dist=2629.1 cpu=28.5219s valid=1
[1125/1200] CLASSIC RC2_2_7 run5 -> veh=4 dist=2580.21 cpu=27.8928s valid=1
[1126/1200] CLASSIC RC2_2_7 run6 -> veh=4 dist=2628.83 cpu=27.996s valid=1
[1127/1200] QLEARNING RC2_2_7 run1 -> veh=4 dist=2586.64 cpu=26.6454s valid=1
[1128/1200] QLEARNING RC2_2_7 run2 -> veh=4 dist=2603.99 cpu=26.5676s valid=1
[1129/1200] CLASSIC RC2_2_7 run8 -> veh=4 dist=2616.47 cpu=27.8142s valid=1
[1130/1200] CLASSIC RC2_2_7 run7 -> veh=4 dist=2610.75 cpu=28.1266s valid=1
[1131/1200] CLASSIC RC2_2_7 run9 -> veh=4 dist=2663.47 cpu=28.0822s valid=1
[1132/1200] CLASSIC RC2_2_7 run10 -> veh=4 dist=2634.21 cpu=28.0849s valid=1
[1133/1200] QLEARNING RC2_2_7 run3 -> veh=4 dist=2603.37 cpu=25.8062s valid=1
[1134/1200] QLEARNING RC2_2_7 run5 -> veh=4 dist=2554.05 cpu=25.7645s valid=1
[1135/1200] QLEARNING RC2_2_7 run4 -> veh=4 dist=2563.73 cpu=26.4986s valid=1
[1136/1200] QLEARNING RC2_2_7 run6 -> veh=4 dist=2699.25 cpu=25.4837s valid=1
[1137/1200] QLEARNING RC2_2_7 run7 -> veh=4 dist=2638.15 cpu=25.915s valid=1
[1138/1200] QLEARNING RC2_2_7 run8 -> veh=4 dist=2600.17 cpu=25.8401s valid=1
[1139/1200] QLEARNING RC2_2_7 run9 -> veh=4 dist=2599.09 cpu=26.3693s valid=1
[1140/1200] QLEARNING RC2_2_7 run10 -> veh=4 dist=2643.09 cpu=26.5721s valid=1
[1141/1200] CLASSIC RC2_2_8 run3 -> veh=4 dist=2398.36 cpu=32.0702s valid=1
[1142/1200] CLASSIC RC2_2_8 run1 -> veh=4 dist=2379.24 cpu=32.2642s valid=1
[1143/1200] CLASSIC RC2_2_8 run4 -> veh=4 dist=2376.89 cpu=31.7787s valid=1
[1144/1200] CLASSIC RC2_2_8 run2 -> veh=4 dist=2373.38 cpu=32.3068s valid=1
[1145/1200] CLASSIC RC2_2_8 run5 -> veh=4 dist=2410.98 cpu=32.0452s valid=1
[1146/1200] CLASSIC RC2_2_8 run7 -> veh=4 dist=2345.51 cpu=31.6576s valid=1
[1147/1200] CLASSIC RC2_2_8 run6 -> veh=4 dist=2394.39 cpu=32.29s valid=1
[1148/1200] CLASSIC RC2_2_8 run8 -> veh=4 dist=2381.22 cpu=32.2926s valid=1
[1149/1200] QLEARNING RC2_2_8 run1 -> veh=4 dist=2393.41 cpu=29.4849s valid=1
[1150/1200] QLEARNING RC2_2_8 run2 -> veh=4 dist=2366.85 cpu=29.9307s valid=1
[1151/1200] CLASSIC RC2_2_8 run10 -> veh=4 dist=2375.14 cpu=31.4105s valid=1
[1152/1200] CLASSIC RC2_2_8 run9 -> veh=4 dist=2404.53 cpu=31.7958s valid=1
[1153/1200] QLEARNING RC2_2_8 run3 -> veh=4 dist=2374.07 cpu=29.7799s valid=1
[1154/1200] QLEARNING RC2_2_8 run5 -> veh=4 dist=2396.25 cpu=29.7967s valid=1
[1155/1200] QLEARNING RC2_2_8 run4 -> veh=4 dist=2372.63 cpu=29.8995s valid=1
[1156/1200] QLEARNING RC2_2_8 run6 -> veh=4 dist=2392.84 cpu=29.6886s valid=1
[1157/1200] QLEARNING RC2_2_8 run7 -> veh=4 dist=2362.75 cpu=29.1734s valid=1
[1158/1200] QLEARNING RC2_2_8 run10 -> veh=4 dist=2394.56 cpu=29.7901s valid=1
[1159/1200] QLEARNING RC2_2_8 run8 -> veh=4 dist=2377.6 cpu=30.0566s valid=1
[1160/1200] QLEARNING RC2_2_8 run9 -> veh=4 dist=2336.82 cpu=30.0142s valid=1
[1161/1200] CLASSIC RC2_2_9 run2 -> veh=4 dist=2286.61 cpu=31.574s valid=1
[1162/1200] CLASSIC RC2_2_9 run4 -> veh=4 dist=2345.11 cpu=31.6157s valid=1
[1163/1200] CLASSIC RC2_2_9 run5 -> veh=4 dist=2297.42 cpu=31.0633s valid=1
[1164/1200] CLASSIC RC2_2_9 run1 -> veh=4 dist=2217.79 cpu=32.7149s valid=1
[1165/1200] CLASSIC RC2_2_9 run3 -> veh=4 dist=2344.55 cpu=32.2631s valid=1
[1166/1200] CLASSIC RC2_2_9 run6 -> veh=4 dist=2327.83 cpu=31.1475s valid=1
[1167/1200] CLASSIC RC2_2_9 run7 -> veh=4 dist=2333.78 cpu=31.9211s valid=1
[1168/1200] CLASSIC RC2_2_9 run8 -> veh=4 dist=2368.91 cpu=31.7056s valid=1
[1169/1200] CLASSIC RC2_2_9 run9 -> veh=4 dist=2284.96 cpu=31.0528s valid=1
[1170/1200] QLEARNING RC2_2_9 run1 -> veh=4 dist=2302.69 cpu=30.4363s valid=1
[1171/1200] CLASSIC RC2_2_9 run10 -> veh=4 dist=2307.01 cpu=31.2432s valid=1
[1172/1200] QLEARNING RC2_2_9 run2 -> veh=4 dist=2248.11 cpu=30.03s valid=1
[1173/1200] QLEARNING RC2_2_9 run10 -> veh=4 dist=2261.49 cpu=26.6316s valid=1
[1174/1200] QLEARNING RC2_2_9 run4 -> veh=4 dist=2240.46 cpu=29.7313s valid=1
[1175/1200] QLEARNING RC2_2_9 run6 -> veh=4 dist=2284.36 cpu=29.8103s valid=1
[1176/1200] QLEARNING RC2_2_9 run5 -> veh=4 dist=2252.48 cpu=30.0793s valid=1
[1177/1200] QLEARNING RC2_2_9 run3 -> veh=4 dist=2282.49 cpu=30.2334s valid=1
[1178/1200] QLEARNING RC2_2_9 run7 -> veh=4 dist=2293.9 cpu=29.8877s valid=1
[1179/1200] QLEARNING RC2_2_9 run8 -> veh=4 dist=2277.87 cpu=29.8559s valid=1
[1180/1200] QLEARNING RC2_2_9 run9 -> veh=4 dist=2322.87 cpu=29.7828s valid=1
[1181/1200] CLASSIC RC2_2_10 run3 -> veh=4 dist=2095.36 cpu=31.4783s valid=1
[1182/1200] CLASSIC RC2_2_10 run1 -> veh=4 dist=2093.95 cpu=35.2116s valid=1
[1183/1200] CLASSIC RC2_2_10 run4 -> veh=4 dist=2128.89 cpu=34.6393s valid=1
[1184/1200] CLASSIC RC2_2_10 run2 -> veh=4 dist=2231.4 cpu=35.7669s valid=1
[1185/1200] CLASSIC RC2_2_10 run5 -> veh=4 dist=2166.19 cpu=28.5164s valid=1
[1186/1200] QLEARNING RC2_2_10 run5 -> veh=4 dist=2023.99 cpu=21.1038s valid=1
[1187/1200] CLASSIC RC2_2_10 run7 -> veh=4 dist=2163.52 cpu=28.2677s valid=1
[1188/1200] CLASSIC RC2_2_10 run6 -> veh=4 dist=2138.28 cpu=28.3839s valid=1
[1189/1200] QLEARNING RC2_2_10 run8 -> veh=4 dist=2101.79 cpu=20.3281s valid=1
[1190/1200] QLEARNING RC2_2_10 run2 -> veh=4 dist=2145.63 cpu=25.0247s valid=1
[1191/1200] QLEARNING RC2_2_10 run1 -> veh=4 dist=2096.87 cpu=25.6951s valid=1
[1192/1200] QLEARNING RC2_2_10 run3 -> veh=4 dist=2101.86 cpu=26.0536s valid=1
[1193/1200] QLEARNING RC2_2_10 run9 -> veh=4 dist=2119.19 cpu=22.2816s valid=1
[1194/1200] QLEARNING RC2_2_10 run6 -> veh=4 dist=2154.54 cpu=25.3665s valid=1
[1195/1200] CLASSIC RC2_2_10 run9 -> veh=4 dist=2151.29 cpu=30.6698s valid=1
[1196/1200] QLEARNING RC2_2_10 run4 -> veh=4 dist=2056.59 cpu=26.832s valid=1
[1197/1200] QLEARNING RC2_2_10 run7 -> veh=4 dist=2122.04 cpu=26.4061s valid=1
[1198/1200] CLASSIC RC2_2_10 run8 -> veh=4 dist=2113.71 cpu=34.8202s valid=1
[1199/1200] QLEARNING RC2_2_10 run10 -> veh=4 dist=2122.98 cpu=25.0286s valid=1
[1200/1200] CLASSIC RC2_2_10 run10 -> veh=4 dist=2119.2 cpu=32.9229s valid=1
=== Fin size=200. Nuevas: 1200 | errores: 0 | Wall-clock: 0h 12m 52.2s ===
Campaña para size=400 finalizada.
