============================================================
Job ID:           55489
Nodo asignado:    n003
Workers asignados: 32
============================================================
=== Campana PARALELA | size=600 | hilos: 32 | params: (por defecto) ===
=== Instancias: 60 | corridas objetivo: 1200 | ya hechas: 0 | pendientes: 1200 ===
=== Maestro: /home/jose.osnayo/PFC_VRPTW/Experiments/results/master_gh600.csv (SOBRESCRIBE, se guarda corrida a corrida) ===
[1/1200] CLASSIC C1_6_1 run4 -> veh=60 dist=14095.6 cpu=17.8902s valid=1
[2/1200] CLASSIC C1_6_1 run1 -> veh=60 dist=14095.6 cpu=17.8985s valid=1
[3/1200] CLASSIC C1_6_1 run5 -> veh=60 dist=14095.6 cpu=17.9004s valid=1
[4/1200] CLASSIC C1_6_1 run2 -> veh=60 dist=14095.6 cpu=18.0247s valid=1
[5/1200] CLASSIC C1_6_1 run3 -> veh=60 dist=14095.6 cpu=18.3066s valid=1
[6/1200] CLASSIC C1_6_1 run6 -> veh=60 dist=14095.6 cpu=18.3734s valid=1
[7/1200] CLASSIC C1_6_1 run10 -> veh=60 dist=14095.6 cpu=18.7406s valid=1
[8/1200] CLASSIC C1_6_1 run8 -> veh=60 dist=14095.6 cpu=18.9018s valid=1
[9/1200] CLASSIC C1_6_1 run9 -> veh=60 dist=14095.6 cpu=18.9645s valid=1
[10/1200] CLASSIC C1_6_1 run7 -> veh=60 dist=14095.6 cpu=19.0436s valid=1
[11/1200] QLEARNING C1_6_1 run10 -> veh=60 dist=14095.6 cpu=19.4933s valid=1
[12/1200] QLEARNING C1_6_1 run6 -> veh=60 dist=14095.6 cpu=20.2193s valid=1
[13/1200] QLEARNING C1_6_1 run9 -> veh=60 dist=14095.6 cpu=20.2355s valid=1
[14/1200] QLEARNING C1_6_1 run1 -> veh=60 dist=14095.6 cpu=20.3031s valid=1
[15/1200] QLEARNING C1_6_1 run8 -> veh=60 dist=14095.6 cpu=20.3255s valid=1
[16/1200] CLASSIC C1_6_2 run2 -> veh=56 dist=14798.4 cpu=20.3777s valid=1
[17/1200] CLASSIC C1_6_2 run1 -> veh=56 dist=15455.2 cpu=20.4955s valid=1
[18/1200] QLEARNING C1_6_1 run7 -> veh=60 dist=14095.6 cpu=20.6295s valid=1
[19/1200] CLASSIC C1_6_2 run5 -> veh=56 dist=14827 cpu=20.7788s valid=1
[20/1200] CLASSIC C1_6_2 run6 -> veh=56 dist=15149 cpu=20.902s valid=1
[21/1200] CLASSIC C1_6_2 run8 -> veh=56 dist=15381.7 cpu=21.0318s valid=1
[22/1200] QLEARNING C1_6_1 run3 -> veh=60 dist=14095.6 cpu=21.3306s valid=1
[23/1200] QLEARNING C1_6_1 run4 -> veh=60 dist=14095.6 cpu=21.3536s valid=1
[24/1200] QLEARNING C1_6_1 run5 -> veh=60 dist=14095.6 cpu=21.4546s valid=1
[25/1200] CLASSIC C1_6_2 run3 -> veh=56 dist=14667.4 cpu=21.4866s valid=1
[26/1200] CLASSIC C1_6_2 run9 -> veh=56 dist=14567.5 cpu=21.4916s valid=1
[27/1200] QLEARNING C1_6_1 run2 -> veh=60 dist=14095.6 cpu=21.6004s valid=1
[28/1200] CLASSIC C1_6_2 run7 -> veh=56 dist=15064.1 cpu=21.8257s valid=1
[29/1200] QLEARNING C1_6_2 run1 -> veh=56 dist=15073.9 cpu=24.9516s valid=1
[30/1200] QLEARNING C1_6_2 run2 -> veh=56 dist=14416.8 cpu=28.6512s valid=1
[31/1200] CLASSIC C1_6_2 run4 -> veh=56 dist=14669.1 cpu=28.6819s valid=1
[32/1200] CLASSIC C1_6_2 run10 -> veh=56 dist=14731.7 cpu=28.8774s valid=1
[33/1200] QLEARNING C1_6_2 run6 -> veh=56 dist=15175.5 cpu=24.2911s valid=1
[34/1200] QLEARNING C1_6_2 run8 -> veh=56 dist=15236.6 cpu=25.637s valid=1
[35/1200] QLEARNING C1_6_2 run3 -> veh=56 dist=15583.2 cpu=27.2068s valid=1
[36/1200] QLEARNING C1_6_2 run5 -> veh=56 dist=15047.1 cpu=28.1425s valid=1
[37/1200] QLEARNING C1_6_2 run10 -> veh=56 dist=15276.9 cpu=27.3411s valid=1
[38/1200] CLASSIC C1_6_3 run1 -> veh=56 dist=14570.4 cpu=27.31s valid=1
[39/1200] CLASSIC C1_6_3 run2 -> veh=56 dist=14119.2 cpu=27.4616s valid=1
[40/1200] QLEARNING C1_6_2 run9 -> veh=56 dist=14507.5 cpu=27.9282s valid=1
[41/1200] CLASSIC C1_6_3 run3 -> veh=56 dist=14265.7 cpu=27.4244s valid=1
[42/1200] CLASSIC C1_6_3 run4 -> veh=56 dist=14538.7 cpu=27.0884s valid=1
[43/1200] QLEARNING C1_6_2 run7 -> veh=56 dist=15078.8 cpu=29.0566s valid=1
[44/1200] CLASSIC C1_6_3 run6 -> veh=56 dist=14493.4 cpu=27.1064s valid=1
[45/1200] CLASSIC C1_6_3 run10 -> veh=56 dist=14506.8 cpu=27.2498s valid=1
[46/1200] CLASSIC C1_6_3 run7 -> veh=56 dist=14399.9 cpu=27.7171s valid=1
[47/1200] CLASSIC C1_6_3 run8 -> veh=56 dist=14358.3 cpu=27.8568s valid=1
[48/1200] CLASSIC C1_6_3 run9 -> veh=56 dist=14300.6 cpu=27.7532s valid=1
[49/1200] QLEARNING C1_6_2 run4 -> veh=56 dist=14645.9 cpu=30.4783s valid=1
[50/1200] CLASSIC C1_6_3 run5 -> veh=56 dist=14220.6 cpu=29.3456s valid=1
[51/1200] QLEARNING C1_6_3 run10 -> veh=56 dist=14090.4 cpu=30.021s valid=1
[52/1200] QLEARNING C1_6_3 run5 -> veh=56 dist=14217.4 cpu=30.6145s valid=1
[53/1200] QLEARNING C1_6_3 run1 -> veh=56 dist=14220 cpu=31.8691s valid=1
[54/1200] QLEARNING C1_6_3 run2 -> veh=56 dist=14026.1 cpu=31.9339s valid=1
[55/1200] QLEARNING C1_6_3 run6 -> veh=56 dist=14234.4 cpu=31.6175s valid=1
[56/1200] QLEARNING C1_6_3 run8 -> veh=56 dist=14258.9 cpu=31.7962s valid=1
[57/1200] QLEARNING C1_6_3 run3 -> veh=56 dist=14046.8 cpu=32.5792s valid=1
[58/1200] QLEARNING C1_6_3 run4 -> veh=56 dist=14298.3 cpu=32.4942s valid=1
[59/1200] QLEARNING C1_6_3 run9 -> veh=56 dist=14053.2 cpu=33.0084s valid=1
[60/1200] QLEARNING C1_6_3 run7 -> veh=56 dist=13967.3 cpu=34.4382s valid=1
[61/1200] CLASSIC C1_6_4 run1 -> veh=56 dist=14030.5 cpu=33.6523s valid=1
[62/1200] CLASSIC C1_6_4 run2 -> veh=56 dist=13866.7 cpu=31.7969s valid=1
[63/1200] CLASSIC C1_6_4 run3 -> veh=56 dist=13807.5 cpu=33.5299s valid=1
[64/1200] CLASSIC C1_6_4 run4 -> veh=56 dist=14074.8 cpu=33.4878s valid=1
[65/1200] CLASSIC C1_6_5 run1 -> veh=60 dist=14085.7 cpu=19.767s valid=1
[66/1200] CLASSIC C1_6_5 run3 -> veh=60 dist=14085.7 cpu=20.8066s valid=1
[67/1200] CLASSIC C1_6_5 run10 -> veh=60 dist=14258.7 cpu=19.1533s valid=1
[68/1200] CLASSIC C1_6_5 run4 -> veh=60 dist=14085.7 cpu=21.1179s valid=1
[69/1200] CLASSIC C1_6_5 run5 -> veh=60 dist=14137.1 cpu=21.4257s valid=1
[70/1200] CLASSIC C1_6_4 run5 -> veh=56 dist=14122.7 cpu=31.8432s valid=1
[71/1200] CLASSIC C1_6_5 run9 -> veh=60 dist=14085.7 cpu=20.806s valid=1
[72/1200] CLASSIC C1_6_5 run8 -> veh=60 dist=14085.7 cpu=21.2035s valid=1
[73/1200] CLASSIC C1_6_5 run6 -> veh=60 dist=14085.7 cpu=21.7492s valid=1
[74/1200] CLASSIC C1_6_4 run7 -> veh=56 dist=14150.4 cpu=31.3991s valid=1
[75/1200] CLASSIC C1_6_4 run6 -> veh=56 dist=14242.6 cpu=33.0946s valid=1
[76/1200] CLASSIC C1_6_4 run8 -> veh=56 dist=14233.9 cpu=31.3965s valid=1
[77/1200] CLASSIC C1_6_4 run9 -> veh=56 dist=14452.9 cpu=31.5094s valid=1
[78/1200] CLASSIC C1_6_4 run10 -> veh=56 dist=13999.8 cpu=31.7843s valid=1
[79/1200] CLASSIC C1_6_5 run2 -> veh=60 dist=14085.7 cpu=28.7423s valid=1
[80/1200] QLEARNING C1_6_4 run4 -> veh=56 dist=13915.2 cpu=32.1793s valid=1
[81/1200] CLASSIC C1_6_5 run7 -> veh=60 dist=14085.7 cpu=27.1545s valid=1
[82/1200] QLEARNING C1_6_4 run3 -> veh=56 dist=13944.4 cpu=35.3153s valid=1
[83/1200] QLEARNING C1_6_4 run1 -> veh=56 dist=13712.3 cpu=35.8095s valid=1
[84/1200] QLEARNING C1_6_4 run9 -> veh=56 dist=13797.2 cpu=34.0933s valid=1
[85/1200] QLEARNING C1_6_4 run2 -> veh=56 dist=13659.2 cpu=35.5611s valid=1
[86/1200] QLEARNING C1_6_5 run1 -> veh=60 dist=14085.7 cpu=28.1498s valid=1
[87/1200] QLEARNING C1_6_4 run8 -> veh=56 dist=13780.8 cpu=34.7225s valid=1
[88/1200] QLEARNING C1_6_4 run7 -> veh=56 dist=13732.4 cpu=36.3546s valid=1
[89/1200] QLEARNING C1_6_4 run10 -> veh=56 dist=13817.5 cpu=36.0665s valid=1
[90/1200] QLEARNING C1_6_4 run5 -> veh=56 dist=13849.6 cpu=37.7193s valid=1
[91/1200] QLEARNING C1_6_4 run6 -> veh=56 dist=13819.7 cpu=38.1582s valid=1
[92/1200] QLEARNING C1_6_5 run4 -> veh=60 dist=14085.7 cpu=27.2593s valid=1
[93/1200] QLEARNING C1_6_5 run6 -> veh=60 dist=14085.7 cpu=25.5545s valid=1
[94/1200] QLEARNING C1_6_5 run3 -> veh=60 dist=14085.7 cpu=29.5595s valid=1
[95/1200] QLEARNING C1_6_5 run5 -> veh=60 dist=14085.7 cpu=27.8398s valid=1
[96/1200] QLEARNING C1_6_5 run2 -> veh=60 dist=14085.7 cpu=35.2073s valid=1
[97/1200] QLEARNING C1_6_5 run7 -> veh=60 dist=14085.7 cpu=27.35s valid=1
[98/1200] CLASSIC C1_6_6 run2 -> veh=60 dist=14089.7 cpu=22.6541s valid=1
[99/1200] CLASSIC C1_6_6 run5 -> veh=60 dist=14744.7 cpu=22.9568s valid=1
[100/1200] CLASSIC C1_6_6 run1 -> veh=60 dist=14142.9 cpu=23.6218s valid=1
[101/1200] CLASSIC C1_6_6 run6 -> veh=60 dist=14125.3 cpu=22.0515s valid=1
[102/1200] CLASSIC C1_6_6 run3 -> veh=60 dist=14177.5 cpu=24.8881s valid=1
[103/1200] QLEARNING C1_6_5 run10 -> veh=60 dist=14085.7 cpu=27.5856s valid=1
[104/1200] QLEARNING C1_6_5 run8 -> veh=60 dist=14085.7 cpu=28.0743s valid=1
[105/1200] CLASSIC C1_6_6 run8 -> veh=60 dist=14689 cpu=23.2716s valid=1
[106/1200] CLASSIC C1_6_6 run9 -> veh=60 dist=14125.3 cpu=24.3727s valid=1
[107/1200] CLASSIC C1_6_6 run7 -> veh=60 dist=14128.9 cpu=25.0503s valid=1
[108/1200] CLASSIC C1_6_6 run10 -> veh=60 dist=14389.1 cpu=26.1922s valid=1
[109/1200] QLEARNING C1_6_6 run1 -> veh=60 dist=14090.8 cpu=28.1668s valid=1
[110/1200] QLEARNING C1_6_5 run9 -> veh=60 dist=14108.5 cpu=34.5439s valid=1
[111/1200] CLASSIC C1_6_7 run1 -> veh=59 dist=14596.6 cpu=24.0451s valid=1
[112/1200] QLEARNING C1_6_6 run3 -> veh=60 dist=14518.3 cpu=28.3675s valid=1
[113/1200] QLEARNING C1_6_6 run6 -> veh=60 dist=14089.7 cpu=26.248s valid=1
[114/1200] CLASSIC C1_6_6 run4 -> veh=60 dist=14089.7 cpu=34.886s valid=1
[115/1200] QLEARNING C1_6_6 run4 -> veh=60 dist=14089.7 cpu=29.5408s valid=1
[116/1200] QLEARNING C1_6_6 run8 -> veh=60 dist=14089.7 cpu=29.0513s valid=1
[117/1200] CLASSIC C1_6_7 run4 -> veh=59 dist=14926.1 cpu=24.6616s valid=1
[118/1200] QLEARNING C1_6_6 run7 -> veh=60 dist=14089.7 cpu=33.0868s valid=1
[119/1200] CLASSIC C1_6_7 run8 -> veh=59 dist=14540.1 cpu=25.155s valid=1
[120/1200] QLEARNING C1_6_6 run9 -> veh=60 dist=14089.7 cpu=34.2007s valid=1
[121/1200] CLASSIC C1_6_7 run7 -> veh=59 dist=15061 cpu=26.97s valid=1
[122/1200] CLASSIC C1_6_7 run9 -> veh=59 dist=14680.2 cpu=24.2753s valid=1
[123/1200] QLEARNING C1_6_6 run10 -> veh=60 dist=14091.1 cpu=36.9902s valid=1
[124/1200] CLASSIC C1_6_7 run3 -> veh=59 dist=14653 cpu=36.1615s valid=1
[125/1200] CLASSIC C1_6_7 run2 -> veh=59 dist=14774.6 cpu=36.8317s valid=1
[126/1200] CLASSIC C1_6_7 run10 -> veh=59 dist=14889.9 cpu=25.7048s valid=1
[127/1200] CLASSIC C1_6_7 run6 -> veh=59 dist=15040.5 cpu=35.7198s valid=1
[128/1200] CLASSIC C1_6_7 run5 -> veh=59 dist=14672.9 cpu=36.5581s valid=1
[129/1200] QLEARNING C1_6_7 run2 -> veh=59 dist=15067.4 cpu=27.1579s valid=1
[130/1200] QLEARNING C1_6_7 run9 -> veh=59 dist=14574.2 cpu=25.1271s valid=1
[131/1200] QLEARNING C1_6_6 run2 -> veh=60 dist=14091.1 cpu=48.9562s valid=1
[132/1200] QLEARNING C1_6_6 run5 -> veh=60 dist=14089.7 cpu=46.5342s valid=1
[133/1200] QLEARNING C1_6_7 run8 -> veh=59 dist=15012.8 cpu=28.2737s valid=1
[134/1200] QLEARNING C1_6_7 run10 -> veh=59 dist=14626.5 cpu=26.3837s valid=1
[135/1200] CLASSIC C1_6_8 run1 -> veh=58 dist=14846.2 cpu=27.1316s valid=1
[136/1200] CLASSIC C1_6_8 run2 -> veh=58 dist=15653 cpu=27.8183s valid=1
[137/1200] CLASSIC C1_6_8 run5 -> veh=58 dist=14390.9 cpu=27.0381s valid=1
[138/1200] QLEARNING C1_6_7 run1 -> veh=58 dist=15254.7 cpu=39.1767s valid=1
[139/1200] CLASSIC C1_6_8 run6 -> veh=58 dist=14676.4 cpu=27.3596s valid=1
[140/1200] CLASSIC C1_6_8 run4 -> veh=57 dist=16421.8 cpu=30.5985s valid=1
[141/1200] CLASSIC C1_6_8 run7 -> veh=58 dist=14525.2 cpu=27.5963s valid=1
[142/1200] QLEARNING C1_6_7 run7 -> veh=59 dist=14586.9 cpu=40.7494s valid=1
[143/1200] QLEARNING C1_6_7 run6 -> veh=59 dist=14552 cpu=42.0224s valid=1
[144/1200] CLASSIC C1_6_8 run9 -> veh=58 dist=14693.9 cpu=30.6332s valid=1
[145/1200] QLEARNING C1_6_7 run4 -> veh=59 dist=14922.1 cpu=44.5755s valid=1
[146/1200] QLEARNING C1_6_7 run3 -> veh=59 dist=14519.4 cpu=45.6026s valid=1
[147/1200] QLEARNING C1_6_7 run5 -> veh=59 dist=14485.2 cpu=46.111s valid=1
[148/1200] CLASSIC C1_6_8 run10 -> veh=57 dist=15416.5 cpu=31.1607s valid=1
[149/1200] CLASSIC C1_6_8 run3 -> veh=58 dist=15084.4 cpu=39.3794s valid=1
[150/1200] QLEARNING C1_6_8 run7 -> veh=57 dist=14945.5 cpu=27.432s valid=1
[151/1200] CLASSIC C1_6_9 run1 -> veh=56 dist=14197 cpu=26.2593s valid=1
[152/1200] QLEARNING C1_6_8 run8 -> veh=58 dist=14154.6 cpu=29.2903s valid=1
[153/1200] CLASSIC C1_6_8 run8 -> veh=57 dist=15059.7 cpu=40.1318s valid=1
[154/1200] QLEARNING C1_6_8 run4 -> veh=58 dist=14778.3 cpu=32.2067s valid=1
[155/1200] CLASSIC C1_6_9 run4 -> veh=56 dist=14762.5 cpu=25.6994s valid=1
[156/1200] QLEARNING C1_6_8 run2 -> veh=57 dist=14990.5 cpu=37.8042s valid=1
[157/1200] CLASSIC C1_6_9 run2 -> veh=56 dist=14366.9 cpu=27.4932s valid=1
[158/1200] QLEARNING C1_6_8 run9 -> veh=58 dist=14601.7 cpu=31.1377s valid=1
[159/1200] QLEARNING C1_6_8 run5 -> veh=57 dist=14891.6 cpu=34.1933s valid=1
[160/1200] CLASSIC C1_6_9 run5 -> veh=56 dist=15504 cpu=26.5808s valid=1
[161/1200] CLASSIC C1_6_9 run3 -> veh=56 dist=14239.5 cpu=30.3477s valid=1
[162/1200] QLEARNING C1_6_8 run10 -> veh=58 dist=14352.7 cpu=34.6069s valid=1
[163/1200] QLEARNING C1_6_8 run1 -> veh=58 dist=14442.8 cpu=43.6148s valid=1
[164/1200] CLASSIC C1_6_9 run6 -> veh=56 dist=14411.1 cpu=29.5804s valid=1
[165/1200] QLEARNING C1_6_8 run3 -> veh=58 dist=14436.3 cpu=44.5004s valid=1
[166/1200] CLASSIC C1_6_9 run9 -> veh=56 dist=14570.7 cpu=25.8912s valid=1
[167/1200] CLASSIC C1_6_9 run7 -> veh=56 dist=14625.6 cpu=28.6005s valid=1
[168/1200] CLASSIC C1_6_9 run8 -> veh=56 dist=14854.4 cpu=26.91s valid=1
[169/1200] CLASSIC C1_6_9 run10 -> veh=56 dist=14692.7 cpu=25.7823s valid=1
[170/1200] QLEARNING C1_6_8 run6 -> veh=58 dist=14471.6 cpu=42.9562s valid=1
[171/1200] QLEARNING C1_6_9 run3 -> veh=56 dist=15413 cpu=25.6759s valid=1
[172/1200] QLEARNING C1_6_9 run1 -> veh=56 dist=14360.5 cpu=30.6499s valid=1
[173/1200] QLEARNING C1_6_9 run6 -> veh=56 dist=14450.5 cpu=26.4819s valid=1
[174/1200] QLEARNING C1_6_9 run4 -> veh=56 dist=14231.2 cpu=29.5014s valid=1
[175/1200] QLEARNING C1_6_9 run2 -> veh=57 dist=13920.9 cpu=32.3169s valid=1
[176/1200] QLEARNING C1_6_9 run10 -> veh=56 dist=14294.7 cpu=24.6153s valid=1
[177/1200] QLEARNING C1_6_9 run8 -> veh=56 dist=15192.4 cpu=28.1541s valid=1
[178/1200] QLEARNING C1_6_9 run7 -> veh=56 dist=14259.6 cpu=29.7304s valid=1
[179/1200] QLEARNING C1_6_9 run5 -> veh=56 dist=14585.9 cpu=31.1074s valid=1
[180/1200] CLASSIC C1_6_10 run1 -> veh=56 dist=15278.3 cpu=28.7251s valid=1
[181/1200] QLEARNING C1_6_9 run9 -> veh=56 dist=14114.9 cpu=30.6152s valid=1
[182/1200] CLASSIC C1_6_10 run2 -> veh=56 dist=14423.9 cpu=28.6443s valid=1
[183/1200] CLASSIC C1_6_10 run3 -> veh=56 dist=14642.3 cpu=27.4496s valid=1
[184/1200] CLASSIC C1_6_10 run4 -> veh=56 dist=14400.8 cpu=27.229s valid=1
[185/1200] CLASSIC C1_6_10 run5 -> veh=56 dist=14594.4 cpu=27.2689s valid=1
[186/1200] CLASSIC C1_6_10 run6 -> veh=56 dist=14885.7 cpu=27.2684s valid=1
[187/1200] CLASSIC C1_6_10 run10 -> veh=56 dist=14827.7 cpu=26.2462s valid=1
[188/1200] CLASSIC C1_6_10 run7 -> veh=56 dist=14577.1 cpu=26.993s valid=1
[189/1200] CLASSIC C1_6_10 run8 -> veh=56 dist=14272.2 cpu=27.1846s valid=1
[190/1200] CLASSIC C1_6_10 run9 -> veh=56 dist=14415.2 cpu=27.6661s valid=1
[191/1200] QLEARNING C1_6_10 run1 -> veh=56 dist=14194.5 cpu=27.0582s valid=1
[192/1200] QLEARNING C1_6_10 run2 -> veh=56 dist=14426.1 cpu=27.2996s valid=1
[193/1200] QLEARNING C1_6_10 run4 -> veh=56 dist=14547.4 cpu=26.7562s valid=1
[194/1200] QLEARNING C1_6_10 run5 -> veh=56 dist=14548 cpu=26.0582s valid=1
[195/1200] QLEARNING C1_6_10 run3 -> veh=56 dist=14534.2 cpu=28.622s valid=1
[196/1200] QLEARNING C1_6_10 run6 -> veh=56 dist=14204.9 cpu=27.5582s valid=1
[197/1200] QLEARNING C1_6_10 run8 -> veh=56 dist=14260.8 cpu=26.6387s valid=1
[198/1200] QLEARNING C1_6_10 run10 -> veh=56 dist=14504.2 cpu=26.9229s valid=1
[199/1200] CLASSIC C2_6_1 run1 -> veh=18 dist=7781.36 cpu=26.7056s valid=1
[200/1200] CLASSIC C2_6_1 run4 -> veh=19 dist=7816.15 cpu=21.9647s valid=1
[201/1200] QLEARNING C1_6_10 run9 -> veh=56 dist=14416.8 cpu=27.4992s valid=1
[202/1200] QLEARNING C1_6_10 run7 -> veh=56 dist=14731.1 cpu=28.9887s valid=1
[203/1200] CLASSIC C2_6_1 run2 -> veh=18 dist=7780.84 cpu=27.0835s valid=1
[204/1200] CLASSIC C2_6_1 run8 -> veh=18 dist=7780.84 cpu=22.8702s valid=1
[205/1200] CLASSIC C2_6_1 run9 -> veh=18 dist=7776.19 cpu=22.5517s valid=1
[206/1200] CLASSIC C2_6_1 run10 -> veh=19 dist=7824.16 cpu=23.1899s valid=1
[207/1200] CLASSIC C2_6_1 run6 -> veh=18 dist=7778.8 cpu=27.1472s valid=1
[208/1200] QLEARNING C2_6_1 run5 -> veh=18 dist=7793.2 cpu=20.6693s valid=1
[209/1200] QLEARNING C2_6_1 run2 -> veh=18 dist=7778.8 cpu=23.1633s valid=1
[210/1200] CLASSIC C2_6_1 run3 -> veh=18 dist=7800.33 cpu=34.8174s valid=1
[211/1200] QLEARNING C2_6_1 run7 -> veh=18 dist=7811.16 cpu=22.0535s valid=1
[212/1200] QLEARNING C2_6_1 run4 -> veh=18 dist=7778.8 cpu=24.9527s valid=1
[213/1200] QLEARNING C2_6_1 run6 -> veh=18 dist=7780.84 cpu=24.025s valid=1
[214/1200] QLEARNING C2_6_1 run10 -> veh=18 dist=7778.8 cpu=21.6306s valid=1
[215/1200] QLEARNING C2_6_1 run3 -> veh=18 dist=7780.75 cpu=25.9844s valid=1
[216/1200] QLEARNING C2_6_1 run8 -> veh=18 dist=7778.8 cpu=24.7024s valid=1
[217/1200] CLASSIC C2_6_1 run5 -> veh=18 dist=7781.36 cpu=35.168s valid=1
[218/1200] CLASSIC C2_6_1 run7 -> veh=18 dist=7778.8 cpu=35.4072s valid=1
[219/1200] QLEARNING C2_6_1 run9 -> veh=18 dist=7792.32 cpu=26.3823s valid=1
[220/1200] QLEARNING C2_6_1 run1 -> veh=18 dist=7781.36 cpu=33.95s valid=1
[221/1200] CLASSIC C2_6_2 run8 -> veh=18 dist=7519.99 cpu=55.1709s valid=1
[222/1200] CLASSIC C2_6_2 run1 -> veh=18 dist=7538.55 cpu=61.1638s valid=1
[223/1200] CLASSIC C2_6_2 run2 -> veh=18 dist=7506.23 cpu=62.1877s valid=1
[224/1200] CLASSIC C2_6_2 run9 -> veh=18 dist=7505.43 cpu=57.8892s valid=1
[225/1200] QLEARNING C2_6_2 run1 -> veh=18 dist=7521.37 cpu=57.4394s valid=1
[226/1200] QLEARNING C2_6_2 run2 -> veh=18 dist=7510.62 cpu=57.6752s valid=1
[227/1200] QLEARNING C2_6_2 run4 -> veh=18 dist=7513 cpu=56.6732s valid=1
[228/1200] QLEARNING C2_6_2 run6 -> veh=18 dist=7569 cpu=52.7313s valid=1
[229/1200] CLASSIC C2_6_2 run6 -> veh=18 dist=7505.44 cpu=61.9474s valid=1
[230/1200] CLASSIC C2_6_2 run3 -> veh=18 dist=7526.07 cpu=65.4103s valid=1
[231/1200] CLASSIC C2_6_2 run10 -> veh=18 dist=7530.58 cpu=59.4459s valid=1
[232/1200] CLASSIC C2_6_2 run7 -> veh=18 dist=7530.68 cpu=63.4275s valid=1
[233/1200] CLASSIC C2_6_2 run5 -> veh=18 dist=7506.02 cpu=64.9901s valid=1
[234/1200] QLEARNING C2_6_2 run3 -> veh=18 dist=7533.95 cpu=63.061s valid=1
[235/1200] CLASSIC C2_6_2 run4 -> veh=18 dist=7505.12 cpu=69.837s valid=1
[236/1200] QLEARNING C2_6_2 run7 -> veh=18 dist=7523.33 cpu=59.951s valid=1
[237/1200] QLEARNING C2_6_2 run8 -> veh=18 dist=7514.09 cpu=58.6274s valid=1
[238/1200] QLEARNING C2_6_2 run5 -> veh=18 dist=7527.04 cpu=64.3211s valid=1
[239/1200] QLEARNING C2_6_2 run10 -> veh=18 dist=7505.44 cpu=66.2007s valid=1
[240/1200] QLEARNING C2_6_2 run9 -> veh=18 dist=7518.27 cpu=69.3466s valid=1
[241/1200] CLASSIC C2_6_3 run3 -> veh=18 dist=7336.14 cpu=78.7362s valid=1
[242/1200] CLASSIC C2_6_3 run1 -> veh=18 dist=7270.46 cpu=85.5217s valid=1
[243/1200] QLEARNING C2_6_3 run1 -> veh=18 dist=7343.22 cpu=78.2427s valid=1
[244/1200] CLASSIC C2_6_3 run9 -> veh=18 dist=7352.66 cpu=81.5752s valid=1
[245/1200] CLASSIC C2_6_3 run7 -> veh=18 dist=7335.83 cpu=84.5203s valid=1
[246/1200] CLASSIC C2_6_3 run8 -> veh=18 dist=7351.01 cpu=85.4196s valid=1
[247/1200] QLEARNING C2_6_3 run2 -> veh=18 dist=7364.44 cpu=82.4693s valid=1
[248/1200] CLASSIC C2_6_3 run6 -> veh=18 dist=7391.07 cpu=88.015s valid=1
[249/1200] CLASSIC C2_6_3 run5 -> veh=18 dist=7313.75 cpu=89.9161s valid=1
[250/1200] CLASSIC C2_6_3 run4 -> veh=18 dist=7341.74 cpu=92.3964s valid=1
[251/1200] CLASSIC C2_6_3 run10 -> veh=18 dist=7324.65 cpu=93.013s valid=1
[252/1200] CLASSIC C2_6_3 run2 -> veh=17 dist=7886.46 cpu=102.269s valid=1
[253/1200] QLEARNING C2_6_3 run5 -> veh=18 dist=7368.29 cpu=78.0612s valid=1
[254/1200] CLASSIC C2_6_5 run2 -> veh=19 dist=7794.86 cpu=28.4404s valid=1
[255/1200] QLEARNING C2_6_3 run4 -> veh=18 dist=7308.49 cpu=81.6923s valid=1
[256/1200] QLEARNING C2_6_3 run6 -> veh=18 dist=7371.2 cpu=78.8078s valid=1
[257/1200] CLASSIC C2_6_5 run1 -> veh=18 dist=8783.36 cpu=33.2912s valid=1
[258/1200] QLEARNING C2_6_3 run10 -> veh=18 dist=7357.75 cpu=79.9198s valid=1
[259/1200] CLASSIC C2_6_5 run4 -> veh=19 dist=8341.69 cpu=26.9004s valid=1
[260/1200] CLASSIC C2_6_5 run3 -> veh=19 dist=8009.64 cpu=31.2726s valid=1
[261/1200] QLEARNING C2_6_3 run3 -> veh=18 dist=7559.56 cpu=90.5401s valid=1
[262/1200] QLEARNING C2_6_3 run8 -> veh=18 dist=7316.2 cpu=86.8328s valid=1
[263/1200] QLEARNING C2_6_3 run9 -> veh=18 dist=7324.76 cpu=87.6172s valid=1
[264/1200] QLEARNING C2_6_3 run7 -> veh=18 dist=7356.45 cpu=89.4267s valid=1
[265/1200] CLASSIC C2_6_4 run2 -> veh=17 dist=7177.57 cpu=90.2812s valid=1
[266/1200] CLASSIC C2_6_4 run4 -> veh=18 dist=7144.07 cpu=92.7389s valid=1
[267/1200] CLASSIC C2_6_4 run5 -> veh=17 dist=7622.38 cpu=93.133s valid=1
[268/1200] CLASSIC C2_6_4 run6 -> veh=18 dist=7071.28 cpu=91.7146s valid=1
[269/1200] CLASSIC C2_6_4 run7 -> veh=17 dist=7306.24 cpu=91.4521s valid=1
[270/1200] CLASSIC C2_6_4 run10 -> veh=17 dist=7197.96 cpu=94.8538s valid=1
[271/1200] CLASSIC C2_6_4 run1 -> veh=17 dist=7610.12 cpu=103.507s valid=1
[272/1200] CLASSIC C2_6_5 run7 -> veh=19 dist=8050.67 cpu=27.4891s valid=1
[273/1200] QLEARNING C2_6_4 run1 -> veh=17 dist=7442.34 cpu=87.2193s valid=1
[274/1200] CLASSIC C2_6_4 run3 -> veh=17 dist=7202.23 cpu=104.835s valid=1
[275/1200] QLEARNING C2_6_4 run2 -> veh=17 dist=7285.65 cpu=87.1957s valid=1
[276/1200] CLASSIC C2_6_5 run8 -> veh=19 dist=7926.58 cpu=30.2342s valid=1
[277/1200] CLASSIC C2_6_5 run6 -> veh=19 dist=7923.9 cpu=31.5384s valid=1
[278/1200] CLASSIC C2_6_5 run9 -> veh=18 dist=8783.19 cpu=29.9766s valid=1
[279/1200] QLEARNING C2_6_5 run1 -> veh=19 dist=7765.15 cpu=28.9349s valid=1
[280/1200] CLASSIC C2_6_5 run10 -> veh=19 dist=8472.36 cpu=31.3108s valid=1
[281/1200] CLASSIC C2_6_4 run8 -> veh=18 dist=7140 cpu=105.55s valid=1
[282/1200] QLEARNING C2_6_5 run4 -> veh=19 dist=7716.62 cpu=27.146s valid=1
[283/1200] QLEARNING C2_6_5 run2 -> veh=19 dist=7837.89 cpu=30.625s valid=1
[284/1200] CLASSIC C2_6_5 run5 -> veh=18 dist=8171.47 cpu=40.462s valid=1
[285/1200] QLEARNING C2_6_5 run6 -> veh=19 dist=7998.08 cpu=27.7593s valid=1
[286/1200] QLEARNING C2_6_5 run5 -> veh=19 dist=7865.93 cpu=29.1317s valid=1
[287/1200] QLEARNING C2_6_5 run3 -> veh=19 dist=7926.44 cpu=30.8369s valid=1
[288/1200] QLEARNING C2_6_5 run7 -> veh=19 dist=7949.46 cpu=27.4139s valid=1
[289/1200] CLASSIC C2_6_4 run9 -> veh=17 dist=7238.31 cpu=111.299s valid=1
[290/1200] QLEARNING C2_6_5 run9 -> veh=19 dist=7946.73 cpu=26.3938s valid=1
[291/1200] QLEARNING C2_6_4 run3 -> veh=17 dist=7324.54 cpu=90.9528s valid=1
[292/1200] QLEARNING C2_6_4 run4 -> veh=17 dist=7199.05 cpu=87.4841s valid=1
[293/1200] QLEARNING C2_6_5 run10 -> veh=19 dist=7705.33 cpu=31.8396s valid=1
[294/1200] QLEARNING C2_6_4 run10 -> veh=17 dist=7823.83 cpu=85.4149s valid=1
[295/1200] QLEARNING C2_6_4 run6 -> veh=17 dist=7606.5 cpu=91.799s valid=1
[296/1200] QLEARNING C2_6_5 run8 -> veh=19 dist=7928.59 cpu=35.6571s valid=1
[297/1200] QLEARNING C2_6_4 run9 -> veh=18 dist=7205.34 cpu=89.148s valid=1
[298/1200] QLEARNING C2_6_4 run5 -> veh=18 dist=7055.89 cpu=93.5957s valid=1
[299/1200] CLASSIC C2_6_6 run1 -> veh=19 dist=8313.93 cpu=35.2408s valid=1
[300/1200] CLASSIC C2_6_6 run2 -> veh=19 dist=8262.8 cpu=32.8824s valid=1
[301/1200] QLEARNING C2_6_4 run8 -> veh=17 dist=7127.78 cpu=94.7438s valid=1
[302/1200] QLEARNING C2_6_4 run7 -> veh=17 dist=7471.29 cpu=97.8996s valid=1
[303/1200] CLASSIC C2_6_6 run5 -> veh=19 dist=7937.86 cpu=36.9076s valid=1
[304/1200] CLASSIC C2_6_6 run4 -> veh=19 dist=7933.81 cpu=39.3263s valid=1
[305/1200] CLASSIC C2_6_6 run7 -> veh=19 dist=8293.95 cpu=36.8889s valid=1
[306/1200] QLEARNING C2_6_6 run1 -> veh=19 dist=7782.75 cpu=34.58s valid=1
[307/1200] QLEARNING C2_6_6 run2 -> veh=19 dist=7687.66 cpu=34.846s valid=1
[308/1200] CLASSIC C2_6_6 run6 -> veh=19 dist=8619.73 cpu=41.3226s valid=1
[309/1200] CLASSIC C2_6_6 run9 -> veh=19 dist=7695.71 cpu=39.7415s valid=1
[310/1200] CLASSIC C2_6_6 run3 -> veh=19 dist=7993.89 cpu=44.3522s valid=1
[311/1200] CLASSIC C2_6_6 run8 -> veh=19 dist=7649.35 cpu=42.3369s valid=1
[312/1200] CLASSIC C2_6_6 run10 -> veh=19 dist=8103.59 cpu=42.0733s valid=1
[313/1200] QLEARNING C2_6_6 run3 -> veh=18 dist=7577.55 cpu=38.4092s valid=1
[314/1200] QLEARNING C2_6_6 run5 -> veh=18 dist=7643.41 cpu=39.0964s valid=1
[315/1200] QLEARNING C2_6_6 run4 -> veh=19 dist=7995.13 cpu=39.8466s valid=1
[316/1200] QLEARNING C2_6_6 run9 -> veh=19 dist=7700.3 cpu=36.7684s valid=1
[317/1200] QLEARNING C2_6_6 run10 -> veh=19 dist=7881.46 cpu=36.3652s valid=1
[318/1200] QLEARNING C2_6_6 run7 -> veh=19 dist=7834.96 cpu=40.0238s valid=1
[319/1200] QLEARNING C2_6_6 run8 -> veh=19 dist=7946.19 cpu=42.3165s valid=1
[320/1200] QLEARNING C2_6_6 run6 -> veh=18 dist=7617.74 cpu=48.3635s valid=1
[321/1200] CLASSIC C2_6_7 run4 -> veh=19 dist=8435.6 cpu=41.3288s valid=1
[322/1200] CLASSIC C2_6_7 run2 -> veh=19 dist=8067.68 cpu=45.2541s valid=1
[323/1200] CLASSIC C2_6_7 run7 -> veh=19 dist=8265.42 cpu=40.4908s valid=1
[324/1200] CLASSIC C2_6_7 run3 -> veh=19 dist=8098.92 cpu=48.2413s valid=1
[325/1200] CLASSIC C2_6_7 run5 -> veh=19 dist=8356.46 cpu=44.6369s valid=1
[326/1200] CLASSIC C2_6_7 run1 -> veh=19 dist=8000.96 cpu=55.0935s valid=1
[327/1200] CLASSIC C2_6_7 run8 -> veh=19 dist=7881.87 cpu=43.6092s valid=1
[328/1200] QLEARNING C2_6_7 run1 -> veh=19 dist=8885.41 cpu=42.6414s valid=1
[329/1200] QLEARNING C2_6_7 run4 -> veh=19 dist=8450.77 cpu=38.7622s valid=1
[330/1200] CLASSIC C2_6_7 run9 -> veh=19 dist=8053.32 cpu=45.4029s valid=1
[331/1200] CLASSIC C2_6_7 run10 -> veh=19 dist=7724.34 cpu=45.4418s valid=1
[332/1200] QLEARNING C2_6_7 run2 -> veh=19 dist=7948.91 cpu=41.5047s valid=1
[333/1200] CLASSIC C2_6_7 run6 -> veh=19 dist=8400.5 cpu=48.7565s valid=1
[334/1200] QLEARNING C2_6_7 run3 -> veh=19 dist=7988.97 cpu=41.9013s valid=1
[335/1200] QLEARNING C2_6_7 run7 -> veh=19 dist=8049.56 cpu=40.3168s valid=1
[336/1200] QLEARNING C2_6_7 run9 -> veh=19 dist=8445.58 cpu=41.03s valid=1
[337/1200] QLEARNING C2_6_7 run5 -> veh=19 dist=8433.25 cpu=45.8039s valid=1
[338/1200] QLEARNING C2_6_7 run10 -> veh=19 dist=7860.57 cpu=45.9434s valid=1
[339/1200] CLASSIC C2_6_8 run4 -> veh=18 dist=7595.26 cpu=44.0472s valid=1
[340/1200] QLEARNING C2_6_7 run8 -> veh=19 dist=8534.48 cpu=50.1298s valid=1
[341/1200] QLEARNING C2_6_7 run6 -> veh=19 dist=7953.78 cpu=52.4797s valid=1
[342/1200] CLASSIC C2_6_8 run9 -> veh=19 dist=7913.22 cpu=44.84s valid=1
[343/1200] CLASSIC C2_6_8 run10 -> veh=18 dist=8240.81 cpu=42.8768s valid=1
[344/1200] CLASSIC C2_6_8 run1 -> veh=18 dist=7754.6 cpu=52.0526s valid=1
[345/1200] CLASSIC C2_6_8 run2 -> veh=18 dist=9134.97 cpu=53.3659s valid=1
[346/1200] CLASSIC C2_6_8 run3 -> veh=18 dist=7973.53 cpu=51.9957s valid=1
[347/1200] CLASSIC C2_6_8 run8 -> veh=18 dist=7849.07 cpu=50.6841s valid=1
[348/1200] CLASSIC C2_6_8 run5 -> veh=18 dist=8833.18 cpu=53.7321s valid=1
[349/1200] QLEARNING C2_6_8 run2 -> veh=18 dist=8592.58 cpu=42.0665s valid=1
[350/1200] QLEARNING C2_6_8 run1 -> veh=19 dist=7673.35 cpu=47.4072s valid=1
[351/1200] CLASSIC C2_6_8 run7 -> veh=18 dist=8390.22 cpu=54.3499s valid=1
[352/1200] QLEARNING C2_6_8 run3 -> veh=19 dist=7773 cpu=42.7004s valid=1
[353/1200] CLASSIC C2_6_8 run6 -> veh=18 dist=8834.7 cpu=58.574s valid=1
[354/1200] QLEARNING C2_6_8 run4 -> veh=19 dist=7671.87 cpu=46.8186s valid=1
[355/1200] QLEARNING C2_6_8 run7 -> veh=18 dist=7534.86 cpu=44.1046s valid=1
[356/1200] QLEARNING C2_6_8 run6 -> veh=18 dist=9622.77 cpu=48.2847s valid=1
[357/1200] QLEARNING C2_6_8 run5 -> veh=18 dist=8884.13 cpu=49.5196s valid=1
[358/1200] QLEARNING C2_6_8 run9 -> veh=19 dist=7583.8 cpu=45.6119s valid=1
[359/1200] QLEARNING C2_6_8 run10 -> veh=18 dist=9049.41 cpu=45.3534s valid=1
[360/1200] QLEARNING C2_6_8 run8 -> veh=18 dist=7951.44 cpu=50.3035s valid=1
[361/1200] CLASSIC C2_6_9 run4 -> veh=19 dist=7986.99 cpu=50.9934s valid=1
[362/1200] CLASSIC C2_6_9 run6 -> veh=18 dist=8370.85 cpu=51.6989s valid=1
[363/1200] CLASSIC C2_6_9 run2 -> veh=19 dist=7726.69 cpu=56.4808s valid=1
[364/1200] CLASSIC C2_6_9 run8 -> veh=19 dist=8013.62 cpu=47.7867s valid=1
[365/1200] CLASSIC C2_6_9 run1 -> veh=18 dist=8344.93 cpu=58.7708s valid=1
[366/1200] CLASSIC C2_6_9 run5 -> veh=18 dist=7527.53 cpu=58.836s valid=1
[367/1200] CLASSIC C2_6_9 run3 -> veh=18 dist=8892.7 cpu=64.0806s valid=1
[368/1200] QLEARNING C2_6_9 run2 -> veh=19 dist=7768.84 cpu=49.296s valid=1
[369/1200] CLASSIC C2_6_9 run9 -> veh=19 dist=7677.12 cpu=56.5602s valid=1
[370/1200] QLEARNING C2_6_9 run3 -> veh=19 dist=7922.62 cpu=48.5564s valid=1
[371/1200] CLASSIC C2_6_9 run10 -> veh=19 dist=7746.72 cpu=52.0028s valid=1
[372/1200] QLEARNING C2_6_9 run8 -> veh=19 dist=7563.9 cpu=45.8778s valid=1
[373/1200] QLEARNING C2_6_9 run6 -> veh=19 dist=7865.54 cpu=48.5632s valid=1
[374/1200] QLEARNING C2_6_9 run5 -> veh=19 dist=7527.22 cpu=50.1978s valid=1
[375/1200] CLASSIC C2_6_9 run7 -> veh=18 dist=9334.14 cpu=65.6412s valid=1
[376/1200] QLEARNING C2_6_9 run7 -> veh=19 dist=7978.08 cpu=49.3158s valid=1
[377/1200] QLEARNING C2_6_9 run1 -> veh=19 dist=7641.06 cpu=57.3058s valid=1
[378/1200] QLEARNING C2_6_9 run9 -> veh=19 dist=8061.18 cpu=52.2994s valid=1
[379/1200] CLASSIC C2_6_10 run2 -> veh=18 dist=7864.94 cpu=52.6273s valid=1
[380/1200] QLEARNING C2_6_9 run10 -> veh=19 dist=7558.75 cpu=53.7394s valid=1
[381/1200] CLASSIC C2_6_10 run1 -> veh=18 dist=8662.13 cpu=53.5717s valid=1
[382/1200] CLASSIC C2_6_10 run5 -> veh=18 dist=8570.32 cpu=50.3967s valid=1
[383/1200] QLEARNING C2_6_9 run4 -> veh=18 dist=9245.38 cpu=64.6493s valid=1
[384/1200] CLASSIC C2_6_10 run3 -> veh=18 dist=7590.61 cpu=57.2089s valid=1
[385/1200] CLASSIC C2_6_10 run6 -> veh=18 dist=7781.4 cpu=54.3797s valid=1
[386/1200] CLASSIC C2_6_10 run7 -> veh=18 dist=7978.59 cpu=52.5525s valid=1
[387/1200] CLASSIC R1_6_1 run1 -> veh=59 dist=22156.6 cpu=25.8503s valid=1
[388/1200] CLASSIC R1_6_1 run2 -> veh=59 dist=22142 cpu=25.7622s valid=1
[389/1200] QLEARNING C2_6_10 run1 -> veh=18 dist=7495.31 cpu=49.6477s valid=1
[390/1200] CLASSIC C2_6_10 run4 -> veh=18 dist=7628.8 cpu=61.8374s valid=1
[391/1200] CLASSIC R1_6_1 run3 -> veh=59 dist=22053.5 cpu=25.9855s valid=1
[392/1200] CLASSIC R1_6_1 run5 -> veh=59 dist=21949 cpu=26.0228s valid=1
[393/1200] CLASSIC R1_6_1 run4 -> veh=59 dist=22149.1 cpu=26.4372s valid=1
[394/1200] CLASSIC C2_6_10 run8 -> veh=18 dist=8115.16 cpu=54.2595s valid=1
[395/1200] CLASSIC R1_6_1 run6 -> veh=59 dist=22021.9 cpu=26.1855s valid=1
[396/1200] CLASSIC R1_6_1 run7 -> veh=59 dist=22107.1 cpu=25.8901s valid=1
[397/1200] CLASSIC R1_6_1 run8 -> veh=59 dist=22170.5 cpu=26.5127s valid=1
[398/1200] CLASSIC R1_6_1 run9 -> veh=59 dist=22253.4 cpu=26.7256s valid=1
[399/1200] CLASSIC C2_6_10 run10 -> veh=18 dist=7289.97 cpu=58.4617s valid=1
[400/1200] QLEARNING C2_6_10 run5 -> veh=18 dist=7781.12 cpu=48.9291s valid=1
[401/1200] CLASSIC C2_6_10 run9 -> veh=18 dist=8033.51 cpu=62.32s valid=1
[402/1200] CLASSIC R1_6_1 run10 -> veh=59 dist=22099.9 cpu=26.53s valid=1
[403/1200] QLEARNING C2_6_10 run7 -> veh=18 dist=7742.24 cpu=47.5015s valid=1
[404/1200] QLEARNING C2_6_10 run4 -> veh=18 dist=7559.19 cpu=53.3997s valid=1
[405/1200] QLEARNING R1_6_1 run2 -> veh=59 dist=22183 cpu=25.9358s valid=1
[406/1200] QLEARNING R1_6_1 run1 -> veh=59 dist=22011.4 cpu=27.2397s valid=1
[407/1200] QLEARNING R1_6_1 run3 -> veh=59 dist=21987 cpu=26.8646s valid=1
[408/1200] QLEARNING C2_6_10 run6 -> veh=19 dist=7597.87 cpu=51.4344s valid=1
[409/1200] CLASSIC R1_6_2 run2 -> veh=54 dist=21950.5 cpu=18.3869s valid=1
[410/1200] QLEARNING R1_6_1 run4 -> veh=59 dist=22042 cpu=27.4782s valid=1
[411/1200] CLASSIC R1_6_2 run3 -> veh=54 dist=21612.3 cpu=19.2695s valid=1
[412/1200] QLEARNING R1_6_1 run5 -> veh=59 dist=21997.1 cpu=27.4488s valid=1
[413/1200] CLASSIC R1_6_2 run1 -> veh=54 dist=21816.6 cpu=20.7527s valid=1
[414/1200] QLEARNING C2_6_10 run2 -> veh=18 dist=7828.69 cpu=67.3595s valid=1
[415/1200] QLEARNING R1_6_1 run6 -> veh=59 dist=21918.6 cpu=27.1274s valid=1
[416/1200] CLASSIC R1_6_2 run5 -> veh=54 dist=22106.7 cpu=18.669s valid=1
[417/1200] CLASSIC R1_6_2 run6 -> veh=54 dist=22007.3 cpu=18.8517s valid=1
[418/1200] CLASSIC R1_6_2 run4 -> veh=54 dist=22037 cpu=19.1411s valid=1
[419/1200] QLEARNING C2_6_10 run9 -> veh=18 dist=7688.21 cpu=52.3968s valid=1
[420/1200] CLASSIC R1_6_2 run8 -> veh=54 dist=21663 cpu=17.9443s valid=1
[421/1200] QLEARNING C2_6_10 run3 -> veh=18 dist=8436.9 cpu=65.4485s valid=1
[422/1200] QLEARNING C2_6_10 run8 -> veh=18 dist=7939.15 cpu=58.2131s valid=1
[423/1200] CLASSIC R1_6_2 run7 -> veh=54 dist=21538.5 cpu=19.4197s valid=1
[424/1200] QLEARNING C2_6_10 run10 -> veh=18 dist=8127.84 cpu=50.956s valid=1
[425/1200] QLEARNING R1_6_1 run7 -> veh=59 dist=21897.4 cpu=26.7824s valid=1
[426/1200] CLASSIC R1_6_2 run9 -> veh=54 dist=21685.7 cpu=18.8549s valid=1
[427/1200] CLASSIC R1_6_2 run10 -> veh=54 dist=21619.8 cpu=18.2577s valid=1
[428/1200] QLEARNING R1_6_1 run10 -> veh=59 dist=22104 cpu=26.2493s valid=1
[429/1200] QLEARNING R1_6_1 run8 -> veh=59 dist=22335.5 cpu=27.0367s valid=1
[430/1200] QLEARNING R1_6_1 run9 -> veh=59 dist=22046.9 cpu=26.9309s valid=1
[431/1200] QLEARNING R1_6_2 run1 -> veh=54 dist=21543 cpu=18.4447s valid=1
[432/1200] QLEARNING R1_6_2 run3 -> veh=54 dist=21609.3 cpu=18.0656s valid=1
[433/1200] QLEARNING R1_6_2 run2 -> veh=54 dist=21825.2 cpu=18.3803s valid=1
[434/1200] QLEARNING R1_6_2 run5 -> veh=54 dist=22125.4 cpu=18.0392s valid=1
[435/1200] QLEARNING R1_6_2 run6 -> veh=54 dist=21786.8 cpu=17.6259s valid=1
[436/1200] QLEARNING R1_6_2 run4 -> veh=54 dist=21867.8 cpu=18.5636s valid=1
[437/1200] QLEARNING R1_6_2 run7 -> veh=54 dist=22534.8 cpu=19.1009s valid=1
[438/1200] QLEARNING R1_6_2 run8 -> veh=54 dist=21944.4 cpu=18.7895s valid=1
[439/1200] QLEARNING R1_6_2 run10 -> veh=54 dist=22147.5 cpu=17.7979s valid=1
[440/1200] QLEARNING R1_6_2 run9 -> veh=54 dist=21817.2 cpu=18.7165s valid=1
[441/1200] CLASSIC R1_6_3 run2 -> veh=54 dist=19261.3 cpu=24.408s valid=1
[442/1200] CLASSIC R1_6_3 run1 -> veh=54 dist=18967.5 cpu=24.7026s valid=1
[443/1200] CLASSIC R1_6_3 run3 -> veh=54 dist=19052.6 cpu=24.8069s valid=1
[444/1200] QLEARNING R1_6_3 run3 -> veh=54 dist=19143.3 cpu=21.7624s valid=1
[445/1200] CLASSIC R1_6_3 run4 -> veh=54 dist=19136.6 cpu=24.5259s valid=1
[446/1200] CLASSIC R1_6_3 run5 -> veh=54 dist=19334 cpu=24.5282s valid=1
[447/1200] CLASSIC R1_6_3 run6 -> veh=54 dist=18808.4 cpu=24.9187s valid=1
[448/1200] QLEARNING R1_6_3 run7 -> veh=54 dist=19380.1 cpu=20.8411s valid=1
[449/1200] QLEARNING R1_6_3 run4 -> veh=54 dist=18883.5 cpu=22.2391s valid=1
[450/1200] CLASSIC R1_6_3 run7 -> veh=54 dist=19214.9 cpu=25.0137s valid=1
[451/1200] QLEARNING R1_6_3 run1 -> veh=54 dist=19317.9 cpu=23.4124s valid=1
[452/1200] CLASSIC R1_6_3 run8 -> veh=54 dist=19188.9 cpu=24.5389s valid=1
[453/1200] CLASSIC R1_6_3 run9 -> veh=54 dist=18822.7 cpu=24.6101s valid=1
[454/1200] CLASSIC R1_6_3 run10 -> veh=54 dist=19278.3 cpu=24.9202s valid=1
[455/1200] QLEARNING R1_6_3 run2 -> veh=54 dist=19146.4 cpu=24.2323s valid=1
[456/1200] QLEARNING R1_6_3 run9 -> veh=54 dist=19402.6 cpu=21.2258s valid=1
[457/1200] QLEARNING R1_6_3 run6 -> veh=54 dist=19111.9 cpu=23.6949s valid=1
[458/1200] QLEARNING R1_6_3 run8 -> veh=54 dist=19425.6 cpu=23.5818s valid=1
[459/1200] QLEARNING R1_6_3 run5 -> veh=54 dist=19288 cpu=24.994s valid=1
[460/1200] QLEARNING R1_6_3 run10 -> veh=54 dist=19215.4 cpu=23.6219s valid=1
[461/1200] CLASSIC R1_6_4 run3 -> veh=54 dist=16985.4 cpu=28.5563s valid=1
[462/1200] CLASSIC R1_6_4 run1 -> veh=54 dist=17462.7 cpu=29.7507s valid=1
[463/1200] CLASSIC R1_6_4 run2 -> veh=54 dist=17161.2 cpu=29.836s valid=1
[464/1200] CLASSIC R1_6_4 run5 -> veh=54 dist=17240.9 cpu=28.5079s valid=1
[465/1200] CLASSIC R1_6_4 run7 -> veh=54 dist=17245.1 cpu=28.3336s valid=1
[466/1200] CLASSIC R1_6_5 run5 -> veh=54 dist=22473 cpu=12.1171s valid=1
[467/1200] CLASSIC R1_6_5 run1 -> veh=54 dist=23783.5 cpu=12.808s valid=1
[468/1200] CLASSIC R1_6_5 run7 -> veh=54 dist=23731.7 cpu=11.6799s valid=1
[469/1200] CLASSIC R1_6_4 run6 -> veh=54 dist=17374.5 cpu=29.2573s valid=1
[470/1200] CLASSIC R1_6_4 run4 -> veh=54 dist=17349.5 cpu=30.0149s valid=1
[471/1200] CLASSIC R1_6_4 run8 -> veh=54 dist=17333.5 cpu=29.4078s valid=1
[472/1200] CLASSIC R1_6_5 run6 -> veh=54 dist=23963.9 cpu=14.0044s valid=1
[473/1200] QLEARNING R1_6_4 run1 -> veh=54 dist=17332.6 cpu=27.9104s valid=1
[474/1200] CLASSIC R1_6_4 run10 -> veh=54 dist=17239.7 cpu=28.7494s valid=1
[475/1200] CLASSIC R1_6_4 run9 -> veh=54 dist=17298.3 cpu=29.9967s valid=1
[476/1200] QLEARNING R1_6_4 run2 -> veh=54 dist=17232.3 cpu=29.4627s valid=1
[477/1200] CLASSIC R1_6_5 run8 -> veh=54 dist=22820 cpu=16.5194s valid=1
[478/1200] QLEARNING R1_6_5 run2 -> veh=54 dist=23385.8 cpu=15.2174s valid=1
[479/1200] CLASSIC R1_6_5 run9 -> veh=54 dist=23290.9 cpu=17.0399s valid=1
[480/1200] QLEARNING R1_6_5 run4 -> veh=54 dist=23231.3 cpu=12.1628s valid=1
[481/1200] QLEARNING R1_6_4 run4 -> veh=54 dist=17522.2 cpu=25.2417s valid=1
[482/1200] CLASSIC R1_6_5 run3 -> veh=55 dist=20665 cpu=22.1212s valid=1
[483/1200] CLASSIC R1_6_5 run10 -> veh=54 dist=23286.5 cpu=19.7878s valid=1
[484/1200] CLASSIC R1_6_5 run4 -> veh=55 dist=20537.3 cpu=22.7445s valid=1
[485/1200] CLASSIC R1_6_5 run2 -> veh=55 dist=20519.6 cpu=23.3335s valid=1
[486/1200] QLEARNING R1_6_5 run1 -> veh=54 dist=23330.3 cpu=20.5598s valid=1
[487/1200] QLEARNING R1_6_5 run3 -> veh=54 dist=24099.6 cpu=14.5384s valid=1
[488/1200] QLEARNING R1_6_4 run3 -> veh=54 dist=16999.7 cpu=27.2559s valid=1
[489/1200] QLEARNING R1_6_5 run7 -> veh=54 dist=23582.5 cpu=13.0525s valid=1
[490/1200] QLEARNING R1_6_5 run9 -> veh=54 dist=23643.1 cpu=14.0176s valid=1
[491/1200] QLEARNING R1_6_4 run7 -> veh=54 dist=17162.1 cpu=28.0184s valid=1
[492/1200] QLEARNING R1_6_4 run5 -> veh=54 dist=17868.4 cpu=28.7535s valid=1
[493/1200] QLEARNING R1_6_4 run8 -> veh=54 dist=17188.9 cpu=28.0599s valid=1
[494/1200] QLEARNING R1_6_4 run9 -> veh=54 dist=17044.9 cpu=28.0643s valid=1
[495/1200] QLEARNING R1_6_4 run10 -> veh=54 dist=17352.1 cpu=28.0493s valid=1
[496/1200] QLEARNING R1_6_5 run10 -> veh=54 dist=24511.5 cpu=16.0156s valid=1
[497/1200] QLEARNING R1_6_4 run6 -> veh=54 dist=18084.5 cpu=31.0835s valid=1
[498/1200] QLEARNING R1_6_5 run8 -> veh=54 dist=23309.7 cpu=18.3896s valid=1
[499/1200] CLASSIC R1_6_6 run1 -> veh=54 dist=20884.9 cpu=18.0872s valid=1
[500/1200] CLASSIC R1_6_6 run2 -> veh=54 dist=20782.7 cpu=18.9649s valid=1
[501/1200] CLASSIC R1_6_6 run3 -> veh=54 dist=21294.7 cpu=18.7807s valid=1
[502/1200] QLEARNING R1_6_5 run5 -> veh=55 dist=20335 cpu=22.823s valid=1
[503/1200] CLASSIC R1_6_6 run4 -> veh=54 dist=20725.3 cpu=19.258s valid=1
[504/1200] CLASSIC R1_6_6 run5 -> veh=54 dist=20789 cpu=19.1095s valid=1
[505/1200] QLEARNING R1_6_5 run6 -> veh=55 dist=20356.2 cpu=22.9395s valid=1
[506/1200] CLASSIC R1_6_6 run6 -> veh=54 dist=21044.6 cpu=19.0344s valid=1
[507/1200] CLASSIC R1_6_6 run7 -> veh=54 dist=20603.1 cpu=19.0017s valid=1
[508/1200] QLEARNING R1_6_6 run1 -> veh=54 dist=20877.5 cpu=17.4061s valid=1
[509/1200] CLASSIC R1_6_6 run9 -> veh=54 dist=20946.7 cpu=18.7271s valid=1
[510/1200] CLASSIC R1_6_6 run8 -> veh=54 dist=20565.1 cpu=19.1246s valid=1
[511/1200] CLASSIC R1_6_6 run10 -> veh=54 dist=21174.4 cpu=19.0733s valid=1
[512/1200] QLEARNING R1_6_6 run2 -> veh=54 dist=20752.5 cpu=18.5432s valid=1
[513/1200] QLEARNING R1_6_6 run5 -> veh=54 dist=20640 cpu=18.1229s valid=1
[514/1200] QLEARNING R1_6_6 run3 -> veh=54 dist=20635.5 cpu=18.3759s valid=1
[515/1200] QLEARNING R1_6_6 run4 -> veh=54 dist=21419.1 cpu=18.461s valid=1
[516/1200] QLEARNING R1_6_6 run7 -> veh=54 dist=20535.9 cpu=18.0649s valid=1
[517/1200] QLEARNING R1_6_6 run9 -> veh=54 dist=20317.2 cpu=17.6732s valid=1
[518/1200] QLEARNING R1_6_6 run6 -> veh=54 dist=20492.8 cpu=18.5837s valid=1
[519/1200] QLEARNING R1_6_6 run8 -> veh=54 dist=21050.6 cpu=18.5265s valid=1
[520/1200] QLEARNING R1_6_6 run10 -> veh=54 dist=20474.5 cpu=18.6039s valid=1
[521/1200] CLASSIC R1_6_7 run1 -> veh=54 dist=18722.7 cpu=25.1397s valid=1
[522/1200] CLASSIC R1_6_7 run2 -> veh=54 dist=18716.2 cpu=24.516s valid=1
[523/1200] CLASSIC R1_6_7 run4 -> veh=54 dist=18309.2 cpu=24.4425s valid=1
[524/1200] CLASSIC R1_6_7 run5 -> veh=54 dist=18629.4 cpu=24.425s valid=1
[525/1200] CLASSIC R1_6_7 run3 -> veh=54 dist=18359.3 cpu=25.601s valid=1
[526/1200] CLASSIC R1_6_7 run6 -> veh=54 dist=18454.6 cpu=24.908s valid=1
[527/1200] CLASSIC R1_6_7 run7 -> veh=54 dist=18551 cpu=25.0143s valid=1
[528/1200] CLASSIC R1_6_7 run8 -> veh=54 dist=18354.6 cpu=24.7045s valid=1
[529/1200] CLASSIC R1_6_7 run9 -> veh=54 dist=18398.4 cpu=24.675s valid=1
[530/1200] QLEARNING R1_6_7 run1 -> veh=54 dist=18625.9 cpu=23.6324s valid=1
[531/1200] QLEARNING R1_6_7 run4 -> veh=54 dist=18549.9 cpu=23.3093s valid=1
[532/1200] QLEARNING R1_6_7 run3 -> veh=54 dist=19287.7 cpu=23.5162s valid=1
[533/1200] QLEARNING R1_6_7 run2 -> veh=54 dist=18659.8 cpu=23.87s valid=1
[534/1200] CLASSIC R1_6_7 run10 -> veh=54 dist=18253.5 cpu=25.6251s valid=1
[535/1200] QLEARNING R1_6_7 run6 -> veh=54 dist=19043.4 cpu=22.6335s valid=1
[536/1200] QLEARNING R1_6_7 run7 -> veh=54 dist=18717.8 cpu=22.8473s valid=1
[537/1200] QLEARNING R1_6_7 run8 -> veh=54 dist=18612.4 cpu=23.3332s valid=1
[538/1200] QLEARNING R1_6_7 run9 -> veh=54 dist=19442 cpu=23.3648s valid=1
[539/1200] QLEARNING R1_6_7 run5 -> veh=54 dist=19113.1 cpu=25.7618s valid=1
[540/1200] QLEARNING R1_6_7 run10 -> veh=54 dist=18571.7 cpu=24.2512s valid=1
[541/1200] CLASSIC R1_6_8 run2 -> veh=54 dist=17021.9 cpu=29.1073s valid=1
[542/1200] CLASSIC R1_6_8 run1 -> veh=54 dist=16971 cpu=29.6617s valid=1
[543/1200] CLASSIC R1_6_9 run1 -> veh=54 dist=23208.3 cpu=11.8607s valid=1
[544/1200] CLASSIC R1_6_8 run3 -> veh=54 dist=17050.1 cpu=28.7505s valid=1
[545/1200] CLASSIC R1_6_9 run2 -> veh=54 dist=23058.4 cpu=11.8998s valid=1
[546/1200] CLASSIC R1_6_9 run3 -> veh=54 dist=23246.5 cpu=11.9464s valid=1
[547/1200] CLASSIC R1_6_9 run4 -> veh=54 dist=23096.9 cpu=11.991s valid=1
[548/1200] CLASSIC R1_6_8 run6 -> veh=54 dist=17274.9 cpu=28.1854s valid=1
[549/1200] CLASSIC R1_6_9 run6 -> veh=54 dist=23551 cpu=12.2598s valid=1
[550/1200] CLASSIC R1_6_9 run5 -> veh=54 dist=21854.8 cpu=12.4219s valid=1
[551/1200] CLASSIC R1_6_8 run5 -> veh=54 dist=17023.8 cpu=28.9001s valid=1
[552/1200] CLASSIC R1_6_8 run7 -> veh=54 dist=16933.9 cpu=28.8213s valid=1
[553/1200] CLASSIC R1_6_8 run9 -> veh=54 dist=16944.2 cpu=28.4334s valid=1
[554/1200] CLASSIC R1_6_9 run7 -> veh=54 dist=22874.3 cpu=12.2149s valid=1
[555/1200] CLASSIC R1_6_8 run8 -> veh=54 dist=17243.6 cpu=28.9071s valid=1
[556/1200] CLASSIC R1_6_9 run10 -> veh=54 dist=23135.6 cpu=11.4294s valid=1
[557/1200] CLASSIC R1_6_8 run4 -> veh=54 dist=17076.4 cpu=30.0642s valid=1
[558/1200] CLASSIC R1_6_9 run9 -> veh=54 dist=23180 cpu=12.0068s valid=1
[559/1200] QLEARNING R1_6_8 run2 -> veh=54 dist=17228.4 cpu=28.044s valid=1
[560/1200] CLASSIC R1_6_8 run10 -> veh=54 dist=17124.8 cpu=29.3714s valid=1
[561/1200] CLASSIC R1_6_9 run8 -> veh=54 dist=23221.5 cpu=13.156s valid=1
[562/1200] QLEARNING R1_6_9 run1 -> veh=54 dist=22837.7 cpu=11.4579s valid=1
[563/1200] QLEARNING R1_6_8 run1 -> veh=54 dist=17312.5 cpu=30.7278s valid=1
[564/1200] QLEARNING R1_6_9 run2 -> veh=54 dist=22606.6 cpu=12.2655s valid=1
[565/1200] QLEARNING R1_6_8 run3 -> veh=54 dist=17017.5 cpu=25.0864s valid=1
[566/1200] QLEARNING R1_6_8 run6 -> veh=54 dist=17001 cpu=25.9264s valid=1
[567/1200] QLEARNING R1_6_9 run3 -> veh=54 dist=22993.9 cpu=12.0534s valid=1
[568/1200] QLEARNING R1_6_9 run5 -> veh=54 dist=23283.1 cpu=11.5792s valid=1
[569/1200] QLEARNING R1_6_8 run5 -> veh=54 dist=17730.1 cpu=26.5361s valid=1
[570/1200] QLEARNING R1_6_8 run4 -> veh=54 dist=17737.6 cpu=26.913s valid=1
[571/1200] QLEARNING R1_6_9 run6 -> veh=54 dist=22994.7 cpu=11.8362s valid=1
[572/1200] QLEARNING R1_6_9 run4 -> veh=54 dist=22616.6 cpu=12.6645s valid=1
[573/1200] QLEARNING R1_6_9 run7 -> veh=54 dist=22955.7 cpu=11.8136s valid=1
[574/1200] QLEARNING R1_6_8 run9 -> veh=54 dist=16988.6 cpu=26.5986s valid=1
[575/1200] QLEARNING R1_6_9 run9 -> veh=54 dist=22372.2 cpu=11.704s valid=1
[576/1200] QLEARNING R1_6_9 run8 -> veh=54 dist=23072.1 cpu=12.2555s valid=1
[577/1200] QLEARNING R1_6_8 run7 -> veh=54 dist=17360.6 cpu=28.359s valid=1
[578/1200] QLEARNING R1_6_9 run10 -> veh=54 dist=23574.3 cpu=12.8067s valid=1
[579/1200] QLEARNING R1_6_8 run10 -> veh=54 dist=16958.3 cpu=29.0316s valid=1
[580/1200] CLASSIC R1_6_10 run2 -> veh=54 dist=20640.3 cpu=14.0672s valid=1
[581/1200] CLASSIC R1_6_10 run1 -> veh=54 dist=20794.4 cpu=14.1217s valid=1
[582/1200] QLEARNING R1_6_8 run8 -> veh=54 dist=17446.3 cpu=30.7575s valid=1
[583/1200] CLASSIC R1_6_10 run3 -> veh=54 dist=21321.8 cpu=14.1673s valid=1
[584/1200] CLASSIC R1_6_10 run4 -> veh=54 dist=20394.1 cpu=14.3111s valid=1
[585/1200] CLASSIC R1_6_10 run5 -> veh=54 dist=20903.3 cpu=14.462s valid=1
[586/1200] QLEARNING R1_6_10 run2 -> veh=54 dist=21885.3 cpu=13.6075s valid=1
[587/1200] CLASSIC R1_6_10 run6 -> veh=54 dist=21071.6 cpu=14.396s valid=1
[588/1200] CLASSIC R1_6_10 run7 -> veh=54 dist=21215.1 cpu=14.36s valid=1
[589/1200] QLEARNING R1_6_10 run3 -> veh=54 dist=21557.8 cpu=13.4392s valid=1
[590/1200] CLASSIC R1_6_10 run9 -> veh=54 dist=20930.3 cpu=14.2958s valid=1
[591/1200] CLASSIC R1_6_10 run8 -> veh=54 dist=20944.4 cpu=14.3925s valid=1
[592/1200] QLEARNING R1_6_10 run1 -> veh=54 dist=20271.5 cpu=14.1089s valid=1
[593/1200] CLASSIC R1_6_10 run10 -> veh=54 dist=21232.5 cpu=14.3007s valid=1
[594/1200] QLEARNING R1_6_10 run4 -> veh=54 dist=20952.2 cpu=13.8963s valid=1
[595/1200] QLEARNING R1_6_10 run5 -> veh=54 dist=21602.2 cpu=13.62s valid=1
[596/1200] QLEARNING R1_6_10 run6 -> veh=54 dist=20904 cpu=14.4504s valid=1
[597/1200] QLEARNING R1_6_10 run7 -> veh=54 dist=21360.1 cpu=14.1598s valid=1
[598/1200] QLEARNING R1_6_10 run8 -> veh=54 dist=22318.3 cpu=13.5551s valid=1
[599/1200] QLEARNING R1_6_10 run10 -> veh=54 dist=20901.9 cpu=13.2781s valid=1
[600/1200] QLEARNING R1_6_10 run9 -> veh=54 dist=22109.8 cpu=13.4778s valid=1
[601/1200] CLASSIC R2_6_1 run1 -> veh=11 dist=19110.5 cpu=20.4571s valid=1
[602/1200] CLASSIC R2_6_1 run3 -> veh=11 dist=18877.7 cpu=20.3966s valid=1
[603/1200] CLASSIC R2_6_1 run2 -> veh=11 dist=19360 cpu=20.7285s valid=1
[604/1200] CLASSIC R2_6_1 run5 -> veh=11 dist=19014 cpu=20.5083s valid=1
[605/1200] CLASSIC R2_6_1 run4 -> veh=11 dist=18570.7 cpu=20.7845s valid=1
[606/1200] CLASSIC R2_6_1 run6 -> veh=11 dist=18987 cpu=20.4547s valid=1
[607/1200] CLASSIC R2_6_1 run7 -> veh=11 dist=18875 cpu=20.8462s valid=1
[608/1200] CLASSIC R2_6_1 run8 -> veh=11 dist=19332.1 cpu=20.6036s valid=1
[609/1200] CLASSIC R2_6_1 run9 -> veh=11 dist=19027.9 cpu=20.8894s valid=1
[610/1200] CLASSIC R2_6_1 run10 -> veh=11 dist=19387.3 cpu=20.4466s valid=1
[611/1200] QLEARNING R2_6_1 run1 -> veh=11 dist=19147.3 cpu=21.2902s valid=1
[612/1200] QLEARNING R2_6_1 run2 -> veh=11 dist=19149.8 cpu=21.1968s valid=1
[613/1200] QLEARNING R2_6_1 run3 -> veh=11 dist=19263.2 cpu=21.2577s valid=1
[614/1200] QLEARNING R2_6_1 run5 -> veh=11 dist=19276.7 cpu=20.9586s valid=1
[615/1200] QLEARNING R2_6_1 run6 -> veh=11 dist=19839.7 cpu=20.8053s valid=1
[616/1200] QLEARNING R2_6_1 run4 -> veh=11 dist=19115.6 cpu=21.3963s valid=1
[617/1200] QLEARNING R2_6_1 run8 -> veh=11 dist=19534.8 cpu=20.4142s valid=1
[618/1200] QLEARNING R2_6_1 run7 -> veh=11 dist=19378.4 cpu=20.9179s valid=1
[619/1200] QLEARNING R2_6_1 run9 -> veh=11 dist=19301 cpu=20.5865s valid=1
[620/1200] QLEARNING R2_6_1 run10 -> veh=11 dist=19415 cpu=20.7879s valid=1
[621/1200] CLASSIC R2_6_2 run2 -> veh=11 dist=15392.6 cpu=48.9934s valid=1
[622/1200] CLASSIC R2_6_2 run3 -> veh=11 dist=15360.5 cpu=49.5923s valid=1
[623/1200] CLASSIC R2_6_2 run4 -> veh=11 dist=15388.3 cpu=49.7316s valid=1
[624/1200] CLASSIC R2_6_2 run1 -> veh=11 dist=15268.7 cpu=50.3777s valid=1
[625/1200] CLASSIC R2_6_2 run5 -> veh=11 dist=15634.4 cpu=50.2018s valid=1
[626/1200] CLASSIC R2_6_2 run7 -> veh=11 dist=15309.9 cpu=49.3214s valid=1
[627/1200] CLASSIC R2_6_2 run6 -> veh=11 dist=15422 cpu=50.9614s valid=1
[628/1200] CLASSIC R2_6_2 run8 -> veh=11 dist=15392.7 cpu=49.9759s valid=1
[629/1200] CLASSIC R2_6_2 run9 -> veh=11 dist=15339.7 cpu=49.6107s valid=1
[630/1200] CLASSIC R2_6_2 run10 -> veh=11 dist=15424.8 cpu=50.0627s valid=1
[631/1200] QLEARNING R2_6_2 run1 -> veh=11 dist=15588.5 cpu=52.5282s valid=1
[632/1200] QLEARNING R2_6_2 run2 -> veh=11 dist=15442.3 cpu=53.9873s valid=1
[633/1200] QLEARNING R2_6_2 run4 -> veh=11 dist=15517.8 cpu=49.5856s valid=1
[634/1200] QLEARNING R2_6_2 run3 -> veh=11 dist=15302.5 cpu=50.828s valid=1
[635/1200] QLEARNING R2_6_2 run10 -> veh=11 dist=15594.5 cpu=50.8642s valid=1
[636/1200] QLEARNING R2_6_2 run8 -> veh=11 dist=15212.1 cpu=52.6526s valid=1
[637/1200] QLEARNING R2_6_2 run5 -> veh=11 dist=15520.1 cpu=54.0861s valid=1
[638/1200] QLEARNING R2_6_2 run6 -> veh=11 dist=15468.2 cpu=53.7608s valid=1
[639/1200] QLEARNING R2_6_2 run7 -> veh=11 dist=15468.7 cpu=54.9904s valid=1
[640/1200] QLEARNING R2_6_2 run9 -> veh=11 dist=15429.6 cpu=55.1618s valid=1
[641/1200] CLASSIC R2_6_3 run1 -> veh=11 dist=11686.9 cpu=73.9257s valid=1
[642/1200] CLASSIC R2_6_3 run2 -> veh=11 dist=11502.5 cpu=75.8638s valid=1
[643/1200] CLASSIC R2_6_3 run3 -> veh=11 dist=11752.2 cpu=75.3072s valid=1
[644/1200] CLASSIC R2_6_3 run9 -> veh=11 dist=11634.8 cpu=74.6282s valid=1
[645/1200] CLASSIC R2_6_3 run6 -> veh=11 dist=11574.2 cpu=75.9922s valid=1
[646/1200] CLASSIC R2_6_3 run5 -> veh=11 dist=11776.9 cpu=76.436s valid=1
[647/1200] CLASSIC R2_6_3 run10 -> veh=11 dist=11574.6 cpu=75.809s valid=1
[648/1200] CLASSIC R2_6_3 run7 -> veh=11 dist=11692.7 cpu=76.6105s valid=1
[649/1200] CLASSIC R2_6_3 run8 -> veh=11 dist=11650.3 cpu=76.8168s valid=1
[650/1200] CLASSIC R2_6_3 run4 -> veh=11 dist=11550.7 cpu=77.8284s valid=1
[651/1200] QLEARNING R2_6_3 run1 -> veh=11 dist=11724.9 cpu=80.6325s valid=1
[652/1200] QLEARNING R2_6_3 run2 -> veh=11 dist=11447.2 cpu=82.5308s valid=1
[653/1200] CLASSIC R2_6_5 run1 -> veh=11 dist=16246.7 cpu=23.5628s valid=1
[654/1200] CLASSIC R2_6_5 run2 -> veh=11 dist=15940.5 cpu=23.2275s valid=1
[655/1200] QLEARNING R2_6_3 run3 -> veh=11 dist=11724.8 cpu=75.6047s valid=1
[656/1200] CLASSIC R2_6_5 run3 -> veh=11 dist=15973.2 cpu=23.5452s valid=1
[657/1200] QLEARNING R2_6_3 run4 -> veh=11 dist=11775.3 cpu=76.1985s valid=1
[658/1200] CLASSIC R2_6_5 run4 -> veh=11 dist=15819 cpu=23.8468s valid=1
[659/1200] QLEARNING R2_6_3 run7 -> veh=11 dist=11792 cpu=76.6696s valid=1
[660/1200] QLEARNING R2_6_3 run5 -> veh=11 dist=11560 cpu=79.2836s valid=1
[661/1200] QLEARNING R2_6_3 run9 -> veh=11 dist=11523 cpu=79.5936s valid=1
[662/1200] QLEARNING R2_6_3 run6 -> veh=11 dist=11878 cpu=81.3583s valid=1
[663/1200] QLEARNING R2_6_3 run8 -> veh=11 dist=11714.8 cpu=81.0988s valid=1
[664/1200] QLEARNING R2_6_3 run10 -> veh=11 dist=11563.7 cpu=83.7885s valid=1
[665/1200] CLASSIC R2_6_5 run5 -> veh=11 dist=15908.8 cpu=23.0274s valid=1
[666/1200] CLASSIC R2_6_5 run6 -> veh=11 dist=15931.3 cpu=23.5978s valid=1
[667/1200] CLASSIC R2_6_5 run7 -> veh=11 dist=15900.4 cpu=23.7976s valid=1
[668/1200] CLASSIC R2_6_5 run8 -> veh=11 dist=15914 cpu=23.484s valid=1
[669/1200] CLASSIC R2_6_5 run9 -> veh=11 dist=15951.6 cpu=23.5491s valid=1
[670/1200] CLASSIC R2_6_5 run10 -> veh=11 dist=15670.1 cpu=24.5661s valid=1
[671/1200] QLEARNING R2_6_5 run1 -> veh=11 dist=15674 cpu=25.1065s valid=1
[672/1200] QLEARNING R2_6_5 run2 -> veh=11 dist=15941.5 cpu=25.6654s valid=1
[673/1200] CLASSIC R2_6_4 run2 -> veh=11 dist=8484.49 cpu=99.1951s valid=1
[674/1200] QLEARNING R2_6_5 run5 -> veh=11 dist=15750.9 cpu=23.3746s valid=1
[675/1200] QLEARNING R2_6_5 run3 -> veh=11 dist=15828.6 cpu=24.2891s valid=1
[676/1200] QLEARNING R2_6_5 run4 -> veh=11 dist=15774.7 cpu=25.3395s valid=1
[677/1200] CLASSIC R2_6_4 run3 -> veh=11 dist=8477.44 cpu=98.4814s valid=1
[678/1200] CLASSIC R2_6_4 run4 -> veh=11 dist=8640.02 cpu=100.804s valid=1
[679/1200] QLEARNING R2_6_5 run6 -> veh=11 dist=15902.7 cpu=25.1127s valid=1
[680/1200] CLASSIC R2_6_4 run5 -> veh=11 dist=8537.4 cpu=97.9275s valid=1
[681/1200] CLASSIC R2_6_4 run1 -> veh=11 dist=8304.37 cpu=107.949s valid=1
[682/1200] CLASSIC R2_6_4 run10 -> veh=11 dist=8603.57 cpu=99.4183s valid=1
[683/1200] QLEARNING R2_6_5 run8 -> veh=11 dist=15823.2 cpu=23.9165s valid=1
[684/1200] QLEARNING R2_6_5 run7 -> veh=11 dist=15768.5 cpu=24.6797s valid=1
[685/1200] CLASSIC R2_6_4 run6 -> veh=11 dist=8331.5 cpu=103.663s valid=1
[686/1200] CLASSIC R2_6_4 run9 -> veh=11 dist=8397.74 cpu=101.7s valid=1
[687/1200] CLASSIC R2_6_4 run7 -> veh=11 dist=8496.55 cpu=103.13s valid=1
[688/1200] QLEARNING R2_6_4 run1 -> veh=11 dist=8516.4 cpu=100.782s valid=1
[689/1200] QLEARNING R2_6_4 run2 -> veh=11 dist=8554.12 cpu=99.4906s valid=1
[690/1200] QLEARNING R2_6_5 run9 -> veh=11 dist=15837.2 cpu=23.9364s valid=1
[691/1200] QLEARNING R2_6_5 run10 -> veh=11 dist=16115.2 cpu=24.1302s valid=1
[692/1200] CLASSIC R2_6_4 run8 -> veh=11 dist=8491.46 cpu=105.83s valid=1
[693/1200] QLEARNING R2_6_4 run6 -> veh=11 dist=8466.09 cpu=97.6577s valid=1
[694/1200] QLEARNING R2_6_4 run5 -> veh=11 dist=8493.02 cpu=99.1905s valid=1
[695/1200] QLEARNING R2_6_4 run7 -> veh=11 dist=8684.58 cpu=100.071s valid=1
[696/1200] QLEARNING R2_6_4 run4 -> veh=11 dist=8459.17 cpu=105.327s valid=1
[697/1200] QLEARNING R2_6_4 run8 -> veh=11 dist=8467.2 cpu=104.275s valid=1
[698/1200] QLEARNING R2_6_4 run9 -> veh=11 dist=8577.69 cpu=104.676s valid=1
[699/1200] QLEARNING R2_6_4 run3 -> veh=11 dist=8324.41 cpu=111.168s valid=1
[700/1200] QLEARNING R2_6_4 run10 -> veh=11 dist=8652.01 cpu=107.494s valid=1
[701/1200] CLASSIC R2_6_6 run1 -> veh=11 dist=13217 cpu=58.9587s valid=1
[702/1200] CLASSIC R2_6_6 run3 -> veh=11 dist=13105.5 cpu=59.0002s valid=1
[703/1200] CLASSIC R2_6_6 run2 -> veh=11 dist=13460.3 cpu=59.6998s valid=1
[704/1200] CLASSIC R2_6_6 run5 -> veh=11 dist=13268.4 cpu=58.471s valid=1
[705/1200] CLASSIC R2_6_6 run4 -> veh=11 dist=13130.8 cpu=60.1682s valid=1
[706/1200] CLASSIC R2_6_6 run6 -> veh=11 dist=13159.3 cpu=60.039s valid=1
[707/1200] CLASSIC R2_6_6 run7 -> veh=11 dist=13102.5 cpu=60.2232s valid=1
[708/1200] CLASSIC R2_6_6 run8 -> veh=11 dist=13171 cpu=59.0842s valid=1
[709/1200] CLASSIC R2_6_6 run9 -> veh=11 dist=13275.7 cpu=59.7171s valid=1
[710/1200] QLEARNING R2_6_6 run2 -> veh=11 dist=13424.7 cpu=57.5433s valid=1
[711/1200] CLASSIC R2_6_6 run10 -> veh=11 dist=13140.1 cpu=59.5435s valid=1
[712/1200] QLEARNING R2_6_6 run1 -> veh=11 dist=13517.1 cpu=62.2275s valid=1
[713/1200] QLEARNING R2_6_6 run3 -> veh=11 dist=13165.7 cpu=62.2274s valid=1
[714/1200] QLEARNING R2_6_6 run4 -> veh=11 dist=13130.4 cpu=59.6219s valid=1
[715/1200] QLEARNING R2_6_6 run5 -> veh=11 dist=13290 cpu=59.6034s valid=1
[716/1200] QLEARNING R2_6_6 run6 -> veh=11 dist=13314.4 cpu=61.2964s valid=1
[717/1200] QLEARNING R2_6_6 run8 -> veh=11 dist=13236.4 cpu=60.5472s valid=1
[718/1200] QLEARNING R2_6_6 run7 -> veh=11 dist=13195.9 cpu=62.4127s valid=1
[719/1200] QLEARNING R2_6_6 run9 -> veh=11 dist=13247.8 cpu=61.5391s valid=1
[720/1200] QLEARNING R2_6_6 run10 -> veh=11 dist=13064.8 cpu=61.9158s valid=1
[721/1200] CLASSIC R2_6_7 run1 -> veh=11 dist=10698.4 cpu=88.1257s valid=1
[722/1200] CLASSIC R2_6_7 run2 -> veh=11 dist=10564 cpu=87.702s valid=1
[723/1200] CLASSIC R2_6_7 run3 -> veh=11 dist=10779.3 cpu=88.8278s valid=1
[724/1200] CLASSIC R2_6_7 run4 -> veh=11 dist=10700.4 cpu=88.5002s valid=1
[725/1200] CLASSIC R2_6_7 run5 -> veh=11 dist=10675.1 cpu=80.5242s valid=1
[726/1200] CLASSIC R2_6_7 run6 -> veh=11 dist=10672.2 cpu=87.0913s valid=1
[727/1200] CLASSIC R2_6_7 run7 -> veh=11 dist=10719.2 cpu=87.1782s valid=1
[728/1200] CLASSIC R2_6_7 run8 -> veh=11 dist=10983.4 cpu=86.9167s valid=1
[729/1200] CLASSIC R2_6_7 run10 -> veh=11 dist=10692.6 cpu=87.9428s valid=1
[730/1200] CLASSIC R2_6_7 run9 -> veh=11 dist=10861.4 cpu=89.3329s valid=1
[731/1200] QLEARNING R2_6_7 run1 -> veh=11 dist=10697.4 cpu=91.7899s valid=1
[732/1200] QLEARNING R2_6_7 run2 -> veh=11 dist=10870 cpu=89.8036s valid=1
[733/1200] QLEARNING R2_6_7 run3 -> veh=11 dist=10671.6 cpu=85.7735s valid=1
[734/1200] QLEARNING R2_6_7 run5 -> veh=11 dist=10639.8 cpu=83.5767s valid=1
[735/1200] QLEARNING R2_6_7 run8 -> veh=11 dist=10800.6 cpu=84.2024s valid=1
[736/1200] QLEARNING R2_6_7 run7 -> veh=11 dist=10789.6 cpu=84.8667s valid=1
[737/1200] QLEARNING R2_6_7 run4 -> veh=11 dist=10538 cpu=88.8072s valid=1
[738/1200] QLEARNING R2_6_7 run6 -> veh=11 dist=10722.9 cpu=87.6267s valid=1
[739/1200] QLEARNING R2_6_7 run10 -> veh=11 dist=10824.1 cpu=88.7993s valid=1
[740/1200] QLEARNING R2_6_7 run9 -> veh=11 dist=10762.4 cpu=91.1998s valid=1
[741/1200] CLASSIC R2_6_9 run1 -> veh=11 dist=14357.6 cpu=28.5038s valid=1
[742/1200] CLASSIC R2_6_9 run2 -> veh=11 dist=14436.3 cpu=29.4563s valid=1
[743/1200] CLASSIC R2_6_8 run1 -> veh=11 dist=8228.97 cpu=103.922s valid=1
[744/1200] CLASSIC R2_6_9 run3 -> veh=11 dist=14274.1 cpu=29.5022s valid=1
[745/1200] CLASSIC R2_6_9 run4 -> veh=11 dist=14385 cpu=29.7717s valid=1
[746/1200] CLASSIC R2_6_9 run5 -> veh=11 dist=14112.8 cpu=29.7643s valid=1
[747/1200] CLASSIC R2_6_9 run6 -> veh=11 dist=14235.7 cpu=29.6861s valid=1
[748/1200] CLASSIC R2_6_8 run3 -> veh=11 dist=7942.41 cpu=105.064s valid=1
[749/1200] CLASSIC R2_6_9 run7 -> veh=11 dist=14421.7 cpu=28.0065s valid=1
[750/1200] CLASSIC R2_6_9 run8 -> veh=11 dist=14658.2 cpu=29.5249s valid=1
[751/1200] CLASSIC R2_6_9 run9 -> veh=11 dist=14553.1 cpu=29.5115s valid=1
[752/1200] CLASSIC R2_6_9 run10 -> veh=11 dist=14378 cpu=28.5124s valid=1
[753/1200] CLASSIC R2_6_8 run2 -> veh=11 dist=8003.99 cpu=111.22s valid=1
[754/1200] CLASSIC R2_6_8 run5 -> veh=11 dist=7969.52 cpu=105.533s valid=1
[755/1200] CLASSIC R2_6_8 run7 -> veh=11 dist=8032.9 cpu=104.311s valid=1
[756/1200] CLASSIC R2_6_8 run6 -> veh=11 dist=8109.83 cpu=106.518s valid=1
[757/1200] QLEARNING R2_6_9 run1 -> veh=11 dist=14129.9 cpu=29.0752s valid=1
[758/1200] CLASSIC R2_6_8 run4 -> veh=11 dist=7963.38 cpu=113.184s valid=1
[759/1200] CLASSIC R2_6_8 run8 -> veh=11 dist=8007.74 cpu=107.824s valid=1
[760/1200] CLASSIC R2_6_8 run9 -> veh=11 dist=7948.62 cpu=107.326s valid=1
[761/1200] QLEARNING R2_6_9 run2 -> veh=11 dist=14398.6 cpu=30.9941s valid=1
[762/1200] QLEARNING R2_6_8 run1 -> veh=11 dist=8081.78 cpu=108.233s valid=1
[763/1200] CLASSIC R2_6_8 run10 -> veh=11 dist=8233.83 cpu=110.137s valid=1
[764/1200] QLEARNING R2_6_8 run2 -> veh=11 dist=7954.23 cpu=110.279s valid=1
[765/1200] QLEARNING R2_6_9 run3 -> veh=11 dist=14313.5 cpu=29.2164s valid=1
[766/1200] QLEARNING R2_6_9 run5 -> veh=11 dist=14299.3 cpu=27.8495s valid=1
[767/1200] QLEARNING R2_6_9 run4 -> veh=11 dist=14320.7 cpu=31.4452s valid=1
[768/1200] QLEARNING R2_6_9 run7 -> veh=11 dist=14308.7 cpu=30.0533s valid=1
[769/1200] QLEARNING R2_6_9 run8 -> veh=11 dist=14014 cpu=30.5708s valid=1
[770/1200] QLEARNING R2_6_9 run6 -> veh=11 dist=14199.1 cpu=31.2818s valid=1
[771/1200] QLEARNING R2_6_9 run10 -> veh=11 dist=14639.1 cpu=28.89s valid=1
[772/1200] QLEARNING R2_6_9 run9 -> veh=11 dist=14181.7 cpu=30.7595s valid=1
[773/1200] CLASSIC R2_6_10 run1 -> veh=11 dist=13140.2 cpu=34.1086s valid=1
[774/1200] QLEARNING R2_6_8 run6 -> veh=11 dist=8192.42 cpu=100.566s valid=1
[775/1200] CLASSIC R2_6_10 run2 -> veh=11 dist=13029.5 cpu=34.6018s valid=1
[776/1200] CLASSIC R2_6_10 run6 -> veh=11 dist=13020 cpu=33.7618s valid=1
[777/1200] CLASSIC R2_6_10 run3 -> veh=11 dist=12874.4 cpu=34.7226s valid=1
[778/1200] CLASSIC R2_6_10 run4 -> veh=11 dist=13111 cpu=34.5791s valid=1
[779/1200] QLEARNING R2_6_8 run4 -> veh=11 dist=8038.87 cpu=105.132s valid=1
[780/1200] QLEARNING R2_6_8 run3 -> veh=11 dist=8108.7 cpu=106.551s valid=1
[781/1200] CLASSIC R2_6_10 run5 -> veh=11 dist=13115.2 cpu=35.1597s valid=1
[782/1200] CLASSIC RC1_6_1 run3 -> veh=55 dist=18852.4 cpu=11.4519s valid=1
[783/1200] CLASSIC RC1_6_1 run2 -> veh=55 dist=19275.3 cpu=12.1442s valid=1
[784/1200] CLASSIC R2_6_10 run7 -> veh=11 dist=12967.3 cpu=35.0518s valid=1
[785/1200] CLASSIC RC1_6_1 run1 -> veh=55 dist=18796.2 cpu=12.7506s valid=1
[786/1200] CLASSIC R2_6_10 run8 -> veh=11 dist=12828.7 cpu=34.6516s valid=1
[787/1200] CLASSIC RC1_6_1 run4 -> veh=55 dist=19063.9 cpu=13.0303s valid=1
[788/1200] CLASSIC R2_6_10 run9 -> veh=11 dist=13102.9 cpu=34.6488s valid=1
[789/1200] QLEARNING R2_6_8 run5 -> veh=11 dist=8020.46 cpu=107.513s valid=1
[790/1200] QLEARNING R2_6_10 run1 -> veh=11 dist=13034.3 cpu=33.1501s valid=1
[791/1200] CLASSIC R2_6_10 run10 -> veh=11 dist=13103.3 cpu=34.9772s valid=1
[792/1200] QLEARNING R2_6_10 run3 -> veh=11 dist=13050.3 cpu=34.8644s valid=1
[793/1200] QLEARNING R2_6_10 run2 -> veh=11 dist=12912.3 cpu=35.6206s valid=1
[794/1200] QLEARNING R2_6_10 run4 -> veh=11 dist=13051.1 cpu=34.0784s valid=1
[795/1200] CLASSIC RC1_6_1 run5 -> veh=55 dist=19376.7 cpu=12.7667s valid=1
[796/1200] QLEARNING R2_6_10 run5 -> veh=11 dist=12984.8 cpu=34.6679s valid=1
[797/1200] QLEARNING R2_6_10 run6 -> veh=11 dist=12909.5 cpu=32.9287s valid=1
[798/1200] QLEARNING RC1_6_1 run1 -> veh=55 dist=18862.8 cpu=10.6848s valid=1
[799/1200] CLASSIC RC1_6_1 run10 -> veh=55 dist=18769.6 cpu=12.1719s valid=1
[800/1200] QLEARNING RC1_6_1 run2 -> veh=55 dist=19492.1 cpu=11.9869s valid=1
[801/1200] CLASSIC RC1_6_1 run7 -> veh=55 dist=19152.2 cpu=13.7052s valid=1
[802/1200] QLEARNING RC1_6_1 run3 -> veh=55 dist=18833.2 cpu=12.5617s valid=1
[803/1200] QLEARNING RC1_6_1 run6 -> veh=55 dist=18944.9 cpu=12.4749s valid=1
[804/1200] QLEARNING RC1_6_1 run10 -> veh=55 dist=19090.8 cpu=11.4351s valid=1
[805/1200] QLEARNING RC1_6_1 run7 -> veh=55 dist=18751.9 cpu=12.9639s valid=1
[806/1200] QLEARNING R2_6_10 run7 -> veh=11 dist=13039 cpu=34.0425s valid=1
[807/1200] QLEARNING RC1_6_1 run5 -> veh=55 dist=19228.6 cpu=14.1974s valid=1
[808/1200] CLASSIC RC1_6_1 run8 -> veh=55 dist=19091.4 cpu=17.0702s valid=1
[809/1200] QLEARNING RC1_6_1 run8 -> veh=55 dist=18909.8 cpu=13.5017s valid=1
[810/1200] QLEARNING R2_6_8 run7 -> veh=11 dist=8003.82 cpu=110.018s valid=1
[811/1200] QLEARNING R2_6_10 run8 -> veh=11 dist=13258 cpu=34.3703s valid=1
[812/1200] QLEARNING R2_6_10 run9 -> veh=11 dist=12679 cpu=35.1041s valid=1
[813/1200] CLASSIC RC1_6_1 run9 -> veh=55 dist=18615 cpu=22.3254s valid=1
[814/1200] CLASSIC RC1_6_1 run6 -> veh=56 dist=17759.5 cpu=25.5395s valid=1
[815/1200] QLEARNING R2_6_10 run10 -> veh=11 dist=12805.8 cpu=34.4169s valid=1
[816/1200] QLEARNING R2_6_8 run9 -> veh=11 dist=8193.85 cpu=105.76s valid=1
[817/1200] CLASSIC RC1_6_2 run1 -> veh=55 dist=17737.4 cpu=20.6184s valid=1
[818/1200] CLASSIC RC1_6_2 run2 -> veh=55 dist=17400.7 cpu=19.7474s valid=1
[819/1200] QLEARNING RC1_6_1 run4 -> veh=56 dist=17827.6 cpu=24.4684s valid=1
[820/1200] QLEARNING R2_6_8 run8 -> veh=11 dist=8212.56 cpu=110.257s valid=1
[821/1200] QLEARNING R2_6_8 run10 -> veh=11 dist=8006.17 cpu=105.791s valid=1
[822/1200] CLASSIC RC1_6_2 run3 -> veh=55 dist=17407.3 cpu=20.7333s valid=1
[823/1200] CLASSIC RC1_6_2 run4 -> veh=55 dist=17427.3 cpu=21.0844s valid=1
[824/1200] CLASSIC RC1_6_2 run5 -> veh=55 dist=17790.9 cpu=20.79s valid=1
[825/1200] CLASSIC RC1_6_2 run6 -> veh=55 dist=17353.3 cpu=20.6394s valid=1
[826/1200] CLASSIC RC1_6_2 run7 -> veh=55 dist=17753.4 cpu=20.255s valid=1
[827/1200] QLEARNING RC1_6_1 run9 -> veh=56 dist=17719.8 cpu=27.1266s valid=1
[828/1200] CLASSIC RC1_6_2 run10 -> veh=55 dist=17815 cpu=20.2257s valid=1
[829/1200] CLASSIC RC1_6_2 run8 -> veh=55 dist=17838.4 cpu=20.7242s valid=1
[830/1200] CLASSIC RC1_6_2 run9 -> veh=55 dist=17444.3 cpu=20.5202s valid=1
[831/1200] QLEARNING RC1_6_2 run1 -> veh=55 dist=17729.7 cpu=20.7173s valid=1
[832/1200] QLEARNING RC1_6_2 run2 -> veh=55 dist=17766.2 cpu=20.4953s valid=1
[833/1200] QLEARNING RC1_6_2 run4 -> veh=55 dist=17013.2 cpu=20.6871s valid=1
[834/1200] QLEARNING RC1_6_2 run3 -> veh=55 dist=17475.9 cpu=21.3126s valid=1
[835/1200] QLEARNING RC1_6_2 run9 -> veh=55 dist=17631.8 cpu=19.686s valid=1
[836/1200] QLEARNING RC1_6_2 run6 -> veh=55 dist=17821.8 cpu=20.7536s valid=1
[837/1200] QLEARNING RC1_6_2 run5 -> veh=55 dist=17341.8 cpu=22.1306s valid=1
[838/1200] QLEARNING RC1_6_2 run10 -> veh=55 dist=17579 cpu=20.6913s valid=1
[839/1200] QLEARNING RC1_6_2 run7 -> veh=55 dist=17107.9 cpu=21.7685s valid=1
[840/1200] QLEARNING RC1_6_2 run8 -> veh=55 dist=17340.4 cpu=21.4777s valid=1
[841/1200] CLASSIC RC1_6_3 run1 -> veh=55 dist=16523.9 cpu=26.6721s valid=1
[842/1200] CLASSIC RC1_6_3 run3 -> veh=55 dist=16368.1 cpu=26.5117s valid=1
[843/1200] CLASSIC RC1_6_3 run2 -> veh=55 dist=16610.5 cpu=26.7463s valid=1
[844/1200] CLASSIC RC1_6_3 run7 -> veh=55 dist=16619.3 cpu=24.9832s valid=1
[845/1200] CLASSIC RC1_6_3 run4 -> veh=55 dist=16336.9 cpu=27.7242s valid=1
[846/1200] CLASSIC RC1_6_3 run5 -> veh=55 dist=16558.8 cpu=26.9937s valid=1
[847/1200] CLASSIC RC1_6_3 run6 -> veh=55 dist=16482.8 cpu=26.205s valid=1
[848/1200] CLASSIC RC1_6_3 run8 -> veh=55 dist=16643.8 cpu=26.8275s valid=1
[849/1200] CLASSIC RC1_6_3 run9 -> veh=55 dist=16346 cpu=27.3636s valid=1
[850/1200] CLASSIC RC1_6_3 run10 -> veh=55 dist=16473.3 cpu=27.4877s valid=1
[851/1200] QLEARNING RC1_6_3 run3 -> veh=55 dist=16676.1 cpu=26.5706s valid=1
[852/1200] QLEARNING RC1_6_3 run1 -> veh=55 dist=16295.1 cpu=27.4375s valid=1
[853/1200] QLEARNING RC1_6_3 run4 -> veh=55 dist=16381.7 cpu=26.259s valid=1
[854/1200] QLEARNING RC1_6_3 run2 -> veh=55 dist=16540.2 cpu=28.1784s valid=1
[855/1200] QLEARNING RC1_6_3 run8 -> veh=55 dist=16425.1 cpu=27.062s valid=1
[856/1200] QLEARNING RC1_6_3 run5 -> veh=55 dist=16201.7 cpu=28.3638s valid=1
[857/1200] QLEARNING RC1_6_3 run6 -> veh=55 dist=16021.3 cpu=28.3189s valid=1
[858/1200] QLEARNING RC1_6_3 run7 -> veh=55 dist=16130.7 cpu=28.7994s valid=1
[859/1200] QLEARNING RC1_6_3 run9 -> veh=55 dist=16475.6 cpu=29.0044s valid=1
[860/1200] QLEARNING RC1_6_3 run10 -> veh=55 dist=16446.9 cpu=29.4308s valid=1
[861/1200] CLASSIC RC1_6_4 run2 -> veh=55 dist=15773.3 cpu=30.8366s valid=1
[862/1200] CLASSIC RC1_6_4 run1 -> veh=55 dist=15812.3 cpu=31.4866s valid=1
[863/1200] CLASSIC RC1_6_4 run3 -> veh=55 dist=15569.9 cpu=30.7452s valid=1
[864/1200] CLASSIC RC1_6_4 run4 -> veh=55 dist=15749.1 cpu=30.6742s valid=1
[865/1200] CLASSIC RC1_6_4 run5 -> veh=55 dist=15693.7 cpu=30.9695s valid=1
[866/1200] CLASSIC RC1_6_5 run1 -> veh=55 dist=19575.3 cpu=12.235s valid=1
[867/1200] CLASSIC RC1_6_5 run3 -> veh=55 dist=18933 cpu=12.492s valid=1
[868/1200] CLASSIC RC1_6_5 run4 -> veh=55 dist=19418.8 cpu=12.3035s valid=1
[869/1200] CLASSIC RC1_6_4 run6 -> veh=55 dist=15868.3 cpu=31.4053s valid=1
[870/1200] CLASSIC RC1_6_5 run2 -> veh=55 dist=19037.6 cpu=12.8941s valid=1
[871/1200] CLASSIC RC1_6_5 run5 -> veh=55 dist=19011.2 cpu=12.2857s valid=1
[872/1200] CLASSIC RC1_6_4 run8 -> veh=55 dist=15683.3 cpu=30.515s valid=1
[873/1200] CLASSIC RC1_6_5 run6 -> veh=55 dist=19227.3 cpu=12.6219s valid=1
[874/1200] CLASSIC RC1_6_4 run7 -> veh=55 dist=15735.4 cpu=32.4282s valid=1
[875/1200] CLASSIC RC1_6_4 run10 -> veh=55 dist=15822.8 cpu=31.5318s valid=1
[876/1200] QLEARNING RC1_6_4 run1 -> veh=55 dist=15719.1 cpu=31.5482s valid=1
[877/1200] CLASSIC RC1_6_4 run9 -> veh=55 dist=15781.4 cpu=31.9624s valid=1
[878/1200] CLASSIC RC1_6_5 run7 -> veh=55 dist=19535.4 cpu=11.9228s valid=1
[879/1200] QLEARNING RC1_6_4 run2 -> veh=55 dist=15778 cpu=32.7267s valid=1
[880/1200] CLASSIC RC1_6_5 run9 -> veh=55 dist=18914.1 cpu=13.3327s valid=1
[881/1200] CLASSIC RC1_6_5 run10 -> veh=55 dist=18865.2 cpu=12.5483s valid=1
[882/1200] QLEARNING RC1_6_5 run2 -> veh=55 dist=18778.2 cpu=12.1556s valid=1
[883/1200] CLASSIC RC1_6_5 run8 -> veh=55 dist=18919.9 cpu=16.0585s valid=1
[884/1200] QLEARNING RC1_6_5 run1 -> veh=55 dist=18397.3 cpu=13.7586s valid=1
[885/1200] QLEARNING RC1_6_5 run3 -> veh=55 dist=19388.2 cpu=11.856s valid=1
[886/1200] QLEARNING RC1_6_5 run4 -> veh=55 dist=18560.5 cpu=12.8319s valid=1
[887/1200] QLEARNING RC1_6_5 run5 -> veh=55 dist=19359 cpu=12.197s valid=1
[888/1200] QLEARNING RC1_6_4 run3 -> veh=55 dist=16011.1 cpu=32.2994s valid=1
[889/1200] QLEARNING RC1_6_4 run4 -> veh=55 dist=15550.1 cpu=31.5814s valid=1
[890/1200] QLEARNING RC1_6_5 run6 -> veh=55 dist=18428.4 cpu=13.2093s valid=1
[891/1200] QLEARNING RC1_6_5 run7 -> veh=55 dist=18649.4 cpu=12.5214s valid=1
[892/1200] QLEARNING RC1_6_5 run8 -> veh=55 dist=18777.4 cpu=12.5343s valid=1
[893/1200] QLEARNING RC1_6_5 run10 -> veh=55 dist=18643.1 cpu=12.5128s valid=1
[894/1200] QLEARNING RC1_6_4 run6 -> veh=55 dist=15356.7 cpu=29.9869s valid=1
[895/1200] CLASSIC RC1_6_6 run1 -> veh=55 dist=18264.8 cpu=12.708s valid=1
[896/1200] CLASSIC RC1_6_6 run2 -> veh=55 dist=18818.5 cpu=13.5334s valid=1
[897/1200] QLEARNING RC1_6_4 run5 -> veh=55 dist=15793.9 cpu=34.4337s valid=1
[898/1200] CLASSIC RC1_6_6 run3 -> veh=55 dist=18409.4 cpu=13.3804s valid=1
[899/1200] QLEARNING RC1_6_4 run8 -> veh=55 dist=16008.9 cpu=31.0023s valid=1
[900/1200] QLEARNING RC1_6_4 run7 -> veh=55 dist=15546 cpu=31.353s valid=1
[901/1200] CLASSIC RC1_6_6 run4 -> veh=55 dist=18243.7 cpu=13.3697s valid=1
[902/1200] CLASSIC RC1_6_6 run5 -> veh=55 dist=18520.6 cpu=13.3026s valid=1
[903/1200] CLASSIC RC1_6_6 run6 -> veh=55 dist=18641.2 cpu=12.6543s valid=1
[904/1200] QLEARNING RC1_6_5 run9 -> veh=55 dist=18960.3 cpu=16.0523s valid=1
[905/1200] CLASSIC RC1_6_6 run8 -> veh=55 dist=18385 cpu=12.8788s valid=1
[906/1200] CLASSIC RC1_6_6 run7 -> veh=55 dist=18522.9 cpu=13.154s valid=1
[907/1200] CLASSIC RC1_6_6 run9 -> veh=55 dist=18767.4 cpu=13.0692s valid=1
[908/1200] CLASSIC RC1_6_6 run10 -> veh=55 dist=18473.6 cpu=12.9495s valid=1
[909/1200] QLEARNING RC1_6_4 run9 -> veh=55 dist=15736.5 cpu=32.596s valid=1
[910/1200] QLEARNING RC1_6_4 run10 -> veh=55 dist=15415.8 cpu=31.6038s valid=1
[911/1200] QLEARNING RC1_6_6 run1 -> veh=55 dist=18391 cpu=13.4775s valid=1
[912/1200] QLEARNING RC1_6_6 run3 -> veh=55 dist=19018.4 cpu=12.5607s valid=1
[913/1200] QLEARNING RC1_6_6 run2 -> veh=55 dist=18631.2 cpu=12.7809s valid=1
[914/1200] QLEARNING RC1_6_6 run7 -> veh=55 dist=19289.1 cpu=12.1064s valid=1
[915/1200] QLEARNING RC1_6_6 run5 -> veh=55 dist=19039.3 cpu=12.6361s valid=1
[916/1200] QLEARNING RC1_6_6 run4 -> veh=55 dist=18559.9 cpu=13.3676s valid=1
[917/1200] QLEARNING RC1_6_6 run6 -> veh=55 dist=18620.7 cpu=12.7844s valid=1
[918/1200] QLEARNING RC1_6_6 run8 -> veh=55 dist=18610.3 cpu=12.263s valid=1
[919/1200] QLEARNING RC1_6_6 run9 -> veh=55 dist=18142.7 cpu=12.9969s valid=1
[920/1200] QLEARNING RC1_6_6 run10 -> veh=55 dist=18781.5 cpu=12.9644s valid=1
[921/1200] CLASSIC RC1_6_7 run1 -> veh=55 dist=18303.9 cpu=13.1306s valid=1
[922/1200] CLASSIC RC1_6_7 run2 -> veh=55 dist=18979.5 cpu=13.0163s valid=1
[923/1200] CLASSIC RC1_6_7 run4 -> veh=55 dist=18796.8 cpu=13.1877s valid=1
[924/1200] CLASSIC RC1_6_7 run3 -> veh=55 dist=18065.5 cpu=13.3846s valid=1
[925/1200] CLASSIC RC1_6_7 run5 -> veh=55 dist=18543.4 cpu=12.8992s valid=1
[926/1200] CLASSIC RC1_6_7 run7 -> veh=55 dist=18936.6 cpu=12.996s valid=1
[927/1200] CLASSIC RC1_6_7 run6 -> veh=55 dist=18792.5 cpu=13.1593s valid=1
[928/1200] CLASSIC RC1_6_7 run9 -> veh=55 dist=18695.6 cpu=13.1371s valid=1
[929/1200] CLASSIC RC1_6_7 run8 -> veh=55 dist=18841.7 cpu=13.2384s valid=1
[930/1200] CLASSIC RC1_6_7 run10 -> veh=55 dist=18486.6 cpu=13.4079s valid=1
[931/1200] QLEARNING RC1_6_7 run1 -> veh=55 dist=18164.9 cpu=13.8396s valid=1
[932/1200] QLEARNING RC1_6_7 run4 -> veh=55 dist=18677.1 cpu=13.4456s valid=1
[933/1200] QLEARNING RC1_6_7 run2 -> veh=55 dist=18095.3 cpu=14.2364s valid=1
[934/1200] QLEARNING RC1_6_7 run3 -> veh=55 dist=18433.8 cpu=14.5137s valid=1
[935/1200] QLEARNING RC1_6_7 run5 -> veh=55 dist=18676.3 cpu=13.8197s valid=1
[936/1200] QLEARNING RC1_6_7 run7 -> veh=55 dist=18612.8 cpu=13.7057s valid=1
[937/1200] QLEARNING RC1_6_7 run10 -> veh=55 dist=18227.7 cpu=13.3384s valid=1
[938/1200] QLEARNING RC1_6_7 run6 -> veh=55 dist=18616 cpu=13.9852s valid=1
[939/1200] QLEARNING RC1_6_7 run9 -> veh=55 dist=19028 cpu=13.8001s valid=1
[940/1200] QLEARNING RC1_6_7 run8 -> veh=55 dist=18431 cpu=13.9148s valid=1
[941/1200] CLASSIC RC1_6_8 run2 -> veh=55 dist=18061.4 cpu=14.7592s valid=1
[942/1200] CLASSIC RC1_6_8 run1 -> veh=55 dist=17649.6 cpu=14.9988s valid=1
[943/1200] CLASSIC RC1_6_8 run3 -> veh=55 dist=17693.7 cpu=14.8157s valid=1
[944/1200] CLASSIC RC1_6_8 run5 -> veh=55 dist=18281.9 cpu=14.9185s valid=1
[945/1200] CLASSIC RC1_6_8 run4 -> veh=55 dist=17835.8 cpu=15.1011s valid=1
[946/1200] CLASSIC RC1_6_8 run7 -> veh=55 dist=17647.3 cpu=14.9615s valid=1
[947/1200] CLASSIC RC1_6_8 run6 -> veh=55 dist=17833.2 cpu=15.1081s valid=1
[948/1200] CLASSIC RC1_6_8 run8 -> veh=55 dist=17654.5 cpu=15.0305s valid=1
[949/1200] CLASSIC RC1_6_8 run9 -> veh=55 dist=18051.9 cpu=15.059s valid=1
[950/1200] CLASSIC RC1_6_8 run10 -> veh=55 dist=17901.4 cpu=15.2102s valid=1
[951/1200] QLEARNING RC1_6_8 run1 -> veh=55 dist=17751.5 cpu=15.8369s valid=1
[952/1200] QLEARNING RC1_6_8 run4 -> veh=55 dist=17438.9 cpu=15.2571s valid=1
[953/1200] QLEARNING RC1_6_8 run2 -> veh=55 dist=17873.4 cpu=16.8344s valid=1
[954/1200] QLEARNING RC1_6_8 run3 -> veh=55 dist=18229.5 cpu=16.8599s valid=1
[955/1200] QLEARNING RC1_6_8 run6 -> veh=55 dist=18179 cpu=15.6464s valid=1
[956/1200] QLEARNING RC1_6_8 run5 -> veh=55 dist=17413.8 cpu=15.6534s valid=1
[957/1200] QLEARNING RC1_6_8 run7 -> veh=55 dist=17643.1 cpu=15.7348s valid=1
[958/1200] QLEARNING RC1_6_8 run9 -> veh=55 dist=18046.2 cpu=15.4688s valid=1
[959/1200] QLEARNING RC1_6_8 run10 -> veh=55 dist=17786.5 cpu=14.5326s valid=1
[960/1200] QLEARNING RC1_6_8 run8 -> veh=55 dist=17724.5 cpu=15.5756s valid=1
[961/1200] CLASSIC RC1_6_9 run1 -> veh=55 dist=17697.2 cpu=15.7356s valid=1
[962/1200] CLASSIC RC1_6_9 run2 -> veh=55 dist=17315.6 cpu=15.9468s valid=1
[963/1200] CLASSIC RC1_6_9 run3 -> veh=55 dist=17558.2 cpu=15.8956s valid=1
[964/1200] CLASSIC RC1_6_9 run6 -> veh=55 dist=17445.2 cpu=15.2891s valid=1
[965/1200] CLASSIC RC1_6_9 run4 -> veh=55 dist=17536 cpu=16.0515s valid=1
[966/1200] CLASSIC RC1_6_9 run5 -> veh=55 dist=17205.4 cpu=15.8691s valid=1
[967/1200] CLASSIC RC1_6_9 run7 -> veh=55 dist=18052.6 cpu=15.8021s valid=1
[968/1200] CLASSIC RC1_6_9 run8 -> veh=55 dist=17619.8 cpu=15.7999s valid=1
[969/1200] CLASSIC RC1_6_9 run10 -> veh=55 dist=17425.4 cpu=15.7149s valid=1
[970/1200] CLASSIC RC1_6_9 run9 -> veh=55 dist=17638.6 cpu=15.9368s valid=1
[971/1200] QLEARNING RC1_6_9 run1 -> veh=55 dist=17739.9 cpu=15.7981s valid=1
[972/1200] QLEARNING RC1_6_9 run4 -> veh=55 dist=17396 cpu=15.6904s valid=1
[973/1200] QLEARNING RC1_6_9 run2 -> veh=55 dist=17389 cpu=17.0391s valid=1
[974/1200] QLEARNING RC1_6_9 run3 -> veh=55 dist=17253.2 cpu=15.834s valid=1
[975/1200] QLEARNING RC1_6_9 run5 -> veh=55 dist=17474.7 cpu=15.3972s valid=1
[976/1200] QLEARNING RC1_6_9 run7 -> veh=55 dist=17330.8 cpu=16.5659s valid=1
[977/1200] QLEARNING RC1_6_9 run6 -> veh=55 dist=17653.8 cpu=16.9304s valid=1
[978/1200] QLEARNING RC1_6_9 run9 -> veh=55 dist=18438.3 cpu=15.3621s valid=1
[979/1200] QLEARNING RC1_6_9 run8 -> veh=55 dist=17074.9 cpu=16.386s valid=1
[980/1200] QLEARNING RC1_6_9 run10 -> veh=55 dist=17858.1 cpu=16.8921s valid=1
[981/1200] CLASSIC RC1_6_10 run1 -> veh=55 dist=16816.9 cpu=17.3138s valid=1
[982/1200] CLASSIC RC1_6_10 run2 -> veh=55 dist=17001.9 cpu=16.9926s valid=1
[983/1200] CLASSIC RC1_6_10 run3 -> veh=55 dist=16839 cpu=17.1814s valid=1
[984/1200] CLASSIC RC1_6_10 run4 -> veh=55 dist=17321.2 cpu=17.4931s valid=1
[985/1200] CLASSIC RC1_6_10 run5 -> veh=55 dist=16940 cpu=17.1106s valid=1
[986/1200] CLASSIC RC1_6_10 run8 -> veh=55 dist=16840.7 cpu=17.015s valid=1
[987/1200] CLASSIC RC1_6_10 run6 -> veh=55 dist=16998.3 cpu=17.172s valid=1
[988/1200] CLASSIC RC1_6_10 run7 -> veh=55 dist=16909.5 cpu=17.215s valid=1
[989/1200] QLEARNING RC1_6_10 run2 -> veh=55 dist=16806.9 cpu=16.7361s valid=1
[990/1200] CLASSIC RC1_6_10 run9 -> veh=55 dist=17038.3 cpu=17.4039s valid=1
[991/1200] CLASSIC RC1_6_10 run10 -> veh=55 dist=17184.8 cpu=17.4334s valid=1
[992/1200] QLEARNING RC1_6_10 run1 -> veh=55 dist=16898.1 cpu=17.7043s valid=1
[993/1200] QLEARNING RC1_6_10 run4 -> veh=55 dist=16918.2 cpu=17.3619s valid=1
[994/1200] QLEARNING RC1_6_10 run3 -> veh=55 dist=17414.3 cpu=18.1459s valid=1
[995/1200] QLEARNING RC1_6_10 run5 -> veh=55 dist=16817.8 cpu=17.0288s valid=1
[996/1200] QLEARNING RC1_6_10 run6 -> veh=55 dist=16966.4 cpu=17.0992s valid=1
[997/1200] QLEARNING RC1_6_10 run7 -> veh=55 dist=16998.9 cpu=17.5435s valid=1
[998/1200] QLEARNING RC1_6_10 run9 -> veh=55 dist=17268 cpu=17.5216s valid=1
[999/1200] QLEARNING RC1_6_10 run10 -> veh=55 dist=16907.9 cpu=17.2176s valid=1
[1000/1200] QLEARNING RC1_6_10 run8 -> veh=55 dist=17525 cpu=18.6861s valid=1
[1001/1200] CLASSIC RC2_6_1 run6 -> veh=15 dist=13712.9 cpu=26.2406s valid=1
[1002/1200] QLEARNING RC2_6_1 run1 -> veh=15 dist=13677.2 cpu=25.5169s valid=1
[1003/1200] CLASSIC RC2_6_1 run2 -> veh=15 dist=13376.6 cpu=32.4462s valid=1
[1004/1200] QLEARNING RC2_6_1 run3 -> veh=15 dist=13844.2 cpu=28.6151s valid=1
[1005/1200] QLEARNING RC2_6_1 run5 -> veh=15 dist=13567.9 cpu=29.1648s valid=1
[1006/1200] QLEARNING RC2_6_1 run10 -> veh=15 dist=13714.3 cpu=27.202s valid=1
[1007/1200] CLASSIC RC2_6_1 run3 -> veh=15 dist=13513.8 cpu=42.4212s valid=1
[1008/1200] CLASSIC RC2_6_1 run1 -> veh=15 dist=13793.9 cpu=43.586s valid=1
[1009/1200] CLASSIC RC2_6_1 run5 -> veh=16 dist=13879.7 cpu=42.3289s valid=1
[1010/1200] CLASSIC RC2_6_1 run4 -> veh=15 dist=13512.9 cpu=43.1414s valid=1
[1011/1200] CLASSIC RC2_6_1 run7 -> veh=16 dist=13090.9 cpu=43.42s valid=1
[1012/1200] CLASSIC RC2_6_1 run8 -> veh=16 dist=13005.6 cpu=43.2164s valid=1
[1013/1200] CLASSIC RC2_6_1 run9 -> veh=16 dist=13548.5 cpu=43.0771s valid=1
[1014/1200] CLASSIC RC2_6_1 run10 -> veh=16 dist=13605.4 cpu=42.5857s valid=1
[1015/1200] QLEARNING RC2_6_1 run2 -> veh=16 dist=13089.7 cpu=46.3642s valid=1
[1016/1200] QLEARNING RC2_6_1 run6 -> veh=15 dist=13686.1 cpu=42.4277s valid=1
[1017/1200] QLEARNING RC2_6_1 run4 -> veh=15 dist=13834.6 cpu=45.5999s valid=1
[1018/1200] QLEARNING RC2_6_1 run8 -> veh=16 dist=13180.5 cpu=43.2421s valid=1
[1019/1200] QLEARNING RC2_6_1 run7 -> veh=15 dist=13535.4 cpu=44.9605s valid=1
[1020/1200] QLEARNING RC2_6_1 run9 -> veh=15 dist=13572.8 cpu=44.8583s valid=1
[1021/1200] CLASSIC RC2_6_2 run7 -> veh=13 dist=11728.7 cpu=67.795s valid=1
[1022/1200] CLASSIC RC2_6_2 run9 -> veh=13 dist=11633.5 cpu=70.0298s valid=1
[1023/1200] QLEARNING RC2_6_2 run2 -> veh=13 dist=11896.2 cpu=70.0407s valid=1
[1024/1200] QLEARNING RC2_6_2 run1 -> veh=13 dist=11790.1 cpu=73.4704s valid=1
[1025/1200] CLASSIC RC2_6_2 run8 -> veh=13 dist=11854.7 cpu=96.6751s valid=1
[1026/1200] CLASSIC RC2_6_3 run1 -> veh=11 dist=10060.1 cpu=82.5191s valid=1
[1027/1200] CLASSIC RC2_6_3 run2 -> veh=11 dist=10280.4 cpu=83.4344s valid=1
[1028/1200] CLASSIC RC2_6_3 run3 -> veh=11 dist=10084.3 cpu=83.4602s valid=1
[1029/1200] CLASSIC RC2_6_2 run2 -> veh=13 dist=11723.8 cpu=116.293s valid=1
[1030/1200] CLASSIC RC2_6_3 run6 -> veh=11 dist=9942.09 cpu=81.5756s valid=1
[1031/1200] CLASSIC RC2_6_3 run4 -> veh=11 dist=9777.19 cpu=84.1478s valid=1
[1032/1200] CLASSIC RC2_6_2 run4 -> veh=13 dist=11855 cpu=118.044s valid=1
[1033/1200] CLASSIC RC2_6_2 run1 -> veh=13 dist=12044.4 cpu=119.218s valid=1
[1034/1200] CLASSIC RC2_6_2 run3 -> veh=13 dist=11521.1 cpu=119.345s valid=1
[1035/1200] QLEARNING RC2_6_3 run1 -> veh=11 dist=10210.9 cpu=78.7501s valid=1
[1036/1200] CLASSIC RC2_6_2 run10 -> veh=13 dist=12161.7 cpu=118.97s valid=1
[1037/1200] QLEARNING RC2_6_3 run2 -> veh=11 dist=10066 cpu=78.8703s valid=1
[1038/1200] CLASSIC RC2_6_2 run5 -> veh=13 dist=11729.2 cpu=121.488s valid=1
[1039/1200] CLASSIC RC2_6_3 run7 -> veh=11 dist=9767.26 cpu=83.4334s valid=1
[1040/1200] CLASSIC RC2_6_3 run5 -> veh=11 dist=10175 cpu=89.3624s valid=1
[1041/1200] CLASSIC RC2_6_2 run6 -> veh=13 dist=11532.1 cpu=121.659s valid=1
[1042/1200] CLASSIC RC2_6_3 run8 -> veh=11 dist=10010.8 cpu=84.3012s valid=1
[1043/1200] CLASSIC RC2_6_3 run9 -> veh=11 dist=10249.9 cpu=86.6641s valid=1
[1044/1200] QLEARNING RC2_6_2 run8 -> veh=13 dist=12017.2 cpu=104.475s valid=1
[1045/1200] CLASSIC RC2_6_3 run10 -> veh=11 dist=10195.6 cpu=88.7399s valid=1
[1046/1200] QLEARNING RC2_6_2 run3 -> veh=13 dist=11764.2 cpu=119.008s valid=1
[1047/1200] QLEARNING RC2_6_2 run4 -> veh=14 dist=11289.9 cpu=120.089s valid=1
[1048/1200] QLEARNING RC2_6_2 run5 -> veh=13 dist=12156 cpu=120.472s valid=1
[1049/1200] QLEARNING RC2_6_2 run7 -> veh=13 dist=12190.8 cpu=120.842s valid=1
[1050/1200] QLEARNING RC2_6_2 run6 -> veh=13 dist=11964.9 cpu=124.355s valid=1
[1051/1200] QLEARNING RC2_6_2 run10 -> veh=13 dist=11910.8 cpu=118.909s valid=1
[1052/1200] QLEARNING RC2_6_2 run9 -> veh=13 dist=11964.3 cpu=121.219s valid=1
[1053/1200] QLEARNING RC2_6_3 run3 -> veh=11 dist=10030 cpu=82.888s valid=1
[1054/1200] QLEARNING RC2_6_3 run5 -> veh=11 dist=10283.2 cpu=82.0039s valid=1
[1055/1200] QLEARNING RC2_6_3 run4 -> veh=11 dist=10495.8 cpu=85.1273s valid=1
[1056/1200] QLEARNING RC2_6_3 run6 -> veh=11 dist=10067.7 cpu=82.6683s valid=1
[1057/1200] QLEARNING RC2_6_3 run7 -> veh=11 dist=10266.8 cpu=80.0756s valid=1
[1058/1200] QLEARNING RC2_6_3 run8 -> veh=11 dist=10559.7 cpu=78.1897s valid=1
[1059/1200] QLEARNING RC2_6_3 run9 -> veh=11 dist=10220.8 cpu=80.3688s valid=1
[1060/1200] QLEARNING RC2_6_3 run10 -> veh=11 dist=10056.1 cpu=83.7887s valid=1
[1061/1200] CLASSIC RC2_6_5 run2 -> veh=13 dist=12280.3 cpu=58.9334s valid=1
[1062/1200] CLASSIC RC2_6_5 run1 -> veh=13 dist=12376 cpu=59.032s valid=1
[1063/1200] CLASSIC RC2_6_5 run3 -> veh=13 dist=12286.9 cpu=60.02s valid=1
[1064/1200] CLASSIC RC2_6_5 run4 -> veh=14 dist=12063.5 cpu=58.8239s valid=1
[1065/1200] CLASSIC RC2_6_5 run5 -> veh=13 dist=12192.1 cpu=58.001s valid=1
[1066/1200] CLASSIC RC2_6_4 run1 -> veh=11 dist=7802.08 cpu=97.0899s valid=1
[1067/1200] CLASSIC RC2_6_5 run6 -> veh=13 dist=12322.2 cpu=58.2734s valid=1
[1068/1200] CLASSIC RC2_6_4 run2 -> veh=11 dist=7927 cpu=100.318s valid=1
[1069/1200] CLASSIC RC2_6_5 run7 -> veh=14 dist=12169.6 cpu=58.9433s valid=1
[1070/1200] CLASSIC RC2_6_4 run6 -> veh=11 dist=7840.85 cpu=98.7155s valid=1
[1071/1200] CLASSIC RC2_6_5 run8 -> veh=13 dist=12498 cpu=58.1507s valid=1
[1072/1200] CLASSIC RC2_6_4 run4 -> veh=11 dist=7632.83 cpu=100.3s valid=1
[1073/1200] CLASSIC RC2_6_4 run3 -> veh=11 dist=7657.25 cpu=101.36s valid=1
[1074/1200] CLASSIC RC2_6_4 run7 -> veh=11 dist=7445.48 cpu=97.4921s valid=1
[1075/1200] CLASSIC RC2_6_4 run5 -> veh=11 dist=7583.91 cpu=102.083s valid=1
[1076/1200] CLASSIC RC2_6_4 run9 -> veh=11 dist=7611.68 cpu=98.8994s valid=1
[1077/1200] QLEARNING RC2_6_4 run1 -> veh=11 dist=7652.51 cpu=98.5436s valid=1
[1078/1200] CLASSIC RC2_6_4 run8 -> veh=11 dist=7559.5 cpu=99.6575s valid=1
[1079/1200] CLASSIC RC2_6_4 run10 -> veh=11 dist=7334.72 cpu=99.3s valid=1
[1080/1200] QLEARNING RC2_6_4 run4 -> veh=11 dist=7477.65 cpu=97.7779s valid=1
[1081/1200] QLEARNING RC2_6_4 run3 -> veh=11 dist=7469.71 cpu=102.769s valid=1
[1082/1200] QLEARNING RC2_6_4 run2 -> veh=11 dist=7528.06 cpu=103.962s valid=1
[1083/1200] QLEARNING RC2_6_4 run6 -> veh=11 dist=7655.41 cpu=96.9648s valid=1
[1084/1200] QLEARNING RC2_6_4 run8 -> veh=11 dist=7513.29 cpu=96.5443s valid=1
[1085/1200] QLEARNING RC2_6_4 run7 -> veh=11 dist=7499.08 cpu=101.373s valid=1
[1086/1200] QLEARNING RC2_6_4 run5 -> veh=11 dist=7832.72 cpu=106.085s valid=1
[1087/1200] QLEARNING RC2_6_4 run9 -> veh=11 dist=7462.44 cpu=97.6094s valid=1
[1088/1200] CLASSIC RC2_6_5 run9 -> veh=13 dist=12336.9 cpu=58.6937s valid=1
[1089/1200] QLEARNING RC2_6_4 run10 -> veh=11 dist=7479.36 cpu=99.8341s valid=1
[1090/1200] CLASSIC RC2_6_6 run5 -> veh=11 dist=13374.4 cpu=29.4266s valid=1
[1091/1200] CLASSIC RC2_6_6 run3 -> veh=12 dist=12345 cpu=33.5023s valid=1
[1092/1200] CLASSIC RC2_6_5 run10 -> veh=14 dist=11992.8 cpu=61.0321s valid=1
[1093/1200] CLASSIC RC2_6_6 run6 -> veh=12 dist=12487.4 cpu=33.7116s valid=1
[1094/1200] QLEARNING RC2_6_5 run1 -> veh=13 dist=12540.9 cpu=60.1056s valid=1
[1095/1200] CLASSIC RC2_6_6 run8 -> veh=11 dist=13196.7 cpu=34.0851s valid=1
[1096/1200] CLASSIC RC2_6_6 run1 -> veh=11 dist=13067.1 cpu=38.9548s valid=1
[1097/1200] QLEARNING RC2_6_6 run4 -> veh=11 dist=13149.6 cpu=30.9299s valid=1
[1098/1200] CLASSIC RC2_6_6 run7 -> veh=12 dist=12221.2 cpu=39.4069s valid=1
[1099/1200] QLEARNING RC2_6_5 run2 -> veh=13 dist=12505.7 cpu=64.239s valid=1
[1100/1200] QLEARNING RC2_6_6 run6 -> veh=11 dist=12823.4 cpu=35.5986s valid=1
[1101/1200] QLEARNING RC2_6_5 run4 -> veh=13 dist=12403.7 cpu=63.1641s valid=1
[1102/1200] QLEARNING RC2_6_5 run3 -> veh=14 dist=12117.9 cpu=63.2243s valid=1
[1103/1200] QLEARNING RC2_6_5 run5 -> veh=14 dist=11971.6 cpu=62.5661s valid=1
[1104/1200] QLEARNING RC2_6_5 run6 -> veh=13 dist=12493.3 cpu=62.8905s valid=1
[1105/1200] QLEARNING RC2_6_5 run7 -> veh=13 dist=12578.9 cpu=62.4886s valid=1
[1106/1200] CLASSIC RC2_6_7 run1 -> veh=11 dist=11672.6 cpu=33.8999s valid=1
[1107/1200] CLASSIC RC2_6_6 run2 -> veh=12 dist=12232.4 cpu=56.5469s valid=1
[1108/1200] QLEARNING RC2_6_5 run8 -> veh=13 dist=12535.6 cpu=61.567s valid=1
[1109/1200] CLASSIC RC2_6_6 run10 -> veh=11 dist=13558.3 cpu=52.8154s valid=1
[1110/1200] CLASSIC RC2_6_6 run4 -> veh=12 dist=12208.3 cpu=56.9774s valid=1
[1111/1200] QLEARNING RC2_6_5 run9 -> veh=13 dist=12508.4 cpu=62.2446s valid=1
[1112/1200] QLEARNING RC2_6_5 run10 -> veh=13 dist=12284.9 cpu=61.8999s valid=1
[1113/1200] CLASSIC RC2_6_6 run9 -> veh=12 dist=12767.3 cpu=57.4483s valid=1
[1114/1200] QLEARNING RC2_6_6 run2 -> veh=12 dist=13049.7 cpu=57.4119s valid=1
[1115/1200] CLASSIC RC2_6_7 run2 -> veh=11 dist=11315.3 cpu=32.9034s valid=1
[1116/1200] QLEARNING RC2_6_6 run1 -> veh=12 dist=12608.2 cpu=60.2841s valid=1
[1117/1200] QLEARNING RC2_6_6 run3 -> veh=12 dist=12508.9 cpu=59.2752s valid=1
[1118/1200] CLASSIC RC2_6_7 run4 -> veh=11 dist=11907.7 cpu=33.597s valid=1
[1119/1200] CLASSIC RC2_6_7 run5 -> veh=11 dist=11734.3 cpu=33.4087s valid=1
[1120/1200] CLASSIC RC2_6_7 run3 -> veh=11 dist=11583.1 cpu=35.2394s valid=1
[1121/1200] CLASSIC RC2_6_7 run6 -> veh=11 dist=11481.7 cpu=32.801s valid=1
[1122/1200] QLEARNING RC2_6_6 run5 -> veh=12 dist=12317.5 cpu=60.9658s valid=1
[1123/1200] CLASSIC RC2_6_7 run7 -> veh=11 dist=12179.2 cpu=33.2576s valid=1
[1124/1200] CLASSIC RC2_6_7 run8 -> veh=11 dist=11674.4 cpu=33.5815s valid=1
[1125/1200] CLASSIC RC2_6_7 run9 -> veh=11 dist=11484.6 cpu=33.0009s valid=1
[1126/1200] QLEARNING RC2_6_6 run7 -> veh=12 dist=12429.5 cpu=59.3623s valid=1
[1127/1200] CLASSIC RC2_6_7 run10 -> veh=11 dist=11415.8 cpu=33.9465s valid=1
[1128/1200] QLEARNING RC2_6_6 run8 -> veh=12 dist=12317.7 cpu=62.2368s valid=1
[1129/1200] QLEARNING RC2_6_7 run1 -> veh=11 dist=11556.6 cpu=32.5316s valid=1
[1130/1200] QLEARNING RC2_6_6 run10 -> veh=12 dist=12311.4 cpu=58.9273s valid=1
[1131/1200] QLEARNING RC2_6_6 run9 -> veh=12 dist=12411.4 cpu=62.5648s valid=1
[1132/1200] QLEARNING RC2_6_7 run2 -> veh=11 dist=11589.3 cpu=34.2332s valid=1
[1133/1200] QLEARNING RC2_6_7 run3 -> veh=11 dist=11484.3 cpu=34.0869s valid=1
[1134/1200] QLEARNING RC2_6_7 run5 -> veh=11 dist=12231.6 cpu=32.7571s valid=1
[1135/1200] QLEARNING RC2_6_7 run4 -> veh=11 dist=11788.1 cpu=35.2716s valid=1
[1136/1200] QLEARNING RC2_6_7 run7 -> veh=11 dist=11738.5 cpu=34.9251s valid=1
[1137/1200] QLEARNING RC2_6_7 run8 -> veh=11 dist=11467 cpu=34.8765s valid=1
[1138/1200] QLEARNING RC2_6_7 run6 -> veh=11 dist=11714.2 cpu=37.2209s valid=1
[1139/1200] QLEARNING RC2_6_7 run10 -> veh=11 dist=11679 cpu=36.246s valid=1
[1140/1200] QLEARNING RC2_6_7 run9 -> veh=11 dist=11597.9 cpu=37.0249s valid=1
[1141/1200] CLASSIC RC2_6_8 run1 -> veh=11 dist=10828.1 cpu=39.7424s valid=1
[1142/1200] CLASSIC RC2_6_8 run2 -> veh=11 dist=10890.6 cpu=40.174s valid=1
[1143/1200] CLASSIC RC2_6_8 run3 -> veh=11 dist=10974.6 cpu=40.2489s valid=1
[1144/1200] CLASSIC RC2_6_8 run4 -> veh=11 dist=11010.8 cpu=39.5662s valid=1
[1145/1200] CLASSIC RC2_6_8 run6 -> veh=11 dist=10975.5 cpu=39.1783s valid=1
[1146/1200] CLASSIC RC2_6_8 run5 -> veh=11 dist=10905.3 cpu=40.0967s valid=1
[1147/1200] CLASSIC RC2_6_8 run8 -> veh=11 dist=10848.2 cpu=39.1062s valid=1
[1148/1200] CLASSIC RC2_6_8 run7 -> veh=11 dist=10723.4 cpu=40.9116s valid=1
[1149/1200] CLASSIC RC2_6_8 run9 -> veh=11 dist=10670.7 cpu=39.8449s valid=1
[1150/1200] CLASSIC RC2_6_8 run10 -> veh=11 dist=10923 cpu=39.9706s valid=1
[1151/1200] QLEARNING RC2_6_8 run5 -> veh=11 dist=11180.5 cpu=38.7051s valid=1
[1152/1200] QLEARNING RC2_6_8 run3 -> veh=11 dist=10771.3 cpu=39.9406s valid=1
[1153/1200] QLEARNING RC2_6_8 run1 -> veh=11 dist=10725.8 cpu=41.7139s valid=1
[1154/1200] QLEARNING RC2_6_8 run2 -> veh=11 dist=10961.3 cpu=41.4608s valid=1
[1155/1200] QLEARNING RC2_6_8 run4 -> veh=11 dist=11053.5 cpu=40.3208s valid=1
[1156/1200] QLEARNING RC2_6_8 run8 -> veh=11 dist=10783.6 cpu=38.3885s valid=1
[1157/1200] QLEARNING RC2_6_8 run6 -> veh=11 dist=10728.1 cpu=42.2455s valid=1
[1158/1200] QLEARNING RC2_6_8 run7 -> veh=11 dist=10822.8 cpu=41.607s valid=1
[1159/1200] QLEARNING RC2_6_8 run9 -> veh=11 dist=10771.3 cpu=41.7032s valid=1
[1160/1200] CLASSIC RC2_6_9 run1 -> veh=11 dist=10285.2 cpu=40.2786s valid=1
[1161/1200] CLASSIC RC2_6_9 run2 -> veh=11 dist=10408.1 cpu=40.6528s valid=1
[1162/1200] CLASSIC RC2_6_9 run3 -> veh=11 dist=10461.4 cpu=39.1455s valid=1
[1163/1200] QLEARNING RC2_6_8 run10 -> veh=11 dist=10776.5 cpu=42.2024s valid=1
[1164/1200] CLASSIC RC2_6_9 run4 -> veh=11 dist=10748.4 cpu=39.2184s valid=1
[1165/1200] CLASSIC RC2_6_9 run5 -> veh=11 dist=10322.9 cpu=40.3111s valid=1
[1166/1200] CLASSIC RC2_6_9 run6 -> veh=11 dist=10430.3 cpu=40.4437s valid=1
[1167/1200] CLASSIC RC2_6_9 run7 -> veh=11 dist=10315.4 cpu=40.5132s valid=1
[1168/1200] CLASSIC RC2_6_9 run8 -> veh=11 dist=10430.3 cpu=40.2284s valid=1
[1169/1200] CLASSIC RC2_6_9 run9 -> veh=11 dist=10522.3 cpu=40.7341s valid=1
[1170/1200] CLASSIC RC2_6_9 run10 -> veh=11 dist=10413.5 cpu=40.0855s valid=1
[1171/1200] QLEARNING RC2_6_9 run1 -> veh=11 dist=10589.5 cpu=41.1262s valid=1
[1172/1200] QLEARNING RC2_6_9 run2 -> veh=11 dist=10195.1 cpu=41.4651s valid=1
[1173/1200] QLEARNING RC2_6_9 run3 -> veh=11 dist=10186.4 cpu=39.0525s valid=1
[1174/1200] QLEARNING RC2_6_9 run5 -> veh=11 dist=10485.7 cpu=38.709s valid=1
[1175/1200] QLEARNING RC2_6_9 run4 -> veh=11 dist=10345.4 cpu=41.1272s valid=1
[1176/1200] QLEARNING RC2_6_9 run8 -> veh=11 dist=10484.3 cpu=39.1012s valid=1
[1177/1200] QLEARNING RC2_6_9 run6 -> veh=11 dist=10163.1 cpu=40.7243s valid=1
[1178/1200] QLEARNING RC2_6_9 run7 -> veh=11 dist=10501.2 cpu=39.9161s valid=1
[1179/1200] QLEARNING RC2_6_9 run9 -> veh=11 dist=10349.7 cpu=40.5024s valid=1
[1180/1200] QLEARNING RC2_6_9 run10 -> veh=11 dist=10575.2 cpu=39.7603s valid=1
[1181/1200] CLASSIC RC2_6_10 run6 -> veh=11 dist=9834.48 cpu=36.5172s valid=1
[1182/1200] CLASSIC RC2_6_10 run10 -> veh=11 dist=10070.8 cpu=33.0664s valid=1
[1183/1200] CLASSIC RC2_6_10 run4 -> veh=11 dist=9904.84 cpu=39.3883s valid=1
[1184/1200] CLASSIC RC2_6_10 run1 -> veh=11 dist=10059.4 cpu=42.3178s valid=1
[1185/1200] CLASSIC RC2_6_10 run2 -> veh=11 dist=9883.98 cpu=41.9247s valid=1
[1186/1200] QLEARNING RC2_6_10 run5 -> veh=11 dist=9883.6 cpu=30.2865s valid=1
[1187/1200] CLASSIC RC2_6_10 run8 -> veh=11 dist=9794.53 cpu=37.9167s valid=1
[1188/1200] CLASSIC RC2_6_10 run3 -> veh=11 dist=9981.63 cpu=41.875s valid=1
[1189/1200] CLASSIC RC2_6_10 run5 -> veh=11 dist=9709.18 cpu=41.3832s valid=1
[1190/1200] QLEARNING RC2_6_10 run6 -> veh=11 dist=9630.06 cpu=31.0262s valid=1
[1191/1200] CLASSIC RC2_6_10 run7 -> veh=11 dist=9816.64 cpu=40.9901s valid=1
[1192/1200] CLASSIC RC2_6_10 run9 -> veh=11 dist=9743.48 cpu=38.7792s valid=1
[1193/1200] QLEARNING RC2_6_10 run4 -> veh=11 dist=9695.83 cpu=32.9853s valid=1
[1194/1200] QLEARNING RC2_6_10 run1 -> veh=11 dist=9697.85 cpu=35.3974s valid=1
[1195/1200] QLEARNING RC2_6_10 run2 -> veh=11 dist=9725.98 cpu=35.3228s valid=1
[1196/1200] QLEARNING RC2_6_10 run3 -> veh=11 dist=9817.33 cpu=35.6523s valid=1
[1197/1200] QLEARNING RC2_6_10 run10 -> veh=11 dist=9703.94 cpu=26.2401s valid=1
[1198/1200] QLEARNING RC2_6_10 run9 -> veh=11 dist=9808.97 cpu=29.9805s valid=1
[1199/1200] QLEARNING RC2_6_10 run7 -> veh=11 dist=9793.63 cpu=32.0956s valid=1
[1200/1200] QLEARNING RC2_6_10 run8 -> veh=11 dist=9820.28 cpu=32.3889s valid=1
=== Fin size=600. Nuevas: 1200 | errores: 0 | Wall-clock: 0h 25m 27.9s ===
Campaña para size=600 finalizada.
