============================================================
Job ID:           55052
Nodo asignado:    n003
Workers asignados: 32
============================================================
=== Campana PARALELA | size=200 | hilos: 32 | params: (por defecto) ===
=== Instancias: 60 | corridas objetivo: 1200 | ya hechas: 0 | pendientes: 1200 ===
=== Maestro: /home/jose.osnayo/PFC_VRPTW/Experiments/results/master_gh200.csv (SOBRESCRIBE, se guarda corrida a corrida) ===
[1/1200] CLASSIC C1_2_1 run7 -> veh=20 dist=2704.57 cpu=8.48483s valid=1
[2/1200] CLASSIC C1_2_1 run2 -> veh=20 dist=2704.57 cpu=8.49437s valid=1
[3/1200] CLASSIC C1_2_1 run1 -> veh=20 dist=2704.57 cpu=8.4967s valid=1
[4/1200] CLASSIC C1_2_1 run9 -> veh=20 dist=2704.57 cpu=8.49521s valid=1
[5/1200] CLASSIC C1_2_1 run3 -> veh=20 dist=2704.57 cpu=8.52381s valid=1
[6/1200] CLASSIC C1_2_1 run6 -> veh=20 dist=2704.57 cpu=8.56984s valid=1
[7/1200] CLASSIC C1_2_1 run4 -> veh=20 dist=2704.57 cpu=8.5998s valid=1
[8/1200] CLASSIC C1_2_1 run8 -> veh=20 dist=2704.57 cpu=8.64351s valid=1
[9/1200] CLASSIC C1_2_1 run5 -> veh=20 dist=2704.57 cpu=8.66381s valid=1
[10/1200] CLASSIC C1_2_1 run10 -> veh=20 dist=2704.57 cpu=8.674s valid=1
[11/1200] QLEARNING C1_2_1 run4 -> veh=20 dist=2704.57 cpu=8.79111s valid=1
[12/1200] QLEARNING C1_2_1 run8 -> veh=20 dist=2704.57 cpu=8.82905s valid=1
[13/1200] QLEARNING C1_2_1 run1 -> veh=20 dist=2704.57 cpu=8.836s valid=1
[14/1200] QLEARNING C1_2_1 run7 -> veh=20 dist=2704.57 cpu=8.87252s valid=1
[15/1200] QLEARNING C1_2_1 run6 -> veh=20 dist=2704.57 cpu=8.88042s valid=1
[16/1200] QLEARNING C1_2_1 run9 -> veh=20 dist=2704.57 cpu=8.94492s valid=1
[17/1200] QLEARNING C1_2_1 run3 -> veh=20 dist=2704.57 cpu=9.01502s valid=1
[18/1200] QLEARNING C1_2_1 run2 -> veh=20 dist=2704.57 cpu=9.04267s valid=1
[19/1200] QLEARNING C1_2_1 run5 -> veh=20 dist=2704.57 cpu=9.07327s valid=1
[20/1200] QLEARNING C1_2_1 run10 -> veh=20 dist=2704.57 cpu=9.11932s valid=1
[21/1200] CLASSIC C1_2_2 run6 -> veh=18 dist=3067.28 cpu=10.5339s valid=1
[22/1200] CLASSIC C1_2_2 run8 -> veh=18 dist=3148 cpu=10.8457s valid=1
[23/1200] CLASSIC C1_2_2 run10 -> veh=18 dist=3056.7 cpu=10.8323s valid=1
[24/1200] CLASSIC C1_2_2 run3 -> veh=18 dist=3138.53 cpu=11.0886s valid=1
[25/1200] CLASSIC C1_2_2 run1 -> veh=18 dist=3163.44 cpu=11.168s valid=1
[26/1200] CLASSIC C1_2_2 run2 -> veh=19 dist=2825.48 cpu=11.3259s valid=1
[27/1200] CLASSIC C1_2_2 run9 -> veh=19 dist=2834.37 cpu=11.3367s valid=1
[28/1200] CLASSIC C1_2_2 run7 -> veh=19 dist=2799.7 cpu=11.4269s valid=1
[29/1200] CLASSIC C1_2_2 run4 -> veh=19 dist=2824.36 cpu=11.4331s valid=1
[30/1200] CLASSIC C1_2_2 run5 -> veh=19 dist=2810.88 cpu=11.4325s valid=1
[31/1200] QLEARNING C1_2_2 run2 -> veh=18 dist=2977.72 cpu=12.3683s valid=1
[32/1200] QLEARNING C1_2_2 run1 -> veh=19 dist=2782.54 cpu=12.5943s valid=1
[33/1200] QLEARNING C1_2_2 run9 -> veh=18 dist=2966.32 cpu=12.3404s valid=1
[34/1200] QLEARNING C1_2_2 run3 -> veh=19 dist=2798.42 cpu=12.7104s valid=1
[35/1200] QLEARNING C1_2_2 run4 -> veh=18 dist=3021.48 cpu=12.7953s valid=1
[36/1200] QLEARNING C1_2_2 run7 -> veh=18 dist=2980.55 cpu=12.8141s valid=1
[37/1200] QLEARNING C1_2_2 run8 -> veh=19 dist=2778.79 cpu=12.8061s valid=1
[38/1200] QLEARNING C1_2_2 run5 -> veh=19 dist=2781.11 cpu=12.9104s valid=1
[39/1200] QLEARNING C1_2_2 run6 -> veh=19 dist=2794.11 cpu=12.9497s valid=1
[40/1200] QLEARNING C1_2_2 run10 -> veh=19 dist=2775.4 cpu=12.8255s valid=1
[41/1200] CLASSIC C1_2_3 run1 -> veh=18 dist=2863.07 cpu=13.0806s valid=1
[42/1200] CLASSIC C1_2_3 run2 -> veh=18 dist=2819.38 cpu=13.1118s valid=1
[43/1200] CLASSIC C1_2_3 run6 -> veh=18 dist=2837.63 cpu=13.0732s valid=1
[44/1200] CLASSIC C1_2_3 run3 -> veh=18 dist=2791.03 cpu=13.2501s valid=1
[45/1200] CLASSIC C1_2_3 run8 -> veh=18 dist=2786.38 cpu=13.1212s valid=1
[46/1200] CLASSIC C1_2_3 run4 -> veh=18 dist=2789.04 cpu=13.3122s valid=1
[47/1200] CLASSIC C1_2_3 run7 -> veh=18 dist=2787.8 cpu=13.2706s valid=1
[48/1200] CLASSIC C1_2_3 run9 -> veh=18 dist=2831.39 cpu=13.1544s valid=1
[49/1200] CLASSIC C1_2_3 run5 -> veh=18 dist=2793.96 cpu=13.3635s valid=1
[50/1200] CLASSIC C1_2_3 run10 -> veh=18 dist=2819.69 cpu=13.308s valid=1
[51/1200] QLEARNING C1_2_3 run1 -> veh=18 dist=2763.96 cpu=14.7239s valid=1
[52/1200] QLEARNING C1_2_3 run2 -> veh=18 dist=2765.58 cpu=14.9448s valid=1
[53/1200] QLEARNING C1_2_3 run3 -> veh=18 dist=2731.37 cpu=14.7249s valid=1
[54/1200] QLEARNING C1_2_3 run5 -> veh=18 dist=2723.73 cpu=14.5761s valid=1
[55/1200] QLEARNING C1_2_3 run4 -> veh=18 dist=2750.82 cpu=14.7552s valid=1
[56/1200] QLEARNING C1_2_3 run6 -> veh=18 dist=2748.9 cpu=14.5565s valid=1
[57/1200] QLEARNING C1_2_3 run7 -> veh=18 dist=2765.26 cpu=14.5822s valid=1
[58/1200] QLEARNING C1_2_3 run8 -> veh=18 dist=2762.12 cpu=14.7779s valid=1
[59/1200] QLEARNING C1_2_3 run10 -> veh=18 dist=2758.57 cpu=14.8534s valid=1
[60/1200] QLEARNING C1_2_3 run9 -> veh=18 dist=2744.97 cpu=14.9838s valid=1
[61/1200] CLASSIC C1_2_4 run2 -> veh=18 dist=2756.85 cpu=15.8307s valid=1
[62/1200] CLASSIC C1_2_4 run1 -> veh=18 dist=2775.47 cpu=15.8777s valid=1
[63/1200] CLASSIC C1_2_4 run4 -> veh=18 dist=2790.89 cpu=15.96s valid=1
[64/1200] CLASSIC C1_2_4 run3 -> veh=18 dist=2792.21 cpu=16.2583s valid=1
[65/1200] CLASSIC C1_2_5 run1 -> veh=20 dist=2702.05 cpu=9.28791s valid=1
[66/1200] CLASSIC C1_2_5 run2 -> veh=20 dist=2702.05 cpu=9.39014s valid=1
[67/1200] CLASSIC C1_2_5 run3 -> veh=20 dist=2702.05 cpu=9.29563s valid=1
[68/1200] CLASSIC C1_2_5 run4 -> veh=20 dist=2702.05 cpu=9.2717s valid=1
[69/1200] CLASSIC C1_2_5 run5 -> veh=20 dist=2702.05 cpu=9.30991s valid=1
[70/1200] CLASSIC C1_2_5 run6 -> veh=20 dist=2702.05 cpu=9.2711s valid=1
[71/1200] CLASSIC C1_2_5 run7 -> veh=20 dist=2702.05 cpu=9.2385s valid=1
[72/1200] CLASSIC C1_2_5 run8 -> veh=20 dist=2702.05 cpu=9.26963s valid=1
[73/1200] CLASSIC C1_2_5 run9 -> veh=20 dist=2702.05 cpu=9.27363s valid=1
[74/1200] CLASSIC C1_2_5 run10 -> veh=20 dist=2702.05 cpu=9.28461s valid=1
[75/1200] QLEARNING C1_2_5 run1 -> veh=20 dist=2702.05 cpu=9.67908s valid=1
[76/1200] QLEARNING C1_2_5 run2 -> veh=20 dist=2702.05 cpu=9.65239s valid=1
[77/1200] QLEARNING C1_2_4 run1 -> veh=18 dist=2665.63 cpu=15.2363s valid=1
[78/1200] CLASSIC C1_2_4 run5 -> veh=18 dist=2706.13 cpu=15.7796s valid=1
[79/1200] QLEARNING C1_2_5 run3 -> veh=20 dist=2702.05 cpu=9.53683s valid=1
[80/1200] CLASSIC C1_2_4 run6 -> veh=18 dist=2810.01 cpu=15.6794s valid=1
[81/1200] QLEARNING C1_2_5 run4 -> veh=20 dist=2702.05 cpu=9.67104s valid=1
[82/1200] CLASSIC C1_2_4 run9 -> veh=18 dist=2783.53 cpu=15.7724s valid=1
[83/1200] CLASSIC C1_2_4 run7 -> veh=18 dist=2658.46 cpu=15.9087s valid=1
[84/1200] CLASSIC C1_2_4 run10 -> veh=18 dist=2656.65 cpu=15.9933s valid=1
[85/1200] CLASSIC C1_2_4 run8 -> veh=18 dist=2651.41 cpu=16.2417s valid=1
[86/1200] QLEARNING C1_2_4 run2 -> veh=18 dist=2674.54 cpu=16.1945s valid=1
[87/1200] QLEARNING C1_2_4 run4 -> veh=18 dist=2681.89 cpu=16.3241s valid=1
[88/1200] QLEARNING C1_2_4 run3 -> veh=18 dist=2684.12 cpu=16.4372s valid=1
[89/1200] QLEARNING C1_2_5 run6 -> veh=20 dist=2702.05 cpu=9.62217s valid=1
[90/1200] QLEARNING C1_2_5 run5 -> veh=20 dist=2702.05 cpu=9.70536s valid=1
[91/1200] QLEARNING C1_2_4 run9 -> veh=18 dist=2662.93 cpu=16.1363s valid=1
[92/1200] QLEARNING C1_2_4 run6 -> veh=18 dist=2685.37 cpu=16.2298s valid=1
[93/1200] QLEARNING C1_2_4 run5 -> veh=18 dist=2678.26 cpu=16.3913s valid=1
[94/1200] QLEARNING C1_2_4 run8 -> veh=18 dist=2667.29 cpu=16.2138s valid=1
[95/1200] QLEARNING C1_2_4 run7 -> veh=18 dist=2673.35 cpu=16.3319s valid=1
[96/1200] QLEARNING C1_2_4 run10 -> veh=18 dist=2689.01 cpu=16.3689s valid=1
[97/1200] QLEARNING C1_2_5 run7 -> veh=20 dist=2702.05 cpu=9.66148s valid=1
[98/1200] QLEARNING C1_2_5 run8 -> veh=20 dist=2702.05 cpu=9.54458s valid=1
[99/1200] QLEARNING C1_2_5 run9 -> veh=20 dist=2702.05 cpu=9.53737s valid=1
[100/1200] QLEARNING C1_2_5 run10 -> veh=20 dist=2702.05 cpu=9.68933s valid=1
[101/1200] CLASSIC C1_2_6 run1 -> veh=20 dist=2701.04 cpu=10.0104s valid=1
[102/1200] CLASSIC C1_2_6 run2 -> veh=20 dist=2701.04 cpu=9.9967s valid=1
[103/1200] CLASSIC C1_2_6 run3 -> veh=20 dist=2701.04 cpu=10.0868s valid=1
[104/1200] CLASSIC C1_2_6 run4 -> veh=20 dist=2701.04 cpu=10.0354s valid=1
[105/1200] CLASSIC C1_2_6 run5 -> veh=20 dist=2701.04 cpu=10.09s valid=1
[106/1200] CLASSIC C1_2_6 run6 -> veh=20 dist=2701.04 cpu=10.0218s valid=1
[107/1200] CLASSIC C1_2_6 run8 -> veh=20 dist=2701.04 cpu=10.0793s valid=1
[108/1200] CLASSIC C1_2_6 run7 -> veh=20 dist=2701.04 cpu=10.1353s valid=1
[109/1200] CLASSIC C1_2_6 run9 -> veh=20 dist=2701.04 cpu=9.98989s valid=1
[110/1200] CLASSIC C1_2_6 run10 -> veh=20 dist=2701.04 cpu=10.0518s valid=1
[111/1200] QLEARNING C1_2_6 run1 -> veh=20 dist=2701.04 cpu=10.4189s valid=1
[112/1200] QLEARNING C1_2_6 run2 -> veh=20 dist=2701.04 cpu=10.681s valid=1
[113/1200] QLEARNING C1_2_6 run3 -> veh=20 dist=2701.04 cpu=10.5404s valid=1
[114/1200] QLEARNING C1_2_6 run4 -> veh=20 dist=2701.04 cpu=10.4335s valid=1
[115/1200] QLEARNING C1_2_6 run5 -> veh=20 dist=2701.04 cpu=10.4822s valid=1
[116/1200] QLEARNING C1_2_6 run6 -> veh=20 dist=2701.04 cpu=10.473s valid=1
[117/1200] QLEARNING C1_2_6 run7 -> veh=20 dist=2701.04 cpu=10.5797s valid=1
[118/1200] QLEARNING C1_2_6 run8 -> veh=20 dist=2701.04 cpu=10.5253s valid=1
[119/1200] CLASSIC C1_2_7 run4 -> veh=20 dist=2701.04 cpu=10.1568s valid=1
[120/1200] CLASSIC C1_2_7 run1 -> veh=20 dist=2701.04 cpu=10.3048s valid=1
[121/1200] CLASSIC C1_2_7 run3 -> veh=20 dist=2701.04 cpu=10.2938s valid=1
[122/1200] CLASSIC C1_2_7 run2 -> veh=20 dist=2701.04 cpu=10.3255s valid=1
[123/1200] CLASSIC C1_2_7 run5 -> veh=20 dist=2701.04 cpu=10.3372s valid=1
[124/1200] CLASSIC C1_2_7 run6 -> veh=20 dist=2701.04 cpu=10.3396s valid=1
[125/1200] CLASSIC C1_2_7 run7 -> veh=20 dist=2701.04 cpu=10.2901s valid=1
[126/1200] QLEARNING C1_2_6 run9 -> veh=20 dist=2701.04 cpu=10.6238s valid=1
[127/1200] QLEARNING C1_2_6 run10 -> veh=20 dist=2701.04 cpu=10.5585s valid=1
[128/1200] CLASSIC C1_2_7 run8 -> veh=20 dist=2701.04 cpu=10.3264s valid=1
[129/1200] CLASSIC C1_2_7 run9 -> veh=20 dist=2701.04 cpu=10.3147s valid=1
[130/1200] CLASSIC C1_2_7 run10 -> veh=20 dist=2701.04 cpu=10.2967s valid=1
[131/1200] QLEARNING C1_2_7 run1 -> veh=20 dist=2701.04 cpu=10.6232s valid=1
[132/1200] QLEARNING C1_2_7 run2 -> veh=20 dist=2701.04 cpu=10.498s valid=1
[133/1200] QLEARNING C1_2_7 run4 -> veh=20 dist=2701.04 cpu=10.6143s valid=1
[134/1200] QLEARNING C1_2_7 run3 -> veh=20 dist=2701.04 cpu=10.8177s valid=1
[135/1200] QLEARNING C1_2_7 run5 -> veh=20 dist=2701.04 cpu=10.6806s valid=1
[136/1200] QLEARNING C1_2_7 run6 -> veh=20 dist=2701.04 cpu=10.8028s valid=1
[137/1200] QLEARNING C1_2_7 run7 -> veh=20 dist=2701.04 cpu=10.7146s valid=1
[138/1200] QLEARNING C1_2_7 run8 -> veh=20 dist=2701.04 cpu=10.7332s valid=1
[139/1200] QLEARNING C1_2_7 run10 -> veh=20 dist=2701.04 cpu=10.5249s valid=1
[140/1200] QLEARNING C1_2_7 run9 -> veh=20 dist=2701.04 cpu=10.7142s valid=1
[141/1200] CLASSIC C1_2_8 run1 -> veh=19 dist=2877.47 cpu=11.9059s valid=1
[142/1200] CLASSIC C1_2_8 run5 -> veh=19 dist=2818.45 cpu=11.0914s valid=1
[143/1200] CLASSIC C1_2_8 run3 -> veh=19 dist=2842.45 cpu=11.4388s valid=1
[144/1200] CLASSIC C1_2_8 run6 -> veh=19 dist=2833.83 cpu=11.2643s valid=1
[145/1200] CLASSIC C1_2_8 run2 -> veh=19 dist=2841.43 cpu=12.1375s valid=1
[146/1200] CLASSIC C1_2_8 run8 -> veh=19 dist=2883.5 cpu=11.0544s valid=1
[147/1200] CLASSIC C1_2_8 run9 -> veh=19 dist=2828.23 cpu=11.1396s valid=1
[148/1200] CLASSIC C1_2_8 run4 -> veh=20 dist=2693.25 cpu=12.1662s valid=1
[149/1200] CLASSIC C1_2_8 run7 -> veh=20 dist=2693.77 cpu=12.0743s valid=1
[150/1200] QLEARNING C1_2_8 run2 -> veh=19 dist=2806.92 cpu=11.4854s valid=1
[151/1200] QLEARNING C1_2_8 run1 -> veh=19 dist=2846.14 cpu=11.6317s valid=1
[152/1200] QLEARNING C1_2_8 run6 -> veh=19 dist=2811.4 cpu=11.5361s valid=1
[153/1200] CLASSIC C1_2_8 run10 -> veh=20 dist=2695.44 cpu=12.1341s valid=1
[154/1200] QLEARNING C1_2_8 run3 -> veh=19 dist=2795.81 cpu=11.9611s valid=1
[155/1200] QLEARNING C1_2_8 run10 -> veh=19 dist=2835.24 cpu=11.884s valid=1
[156/1200] QLEARNING C1_2_8 run9 -> veh=19 dist=2812.78 cpu=12.2918s valid=1
[157/1200] QLEARNING C1_2_8 run5 -> veh=19 dist=2860.34 cpu=12.4901s valid=1
[158/1200] QLEARNING C1_2_8 run4 -> veh=20 dist=2690.5 cpu=12.6663s valid=1
[159/1200] QLEARNING C1_2_8 run8 -> veh=20 dist=2690.91 cpu=12.5692s valid=1
[160/1200] QLEARNING C1_2_8 run7 -> veh=20 dist=2690.77 cpu=12.9936s valid=1
[161/1200] CLASSIC C1_2_9 run2 -> veh=18 dist=2826.68 cpu=10.6446s valid=1
[162/1200] CLASSIC C1_2_9 run4 -> veh=18 dist=2882.27 cpu=8.76917s valid=1
[163/1200] CLASSIC C1_2_9 run1 -> veh=19 dist=2697.81 cpu=13.0474s valid=1
[164/1200] CLASSIC C1_2_9 run3 -> veh=19 dist=2732.35 cpu=12.9714s valid=1
[165/1200] CLASSIC C1_2_9 run5 -> veh=19 dist=2673.17 cpu=13.0257s valid=1
[166/1200] CLASSIC C1_2_9 run6 -> veh=19 dist=2681.89 cpu=12.9737s valid=1
[167/1200] CLASSIC C1_2_9 run7 -> veh=19 dist=2712.86 cpu=13.0559s valid=1
[168/1200] CLASSIC C1_2_9 run8 -> veh=19 dist=2701.06 cpu=12.9764s valid=1
[169/1200] CLASSIC C1_2_9 run9 -> veh=19 dist=2709.71 cpu=13.0734s valid=1
[170/1200] CLASSIC C1_2_9 run10 -> veh=19 dist=2722.51 cpu=12.9723s valid=1
[171/1200] QLEARNING C1_2_9 run1 -> veh=19 dist=2661.97 cpu=13.8621s valid=1
[172/1200] QLEARNING C1_2_9 run2 -> veh=19 dist=2651.33 cpu=14.1494s valid=1
[173/1200] CLASSIC C1_2_10 run1 -> veh=18 dist=2896.59 cpu=11.4885s valid=1
[174/1200] QLEARNING C1_2_9 run6 -> veh=18 dist=2798.03 cpu=12.6173s valid=1
[175/1200] CLASSIC C1_2_10 run4 -> veh=18 dist=2668.03 cpu=12.1734s valid=1
[176/1200] QLEARNING C1_2_9 run10 -> veh=18 dist=2815.66 cpu=12.6806s valid=1
[177/1200] QLEARNING C1_2_9 run5 -> veh=19 dist=2648.66 cpu=13.7358s valid=1
[178/1200] QLEARNING C1_2_9 run4 -> veh=19 dist=2648.92 cpu=13.9229s valid=1
[179/1200] QLEARNING C1_2_9 run3 -> veh=19 dist=2654.18 cpu=14.0286s valid=1
[180/1200] QLEARNING C1_2_9 run9 -> veh=18 dist=2864.36 cpu=13.4548s valid=1
[181/1200] CLASSIC C1_2_10 run2 -> veh=18 dist=2802.21 cpu=12.8769s valid=1
[182/1200] QLEARNING C1_2_9 run7 -> veh=19 dist=2649.66 cpu=14.0162s valid=1
[183/1200] QLEARNING C1_2_9 run8 -> veh=19 dist=2660.65 cpu=14.0351s valid=1
[184/1200] CLASSIC C1_2_10 run7 -> veh=18 dist=2729.55 cpu=12.3379s valid=1
[185/1200] CLASSIC C1_2_10 run9 -> veh=18 dist=2747.82 cpu=11.9278s valid=1
[186/1200] CLASSIC C1_2_10 run6 -> veh=18 dist=2710.79 cpu=13.106s valid=1
[187/1200] CLASSIC C1_2_10 run3 -> veh=18 dist=2720.8 cpu=13.609s valid=1
[188/1200] CLASSIC C1_2_10 run5 -> veh=18 dist=2699.06 cpu=13.5199s valid=1
[189/1200] CLASSIC C1_2_10 run8 -> veh=18 dist=2976.04 cpu=12.8947s valid=1
[190/1200] CLASSIC C1_2_10 run10 -> veh=18 dist=2758.78 cpu=13.0854s valid=1
[191/1200] QLEARNING C1_2_10 run1 -> veh=18 dist=2713.23 cpu=13.7389s valid=1
[192/1200] QLEARNING C1_2_10 run2 -> veh=18 dist=2717.52 cpu=13.9654s valid=1
[193/1200] QLEARNING C1_2_10 run4 -> veh=18 dist=2742.55 cpu=13.6383s valid=1
[194/1200] QLEARNING C1_2_10 run3 -> veh=18 dist=2703.55 cpu=14.6685s valid=1
[195/1200] QLEARNING C1_2_10 run5 -> veh=18 dist=2682 cpu=13.3331s valid=1
[196/1200] QLEARNING C1_2_10 run6 -> veh=18 dist=2681.72 cpu=14.9741s valid=1
[197/1200] QLEARNING C1_2_10 run8 -> veh=18 dist=2688.46 cpu=13.7109s valid=1
[198/1200] QLEARNING C1_2_10 run10 -> veh=18 dist=2728.77 cpu=13.6071s valid=1
[199/1200] QLEARNING C1_2_10 run9 -> veh=18 dist=2721.22 cpu=13.7041s valid=1
[200/1200] QLEARNING C1_2_10 run7 -> veh=18 dist=2697.66 cpu=14.1993s valid=1
[201/1200] CLASSIC C2_2_1 run1 -> veh=6 dist=1931.44 cpu=13.8544s valid=1
[202/1200] CLASSIC C2_2_1 run2 -> veh=6 dist=1931.44 cpu=14.0271s valid=1
[203/1200] CLASSIC C2_2_1 run3 -> veh=6 dist=1931.44 cpu=13.9971s valid=1
[204/1200] CLASSIC C2_2_1 run4 -> veh=6 dist=1931.44 cpu=14.2289s valid=1
[205/1200] CLASSIC C2_2_1 run5 -> veh=6 dist=1931.44 cpu=13.9171s valid=1
[206/1200] CLASSIC C2_2_1 run6 -> veh=6 dist=1931.44 cpu=13.9202s valid=1
[207/1200] QLEARNING C2_2_1 run2 -> veh=6 dist=1931.44 cpu=13.0509s valid=1
[208/1200] QLEARNING C2_2_1 run1 -> veh=6 dist=1931.44 cpu=13.2389s valid=1
[209/1200] QLEARNING C2_2_1 run4 -> veh=6 dist=1931.44 cpu=13.1107s valid=1
[210/1200] CLASSIC C2_2_1 run8 -> veh=6 dist=1931.44 cpu=13.8474s valid=1
[211/1200] QLEARNING C2_2_1 run3 -> veh=6 dist=1931.44 cpu=13.4105s valid=1
[212/1200] QLEARNING C2_2_1 run7 -> veh=6 dist=1931.44 cpu=13.2589s valid=1
[213/1200] QLEARNING C2_2_1 run6 -> veh=6 dist=1931.44 cpu=13.31s valid=1
[214/1200] CLASSIC C2_2_1 run9 -> veh=6 dist=1931.44 cpu=13.9388s valid=1
[215/1200] QLEARNING C2_2_1 run5 -> veh=6 dist=1931.44 cpu=13.5238s valid=1
[216/1200] CLASSIC C2_2_1 run10 -> veh=6 dist=1931.44 cpu=14.0452s valid=1
[217/1200] CLASSIC C2_2_1 run7 -> veh=6 dist=1931.44 cpu=14.2396s valid=1
[218/1200] QLEARNING C2_2_1 run10 -> veh=6 dist=1931.44 cpu=13.0763s valid=1
[219/1200] QLEARNING C2_2_1 run8 -> veh=6 dist=1931.44 cpu=13.3184s valid=1
[220/1200] QLEARNING C2_2_1 run9 -> veh=6 dist=1931.44 cpu=13.4434s valid=1
[221/1200] CLASSIC C2_2_2 run1 -> veh=6 dist=1877.43 cpu=24.5862s valid=1
[222/1200] CLASSIC C2_2_2 run2 -> veh=6 dist=1880.21 cpu=24.5147s valid=1
[223/1200] CLASSIC C2_2_2 run3 -> veh=6 dist=1868.63 cpu=24.5178s valid=1
[224/1200] CLASSIC C2_2_2 run4 -> veh=6 dist=1867.09 cpu=24.2616s valid=1
[225/1200] CLASSIC C2_2_2 run5 -> veh=6 dist=1888.45 cpu=24.7385s valid=1
[226/1200] CLASSIC C2_2_2 run6 -> veh=6 dist=1879.55 cpu=24.3447s valid=1
[227/1200] CLASSIC C2_2_2 run7 -> veh=6 dist=1884.9 cpu=24.4975s valid=1
[228/1200] QLEARNING C2_2_2 run1 -> veh=6 dist=1863.96 cpu=23.0569s valid=1
[229/1200] CLASSIC C2_2_2 run8 -> veh=6 dist=1880.72 cpu=24.5641s valid=1
[230/1200] QLEARNING C2_2_2 run3 -> veh=6 dist=1865.51 cpu=23.1921s valid=1
[231/1200] QLEARNING C2_2_2 run2 -> veh=6 dist=1863.89 cpu=23.3585s valid=1
[232/1200] QLEARNING C2_2_2 run4 -> veh=6 dist=1867.09 cpu=23.3297s valid=1
[233/1200] CLASSIC C2_2_2 run10 -> veh=6 dist=1863.89 cpu=24.3365s valid=1
[234/1200] CLASSIC C2_2_2 run9 -> veh=6 dist=1881.04 cpu=24.727s valid=1
[235/1200] QLEARNING C2_2_2 run5 -> veh=6 dist=1863.96 cpu=23.2692s valid=1
[236/1200] QLEARNING C2_2_2 run8 -> veh=6 dist=1863.96 cpu=23.1035s valid=1
[237/1200] QLEARNING C2_2_2 run6 -> veh=6 dist=1863.96 cpu=23.4488s valid=1
[238/1200] QLEARNING C2_2_2 run7 -> veh=6 dist=1863.16 cpu=23.4255s valid=1
[239/1200] QLEARNING C2_2_2 run9 -> veh=6 dist=1863.96 cpu=23.1312s valid=1
[240/1200] QLEARNING C2_2_2 run10 -> veh=6 dist=1863.96 cpu=23.5363s valid=1
[241/1200] QLEARNING C2_2_3 run1 -> veh=6 dist=1828.36 cpu=29.0643s valid=1
[242/1200] QLEARNING C2_2_3 run2 -> veh=6 dist=1839.03 cpu=29.1179s valid=1
[243/1200] CLASSIC C2_2_3 run3 -> veh=6 dist=1840.88 cpu=30.8332s valid=1
[244/1200] CLASSIC C2_2_3 run9 -> veh=6 dist=1828 cpu=30.669s valid=1
[245/1200] CLASSIC C2_2_3 run2 -> veh=6 dist=1853.31 cpu=31.1042s valid=1
[246/1200] CLASSIC C2_2_3 run5 -> veh=6 dist=1872.37 cpu=31.0118s valid=1
[247/1200] CLASSIC C2_2_3 run4 -> veh=6 dist=1807.33 cpu=31.0663s valid=1
[248/1200] CLASSIC C2_2_3 run8 -> veh=6 dist=1836.21 cpu=30.7661s valid=1
[249/1200] CLASSIC C2_2_3 run1 -> veh=6 dist=1872.04 cpu=31.3341s valid=1
[250/1200] CLASSIC C2_2_3 run7 -> veh=6 dist=1805.08 cpu=31.0822s valid=1
[251/1200] CLASSIC C2_2_3 run6 -> veh=6 dist=1842.2 cpu=31.2759s valid=1
[252/1200] CLASSIC C2_2_3 run10 -> veh=6 dist=1846.8 cpu=31.1479s valid=1
[253/1200] QLEARNING C2_2_3 run3 -> veh=6 dist=1827.77 cpu=29.0738s valid=1
[254/1200] QLEARNING C2_2_3 run4 -> veh=6 dist=1831.6 cpu=29.3751s valid=1
[255/1200] QLEARNING C2_2_3 run5 -> veh=6 dist=1847.6 cpu=29.3499s valid=1
[256/1200] QLEARNING C2_2_3 run6 -> veh=6 dist=1832.07 cpu=29.3648s valid=1
[257/1200] QLEARNING C2_2_3 run7 -> veh=6 dist=1820.37 cpu=28.6964s valid=1
[258/1200] QLEARNING C2_2_3 run8 -> veh=6 dist=1837.49 cpu=29.1465s valid=1
[259/1200] QLEARNING C2_2_3 run9 -> veh=6 dist=1833.7 cpu=28.7014s valid=1
[260/1200] CLASSIC C2_2_5 run2 -> veh=6 dist=1879.62 cpu=16.6382s valid=1
[261/1200] CLASSIC C2_2_5 run1 -> veh=6 dist=1879.31 cpu=17.1553s valid=1
[262/1200] QLEARNING C2_2_3 run10 -> veh=6 dist=1829.14 cpu=29.2864s valid=1
[263/1200] CLASSIC C2_2_5 run4 -> veh=6 dist=1879.31 cpu=16.7333s valid=1
[264/1200] CLASSIC C2_2_5 run3 -> veh=6 dist=1881.89 cpu=17.1307s valid=1
[265/1200] QLEARNING C2_2_4 run1 -> veh=6 dist=1767.47 cpu=32.8564s valid=1
[266/1200] QLEARNING C2_2_4 run2 -> veh=6 dist=1800.63 cpu=32.6159s valid=1
[267/1200] CLASSIC C2_2_4 run1 -> veh=6 dist=1794.95 cpu=37.1011s valid=1
[268/1200] CLASSIC C2_2_4 run4 -> veh=6 dist=1763.75 cpu=36.8193s valid=1
[269/1200] CLASSIC C2_2_4 run3 -> veh=6 dist=1812.63 cpu=37.2685s valid=1
[270/1200] CLASSIC C2_2_4 run5 -> veh=6 dist=1781.53 cpu=37.1537s valid=1
[271/1200] CLASSIC C2_2_4 run2 -> veh=6 dist=1868.67 cpu=38.0195s valid=1
[272/1200] CLASSIC C2_2_4 run6 -> veh=6 dist=1801.42 cpu=37.5285s valid=1
[273/1200] CLASSIC C2_2_5 run5 -> veh=6 dist=1879.31 cpu=16.8666s valid=1
[274/1200] CLASSIC C2_2_4 run7 -> veh=6 dist=1823.09 cpu=37.1514s valid=1
[275/1200] CLASSIC C2_2_5 run6 -> veh=6 dist=1879.31 cpu=16.845s valid=1
[276/1200] CLASSIC C2_2_4 run9 -> veh=6 dist=1785.79 cpu=37.0606s valid=1
[277/1200] CLASSIC C2_2_4 run8 -> veh=6 dist=1773.51 cpu=37.2385s valid=1
[278/1200] CLASSIC C2_2_5 run7 -> veh=6 dist=1879.31 cpu=16.8289s valid=1
[279/1200] CLASSIC C2_2_5 run8 -> veh=6 dist=1883.51 cpu=16.533s valid=1
[280/1200] CLASSIC C2_2_5 run9 -> veh=6 dist=1879.31 cpu=16.4932s valid=1
[281/1200] CLASSIC C2_2_4 run10 -> veh=6 dist=1845.64 cpu=37.3703s valid=1
[282/1200] QLEARNING C2_2_5 run1 -> veh=6 dist=1879.31 cpu=15.7156s valid=1
[283/1200] CLASSIC C2_2_5 run10 -> veh=6 dist=1879.96 cpu=16.4114s valid=1
[284/1200] QLEARNING C2_2_4 run3 -> veh=6 dist=1768.67 cpu=32.3298s valid=1
[285/1200] QLEARNING C2_2_4 run4 -> veh=6 dist=1739.11 cpu=32.3036s valid=1
[286/1200] QLEARNING C2_2_4 run6 -> veh=6 dist=1768.15 cpu=31.6211s valid=1
[287/1200] QLEARNING C2_2_4 run5 -> veh=6 dist=1785.1 cpu=32.0143s valid=1
[288/1200] QLEARNING C2_2_4 run7 -> veh=6 dist=1789.35 cpu=32.2152s valid=1
[289/1200] QLEARNING C2_2_4 run9 -> veh=6 dist=1778.7 cpu=32.3952s valid=1
[290/1200] QLEARNING C2_2_4 run8 -> veh=6 dist=1765.55 cpu=32.4675s valid=1
[291/1200] QLEARNING C2_2_4 run10 -> veh=6 dist=1770.5 cpu=32.5519s valid=1
[292/1200] QLEARNING C2_2_5 run3 -> veh=6 dist=1879.96 cpu=15.5767s valid=1
[293/1200] QLEARNING C2_2_5 run5 -> veh=6 dist=1879.31 cpu=15.4072s valid=1
[294/1200] QLEARNING C2_2_5 run6 -> veh=6 dist=1883.51 cpu=15.6175s valid=1
[295/1200] QLEARNING C2_2_5 run2 -> veh=6 dist=1879.31 cpu=16.5119s valid=1
[296/1200] QLEARNING C2_2_5 run4 -> veh=6 dist=1879.31 cpu=16.0588s valid=1
[297/1200] QLEARNING C2_2_5 run7 -> veh=6 dist=1879.31 cpu=16.1872s valid=1
[298/1200] QLEARNING C2_2_5 run8 -> veh=6 dist=1879.31 cpu=16.4136s valid=1
[299/1200] QLEARNING C2_2_5 run9 -> veh=6 dist=1879.31 cpu=15.9853s valid=1
[300/1200] QLEARNING C2_2_5 run10 -> veh=6 dist=1879.31 cpu=15.7277s valid=1
[301/1200] QLEARNING C2_2_6 run1 -> veh=6 dist=1858.59 cpu=18.4143s valid=1
[302/1200] QLEARNING C2_2_6 run3 -> veh=6 dist=1857.35 cpu=18.3767s valid=1
[303/1200] QLEARNING C2_2_6 run2 -> veh=6 dist=1858.72 cpu=18.4873s valid=1
[304/1200] CLASSIC C2_2_6 run1 -> veh=6 dist=1860.38 cpu=21.0827s valid=1
[305/1200] CLASSIC C2_2_6 run2 -> veh=6 dist=1865.75 cpu=21.0939s valid=1
[306/1200] CLASSIC C2_2_6 run3 -> veh=6 dist=1857.41 cpu=20.9765s valid=1
[307/1200] QLEARNING C2_2_6 run5 -> veh=6 dist=1857.35 cpu=18.3399s valid=1
[308/1200] QLEARNING C2_2_6 run4 -> veh=6 dist=1857.84 cpu=18.4024s valid=1
[309/1200] CLASSIC C2_2_6 run4 -> veh=6 dist=1858.46 cpu=21.1803s valid=1
[310/1200] CLASSIC C2_2_6 run5 -> veh=6 dist=1857.35 cpu=21.057s valid=1
[311/1200] CLASSIC C2_2_6 run7 -> veh=6 dist=1860.66 cpu=20.7454s valid=1
[312/1200] CLASSIC C2_2_6 run6 -> veh=6 dist=1857.35 cpu=21.0703s valid=1
[313/1200] QLEARNING C2_2_6 run6 -> veh=6 dist=1859.91 cpu=18.0898s valid=1
[314/1200] CLASSIC C2_2_6 run10 -> veh=6 dist=1858.85 cpu=20.7058s valid=1
[315/1200] CLASSIC C2_2_6 run8 -> veh=6 dist=1857.93 cpu=20.9591s valid=1
[316/1200] QLEARNING C2_2_6 run7 -> veh=6 dist=1857.83 cpu=18.0828s valid=1
[317/1200] CLASSIC C2_2_6 run9 -> veh=6 dist=1858.55 cpu=21.0105s valid=1
[318/1200] QLEARNING C2_2_6 run8 -> veh=6 dist=1858.64 cpu=18.3625s valid=1
[319/1200] QLEARNING C2_2_6 run9 -> veh=6 dist=1857.35 cpu=18.544s valid=1
[320/1200] QLEARNING C2_2_6 run10 -> veh=6 dist=1857.83 cpu=18.2973s valid=1
[321/1200] CLASSIC C2_2_7 run1 -> veh=6 dist=1849.47 cpu=21.921s valid=1
[322/1200] CLASSIC C2_2_7 run5 -> veh=6 dist=1851.66 cpu=21.8199s valid=1
[323/1200] CLASSIC C2_2_7 run2 -> veh=6 dist=1852.83 cpu=22.3224s valid=1
[324/1200] CLASSIC C2_2_7 run4 -> veh=6 dist=1852.05 cpu=22.0081s valid=1
[325/1200] CLASSIC C2_2_7 run3 -> veh=6 dist=1853.2 cpu=22.234s valid=1
[326/1200] CLASSIC C2_2_7 run6 -> veh=6 dist=1856.3 cpu=21.967s valid=1
[327/1200] CLASSIC C2_2_7 run8 -> veh=6 dist=1861.74 cpu=21.6225s valid=1
[328/1200] CLASSIC C2_2_7 run7 -> veh=6 dist=1852.44 cpu=22.5414s valid=1
[329/1200] QLEARNING C2_2_7 run1 -> veh=6 dist=1850.71 cpu=20.3336s valid=1
[330/1200] QLEARNING C2_2_7 run2 -> veh=6 dist=1850.89 cpu=20.4595s valid=1
[331/1200] CLASSIC C2_2_7 run9 -> veh=6 dist=1854.6 cpu=21.9187s valid=1
[332/1200] CLASSIC C2_2_7 run10 -> veh=6 dist=1853.18 cpu=22.3356s valid=1
[333/1200] QLEARNING C2_2_7 run3 -> veh=6 dist=1854.14 cpu=20.2254s valid=1
[334/1200] QLEARNING C2_2_7 run5 -> veh=6 dist=1853.66 cpu=20.1993s valid=1
[335/1200] QLEARNING C2_2_7 run6 -> veh=6 dist=1853.55 cpu=20.3359s valid=1
[336/1200] QLEARNING C2_2_7 run4 -> veh=6 dist=1851.27 cpu=20.6539s valid=1
[337/1200] QLEARNING C2_2_7 run7 -> veh=6 dist=1853.79 cpu=20.3025s valid=1
[338/1200] QLEARNING C2_2_7 run8 -> veh=6 dist=1851.42 cpu=20.3815s valid=1
[339/1200] QLEARNING C2_2_7 run10 -> veh=6 dist=1853.44 cpu=20.3079s valid=1
[340/1200] QLEARNING C2_2_7 run9 -> veh=6 dist=1852.4 cpu=20.3916s valid=1
[341/1200] QLEARNING C2_2_8 run1 -> veh=6 dist=1838.44 cpu=19.7318s valid=1
[342/1200] QLEARNING C2_2_8 run2 -> veh=6 dist=1833.98 cpu=19.8014s valid=1
[343/1200] CLASSIC C2_2_8 run1 -> veh=6 dist=1858.79 cpu=22.5335s valid=1
[344/1200] CLASSIC C2_2_8 run2 -> veh=6 dist=1843.83 cpu=22.4559s valid=1
[345/1200] CLASSIC C2_2_8 run3 -> veh=6 dist=1833.14 cpu=22.5873s valid=1
[346/1200] CLASSIC C2_2_8 run4 -> veh=6 dist=1844.96 cpu=22.6437s valid=1
[347/1200] CLASSIC C2_2_8 run5 -> veh=6 dist=1843.62 cpu=22.3482s valid=1
[348/1200] CLASSIC C2_2_8 run6 -> veh=6 dist=1846.92 cpu=22.6356s valid=1
[349/1200] CLASSIC C2_2_8 run9 -> veh=6 dist=1844.68 cpu=22.5218s valid=1
[350/1200] CLASSIC C2_2_8 run8 -> veh=6 dist=1841.57 cpu=22.5258s valid=1
[351/1200] CLASSIC C2_2_8 run7 -> veh=6 dist=1856.15 cpu=22.8152s valid=1
[352/1200] CLASSIC C2_2_8 run10 -> veh=6 dist=1847.94 cpu=22.2708s valid=1
[353/1200] QLEARNING C2_2_8 run3 -> veh=6 dist=1832.15 cpu=20.0275s valid=1
[354/1200] QLEARNING C2_2_8 run4 -> veh=6 dist=1843.58 cpu=19.964s valid=1
[355/1200] QLEARNING C2_2_8 run6 -> veh=6 dist=1831.34 cpu=19.8485s valid=1
[356/1200] QLEARNING C2_2_8 run8 -> veh=6 dist=1839.11 cpu=19.6437s valid=1
[357/1200] QLEARNING C2_2_8 run7 -> veh=6 dist=1834.3 cpu=19.9107s valid=1
[358/1200] QLEARNING C2_2_8 run5 -> veh=6 dist=1836.68 cpu=20.094s valid=1
[359/1200] QLEARNING C2_2_8 run9 -> veh=6 dist=1835.29 cpu=19.9407s valid=1
[360/1200] QLEARNING C2_2_8 run10 -> veh=6 dist=1838.82 cpu=19.8407s valid=1
[361/1200] CLASSIC C2_2_9 run2 -> veh=6 dist=1856 cpu=25.763s valid=1
[362/1200] CLASSIC C2_2_9 run1 -> veh=6 dist=1838.82 cpu=26.2352s valid=1
[363/1200] CLASSIC C2_2_9 run3 -> veh=6 dist=1839.35 cpu=26.151s valid=1
[364/1200] CLASSIC C2_2_9 run4 -> veh=6 dist=1840.28 cpu=26.0317s valid=1
[365/1200] QLEARNING C2_2_9 run1 -> veh=6 dist=1848.39 cpu=22.9277s valid=1
[366/1200] QLEARNING C2_2_9 run2 -> veh=6 dist=1836.03 cpu=23.4074s valid=1
[367/1200] QLEARNING C2_2_9 run3 -> veh=6 dist=1841.68 cpu=22.5962s valid=1
[368/1200] CLASSIC C2_2_9 run7 -> veh=6 dist=1846.79 cpu=25.8265s valid=1
[369/1200] CLASSIC C2_2_9 run5 -> veh=6 dist=1844.97 cpu=26.1049s valid=1
[370/1200] CLASSIC C2_2_9 run6 -> veh=6 dist=1846.62 cpu=26.0859s valid=1
[371/1200] CLASSIC C2_2_9 run9 -> veh=6 dist=1842.69 cpu=25.7494s valid=1
[372/1200] QLEARNING C2_2_9 run4 -> veh=6 dist=1839.73 cpu=23.3316s valid=1
[373/1200] QLEARNING C2_2_9 run5 -> veh=6 dist=1844.39 cpu=22.9986s valid=1
[374/1200] CLASSIC C2_2_9 run8 -> veh=6 dist=1842.41 cpu=26.0991s valid=1
[375/1200] CLASSIC C2_2_9 run10 -> veh=6 dist=1847.87 cpu=25.9077s valid=1
[376/1200] QLEARNING C2_2_9 run6 -> veh=6 dist=1855.43 cpu=23.0546s valid=1
[377/1200] QLEARNING C2_2_9 run9 -> veh=6 dist=1841.83 cpu=22.6995s valid=1
[378/1200] QLEARNING C2_2_9 run8 -> veh=6 dist=1843.06 cpu=22.9935s valid=1
[379/1200] QLEARNING C2_2_9 run7 -> veh=6 dist=1863.92 cpu=23.3231s valid=1
[380/1200] QLEARNING C2_2_9 run10 -> veh=6 dist=1850.62 cpu=23.1428s valid=1
[381/1200] QLEARNING C2_2_10 run1 -> veh=6 dist=1818.24 cpu=23.1202s valid=1
[382/1200] QLEARNING C2_2_10 run2 -> veh=6 dist=1826.42 cpu=22.6472s valid=1
[383/1200] CLASSIC C2_2_10 run1 -> veh=6 dist=1832.16 cpu=26.8144s valid=1
[384/1200] CLASSIC C2_2_10 run2 -> veh=6 dist=1827.63 cpu=27.1031s valid=1
[385/1200] CLASSIC C2_2_10 run4 -> veh=6 dist=1816.72 cpu=26.806s valid=1
[386/1200] CLASSIC C2_2_10 run3 -> veh=6 dist=1813.87 cpu=27.3109s valid=1
[387/1200] CLASSIC R1_2_1 run1 -> veh=20 dist=4990.35 cpu=7.61769s valid=1
[388/1200] CLASSIC R1_2_1 run2 -> veh=20 dist=4920.12 cpu=7.63105s valid=1
[389/1200] CLASSIC R1_2_1 run3 -> veh=20 dist=4893.48 cpu=7.59209s valid=1
[390/1200] CLASSIC R1_2_1 run4 -> veh=20 dist=4993.58 cpu=7.60503s valid=1
[391/1200] CLASSIC R1_2_1 run6 -> veh=20 dist=4906.56 cpu=7.52458s valid=1
[392/1200] CLASSIC R1_2_1 run5 -> veh=20 dist=5028.28 cpu=7.55684s valid=1
[393/1200] CLASSIC C2_2_10 run5 -> veh=6 dist=1834.97 cpu=27.0101s valid=1
[394/1200] CLASSIC C2_2_10 run7 -> veh=6 dist=1819.99 cpu=26.7877s valid=1
[395/1200] CLASSIC C2_2_10 run6 -> veh=6 dist=1840.88 cpu=26.869s valid=1
[396/1200] CLASSIC R1_2_1 run8 -> veh=20 dist=5022.79 cpu=7.59022s valid=1
[397/1200] CLASSIC C2_2_10 run9 -> veh=6 dist=1822.49 cpu=26.8499s valid=1
[398/1200] CLASSIC R1_2_1 run7 -> veh=20 dist=4840.12 cpu=7.71776s valid=1
[399/1200] CLASSIC C2_2_10 run8 -> veh=6 dist=1814.87 cpu=26.8924s valid=1
[400/1200] CLASSIC C2_2_10 run10 -> veh=6 dist=1813.23 cpu=26.7982s valid=1
[401/1200] CLASSIC R1_2_1 run9 -> veh=20 dist=4892.94 cpu=7.6243s valid=1
[402/1200] CLASSIC R1_2_1 run10 -> veh=20 dist=4913.8 cpu=7.51317s valid=1
[403/1200] QLEARNING R1_2_1 run1 -> veh=20 dist=4873.48 cpu=8.28729s valid=1
[404/1200] QLEARNING R1_2_1 run2 -> veh=20 dist=4933.96 cpu=8.18895s valid=1
[405/1200] QLEARNING R1_2_1 run3 -> veh=20 dist=4871.92 cpu=8.30113s valid=1
[406/1200] QLEARNING R1_2_1 run4 -> veh=20 dist=4852.67 cpu=8.24964s valid=1
[407/1200] QLEARNING R1_2_1 run5 -> veh=20 dist=4874.95 cpu=8.18731s valid=1
[408/1200] QLEARNING R1_2_1 run6 -> veh=20 dist=4877.75 cpu=8.19093s valid=1
[409/1200] QLEARNING R1_2_1 run7 -> veh=20 dist=4872.29 cpu=8.25119s valid=1
[410/1200] QLEARNING R1_2_1 run8 -> veh=20 dist=4890.7 cpu=8.24948s valid=1
[411/1200] QLEARNING R1_2_1 run10 -> veh=20 dist=4867.07 cpu=8.20075s valid=1
[412/1200] QLEARNING R1_2_1 run9 -> veh=20 dist=4884.17 cpu=8.3313s valid=1
[413/1200] CLASSIC R1_2_2 run3 -> veh=18 dist=4425.47 cpu=9.19135s valid=1
[414/1200] CLASSIC R1_2_2 run1 -> veh=18 dist=4324.2 cpu=9.32385s valid=1
[415/1200] CLASSIC R1_2_2 run4 -> veh=18 dist=4474.43 cpu=9.29017s valid=1
[416/1200] CLASSIC R1_2_2 run2 -> veh=18 dist=4484.62 cpu=9.3713s valid=1
[417/1200] CLASSIC R1_2_2 run5 -> veh=18 dist=4420.79 cpu=9.38839s valid=1
[418/1200] CLASSIC R1_2_2 run9 -> veh=18 dist=4449.12 cpu=9.25974s valid=1
[419/1200] CLASSIC R1_2_2 run7 -> veh=18 dist=4331.63 cpu=9.40087s valid=1
[420/1200] CLASSIC R1_2_2 run8 -> veh=18 dist=4379.16 cpu=9.39953s valid=1
[421/1200] CLASSIC R1_2_2 run6 -> veh=18 dist=4407.29 cpu=9.48882s valid=1
[422/1200] CLASSIC R1_2_2 run10 -> veh=18 dist=4463.47 cpu=9.3644s valid=1
[423/1200] QLEARNING C2_2_10 run3 -> veh=6 dist=1818.11 cpu=23.7322s valid=1
[424/1200] QLEARNING C2_2_10 run4 -> veh=6 dist=1819.11 cpu=23.5123s valid=1
[425/1200] QLEARNING C2_2_10 run5 -> veh=6 dist=1812.28 cpu=23.7434s valid=1
[426/1200] QLEARNING R1_2_2 run3 -> veh=18 dist=4238.32 cpu=11.1154s valid=1
[427/1200] QLEARNING R1_2_2 run2 -> veh=18 dist=4355.01 cpu=11.3178s valid=1
[428/1200] QLEARNING R1_2_2 run4 -> veh=18 dist=4261.95 cpu=11.3579s valid=1
[429/1200] QLEARNING R1_2_2 run1 -> veh=18 dist=4361.41 cpu=11.6105s valid=1
[430/1200] QLEARNING C2_2_10 run6 -> veh=6 dist=1817.33 cpu=24.0139s valid=1
[431/1200] QLEARNING R1_2_2 run6 -> veh=18 dist=4349.02 cpu=11.2093s valid=1
[432/1200] QLEARNING R1_2_2 run5 -> veh=18 dist=4345.85 cpu=11.7078s valid=1
[433/1200] QLEARNING C2_2_10 run7 -> veh=6 dist=1839.21 cpu=23.6308s valid=1
[434/1200] QLEARNING C2_2_10 run8 -> veh=6 dist=1818.02 cpu=23.8145s valid=1
[435/1200] QLEARNING C2_2_10 run9 -> veh=6 dist=1820.35 cpu=23.3188s valid=1
[436/1200] QLEARNING C2_2_10 run10 -> veh=6 dist=1822 cpu=23.1222s valid=1
[437/1200] QLEARNING R1_2_2 run9 -> veh=18 dist=4307.19 cpu=10.9857s valid=1
[438/1200] QLEARNING R1_2_2 run7 -> veh=18 dist=4330.17 cpu=11.494s valid=1
[439/1200] QLEARNING R1_2_2 run8 -> veh=18 dist=4259.44 cpu=11.3671s valid=1
[440/1200] QLEARNING R1_2_2 run10 -> veh=18 dist=4316.34 cpu=11.3299s valid=1
[441/1200] CLASSIC R1_2_3 run1 -> veh=18 dist=3646.56 cpu=12.3791s valid=1
[442/1200] CLASSIC R1_2_3 run2 -> veh=18 dist=3759.7 cpu=12.2484s valid=1
[443/1200] CLASSIC R1_2_3 run3 -> veh=18 dist=3727.17 cpu=12.5526s valid=1
[444/1200] CLASSIC R1_2_3 run4 -> veh=18 dist=3683.7 cpu=12.5018s valid=1
[445/1200] CLASSIC R1_2_3 run5 -> veh=18 dist=3752.6 cpu=12.356s valid=1
[446/1200] CLASSIC R1_2_3 run7 -> veh=18 dist=3798.6 cpu=12.5s valid=1
[447/1200] CLASSIC R1_2_3 run8 -> veh=18 dist=3758.22 cpu=12.5076s valid=1
[448/1200] CLASSIC R1_2_3 run6 -> veh=18 dist=3716.84 cpu=12.6182s valid=1
[449/1200] CLASSIC R1_2_3 run9 -> veh=18 dist=3711.57 cpu=12.5561s valid=1
[450/1200] CLASSIC R1_2_3 run10 -> veh=18 dist=3713.5 cpu=12.568s valid=1
[451/1200] QLEARNING R1_2_3 run4 -> veh=18 dist=3599.08 cpu=14.0435s valid=1
[452/1200] QLEARNING R1_2_3 run3 -> veh=18 dist=3621.82 cpu=14.2422s valid=1
[453/1200] QLEARNING R1_2_3 run1 -> veh=18 dist=3520.53 cpu=14.3178s valid=1
[454/1200] QLEARNING R1_2_3 run2 -> veh=18 dist=3611.06 cpu=14.3733s valid=1
[455/1200] QLEARNING R1_2_3 run5 -> veh=18 dist=3530.9 cpu=13.8747s valid=1
[456/1200] QLEARNING R1_2_3 run6 -> veh=18 dist=3540.02 cpu=14.2886s valid=1
[457/1200] QLEARNING R1_2_3 run7 -> veh=18 dist=3625.44 cpu=14.2948s valid=1
[458/1200] QLEARNING R1_2_3 run8 -> veh=18 dist=3567.84 cpu=14.38s valid=1
[459/1200] QLEARNING R1_2_3 run9 -> veh=18 dist=3558.6 cpu=14.3421s valid=1
[460/1200] QLEARNING R1_2_3 run10 -> veh=18 dist=3587.43 cpu=14.3618s valid=1
[461/1200] CLASSIC R1_2_5 run1 -> veh=18 dist=4700.76 cpu=6.31582s valid=1
[462/1200] CLASSIC R1_2_4 run1 -> veh=18 dist=3287 cpu=16.4358s valid=1
[463/1200] CLASSIC R1_2_5 run2 -> veh=18 dist=4605.99 cpu=6.28122s valid=1
[464/1200] CLASSIC R1_2_4 run2 -> veh=18 dist=3186.84 cpu=16.4413s valid=1
[465/1200] CLASSIC R1_2_4 run4 -> veh=18 dist=3291.03 cpu=16.4274s valid=1
[466/1200] CLASSIC R1_2_4 run3 -> veh=18 dist=3224.98 cpu=16.6704s valid=1
[467/1200] CLASSIC R1_2_4 run5 -> veh=18 dist=3249.18 cpu=16.2688s valid=1
[468/1200] CLASSIC R1_2_5 run3 -> veh=18 dist=4612.69 cpu=6.23267s valid=1
[469/1200] CLASSIC R1_2_5 run6 -> veh=18 dist=4686.16 cpu=6.12827s valid=1
[470/1200] CLASSIC R1_2_5 run4 -> veh=18 dist=4681.73 cpu=6.29344s valid=1
[471/1200] CLASSIC R1_2_5 run5 -> veh=18 dist=4542.21 cpu=6.3429s valid=1
[472/1200] CLASSIC R1_2_5 run7 -> veh=18 dist=4590.21 cpu=6.27313s valid=1
[473/1200] CLASSIC R1_2_4 run6 -> veh=18 dist=3310.8 cpu=16.5714s valid=1
[474/1200] CLASSIC R1_2_5 run8 -> veh=18 dist=4731.37 cpu=6.2005s valid=1
[475/1200] CLASSIC R1_2_4 run7 -> veh=18 dist=3368.92 cpu=16.3136s valid=1
[476/1200] CLASSIC R1_2_4 run10 -> veh=18 dist=3109.88 cpu=14.7189s valid=1
[477/1200] CLASSIC R1_2_4 run8 -> veh=18 dist=3376.01 cpu=16.4211s valid=1
[478/1200] CLASSIC R1_2_5 run9 -> veh=18 dist=4796.26 cpu=6.20145s valid=1
[479/1200] CLASSIC R1_2_5 run10 -> veh=18 dist=4477.89 cpu=6.25153s valid=1
[480/1200] CLASSIC R1_2_4 run9 -> veh=18 dist=3210.77 cpu=16.626s valid=1
[481/1200] QLEARNING R1_2_4 run1 -> veh=18 dist=3219.45 cpu=16.5095s valid=1
[482/1200] QLEARNING R1_2_4 run2 -> veh=18 dist=3235.18 cpu=16.5899s valid=1
[483/1200] QLEARNING R1_2_5 run1 -> veh=18 dist=4543.79 cpu=7.86014s valid=1
[484/1200] QLEARNING R1_2_5 run2 -> veh=18 dist=4537.62 cpu=7.83774s valid=1
[485/1200] QLEARNING R1_2_4 run3 -> veh=18 dist=3216.5 cpu=16.7021s valid=1
[486/1200] QLEARNING R1_2_4 run4 -> veh=18 dist=3273.35 cpu=16.5539s valid=1
[487/1200] QLEARNING R1_2_5 run3 -> veh=18 dist=4544.2 cpu=7.69333s valid=1
[488/1200] QLEARNING R1_2_5 run5 -> veh=18 dist=4564.23 cpu=7.86259s valid=1
[489/1200] QLEARNING R1_2_5 run4 -> veh=18 dist=4433.46 cpu=8.0129s valid=1
[490/1200] QLEARNING R1_2_4 run5 -> veh=18 dist=3224.63 cpu=16.3427s valid=1
[491/1200] QLEARNING R1_2_5 run6 -> veh=18 dist=4508.97 cpu=7.99266s valid=1
[492/1200] QLEARNING R1_2_5 run7 -> veh=18 dist=4419.97 cpu=7.81704s valid=1
[493/1200] QLEARNING R1_2_5 run8 -> veh=18 dist=4536.29 cpu=7.84332s valid=1
[494/1200] QLEARNING R1_2_4 run6 -> veh=18 dist=3228.81 cpu=17.0087s valid=1
[495/1200] QLEARNING R1_2_5 run9 -> veh=18 dist=4560.43 cpu=7.89561s valid=1
[496/1200] QLEARNING R1_2_5 run10 -> veh=18 dist=4515.42 cpu=7.97366s valid=1
[497/1200] QLEARNING R1_2_4 run7 -> veh=18 dist=3165.14 cpu=16.5323s valid=1
[498/1200] QLEARNING R1_2_4 run9 -> veh=18 dist=3228.54 cpu=16.4717s valid=1
[499/1200] QLEARNING R1_2_4 run8 -> veh=18 dist=3260 cpu=16.6118s valid=1
[500/1200] QLEARNING R1_2_4 run10 -> veh=18 dist=3244.37 cpu=16.5427s valid=1
[501/1200] CLASSIC R1_2_6 run2 -> veh=18 dist=4036.43 cpu=10.116s valid=1
[502/1200] CLASSIC R1_2_6 run1 -> veh=18 dist=3867.23 cpu=10.2667s valid=1
[503/1200] CLASSIC R1_2_6 run3 -> veh=18 dist=3929.9 cpu=10.3199s valid=1
[504/1200] CLASSIC R1_2_6 run4 -> veh=18 dist=4067.95 cpu=10.2624s valid=1
[505/1200] CLASSIC R1_2_6 run5 -> veh=18 dist=3930.89 cpu=10.1746s valid=1
[506/1200] CLASSIC R1_2_6 run6 -> veh=18 dist=3913.96 cpu=10.2846s valid=1
[507/1200] CLASSIC R1_2_6 run7 -> veh=18 dist=3942.7 cpu=10.2585s valid=1
[508/1200] CLASSIC R1_2_6 run8 -> veh=18 dist=3839.93 cpu=10.2663s valid=1
[509/1200] CLASSIC R1_2_6 run9 -> veh=18 dist=4015.61 cpu=10.204s valid=1
[510/1200] CLASSIC R1_2_6 run10 -> veh=18 dist=4039.32 cpu=10.4951s valid=1
[511/1200] QLEARNING R1_2_6 run1 -> veh=18 dist=3725.15 cpu=12.2598s valid=1
[512/1200] QLEARNING R1_2_6 run2 -> veh=18 dist=3842.81 cpu=11.9948s valid=1
[513/1200] QLEARNING R1_2_6 run3 -> veh=18 dist=3841.92 cpu=11.8393s valid=1
[514/1200] QLEARNING R1_2_6 run6 -> veh=18 dist=3807.73 cpu=11.8027s valid=1
[515/1200] QLEARNING R1_2_6 run4 -> veh=18 dist=3775.02 cpu=12.2161s valid=1
[516/1200] QLEARNING R1_2_6 run5 -> veh=18 dist=3837.39 cpu=12.2501s valid=1
[517/1200] QLEARNING R1_2_6 run7 -> veh=18 dist=3764.33 cpu=12.0285s valid=1
[518/1200] QLEARNING R1_2_6 run8 -> veh=18 dist=3812.54 cpu=12.2411s valid=1
[519/1200] QLEARNING R1_2_6 run9 -> veh=18 dist=3767.49 cpu=12.1927s valid=1
[520/1200] QLEARNING R1_2_6 run10 -> veh=18 dist=3784.49 cpu=12.0438s valid=1
[521/1200] CLASSIC R1_2_7 run1 -> veh=18 dist=3496.34 cpu=13.3998s valid=1
[522/1200] CLASSIC R1_2_7 run2 -> veh=18 dist=3497.2 cpu=13.1677s valid=1
[523/1200] CLASSIC R1_2_7 run3 -> veh=18 dist=3416.24 cpu=13.2732s valid=1
[524/1200] CLASSIC R1_2_7 run4 -> veh=18 dist=3396.87 cpu=13.3361s valid=1
[525/1200] CLASSIC R1_2_7 run7 -> veh=18 dist=3421.24 cpu=13.2099s valid=1
[526/1200] CLASSIC R1_2_7 run6 -> veh=18 dist=3500.88 cpu=13.333s valid=1
[527/1200] CLASSIC R1_2_7 run5 -> veh=18 dist=3374.57 cpu=13.3972s valid=1
[528/1200] CLASSIC R1_2_7 run10 -> veh=18 dist=3467.13 cpu=13.1149s valid=1
[529/1200] CLASSIC R1_2_7 run8 -> veh=18 dist=3269.27 cpu=13.5634s valid=1
[530/1200] CLASSIC R1_2_7 run9 -> veh=18 dist=3226.23 cpu=13.7157s valid=1
[531/1200] QLEARNING R1_2_7 run1 -> veh=18 dist=3321.48 cpu=14.6505s valid=1
[532/1200] QLEARNING R1_2_7 run2 -> veh=18 dist=3291.47 cpu=14.8233s valid=1
[533/1200] QLEARNING R1_2_7 run3 -> veh=18 dist=3292.62 cpu=14.4308s valid=1
[534/1200] QLEARNING R1_2_7 run5 -> veh=18 dist=3334.34 cpu=14.4459s valid=1
[535/1200] QLEARNING R1_2_7 run4 -> veh=18 dist=3291.96 cpu=14.7376s valid=1
[536/1200] QLEARNING R1_2_7 run6 -> veh=18 dist=3327.59 cpu=14.7637s valid=1
[537/1200] QLEARNING R1_2_7 run7 -> veh=18 dist=3295.94 cpu=14.7359s valid=1
[538/1200] QLEARNING R1_2_7 run9 -> veh=18 dist=3279.7 cpu=14.5757s valid=1
[539/1200] QLEARNING R1_2_7 run10 -> veh=18 dist=3332.35 cpu=14.3322s valid=1
[540/1200] QLEARNING R1_2_7 run8 -> veh=18 dist=3319.84 cpu=14.8022s valid=1
[541/1200] CLASSIC R1_2_9 run1 -> veh=18 dist=4276.83 cpu=7.49164s valid=1
[542/1200] CLASSIC R1_2_8 run1 -> veh=18 dist=3078.53 cpu=17.4586s valid=1
[543/1200] CLASSIC R1_2_8 run2 -> veh=18 dist=3078.02 cpu=17.1907s valid=1
[544/1200] CLASSIC R1_2_9 run2 -> veh=18 dist=4249.09 cpu=7.56442s valid=1
[545/1200] CLASSIC R1_2_9 run3 -> veh=18 dist=4333.88 cpu=7.50385s valid=1
[546/1200] CLASSIC R1_2_9 run4 -> veh=18 dist=4234.21 cpu=7.49664s valid=1
[547/1200] CLASSIC R1_2_8 run3 -> veh=18 dist=3090.32 cpu=17.2791s valid=1
[548/1200] CLASSIC R1_2_9 run5 -> veh=18 dist=4310.66 cpu=7.48068s valid=1
[549/1200] CLASSIC R1_2_8 run5 -> veh=18 dist=3027.88 cpu=17.1306s valid=1
[550/1200] CLASSIC R1_2_9 run6 -> veh=18 dist=4158.56 cpu=7.40315s valid=1
[551/1200] CLASSIC R1_2_8 run4 -> veh=18 dist=3014.6 cpu=17.3206s valid=1
[552/1200] CLASSIC R1_2_9 run7 -> veh=18 dist=4206.56 cpu=7.49563s valid=1
[553/1200] CLASSIC R1_2_8 run6 -> veh=18 dist=3172.67 cpu=16.8575s valid=1
[554/1200] CLASSIC R1_2_9 run8 -> veh=18 dist=4220.9 cpu=7.55804s valid=1
[555/1200] CLASSIC R1_2_9 run9 -> veh=18 dist=4215.55 cpu=7.48494s valid=1
[556/1200] CLASSIC R1_2_8 run7 -> veh=18 dist=3057.51 cpu=17.2674s valid=1
[557/1200] CLASSIC R1_2_9 run10 -> veh=18 dist=4202.51 cpu=7.50531s valid=1
[558/1200] CLASSIC R1_2_8 run8 -> veh=18 dist=3300.87 cpu=17.2657s valid=1
[559/1200] CLASSIC R1_2_8 run9 -> veh=18 dist=3239.88 cpu=17.5152s valid=1
[560/1200] QLEARNING R1_2_9 run1 -> veh=18 dist=4037.04 cpu=8.78674s valid=1
[561/1200] CLASSIC R1_2_8 run10 -> veh=18 dist=3213.8 cpu=17.4704s valid=1
[562/1200] QLEARNING R1_2_9 run2 -> veh=18 dist=4091.66 cpu=8.99581s valid=1
[563/1200] QLEARNING R1_2_8 run2 -> veh=18 dist=3064.21 cpu=16.7495s valid=1
[564/1200] QLEARNING R1_2_8 run1 -> veh=18 dist=3063.48 cpu=16.8887s valid=1
[565/1200] QLEARNING R1_2_8 run5 -> veh=18 dist=3118.37 cpu=16.2577s valid=1
[566/1200] QLEARNING R1_2_8 run3 -> veh=18 dist=3084.1 cpu=16.6786s valid=1
[567/1200] QLEARNING R1_2_8 run4 -> veh=18 dist=3077.88 cpu=16.59s valid=1
[568/1200] QLEARNING R1_2_8 run7 -> veh=18 dist=3123.51 cpu=16.1915s valid=1
[569/1200] QLEARNING R1_2_8 run6 -> veh=18 dist=3119.91 cpu=16.4794s valid=1
[570/1200] QLEARNING R1_2_8 run8 -> veh=18 dist=3101.7 cpu=16.5415s valid=1
[571/1200] QLEARNING R1_2_8 run9 -> veh=18 dist=3086.02 cpu=16.529s valid=1
[572/1200] QLEARNING R1_2_9 run3 -> veh=18 dist=4018.86 cpu=8.95913s valid=1
[573/1200] QLEARNING R1_2_9 run4 -> veh=18 dist=4100.87 cpu=8.88803s valid=1
[574/1200] QLEARNING R1_2_8 run10 -> veh=18 dist=3073.61 cpu=16.6754s valid=1
[575/1200] QLEARNING R1_2_9 run6 -> veh=18 dist=4093.51 cpu=8.78583s valid=1
[576/1200] QLEARNING R1_2_9 run5 -> veh=18 dist=4077.76 cpu=8.91257s valid=1
[577/1200] QLEARNING R1_2_9 run7 -> veh=18 dist=4049.11 cpu=8.81044s valid=1
[578/1200] QLEARNING R1_2_9 run8 -> veh=18 dist=3999.95 cpu=9.05506s valid=1
[579/1200] QLEARNING R1_2_9 run9 -> veh=18 dist=4015.78 cpu=8.98782s valid=1
[580/1200] QLEARNING R1_2_9 run10 -> veh=18 dist=4051.29 cpu=9.19247s valid=1
[581/1200] CLASSIC R1_2_10 run5 -> veh=18 dist=3370.36 cpu=10.0684s valid=1
[582/1200] CLASSIC R1_2_10 run1 -> veh=18 dist=3612.52 cpu=10.6626s valid=1
[583/1200] CLASSIC R1_2_10 run2 -> veh=18 dist=3643.81 cpu=10.6092s valid=1
[584/1200] CLASSIC R1_2_10 run3 -> veh=18 dist=3644.42 cpu=10.7273s valid=1
[585/1200] CLASSIC R1_2_10 run4 -> veh=18 dist=3652.57 cpu=10.6202s valid=1
[586/1200] CLASSIC R1_2_10 run7 -> veh=18 dist=3516.6 cpu=10.626s valid=1
[587/1200] CLASSIC R1_2_10 run6 -> veh=18 dist=3568.51 cpu=10.6928s valid=1
[588/1200] CLASSIC R1_2_10 run8 -> veh=18 dist=3614.2 cpu=10.5693s valid=1
[589/1200] CLASSIC R1_2_10 run9 -> veh=18 dist=3597.51 cpu=10.6602s valid=1
[590/1200] CLASSIC R1_2_10 run10 -> veh=18 dist=3565.2 cpu=10.6405s valid=1
[591/1200] QLEARNING R1_2_10 run1 -> veh=18 dist=3440.61 cpu=11.5989s valid=1
[592/1200] QLEARNING R1_2_10 run2 -> veh=18 dist=3396.12 cpu=11.7729s valid=1
[593/1200] QLEARNING R1_2_10 run3 -> veh=18 dist=3461.63 cpu=11.7525s valid=1
[594/1200] QLEARNING R1_2_10 run5 -> veh=18 dist=3441.32 cpu=11.5467s valid=1
[595/1200] QLEARNING R1_2_10 run6 -> veh=18 dist=3438.36 cpu=11.5837s valid=1
[596/1200] QLEARNING R1_2_10 run4 -> veh=18 dist=3421.94 cpu=11.6958s valid=1
[597/1200] QLEARNING R1_2_10 run8 -> veh=18 dist=3376.57 cpu=11.5312s valid=1
[598/1200] QLEARNING R1_2_10 run9 -> veh=18 dist=3462.02 cpu=11.579s valid=1
[599/1200] QLEARNING R1_2_10 run7 -> veh=18 dist=3433.17 cpu=11.6957s valid=1
[600/1200] QLEARNING R1_2_10 run10 -> veh=18 dist=3417.11 cpu=11.4401s valid=1
[601/1200] CLASSIC R2_2_1 run1 -> veh=5 dist=4172.49 cpu=16.5069s valid=1
[602/1200] CLASSIC R2_2_1 run3 -> veh=5 dist=4218.83 cpu=16.4857s valid=1
[603/1200] CLASSIC R2_2_1 run2 -> veh=5 dist=4146.65 cpu=16.6818s valid=1
[604/1200] CLASSIC R2_2_1 run4 -> veh=5 dist=4107.52 cpu=16.5083s valid=1
[605/1200] CLASSIC R2_2_1 run6 -> veh=5 dist=4158.64 cpu=16.4803s valid=1
[606/1200] CLASSIC R2_2_1 run7 -> veh=5 dist=4174.03 cpu=16.7734s valid=1
[607/1200] CLASSIC R2_2_1 run5 -> veh=5 dist=4148.64 cpu=17.0203s valid=1
[608/1200] CLASSIC R2_2_1 run8 -> veh=5 dist=4158.76 cpu=16.8857s valid=1
[609/1200] QLEARNING R2_2_1 run1 -> veh=5 dist=4091.33 cpu=15.3164s valid=1
[610/1200] CLASSIC R2_2_1 run9 -> veh=5 dist=4123.25 cpu=16.6976s valid=1
[611/1200] CLASSIC R2_2_1 run10 -> veh=5 dist=4119.15 cpu=16.7269s valid=1
[612/1200] QLEARNING R2_2_1 run2 -> veh=5 dist=4091.51 cpu=15.579s valid=1
[613/1200] QLEARNING R2_2_1 run3 -> veh=5 dist=4058.51 cpu=15.4339s valid=1
[614/1200] QLEARNING R2_2_1 run5 -> veh=5 dist=4080.07 cpu=15.2697s valid=1
[615/1200] QLEARNING R2_2_1 run4 -> veh=5 dist=4094.91 cpu=15.4153s valid=1
[616/1200] QLEARNING R2_2_1 run7 -> veh=5 dist=4078.52 cpu=15.384s valid=1
[617/1200] QLEARNING R2_2_1 run6 -> veh=5 dist=4113.82 cpu=15.5269s valid=1
[618/1200] QLEARNING R2_2_1 run9 -> veh=5 dist=4091.89 cpu=15.2411s valid=1
[619/1200] QLEARNING R2_2_1 run8 -> veh=5 dist=4078.09 cpu=15.3515s valid=1
[620/1200] QLEARNING R2_2_1 run10 -> veh=5 dist=4073.49 cpu=15.2834s valid=1
[621/1200] CLASSIC R2_2_2 run1 -> veh=4 dist=3791.41 cpu=29.3687s valid=1
[622/1200] CLASSIC R2_2_2 run2 -> veh=4 dist=3754.36 cpu=29.7064s valid=1
[623/1200] CLASSIC R2_2_2 run3 -> veh=4 dist=3806.07 cpu=28.5176s valid=1
[624/1200] CLASSIC R2_2_2 run6 -> veh=4 dist=3823.38 cpu=28.2073s valid=1
[625/1200] CLASSIC R2_2_2 run4 -> veh=4 dist=3744.2 cpu=29.1716s valid=1
[626/1200] CLASSIC R2_2_2 run7 -> veh=4 dist=3806.14 cpu=29.2595s valid=1
[627/1200] CLASSIC R2_2_2 run5 -> veh=4 dist=3763.68 cpu=29.7448s valid=1
[628/1200] CLASSIC R2_2_2 run8 -> veh=4 dist=3800.83 cpu=29.718s valid=1
[629/1200] QLEARNING R2_2_2 run1 -> veh=4 dist=3795.89 cpu=28.42s valid=1
[630/1200] CLASSIC R2_2_2 run10 -> veh=4 dist=3795.61 cpu=28.9282s valid=1
[631/1200] CLASSIC R2_2_2 run9 -> veh=4 dist=3743.41 cpu=29.2764s valid=1
[632/1200] QLEARNING R2_2_2 run2 -> veh=4 dist=3711.4 cpu=29.4662s valid=1
[633/1200] QLEARNING R2_2_2 run9 -> veh=4 dist=3737.23 cpu=27.2105s valid=1
[634/1200] QLEARNING R2_2_2 run4 -> veh=4 dist=3724.78 cpu=28.8843s valid=1
[635/1200] QLEARNING R2_2_2 run6 -> veh=4 dist=3742.88 cpu=28.8811s valid=1
[636/1200] QLEARNING R2_2_2 run3 -> veh=4 dist=3737.14 cpu=30.0509s valid=1
[637/1200] QLEARNING R2_2_2 run5 -> veh=4 dist=3724.95 cpu=29.8084s valid=1
[638/1200] QLEARNING R2_2_2 run7 -> veh=4 dist=3731.68 cpu=29.8666s valid=1
[639/1200] QLEARNING R2_2_2 run8 -> veh=4 dist=3744.53 cpu=29.715s valid=1
[640/1200] QLEARNING R2_2_2 run10 -> veh=4 dist=3719.02 cpu=29.874s valid=1
[641/1200] CLASSIC R2_2_3 run1 -> veh=4 dist=3002.19 cpu=39.641s valid=1
[642/1200] CLASSIC R2_2_3 run2 -> veh=4 dist=2984.13 cpu=39.9296s valid=1
[643/1200] CLASSIC R2_2_3 run3 -> veh=4 dist=3000.87 cpu=39.6309s valid=1
[644/1200] CLASSIC R2_2_3 run4 -> veh=4 dist=3030.82 cpu=39.5082s valid=1
[645/1200] CLASSIC R2_2_3 run7 -> veh=4 dist=3012.03 cpu=39.3343s valid=1
[646/1200] CLASSIC R2_2_3 run6 -> veh=4 dist=2973.19 cpu=39.5378s valid=1
[647/1200] QLEARNING R2_2_3 run2 -> veh=4 dist=2964.8 cpu=38.8115s valid=1
[648/1200] CLASSIC R2_2_3 run5 -> veh=4 dist=2991.84 cpu=39.897s valid=1
[649/1200] CLASSIC R2_2_3 run9 -> veh=4 dist=2957.57 cpu=39.4622s valid=1
[650/1200] CLASSIC R2_2_3 run8 -> veh=4 dist=2985.13 cpu=39.8851s valid=1
[651/1200] CLASSIC R2_2_3 run10 -> veh=4 dist=2962.03 cpu=39.691s valid=1
[652/1200] QLEARNING R2_2_3 run1 -> veh=4 dist=2955.47 cpu=39.6616s valid=1
[653/1200] QLEARNING R2_2_3 run3 -> veh=4 dist=2994.38 cpu=38.0271s valid=1
[654/1200] QLEARNING R2_2_3 run4 -> veh=4 dist=2965.56 cpu=38.526s valid=1
[655/1200] QLEARNING R2_2_3 run5 -> veh=4 dist=2952.27 cpu=38.0634s valid=1
[656/1200] QLEARNING R2_2_3 run8 -> veh=4 dist=3000.38 cpu=37.8595s valid=1
[657/1200] QLEARNING R2_2_3 run7 -> veh=4 dist=2977.65 cpu=38.1526s valid=1
[658/1200] QLEARNING R2_2_3 run6 -> veh=4 dist=2996.47 cpu=39.4059s valid=1
[659/1200] QLEARNING R2_2_3 run9 -> veh=4 dist=2982.84 cpu=38.3824s valid=1
[660/1200] QLEARNING R2_2_3 run10 -> veh=4 dist=2935.98 cpu=38.7838s valid=1
[661/1200] CLASSIC R2_2_5 run1 -> veh=4 dist=3433.31 cpu=21.4325s valid=1
[662/1200] CLASSIC R2_2_5 run4 -> veh=4 dist=3458.03 cpu=21.5564s valid=1
[663/1200] CLASSIC R2_2_5 run2 -> veh=4 dist=3513.42 cpu=21.6676s valid=1
[664/1200] CLASSIC R2_2_5 run3 -> veh=4 dist=3444.91 cpu=21.7816s valid=1
[665/1200] QLEARNING R2_2_4 run1 -> veh=4 dist=1995.08 cpu=44.1676s valid=1
[666/1200] CLASSIC R2_2_4 run2 -> veh=4 dist=2003.02 cpu=52.0706s valid=1
[667/1200] CLASSIC R2_2_4 run1 -> veh=4 dist=2009.33 cpu=52.6133s valid=1
[668/1200] QLEARNING R2_2_4 run2 -> veh=4 dist=2015.7 cpu=45.4153s valid=1
[669/1200] CLASSIC R2_2_4 run4 -> veh=4 dist=2028.25 cpu=52.7401s valid=1
[670/1200] CLASSIC R2_2_4 run3 -> veh=4 dist=1996.75 cpu=53.3425s valid=1
[671/1200] CLASSIC R2_2_5 run5 -> veh=4 dist=3484.94 cpu=21.4104s valid=1
[672/1200] CLASSIC R2_2_5 run6 -> veh=4 dist=3464.07 cpu=21.2812s valid=1
[673/1200] CLASSIC R2_2_5 run7 -> veh=4 dist=3479.32 cpu=21.0135s valid=1
[674/1200] CLASSIC R2_2_4 run5 -> veh=4 dist=1990.71 cpu=52.1025s valid=1
[675/1200] QLEARNING R2_2_5 run1 -> veh=4 dist=3416.57 cpu=20.4981s valid=1
[676/1200] CLASSIC R2_2_5 run8 -> veh=4 dist=3475.97 cpu=21.3691s valid=1
[677/1200] CLASSIC R2_2_5 run9 -> veh=4 dist=3421.98 cpu=21.4681s valid=1
[678/1200] QLEARNING R2_2_5 run2 -> veh=4 dist=3404.97 cpu=20.0874s valid=1
[679/1200] CLASSIC R2_2_4 run6 -> veh=4 dist=2037.62 cpu=52.6367s valid=1
[680/1200] CLASSIC R2_2_4 run7 -> veh=4 dist=2060.78 cpu=52.2029s valid=1
[681/1200] CLASSIC R2_2_5 run10 -> veh=4 dist=3527.21 cpu=21.3853s valid=1
[682/1200] CLASSIC R2_2_4 run8 -> veh=4 dist=1999.66 cpu=52.0143s valid=1
[683/1200] CLASSIC R2_2_4 run9 -> veh=4 dist=2099.26 cpu=53.113s valid=1
[684/1200] CLASSIC R2_2_4 run10 -> veh=4 dist=1999.27 cpu=52.7582s valid=1
[685/1200] QLEARNING R2_2_5 run3 -> veh=4 dist=3394.21 cpu=20.5355s valid=1
[686/1200] QLEARNING R2_2_5 run4 -> veh=4 dist=3377.49 cpu=20.0263s valid=1
[687/1200] QLEARNING R2_2_5 run6 -> veh=4 dist=3416.65 cpu=20.1575s valid=1
[688/1200] QLEARNING R2_2_4 run6 -> veh=4 dist=1987.79 cpu=44.1464s valid=1
[689/1200] QLEARNING R2_2_5 run5 -> veh=4 dist=3414.65 cpu=20.3085s valid=1
[690/1200] QLEARNING R2_2_4 run3 -> veh=4 dist=1987.22 cpu=45.2584s valid=1
[691/1200] QLEARNING R2_2_4 run4 -> veh=4 dist=2009.97 cpu=45.3064s valid=1
[692/1200] QLEARNING R2_2_4 run7 -> veh=4 dist=2001.88 cpu=43.8788s valid=1
[693/1200] QLEARNING R2_2_4 run5 -> veh=4 dist=1987.22 cpu=45.9852s valid=1
[694/1200] QLEARNING R2_2_4 run8 -> veh=4 dist=1989.7 cpu=45.8443s valid=1
[695/1200] QLEARNING R2_2_4 run9 -> veh=4 dist=2020.83 cpu=45.6774s valid=1
[696/1200] QLEARNING R2_2_4 run10 -> veh=4 dist=1987.61 cpu=46.449s valid=1
[697/1200] QLEARNING R2_2_5 run7 -> veh=4 dist=3436.26 cpu=20.0859s valid=1
[698/1200] QLEARNING R2_2_5 run8 -> veh=4 dist=3388.69 cpu=20.2662s valid=1
[699/1200] QLEARNING R2_2_5 run9 -> veh=4 dist=3370.55 cpu=20.0893s valid=1
[700/1200] QLEARNING R2_2_5 run10 -> veh=4 dist=3437.57 cpu=20.1631s valid=1
[701/1200] CLASSIC R2_2_6 run1 -> veh=4 dist=2934.77 cpu=33.8738s valid=1
[702/1200] CLASSIC R2_2_6 run2 -> veh=4 dist=2971.17 cpu=34.2237s valid=1
[703/1200] CLASSIC R2_2_6 run3 -> veh=4 dist=2984.51 cpu=33.9063s valid=1
[704/1200] CLASSIC R2_2_6 run4 -> veh=4 dist=2972.5 cpu=33.8995s valid=1
[705/1200] CLASSIC R2_2_6 run5 -> veh=4 dist=3035.71 cpu=33.8301s valid=1
[706/1200] QLEARNING R2_2_6 run2 -> veh=4 dist=2963.27 cpu=32.5892s valid=1
[707/1200] QLEARNING R2_2_6 run3 -> veh=4 dist=2960.14 cpu=32.5048s valid=1
[708/1200] CLASSIC R2_2_6 run6 -> veh=4 dist=2994.7 cpu=33.8473s valid=1
[709/1200] QLEARNING R2_2_6 run1 -> veh=4 dist=2939.25 cpu=32.9857s valid=1
[710/1200] QLEARNING R2_2_6 run4 -> veh=4 dist=2956.77 cpu=32.7066s valid=1
[711/1200] CLASSIC R2_2_6 run8 -> veh=4 dist=2989.32 cpu=33.864s valid=1
[712/1200] CLASSIC R2_2_6 run7 -> veh=4 dist=2979.52 cpu=34.108s valid=1
[713/1200] CLASSIC R2_2_6 run9 -> veh=4 dist=3077.33 cpu=33.9192s valid=1
[714/1200] CLASSIC R2_2_6 run10 -> veh=4 dist=3036.95 cpu=33.9536s valid=1
[715/1200] QLEARNING R2_2_6 run5 -> veh=4 dist=2926.04 cpu=32.4821s valid=1
[716/1200] QLEARNING R2_2_6 run6 -> veh=4 dist=2958.29 cpu=32.7839s valid=1
[717/1200] QLEARNING R2_2_6 run7 -> veh=4 dist=2970.18 cpu=32.4618s valid=1
[718/1200] QLEARNING R2_2_6 run9 -> veh=4 dist=2943.29 cpu=32.5584s valid=1
[719/1200] QLEARNING R2_2_6 run8 -> veh=4 dist=2954 cpu=32.9398s valid=1
[720/1200] QLEARNING R2_2_6 run10 -> veh=4 dist=2948.41 cpu=32.9551s valid=1
[721/1200] CLASSIC R2_2_7 run1 -> veh=4 dist=2499.25 cpu=43.8914s valid=1
[722/1200] CLASSIC R2_2_7 run2 -> veh=4 dist=2497.46 cpu=44.0421s valid=1
[723/1200] CLASSIC R2_2_7 run3 -> veh=4 dist=2521.5 cpu=44.1961s valid=1
[724/1200] CLASSIC R2_2_7 run4 -> veh=4 dist=2557.99 cpu=44.2006s valid=1
[725/1200] CLASSIC R2_2_7 run5 -> veh=4 dist=2548.06 cpu=44.4974s valid=1
[726/1200] CLASSIC R2_2_7 run7 -> veh=4 dist=2524.42 cpu=43.9007s valid=1
[727/1200] CLASSIC R2_2_7 run6 -> veh=4 dist=2525.29 cpu=44.0625s valid=1
[728/1200] CLASSIC R2_2_7 run8 -> veh=4 dist=2480.69 cpu=44.4394s valid=1
[729/1200] QLEARNING R2_2_7 run1 -> veh=4 dist=2479.18 cpu=40.7484s valid=1
[730/1200] QLEARNING R2_2_7 run2 -> veh=4 dist=2487.46 cpu=40.3595s valid=1
[731/1200] CLASSIC R2_2_7 run9 -> veh=4 dist=2502.31 cpu=44.5296s valid=1
[732/1200] CLASSIC R2_2_7 run10 -> veh=4 dist=2515.16 cpu=44.2687s valid=1
[733/1200] QLEARNING R2_2_7 run3 -> veh=4 dist=2477.49 cpu=40.1274s valid=1
[734/1200] QLEARNING R2_2_7 run4 -> veh=4 dist=2470.53 cpu=40.162s valid=1
[735/1200] QLEARNING R2_2_7 run5 -> veh=4 dist=2475.89 cpu=39.5991s valid=1
[736/1200] QLEARNING R2_2_7 run6 -> veh=4 dist=2478 cpu=39.6849s valid=1
[737/1200] QLEARNING R2_2_7 run7 -> veh=4 dist=2470.16 cpu=40.4464s valid=1
[738/1200] QLEARNING R2_2_7 run10 -> veh=4 dist=2482.94 cpu=40.2653s valid=1
[739/1200] QLEARNING R2_2_7 run8 -> veh=4 dist=2483.44 cpu=40.9112s valid=1
[740/1200] QLEARNING R2_2_7 run9 -> veh=4 dist=2481.33 cpu=41.5741s valid=1
[741/1200] CLASSIC R2_2_9 run1 -> veh=4 dist=3163.26 cpu=26.3069s valid=1
[742/1200] CLASSIC R2_2_9 run2 -> veh=4 dist=3196.5 cpu=26.2286s valid=1
[743/1200] CLASSIC R2_2_9 run3 -> veh=4 dist=3147.06 cpu=26.5504s valid=1
[744/1200] QLEARNING R2_2_8 run2 -> veh=4 dist=1859.17 cpu=46.6083s valid=1
[745/1200] CLASSIC R2_2_9 run4 -> veh=4 dist=3193.23 cpu=26.9181s valid=1
[746/1200] QLEARNING R2_2_8 run1 -> veh=4 dist=1852.77 cpu=49.1015s valid=1
[747/1200] CLASSIC R2_2_8 run1 -> veh=4 dist=1880.05 cpu=55.709s valid=1
[748/1200] CLASSIC R2_2_8 run2 -> veh=4 dist=1903.53 cpu=55.918s valid=1
[749/1200] CLASSIC R2_2_8 run5 -> veh=4 dist=1888.37 cpu=56.4273s valid=1
[750/1200] CLASSIC R2_2_8 run4 -> veh=4 dist=1873.2 cpu=57.1277s valid=1
[751/1200] CLASSIC R2_2_8 run7 -> veh=4 dist=1859.67 cpu=56.9085s valid=1
[752/1200] CLASSIC R2_2_8 run8 -> veh=4 dist=1887.19 cpu=56.7816s valid=1
[753/1200] CLASSIC R2_2_8 run3 -> veh=4 dist=1859.17 cpu=58.104s valid=1
[754/1200] CLASSIC R2_2_8 run6 -> veh=4 dist=1853.31 cpu=58.1648s valid=1
[755/1200] CLASSIC R2_2_8 run10 -> veh=4 dist=1853.26 cpu=56.9632s valid=1
[756/1200] CLASSIC R2_2_8 run9 -> veh=4 dist=1858.42 cpu=57.7619s valid=1
[757/1200] CLASSIC R2_2_9 run5 -> veh=4 dist=3175.36 cpu=26.7168s valid=1
[758/1200] CLASSIC R2_2_9 run6 -> veh=4 dist=3180.32 cpu=26.4041s valid=1
[759/1200] CLASSIC R2_2_9 run7 -> veh=4 dist=3154.24 cpu=25.8012s valid=1
[760/1200] QLEARNING R2_2_8 run3 -> veh=4 dist=1850.85 cpu=48.2368s valid=1
[761/1200] QLEARNING R2_2_9 run1 -> veh=4 dist=3149.57 cpu=23.9221s valid=1
[762/1200] CLASSIC R2_2_9 run8 -> veh=4 dist=3192.73 cpu=26.1991s valid=1
[763/1200] QLEARNING R2_2_8 run5 -> veh=4 dist=1850.52 cpu=47.8785s valid=1
[764/1200] QLEARNING R2_2_8 run4 -> veh=4 dist=1861.35 cpu=48.8124s valid=1
[765/1200] QLEARNING R2_2_9 run2 -> veh=4 dist=3169.15 cpu=24.1265s valid=1
[766/1200] CLASSIC R2_2_9 run9 -> veh=4 dist=3223.21 cpu=26.8394s valid=1
[767/1200] CLASSIC R2_2_9 run10 -> veh=4 dist=3199.15 cpu=26.5327s valid=1
[768/1200] QLEARNING R2_2_8 run7 -> veh=4 dist=1857.16 cpu=48.5474s valid=1
[769/1200] QLEARNING R2_2_8 run8 -> veh=4 dist=1855.87 cpu=47.7136s valid=1
[770/1200] QLEARNING R2_2_8 run6 -> veh=4 dist=1855.08 cpu=50.4204s valid=1
[771/1200] QLEARNING R2_2_8 run9 -> veh=4 dist=1855.96 cpu=49.2308s valid=1
[772/1200] QLEARNING R2_2_8 run10 -> veh=4 dist=1882.19 cpu=49.7491s valid=1
[773/1200] QLEARNING R2_2_9 run3 -> veh=4 dist=3166.04 cpu=23.9087s valid=1
[774/1200] QLEARNING R2_2_9 run4 -> veh=4 dist=3164.4 cpu=24.4125s valid=1
[775/1200] CLASSIC RC1_2_1 run1 -> veh=19 dist=3643.37 cpu=7.61152s valid=1
[776/1200] CLASSIC RC1_2_1 run2 -> veh=19 dist=3692.99 cpu=7.59409s valid=1
[777/1200] QLEARNING R2_2_9 run5 -> veh=4 dist=3169.42 cpu=24.4952s valid=1
[778/1200] CLASSIC RC1_2_1 run3 -> veh=19 dist=3719.86 cpu=7.5485s valid=1
[779/1200] QLEARNING R2_2_9 run6 -> veh=4 dist=3106.64 cpu=24.3516s valid=1
[780/1200] QLEARNING R2_2_9 run7 -> veh=4 dist=3174.13 cpu=24.0601s valid=1
[781/1200] CLASSIC RC1_2_1 run4 -> veh=19 dist=3709.42 cpu=7.55909s valid=1
[782/1200] QLEARNING R2_2_9 run8 -> veh=4 dist=3163.52 cpu=24.1227s valid=1
[783/1200] CLASSIC RC1_2_1 run5 -> veh=19 dist=3694.51 cpu=7.53435s valid=1
[784/1200] QLEARNING R2_2_9 run9 -> veh=4 dist=3150.46 cpu=24.1712s valid=1
[785/1200] QLEARNING R2_2_9 run10 -> veh=4 dist=3162.4 cpu=24.1798s valid=1
[786/1200] CLASSIC RC1_2_1 run6 -> veh=19 dist=3715.43 cpu=7.59687s valid=1
[787/1200] CLASSIC RC1_2_1 run7 -> veh=19 dist=3730.42 cpu=7.55429s valid=1
[788/1200] CLASSIC RC1_2_1 run8 -> veh=19 dist=3683.32 cpu=7.58127s valid=1
[789/1200] CLASSIC RC1_2_1 run10 -> veh=19 dist=3705.43 cpu=7.57069s valid=1
[790/1200] CLASSIC RC1_2_1 run9 -> veh=19 dist=3696.68 cpu=7.61113s valid=1
[791/1200] QLEARNING RC1_2_1 run2 -> veh=18 dist=3999.44 cpu=8.72712s valid=1
[792/1200] QLEARNING RC1_2_1 run1 -> veh=19 dist=3632.18 cpu=8.99408s valid=1
[793/1200] QLEARNING RC1_2_1 run3 -> veh=18 dist=3935.58 cpu=8.39172s valid=1
[794/1200] QLEARNING RC1_2_1 run4 -> veh=19 dist=3643.94 cpu=9.0331s valid=1
[795/1200] CLASSIC R2_2_10 run1 -> veh=4 dist=2767.43 cpu=30.7198s valid=1
[796/1200] QLEARNING RC1_2_1 run5 -> veh=19 dist=3682.02 cpu=9.04708s valid=1
[797/1200] CLASSIC R2_2_10 run2 -> veh=4 dist=2729.76 cpu=31.0387s valid=1
[798/1200] QLEARNING RC1_2_1 run6 -> veh=19 dist=3636.72 cpu=9.12835s valid=1
[799/1200] CLASSIC R2_2_10 run3 -> veh=4 dist=2761.13 cpu=31.1262s valid=1
[800/1200] QLEARNING RC1_2_1 run7 -> veh=19 dist=3577.65 cpu=8.9977s valid=1
[801/1200] CLASSIC R2_2_10 run4 -> veh=4 dist=2732.2 cpu=30.8188s valid=1
[802/1200] CLASSIC R2_2_10 run5 -> veh=4 dist=2724.4 cpu=30.7964s valid=1
[803/1200] QLEARNING RC1_2_1 run8 -> veh=19 dist=3662.24 cpu=9.01044s valid=1
[804/1200] CLASSIC R2_2_10 run6 -> veh=4 dist=2723.62 cpu=30.7901s valid=1
[805/1200] CLASSIC RC1_2_2 run2 -> veh=18 dist=3697.79 cpu=7.09798s valid=1
[806/1200] CLASSIC RC1_2_2 run1 -> veh=18 dist=3929.79 cpu=7.37068s valid=1
[807/1200] QLEARNING R2_2_10 run1 -> veh=4 dist=2682.64 cpu=27.6166s valid=1
[808/1200] QLEARNING RC1_2_1 run9 -> veh=19 dist=3641.89 cpu=9.05911s valid=1
[809/1200] QLEARNING RC1_2_1 run10 -> veh=19 dist=3638.73 cpu=9.11846s valid=1
[810/1200] QLEARNING R2_2_10 run3 -> veh=4 dist=2699.44 cpu=27.8731s valid=1
[811/1200] QLEARNING R2_2_10 run4 -> veh=4 dist=2678.86 cpu=27.6916s valid=1
[812/1200] CLASSIC R2_2_10 run7 -> veh=4 dist=2725.54 cpu=31.0579s valid=1
[813/1200] CLASSIC RC1_2_2 run3 -> veh=18 dist=3683.44 cpu=7.91761s valid=1
[814/1200] CLASSIC RC1_2_2 run4 -> veh=18 dist=3684.33 cpu=7.87357s valid=1
[815/1200] QLEARNING R2_2_10 run2 -> veh=4 dist=2706.97 cpu=28.5825s valid=1
[816/1200] CLASSIC R2_2_10 run8 -> veh=4 dist=2666.92 cpu=31.3513s valid=1
[817/1200] QLEARNING R2_2_10 run6 -> veh=4 dist=2672.72 cpu=28.1387s valid=1
[818/1200] QLEARNING R2_2_10 run5 -> veh=4 dist=2694.23 cpu=28.6808s valid=1
[819/1200] QLEARNING R2_2_10 run7 -> veh=4 dist=2707.53 cpu=28.6793s valid=1
[820/1200] CLASSIC R2_2_10 run10 -> veh=4 dist=2717.75 cpu=31.1168s valid=1
[821/1200] CLASSIC R2_2_10 run9 -> veh=4 dist=2735.65 cpu=31.4644s valid=1
[822/1200] CLASSIC RC1_2_2 run6 -> veh=18 dist=3741.03 cpu=7.41045s valid=1
[823/1200] CLASSIC RC1_2_2 run5 -> veh=18 dist=3830.49 cpu=8.24176s valid=1
[824/1200] QLEARNING R2_2_10 run10 -> veh=4 dist=2728.35 cpu=28.0236s valid=1
[825/1200] QLEARNING R2_2_10 run8 -> veh=4 dist=2716.19 cpu=28.6216s valid=1
[826/1200] CLASSIC RC1_2_2 run7 -> veh=18 dist=3529.16 cpu=7.27374s valid=1
[827/1200] QLEARNING R2_2_10 run9 -> veh=4 dist=2703.34 cpu=28.6937s valid=1
[828/1200] CLASSIC RC1_2_2 run9 -> veh=18 dist=3740.9 cpu=6.97162s valid=1
[829/1200] CLASSIC RC1_2_2 run8 -> veh=18 dist=3697.03 cpu=7.72087s valid=1
[830/1200] CLASSIC RC1_2_2 run10 -> veh=18 dist=3558.62 cpu=7.95895s valid=1
[831/1200] QLEARNING RC1_2_2 run3 -> veh=18 dist=3690.09 cpu=8.15328s valid=1
[832/1200] QLEARNING RC1_2_2 run2 -> veh=18 dist=3564.02 cpu=8.23267s valid=1
[833/1200] QLEARNING RC1_2_2 run1 -> veh=18 dist=3705.93 cpu=9.04069s valid=1
[834/1200] QLEARNING RC1_2_2 run5 -> veh=18 dist=3667.95 cpu=8.46787s valid=1
[835/1200] QLEARNING RC1_2_2 run4 -> veh=18 dist=3551.05 cpu=8.89351s valid=1
[836/1200] QLEARNING RC1_2_2 run6 -> veh=18 dist=3744.66 cpu=8.54478s valid=1
[837/1200] QLEARNING RC1_2_2 run7 -> veh=18 dist=3647.11 cpu=8.4145s valid=1
[838/1200] QLEARNING RC1_2_2 run10 -> veh=18 dist=3611.27 cpu=8.77528s valid=1
[839/1200] QLEARNING RC1_2_2 run9 -> veh=18 dist=3485.12 cpu=8.84291s valid=1
[840/1200] QLEARNING RC1_2_2 run8 -> veh=18 dist=3668.36 cpu=10.0761s valid=1
[841/1200] CLASSIC RC1_2_3 run1 -> veh=18 dist=3717.85 cpu=9.20199s valid=1
[842/1200] CLASSIC RC1_2_3 run2 -> veh=18 dist=3627.65 cpu=9.31003s valid=1
[843/1200] CLASSIC RC1_2_3 run3 -> veh=18 dist=3559.01 cpu=9.58829s valid=1
[844/1200] CLASSIC RC1_2_3 run8 -> veh=18 dist=3526.54 cpu=8.9255s valid=1
[845/1200] CLASSIC RC1_2_3 run4 -> veh=18 dist=3468.24 cpu=9.46243s valid=1
[846/1200] CLASSIC RC1_2_3 run7 -> veh=18 dist=3604.41 cpu=9.19531s valid=1
[847/1200] CLASSIC RC1_2_3 run5 -> veh=18 dist=3632.21 cpu=9.54974s valid=1
[848/1200] CLASSIC RC1_2_3 run6 -> veh=18 dist=3648.64 cpu=9.68657s valid=1
[849/1200] CLASSIC RC1_2_3 run9 -> veh=18 dist=3633.89 cpu=9.26646s valid=1
[850/1200] CLASSIC RC1_2_3 run10 -> veh=18 dist=3693.17 cpu=9.29046s valid=1
[851/1200] QLEARNING RC1_2_3 run1 -> veh=18 dist=3303.99 cpu=9.34044s valid=1
[852/1200] QLEARNING RC1_2_3 run4 -> veh=18 dist=3295.11 cpu=9.46689s valid=1
[853/1200] QLEARNING RC1_2_3 run8 -> veh=18 dist=3258.2 cpu=8.87599s valid=1
[854/1200] QLEARNING RC1_2_3 run2 -> veh=18 dist=3304.67 cpu=9.96807s valid=1
[855/1200] QLEARNING RC1_2_3 run5 -> veh=18 dist=3386.68 cpu=9.77581s valid=1
[856/1200] QLEARNING RC1_2_3 run6 -> veh=18 dist=3196.75 cpu=9.70869s valid=1
[857/1200] QLEARNING RC1_2_3 run3 -> veh=18 dist=3323.76 cpu=10.3826s valid=1
[858/1200] QLEARNING RC1_2_3 run10 -> veh=18 dist=3258.36 cpu=9.11198s valid=1
[859/1200] QLEARNING RC1_2_3 run9 -> veh=18 dist=3325.33 cpu=9.91598s valid=1
[860/1200] QLEARNING RC1_2_3 run7 -> veh=18 dist=3288 cpu=10.5098s valid=1
[861/1200] CLASSIC RC1_2_4 run1 -> veh=18 dist=3490.66 cpu=12.0547s valid=1
[862/1200] CLASSIC RC1_2_4 run2 -> veh=18 dist=3370.87 cpu=11.8536s valid=1
[863/1200] CLASSIC RC1_2_4 run4 -> veh=18 dist=3400.22 cpu=11.6595s valid=1
[864/1200] CLASSIC RC1_2_4 run3 -> veh=18 dist=3342.67 cpu=12.3964s valid=1
[865/1200] CLASSIC RC1_2_4 run5 -> veh=18 dist=3368.45 cpu=11.722s valid=1
[866/1200] CLASSIC RC1_2_4 run6 -> veh=18 dist=3349.83 cpu=11.722s valid=1
[867/1200] CLASSIC RC1_2_4 run7 -> veh=18 dist=3540.48 cpu=11.5794s valid=1
[868/1200] CLASSIC RC1_2_4 run8 -> veh=18 dist=3315.64 cpu=12.0202s valid=1
[869/1200] QLEARNING RC1_2_4 run1 -> veh=18 dist=3144.21 cpu=10.5102s valid=1
[870/1200] CLASSIC RC1_2_4 run9 -> veh=18 dist=3463.25 cpu=12.0547s valid=1
[871/1200] CLASSIC RC1_2_4 run10 -> veh=18 dist=3298.74 cpu=11.5169s valid=1
[872/1200] CLASSIC RC1_2_5 run1 -> veh=19 dist=3591.02 cpu=9.14607s valid=1
[873/1200] CLASSIC RC1_2_5 run7 -> veh=18 dist=4087.67 cpu=7.6019s valid=1
[874/1200] CLASSIC RC1_2_5 run9 -> veh=18 dist=3909.87 cpu=7.14901s valid=1
[875/1200] CLASSIC RC1_2_5 run2 -> veh=19 dist=3571.23 cpu=9.16078s valid=1
[876/1200] QLEARNING RC1_2_4 run2 -> veh=18 dist=3068.64 cpu=10.9588s valid=1
[877/1200] QLEARNING RC1_2_4 run6 -> veh=18 dist=3124.23 cpu=10.3118s valid=1
[878/1200] QLEARNING RC1_2_4 run3 -> veh=18 dist=3153.81 cpu=11.1297s valid=1
[879/1200] CLASSIC RC1_2_5 run3 -> veh=19 dist=3641.66 cpu=9.08408s valid=1
[880/1200] QLEARNING RC1_2_4 run5 -> veh=18 dist=3141.24 cpu=10.4882s valid=1
[881/1200] CLASSIC RC1_2_5 run10 -> veh=18 dist=3962.01 cpu=7.51846s valid=1
[882/1200] QLEARNING RC1_2_4 run10 -> veh=18 dist=3138.17 cpu=10.3625s valid=1
[883/1200] CLASSIC RC1_2_5 run4 -> veh=18 dist=4400.7 cpu=9.16453s valid=1
[884/1200] QLEARNING RC1_2_4 run7 -> veh=18 dist=3133.12 cpu=10.8926s valid=1
[885/1200] QLEARNING RC1_2_5 run1 -> veh=18 dist=3727.73 cpu=7.86653s valid=1
[886/1200] QLEARNING RC1_2_4 run4 -> veh=18 dist=3081.78 cpu=11.4134s valid=1
[887/1200] CLASSIC RC1_2_5 run6 -> veh=19 dist=3550.62 cpu=9.05543s valid=1
[888/1200] CLASSIC RC1_2_5 run5 -> veh=19 dist=3579.32 cpu=9.12393s valid=1
[889/1200] QLEARNING RC1_2_4 run8 -> veh=18 dist=3071.01 cpu=11.2685s valid=1
[890/1200] CLASSIC RC1_2_5 run8 -> veh=19 dist=3549.27 cpu=9.19158s valid=1
[891/1200] QLEARNING RC1_2_4 run9 -> veh=18 dist=3093.72 cpu=11.336s valid=1
[892/1200] QLEARNING RC1_2_5 run2 -> veh=18 dist=3957.22 cpu=9.01578s valid=1
[893/1200] QLEARNING RC1_2_5 run3 -> veh=18 dist=3894 cpu=7.73199s valid=1
[894/1200] CLASSIC RC1_2_6 run6 -> veh=18 dist=3806.32 cpu=5.24883s valid=1
[895/1200] CLASSIC RC1_2_6 run1 -> veh=18 dist=3813.58 cpu=6.66489s valid=1
[896/1200] QLEARNING RC1_2_5 run6 -> veh=18 dist=3765.58 cpu=7.71329s valid=1
[897/1200] CLASSIC RC1_2_6 run4 -> veh=18 dist=3944.87 cpu=5.58927s valid=1
[898/1200] CLASSIC RC1_2_6 run5 -> veh=18 dist=3666.88 cpu=6.29977s valid=1
[899/1200] CLASSIC RC1_2_6 run2 -> veh=18 dist=3908.3 cpu=7.08067s valid=1
[900/1200] QLEARNING RC1_2_5 run9 -> veh=18 dist=3682.38 cpu=8.36183s valid=1
[901/1200] QLEARNING RC1_2_6 run3 -> veh=18 dist=3821.79 cpu=6.01157s valid=1
[902/1200] CLASSIC RC1_2_6 run9 -> veh=18 dist=3854.93 cpu=6.53318s valid=1
[903/1200] CLASSIC RC1_2_6 run8 -> veh=18 dist=3825.97 cpu=6.94382s valid=1
[904/1200] QLEARNING RC1_2_5 run7 -> veh=18 dist=3897.86 cpu=9.19799s valid=1
[905/1200] QLEARNING RC1_2_5 run5 -> veh=19 dist=3484.69 cpu=10.3206s valid=1
[906/1200] QLEARNING RC1_2_5 run4 -> veh=19 dist=3473.62 cpu=10.533s valid=1
[907/1200] CLASSIC RC1_2_6 run7 -> veh=18 dist=3835.38 cpu=7.39458s valid=1
[908/1200] CLASSIC RC1_2_6 run3 -> veh=18 dist=3846.5 cpu=7.89953s valid=1
[909/1200] QLEARNING RC1_2_6 run5 -> veh=18 dist=3763.62 cpu=7.4046s valid=1
[910/1200] QLEARNING RC1_2_5 run8 -> veh=19 dist=3509.58 cpu=10.4743s valid=1
[911/1200] QLEARNING RC1_2_6 run10 -> veh=18 dist=3684.68 cpu=7.38114s valid=1
[912/1200] CLASSIC RC1_2_6 run10 -> veh=18 dist=3979.35 cpu=8.37799s valid=1
[913/1200] QLEARNING RC1_2_5 run10 -> veh=19 dist=3504.99 cpu=10.4374s valid=1
[914/1200] QLEARNING RC1_2_6 run4 -> veh=18 dist=3716.24 cpu=7.97093s valid=1
[915/1200] CLASSIC RC1_2_7 run3 -> veh=18 dist=3884.29 cpu=7.16483s valid=1
[916/1200] QLEARNING RC1_2_6 run7 -> veh=18 dist=3662.88 cpu=8.28454s valid=1
[917/1200] QLEARNING RC1_2_6 run8 -> veh=18 dist=3667.7 cpu=8.31793s valid=1
[918/1200] QLEARNING RC1_2_6 run1 -> veh=18 dist=3714.71 cpu=8.9501s valid=1
[919/1200] CLASSIC RC1_2_7 run2 -> veh=18 dist=3732.31 cpu=7.84539s valid=1
[920/1200] CLASSIC RC1_2_7 run4 -> veh=18 dist=3772.36 cpu=7.02803s valid=1
[921/1200] QLEARNING RC1_2_6 run9 -> veh=18 dist=3662.19 cpu=8.47917s valid=1
[922/1200] QLEARNING RC1_2_6 run2 -> veh=18 dist=3803.43 cpu=9.17558s valid=1
[923/1200] CLASSIC RC1_2_7 run1 -> veh=18 dist=3698.09 cpu=8.5711s valid=1
[924/1200] QLEARNING RC1_2_6 run6 -> veh=18 dist=3762.18 cpu=9.16206s valid=1
[925/1200] CLASSIC RC1_2_7 run5 -> veh=18 dist=3867.29 cpu=6.55451s valid=1
[926/1200] CLASSIC RC1_2_7 run6 -> veh=18 dist=3853.03 cpu=5.98037s valid=1
[927/1200] CLASSIC RC1_2_7 run8 -> veh=18 dist=3854.78 cpu=6.39929s valid=1
[928/1200] CLASSIC RC1_2_7 run9 -> veh=18 dist=3944.6 cpu=7.04639s valid=1
[929/1200] QLEARNING RC1_2_7 run3 -> veh=18 dist=3696.75 cpu=7.71958s valid=1
[930/1200] QLEARNING RC1_2_7 run4 -> veh=18 dist=3736.46 cpu=7.43597s valid=1
[931/1200] QLEARNING RC1_2_7 run2 -> veh=18 dist=3652.41 cpu=8.30176s valid=1
[932/1200] CLASSIC RC1_2_8 run6 -> veh=18 dist=3705.64 cpu=5.78351s valid=1
[933/1200] QLEARNING RC1_2_7 run1 -> veh=18 dist=3621.27 cpu=8.66672s valid=1
[934/1200] CLASSIC RC1_2_7 run7 -> veh=18 dist=3930.9 cpu=9.71849s valid=1
[935/1200] QLEARNING RC1_2_7 run6 -> veh=18 dist=3584.66 cpu=8.05379s valid=1
[936/1200] CLASSIC RC1_2_8 run2 -> veh=18 dist=3519.68 cpu=6.72896s valid=1
[937/1200] CLASSIC RC1_2_7 run10 -> veh=18 dist=3514.8 cpu=9.0942s valid=1
[938/1200] CLASSIC RC1_2_8 run4 -> veh=18 dist=3588.29 cpu=6.56478s valid=1
[939/1200] QLEARNING RC1_2_7 run5 -> veh=18 dist=3720.09 cpu=8.87671s valid=1
[940/1200] CLASSIC RC1_2_8 run7 -> veh=18 dist=3715.65 cpu=6.88129s valid=1
[941/1200] CLASSIC RC1_2_8 run1 -> veh=18 dist=3555.66 cpu=7.48248s valid=1
[942/1200] CLASSIC RC1_2_8 run3 -> veh=18 dist=3593.61 cpu=7.43721s valid=1
[943/1200] QLEARNING RC1_2_7 run10 -> veh=18 dist=3637.4 cpu=8.74534s valid=1
[944/1200] QLEARNING RC1_2_7 run8 -> veh=18 dist=3595.06 cpu=8.96797s valid=1
[945/1200] CLASSIC RC1_2_8 run9 -> veh=18 dist=3609.35 cpu=7.04191s valid=1
[946/1200] QLEARNING RC1_2_7 run7 -> veh=18 dist=3483.63 cpu=9.21737s valid=1
[947/1200] CLASSIC RC1_2_8 run10 -> veh=18 dist=3651.62 cpu=7.10459s valid=1
[948/1200] CLASSIC RC1_2_8 run5 -> veh=18 dist=3695.76 cpu=7.72445s valid=1
[949/1200] CLASSIC RC1_2_8 run8 -> veh=18 dist=3577.47 cpu=7.37516s valid=1
[950/1200] QLEARNING RC1_2_7 run9 -> veh=18 dist=3573.36 cpu=10.0146s valid=1
[951/1200] QLEARNING RC1_2_8 run2 -> veh=18 dist=3382.88 cpu=7.81443s valid=1
[952/1200] QLEARNING RC1_2_8 run1 -> veh=18 dist=3416.87 cpu=8.57426s valid=1
[953/1200] QLEARNING RC1_2_8 run3 -> veh=18 dist=3463.99 cpu=8.81148s valid=1
[954/1200] QLEARNING RC1_2_8 run4 -> veh=18 dist=3352.99 cpu=8.90057s valid=1
[955/1200] QLEARNING RC1_2_8 run6 -> veh=18 dist=3279.63 cpu=8.64929s valid=1
[956/1200] QLEARNING RC1_2_8 run5 -> veh=18 dist=3512.74 cpu=8.80208s valid=1
[957/1200] QLEARNING RC1_2_8 run7 -> veh=18 dist=3458.88 cpu=8.27046s valid=1
[958/1200] CLASSIC RC1_2_9 run1 -> veh=18 dist=3728.8 cpu=5.85996s valid=1
[959/1200] QLEARNING RC1_2_8 run8 -> veh=18 dist=3415.14 cpu=9.20297s valid=1
[960/1200] QLEARNING RC1_2_8 run9 -> veh=18 dist=3480.18 cpu=8.77983s valid=1
[961/1200] CLASSIC RC1_2_9 run9 -> veh=18 dist=3815.77 cpu=5.89025s valid=1
[962/1200] CLASSIC RC1_2_9 run3 -> veh=18 dist=3554.2 cpu=6.47729s valid=1
[963/1200] CLASSIC RC1_2_9 run2 -> veh=18 dist=3515.35 cpu=6.85665s valid=1
[964/1200] QLEARNING RC1_2_8 run10 -> veh=18 dist=3374.23 cpu=8.76399s valid=1
[965/1200] CLASSIC RC1_2_9 run4 -> veh=18 dist=3483.78 cpu=6.94948s valid=1
[966/1200] CLASSIC RC1_2_9 run10 -> veh=18 dist=3584.26 cpu=6.39802s valid=1
[967/1200] CLASSIC RC1_2_9 run5 -> veh=18 dist=3518.33 cpu=6.88004s valid=1
[968/1200] CLASSIC RC1_2_9 run7 -> veh=18 dist=3651.73 cpu=6.87226s valid=1
[969/1200] CLASSIC RC1_2_9 run8 -> veh=18 dist=3485.67 cpu=6.93975s valid=1
[970/1200] CLASSIC RC1_2_9 run6 -> veh=18 dist=3460.54 cpu=7.5348s valid=1
[971/1200] QLEARNING RC1_2_9 run1 -> veh=18 dist=3665.31 cpu=6.94497s valid=1
[972/1200] CLASSIC RC1_2_10 run1 -> veh=18 dist=3464.59 cpu=6.37489s valid=1
[973/1200] QLEARNING RC1_2_9 run3 -> veh=18 dist=3431.67 cpu=7.4151s valid=1
[974/1200] QLEARNING RC1_2_9 run2 -> veh=18 dist=3424.72 cpu=7.49292s valid=1
[975/1200] QLEARNING RC1_2_9 run5 -> veh=18 dist=3312.06 cpu=7.37288s valid=1
[976/1200] CLASSIC RC1_2_10 run2 -> veh=18 dist=3562.87 cpu=6.65238s valid=1
[977/1200] QLEARNING RC1_2_9 run4 -> veh=18 dist=3400.4 cpu=8.14881s valid=1
[978/1200] CLASSIC RC1_2_10 run3 -> veh=18 dist=3631.38 cpu=7.14393s valid=1
[979/1200] QLEARNING RC1_2_9 run7 -> veh=18 dist=3386.62 cpu=8.149s valid=1
[980/1200] QLEARNING RC1_2_9 run6 -> veh=18 dist=3445.68 cpu=8.29558s valid=1
[981/1200] QLEARNING RC1_2_9 run10 -> veh=18 dist=3470.3 cpu=8.34623s valid=1
[982/1200] QLEARNING RC1_2_9 run9 -> veh=18 dist=3335.88 cpu=8.42283s valid=1
[983/1200] QLEARNING RC1_2_9 run8 -> veh=18 dist=3422.97 cpu=8.5246s valid=1
[984/1200] CLASSIC RC1_2_10 run6 -> veh=18 dist=3636.58 cpu=6.77753s valid=1
[985/1200] CLASSIC RC1_2_10 run4 -> veh=18 dist=3460.55 cpu=7.31289s valid=1
[986/1200] CLASSIC RC1_2_10 run5 -> veh=18 dist=3455.39 cpu=7.25876s valid=1
[987/1200] CLASSIC RC1_2_10 run9 -> veh=18 dist=3739.6 cpu=6.6064s valid=1
[988/1200] CLASSIC RC1_2_10 run7 -> veh=18 dist=3657.58 cpu=7.45569s valid=1
[989/1200] CLASSIC RC1_2_10 run8 -> veh=18 dist=3718.65 cpu=7.39071s valid=1
[990/1200] CLASSIC RC1_2_10 run10 -> veh=18 dist=3640.01 cpu=6.78931s valid=1
[991/1200] QLEARNING RC1_2_10 run1 -> veh=18 dist=3307.34 cpu=8.36994s valid=1
[992/1200] QLEARNING RC1_2_10 run2 -> veh=18 dist=3337.09 cpu=8.16348s valid=1
[993/1200] QLEARNING RC1_2_10 run3 -> veh=18 dist=3336.29 cpu=7.81969s valid=1
[994/1200] QLEARNING RC1_2_10 run6 -> veh=18 dist=3339.64 cpu=7.90365s valid=1
[995/1200] QLEARNING RC1_2_10 run4 -> veh=18 dist=3281.99 cpu=8.61238s valid=1
[996/1200] QLEARNING RC1_2_10 run8 -> veh=18 dist=3282.57 cpu=8.12099s valid=1
[997/1200] QLEARNING RC1_2_10 run5 -> veh=18 dist=3281.13 cpu=8.69204s valid=1
[998/1200] QLEARNING RC1_2_10 run9 -> veh=18 dist=3245.43 cpu=8.07472s valid=1
[999/1200] QLEARNING RC1_2_10 run10 -> veh=18 dist=3400.56 cpu=8.3412s valid=1
[1000/1200] QLEARNING RC1_2_10 run7 -> veh=18 dist=3360.5 cpu=8.68157s valid=1
[1001/1200] CLASSIC RC2_2_1 run1 -> veh=6 dist=3243.06 cpu=14.962s valid=1
[1002/1200] CLASSIC RC2_2_1 run2 -> veh=6 dist=3219.61 cpu=15.0599s valid=1
[1003/1200] CLASSIC RC2_2_1 run3 -> veh=6 dist=3273.83 cpu=15.0197s valid=1
[1004/1200] CLASSIC RC2_2_1 run4 -> veh=6 dist=3265.06 cpu=14.7624s valid=1
[1005/1200] CLASSIC RC2_2_1 run6 -> veh=6 dist=3274.66 cpu=14.8118s valid=1
[1006/1200] CLASSIC RC2_2_1 run5 -> veh=6 dist=3158.49 cpu=14.9956s valid=1
[1007/1200] CLASSIC RC2_2_1 run7 -> veh=6 dist=3216.98 cpu=14.8217s valid=1
[1008/1200] QLEARNING RC2_2_1 run2 -> veh=6 dist=3216.11 cpu=14.2077s valid=1
[1009/1200] CLASSIC RC2_2_1 run9 -> veh=6 dist=3263.48 cpu=14.6767s valid=1
[1010/1200] CLASSIC RC2_2_1 run8 -> veh=6 dist=3262.25 cpu=14.8183s valid=1
[1011/1200] QLEARNING RC2_2_1 run1 -> veh=6 dist=3236.39 cpu=14.4431s valid=1
[1012/1200] QLEARNING RC2_2_1 run4 -> veh=6 dist=3166.74 cpu=14.3387s valid=1
[1013/1200] CLASSIC RC2_2_1 run10 -> veh=6 dist=3210.64 cpu=14.8402s valid=1
[1014/1200] QLEARNING RC2_2_1 run3 -> veh=6 dist=3170.63 cpu=14.5s valid=1
[1015/1200] QLEARNING RC2_2_1 run5 -> veh=6 dist=3237.69 cpu=14.4698s valid=1
[1016/1200] QLEARNING RC2_2_1 run7 -> veh=6 dist=3139.4 cpu=14.4106s valid=1
[1017/1200] QLEARNING RC2_2_1 run6 -> veh=6 dist=3219.68 cpu=14.5962s valid=1
[1018/1200] QLEARNING RC2_2_1 run8 -> veh=6 dist=3230.03 cpu=14.6142s valid=1
[1019/1200] QLEARNING RC2_2_1 run10 -> veh=6 dist=3249.61 cpu=14.2881s valid=1
[1020/1200] QLEARNING RC2_2_1 run9 -> veh=6 dist=3176.05 cpu=15.073s valid=1
[1021/1200] CLASSIC RC2_2_2 run1 -> veh=5 dist=2951.3 cpu=26.1559s valid=1
[1022/1200] CLASSIC RC2_2_2 run2 -> veh=5 dist=2989.17 cpu=26.3413s valid=1
[1023/1200] CLASSIC RC2_2_2 run3 -> veh=5 dist=2909.6 cpu=26.181s valid=1
[1024/1200] CLASSIC RC2_2_2 run5 -> veh=5 dist=2949.4 cpu=26.0529s valid=1
[1025/1200] CLASSIC RC2_2_2 run6 -> veh=5 dist=2948.37 cpu=26.0141s valid=1
[1026/1200] CLASSIC RC2_2_2 run4 -> veh=5 dist=2965.56 cpu=26.5568s valid=1
[1027/1200] CLASSIC RC2_2_2 run7 -> veh=5 dist=2932.58 cpu=26.0916s valid=1
[1028/1200] CLASSIC RC2_2_2 run10 -> veh=5 dist=2957.65 cpu=26.1361s valid=1
[1029/1200] CLASSIC RC2_2_2 run9 -> veh=5 dist=2924.56 cpu=26.2702s valid=1
[1030/1200] QLEARNING RC2_2_2 run1 -> veh=5 dist=2916.58 cpu=25.998s valid=1
[1031/1200] CLASSIC RC2_2_2 run8 -> veh=5 dist=2884.21 cpu=26.6213s valid=1
[1032/1200] QLEARNING RC2_2_2 run2 -> veh=5 dist=2887.43 cpu=26.3025s valid=1
[1033/1200] QLEARNING RC2_2_2 run3 -> veh=5 dist=3062.31 cpu=24.4539s valid=1
[1034/1200] QLEARNING RC2_2_2 run7 -> veh=5 dist=3013.33 cpu=25.2382s valid=1
[1035/1200] QLEARNING RC2_2_2 run4 -> veh=5 dist=2842.53 cpu=25.8602s valid=1
[1036/1200] QLEARNING RC2_2_2 run8 -> veh=5 dist=2920.63 cpu=25.7238s valid=1
[1037/1200] QLEARNING RC2_2_2 run5 -> veh=5 dist=2911.21 cpu=26.4257s valid=1
[1038/1200] QLEARNING RC2_2_2 run6 -> veh=5 dist=2941.72 cpu=26.5921s valid=1
[1039/1200] QLEARNING RC2_2_2 run9 -> veh=5 dist=2896.41 cpu=26.2195s valid=1
[1040/1200] QLEARNING RC2_2_2 run10 -> veh=5 dist=2962.56 cpu=26.2949s valid=1
[1041/1200] CLASSIC RC2_2_3 run1 -> veh=4 dist=2666.02 cpu=37.6144s valid=1
[1042/1200] CLASSIC RC2_2_3 run2 -> veh=4 dist=2679.34 cpu=37.9712s valid=1
[1043/1200] CLASSIC RC2_2_3 run5 -> veh=4 dist=2641.02 cpu=37.5739s valid=1
[1044/1200] CLASSIC RC2_2_3 run7 -> veh=4 dist=2681.19 cpu=37.5464s valid=1
[1045/1200] CLASSIC RC2_2_3 run4 -> veh=4 dist=2668.28 cpu=37.9379s valid=1
[1046/1200] QLEARNING RC2_2_3 run1 -> veh=4 dist=2671.28 cpu=36.8633s valid=1
[1047/1200] CLASSIC RC2_2_3 run9 -> veh=4 dist=2703.01 cpu=37.5145s valid=1
[1048/1200] CLASSIC RC2_2_3 run3 -> veh=4 dist=2695.82 cpu=38.534s valid=1
[1049/1200] CLASSIC RC2_2_3 run6 -> veh=4 dist=2678.68 cpu=38.1422s valid=1
[1050/1200] CLASSIC RC2_2_3 run8 -> veh=4 dist=2675.27 cpu=37.8377s valid=1
[1051/1200] CLASSIC RC2_2_3 run10 -> veh=4 dist=2680.56 cpu=37.9049s valid=1
[1052/1200] QLEARNING RC2_2_3 run2 -> veh=4 dist=2639.58 cpu=37.1206s valid=1
[1053/1200] QLEARNING RC2_2_3 run3 -> veh=5 dist=2439.2 cpu=33.2668s valid=1
[1054/1200] QLEARNING RC2_2_3 run5 -> veh=5 dist=2446.78 cpu=33.6013s valid=1
[1055/1200] QLEARNING RC2_2_3 run7 -> veh=5 dist=2463.8 cpu=33.8394s valid=1
[1056/1200] QLEARNING RC2_2_3 run9 -> veh=5 dist=2434.56 cpu=33.1714s valid=1
[1057/1200] QLEARNING RC2_2_3 run4 -> veh=4 dist=2666.13 cpu=37.134s valid=1
[1058/1200] QLEARNING RC2_2_3 run8 -> veh=4 dist=2662.21 cpu=35.1695s valid=1
[1059/1200] QLEARNING RC2_2_3 run10 -> veh=4 dist=2678.93 cpu=35.3767s valid=1
[1060/1200] QLEARNING RC2_2_3 run6 -> veh=4 dist=2699.22 cpu=37.0768s valid=1
[1061/1200] CLASSIC RC2_2_5 run1 -> veh=5 dist=2857.06 cpu=23.0226s valid=1
[1062/1200] CLASSIC RC2_2_5 run2 -> veh=5 dist=2813.39 cpu=23.093s valid=1
[1063/1200] CLASSIC RC2_2_5 run4 -> veh=5 dist=2834.7 cpu=22.818s valid=1
[1064/1200] CLASSIC RC2_2_5 run3 -> veh=5 dist=2838.27 cpu=22.9728s valid=1
[1065/1200] CLASSIC RC2_2_4 run1 -> veh=4 dist=2123.88 cpu=45.4927s valid=1
[1066/1200] CLASSIC RC2_2_4 run3 -> veh=4 dist=2099.5 cpu=45.6733s valid=1
[1067/1200] CLASSIC RC2_2_4 run4 -> veh=4 dist=2138.22 cpu=45.7746s valid=1
[1068/1200] CLASSIC RC2_2_4 run2 -> veh=4 dist=2169.95 cpu=46.2326s valid=1
[1069/1200] QLEARNING RC2_2_4 run1 -> veh=4 dist=2114.51 cpu=41.6997s valid=1
[1070/1200] QLEARNING RC2_2_4 run2 -> veh=4 dist=2133.77 cpu=41.5266s valid=1
[1071/1200] CLASSIC RC2_2_4 run5 -> veh=4 dist=2117.04 cpu=45.754s valid=1
[1072/1200] CLASSIC RC2_2_4 run6 -> veh=4 dist=2147.28 cpu=45.3283s valid=1
[1073/1200] CLASSIC RC2_2_5 run5 -> veh=5 dist=2828.47 cpu=23.0634s valid=1
[1074/1200] CLASSIC RC2_2_4 run7 -> veh=4 dist=2147.59 cpu=45.7994s valid=1
[1075/1200] CLASSIC RC2_2_4 run10 -> veh=4 dist=2109.73 cpu=45.0864s valid=1
[1076/1200] CLASSIC RC2_2_4 run8 -> veh=4 dist=2163.36 cpu=46.3566s valid=1
[1077/1200] CLASSIC RC2_2_4 run9 -> veh=4 dist=2176.7 cpu=46.2165s valid=1
[1078/1200] CLASSIC RC2_2_5 run6 -> veh=5 dist=2825.38 cpu=23.5363s valid=1
[1079/1200] CLASSIC RC2_2_5 run8 -> veh=5 dist=2762.86 cpu=23.0938s valid=1
[1080/1200] CLASSIC RC2_2_5 run7 -> veh=5 dist=2765.04 cpu=23.257s valid=1
[1081/1200] QLEARNING RC2_2_5 run1 -> veh=5 dist=2760.45 cpu=21.6947s valid=1
[1082/1200] CLASSIC RC2_2_5 run10 -> veh=5 dist=2764.51 cpu=23.0337s valid=1
[1083/1200] CLASSIC RC2_2_5 run9 -> veh=5 dist=2819.27 cpu=23.1096s valid=1
[1084/1200] QLEARNING RC2_2_5 run2 -> veh=5 dist=2764 cpu=21.5406s valid=1
[1085/1200] QLEARNING RC2_2_4 run3 -> veh=4 dist=2115.37 cpu=41.4962s valid=1
[1086/1200] QLEARNING RC2_2_4 run5 -> veh=4 dist=2114.22 cpu=41.6433s valid=1
[1087/1200] QLEARNING RC2_2_4 run7 -> veh=4 dist=2085.39 cpu=41.4331s valid=1
[1088/1200] QLEARNING RC2_2_4 run6 -> veh=4 dist=2094.38 cpu=41.7134s valid=1
[1089/1200] QLEARNING RC2_2_4 run4 -> veh=4 dist=2128.91 cpu=41.9602s valid=1
[1090/1200] QLEARNING RC2_2_4 run10 -> veh=4 dist=2092.99 cpu=41.5718s valid=1
[1091/1200] QLEARNING RC2_2_4 run9 -> veh=4 dist=2119.15 cpu=42.0187s valid=1
[1092/1200] QLEARNING RC2_2_4 run8 -> veh=4 dist=2107.69 cpu=42.2652s valid=1
[1093/1200] QLEARNING RC2_2_5 run3 -> veh=5 dist=2785.06 cpu=21.4564s valid=1
[1094/1200] QLEARNING RC2_2_5 run4 -> veh=5 dist=2752.46 cpu=21.6238s valid=1
[1095/1200] QLEARNING RC2_2_5 run6 -> veh=5 dist=2768.75 cpu=21.4872s valid=1
[1096/1200] QLEARNING RC2_2_5 run5 -> veh=5 dist=2752.48 cpu=21.5322s valid=1
[1097/1200] QLEARNING RC2_2_5 run7 -> veh=5 dist=2795.69 cpu=21.484s valid=1
[1098/1200] QLEARNING RC2_2_5 run10 -> veh=5 dist=2757.51 cpu=21.238s valid=1
[1099/1200] QLEARNING RC2_2_5 run8 -> veh=5 dist=2761.58 cpu=21.6972s valid=1
[1100/1200] QLEARNING RC2_2_5 run9 -> veh=5 dist=2772.6 cpu=21.6844s valid=1
[1101/1200] CLASSIC RC2_2_6 run2 -> veh=5 dist=2719.73 cpu=21.3308s valid=1
[1102/1200] CLASSIC RC2_2_6 run1 -> veh=5 dist=2671.42 cpu=21.5599s valid=1
[1103/1200] CLASSIC RC2_2_6 run3 -> veh=5 dist=2753.01 cpu=21.0151s valid=1
[1104/1200] CLASSIC RC2_2_6 run4 -> veh=5 dist=2733.41 cpu=21.4371s valid=1
[1105/1200] CLASSIC RC2_2_6 run5 -> veh=5 dist=2696.82 cpu=21.2806s valid=1
[1106/1200] CLASSIC RC2_2_6 run6 -> veh=5 dist=2760.48 cpu=21.0999s valid=1
[1107/1200] CLASSIC RC2_2_6 run7 -> veh=5 dist=2751.72 cpu=21.2325s valid=1
[1108/1200] QLEARNING RC2_2_6 run1 -> veh=5 dist=2697.83 cpu=19.5485s valid=1
[1109/1200] CLASSIC RC2_2_6 run9 -> veh=5 dist=2766.37 cpu=21.3951s valid=1
[1110/1200] CLASSIC RC2_2_6 run8 -> veh=5 dist=2659.89 cpu=21.5175s valid=1
[1111/1200] QLEARNING RC2_2_6 run2 -> veh=5 dist=2715.67 cpu=19.933s valid=1
[1112/1200] QLEARNING RC2_2_6 run3 -> veh=5 dist=2688.76 cpu=19.7713s valid=1
[1113/1200] QLEARNING RC2_2_6 run6 -> veh=5 dist=2649.39 cpu=19.5971s valid=1
[1114/1200] CLASSIC RC2_2_6 run10 -> veh=5 dist=2751.44 cpu=21.1978s valid=1
[1115/1200] QLEARNING RC2_2_6 run5 -> veh=5 dist=2668.99 cpu=19.7272s valid=1
[1116/1200] QLEARNING RC2_2_6 run4 -> veh=5 dist=2654.75 cpu=19.8475s valid=1
[1117/1200] QLEARNING RC2_2_6 run7 -> veh=5 dist=2677.88 cpu=19.7468s valid=1
[1118/1200] QLEARNING RC2_2_6 run8 -> veh=5 dist=2679.3 cpu=19.5988s valid=1
[1119/1200] QLEARNING RC2_2_6 run9 -> veh=5 dist=2647.08 cpu=19.7403s valid=1
[1120/1200] QLEARNING RC2_2_6 run10 -> veh=5 dist=2652.62 cpu=19.7285s valid=1
[1121/1200] CLASSIC RC2_2_7 run1 -> veh=4 dist=2660.23 cpu=27.3044s valid=1
[1122/1200] CLASSIC RC2_2_7 run3 -> veh=4 dist=2619.04 cpu=26.9778s valid=1
[1123/1200] CLASSIC RC2_2_7 run2 -> veh=4 dist=2599.81 cpu=27.3847s valid=1
[1124/1200] CLASSIC RC2_2_7 run4 -> veh=4 dist=2629.1 cpu=27.6629s valid=1
[1125/1200] CLASSIC RC2_2_7 run6 -> veh=4 dist=2628.83 cpu=26.8437s valid=1
[1126/1200] QLEARNING RC2_2_7 run1 -> veh=4 dist=2586.64 cpu=25.6084s valid=1
[1127/1200] CLASSIC RC2_2_7 run8 -> veh=4 dist=2616.47 cpu=26.7896s valid=1
[1128/1200] CLASSIC RC2_2_7 run5 -> veh=4 dist=2580.21 cpu=27.382s valid=1
[1129/1200] QLEARNING RC2_2_7 run2 -> veh=4 dist=2603.99 cpu=25.5474s valid=1
[1130/1200] CLASSIC RC2_2_7 run7 -> veh=4 dist=2610.75 cpu=27.0419s valid=1
[1131/1200] CLASSIC RC2_2_7 run9 -> veh=4 dist=2663.47 cpu=27.2523s valid=1
[1132/1200] CLASSIC RC2_2_7 run10 -> veh=4 dist=2634.21 cpu=27.0986s valid=1
[1133/1200] QLEARNING RC2_2_7 run3 -> veh=4 dist=2603.37 cpu=25.4207s valid=1
[1134/1200] QLEARNING RC2_2_7 run5 -> veh=4 dist=2554.05 cpu=25.4648s valid=1
[1135/1200] QLEARNING RC2_2_7 run4 -> veh=4 dist=2563.73 cpu=25.7512s valid=1
[1136/1200] QLEARNING RC2_2_7 run6 -> veh=4 dist=2699.25 cpu=24.8039s valid=1
[1137/1200] QLEARNING RC2_2_7 run7 -> veh=4 dist=2638.15 cpu=25.6312s valid=1
[1138/1200] QLEARNING RC2_2_7 run8 -> veh=4 dist=2600.17 cpu=25.5114s valid=1
[1139/1200] QLEARNING RC2_2_7 run9 -> veh=4 dist=2599.09 cpu=25.3934s valid=1
[1140/1200] QLEARNING RC2_2_7 run10 -> veh=4 dist=2643.09 cpu=26.1139s valid=1
[1141/1200] CLASSIC RC2_2_8 run2 -> veh=4 dist=2373.38 cpu=31.1956s valid=1
[1142/1200] CLASSIC RC2_2_8 run3 -> veh=4 dist=2398.36 cpu=31.1545s valid=1
[1143/1200] CLASSIC RC2_2_8 run1 -> veh=4 dist=2379.24 cpu=31.8314s valid=1
[1144/1200] CLASSIC RC2_2_8 run4 -> veh=4 dist=2376.89 cpu=30.8345s valid=1
[1145/1200] CLASSIC RC2_2_8 run7 -> veh=4 dist=2345.51 cpu=30.556s valid=1
[1146/1200] CLASSIC RC2_2_8 run5 -> veh=4 dist=2410.98 cpu=31.0242s valid=1
[1147/1200] CLASSIC RC2_2_8 run6 -> veh=4 dist=2394.39 cpu=31.2207s valid=1
[1148/1200] CLASSIC RC2_2_8 run8 -> veh=4 dist=2381.22 cpu=31.4095s valid=1
[1149/1200] QLEARNING RC2_2_8 run2 -> veh=4 dist=2366.85 cpu=28.9604s valid=1
[1150/1200] QLEARNING RC2_2_8 run1 -> veh=4 dist=2393.41 cpu=29.2036s valid=1
[1151/1200] CLASSIC RC2_2_8 run10 -> veh=4 dist=2375.14 cpu=30.8991s valid=1
[1152/1200] CLASSIC RC2_2_8 run9 -> veh=4 dist=2404.53 cpu=31.3894s valid=1
[1153/1200] QLEARNING RC2_2_8 run3 -> veh=4 dist=2374.07 cpu=28.7367s valid=1
[1154/1200] QLEARNING RC2_2_8 run5 -> veh=4 dist=2396.25 cpu=28.8249s valid=1
[1155/1200] QLEARNING RC2_2_8 run4 -> veh=4 dist=2372.63 cpu=28.9764s valid=1
[1156/1200] QLEARNING RC2_2_8 run6 -> veh=4 dist=2392.84 cpu=28.9609s valid=1
[1157/1200] QLEARNING RC2_2_8 run10 -> veh=4 dist=2394.56 cpu=28.9213s valid=1
[1158/1200] QLEARNING RC2_2_8 run9 -> veh=4 dist=2336.82 cpu=28.8719s valid=1
[1159/1200] QLEARNING RC2_2_8 run8 -> veh=4 dist=2377.6 cpu=29.0455s valid=1
[1160/1200] QLEARNING RC2_2_8 run7 -> veh=4 dist=2362.75 cpu=29.5823s valid=1
[1161/1200] CLASSIC RC2_2_9 run2 -> veh=4 dist=2286.61 cpu=30.5916s valid=1
[1162/1200] CLASSIC RC2_2_9 run1 -> veh=4 dist=2217.79 cpu=31.3986s valid=1
[1163/1200] CLASSIC RC2_2_9 run4 -> veh=4 dist=2345.11 cpu=30.4624s valid=1
[1164/1200] CLASSIC RC2_2_9 run3 -> veh=4 dist=2344.55 cpu=31.113s valid=1
[1165/1200] CLASSIC RC2_2_9 run5 -> veh=4 dist=2297.42 cpu=30.6641s valid=1
[1166/1200] CLASSIC RC2_2_9 run6 -> veh=4 dist=2327.83 cpu=30.9238s valid=1
[1167/1200] CLASSIC RC2_2_9 run7 -> veh=4 dist=2333.78 cpu=30.9129s valid=1
[1168/1200] QLEARNING RC2_2_9 run1 -> veh=4 dist=2302.69 cpu=28.8824s valid=1
[1169/1200] CLASSIC RC2_2_9 run8 -> veh=4 dist=2368.91 cpu=30.4807s valid=1
[1170/1200] CLASSIC RC2_2_9 run9 -> veh=4 dist=2284.96 cpu=30.5055s valid=1
[1171/1200] CLASSIC RC2_2_9 run10 -> veh=4 dist=2307.01 cpu=30.8968s valid=1
[1172/1200] QLEARNING RC2_2_9 run2 -> veh=4 dist=2248.11 cpu=28.9049s valid=1
[1173/1200] QLEARNING RC2_2_9 run5 -> veh=4 dist=2252.48 cpu=26.8276s valid=1
[1174/1200] QLEARNING RC2_2_9 run4 -> veh=4 dist=2240.46 cpu=28.2896s valid=1
[1175/1200] QLEARNING RC2_2_9 run3 -> veh=4 dist=2282.49 cpu=29.1089s valid=1
[1176/1200] QLEARNING RC2_2_9 run10 -> veh=4 dist=2261.49 cpu=27.7231s valid=1
[1177/1200] QLEARNING RC2_2_9 run7 -> veh=4 dist=2293.9 cpu=28.7962s valid=1
[1178/1200] QLEARNING RC2_2_9 run6 -> veh=4 dist=2284.36 cpu=29.0068s valid=1
[1179/1200] QLEARNING RC2_2_9 run9 -> veh=4 dist=2322.87 cpu=28.6665s valid=1
[1180/1200] QLEARNING RC2_2_9 run8 -> veh=4 dist=2277.87 cpu=29.0335s valid=1
[1181/1200] CLASSIC RC2_2_10 run4 -> veh=4 dist=2128.89 cpu=27.326s valid=1
[1182/1200] CLASSIC RC2_2_10 run1 -> veh=4 dist=2093.95 cpu=30.6461s valid=1
[1183/1200] CLASSIC RC2_2_10 run3 -> veh=4 dist=2095.36 cpu=31.913s valid=1
[1184/1200] QLEARNING RC2_2_10 run6 -> veh=4 dist=2154.54 cpu=19.792s valid=1
[1185/1200] CLASSIC RC2_2_10 run5 -> veh=4 dist=2166.19 cpu=26.9516s valid=1
[1186/1200] CLASSIC RC2_2_10 run2 -> veh=4 dist=2231.4 cpu=34.3158s valid=1
[1187/1200] CLASSIC RC2_2_10 run7 -> veh=4 dist=2163.52 cpu=27.2992s valid=1
[1188/1200] CLASSIC RC2_2_10 run8 -> veh=4 dist=2113.71 cpu=26.629s valid=1
[1189/1200] CLASSIC RC2_2_10 run6 -> veh=4 dist=2138.28 cpu=27.7266s valid=1
[1190/1200] QLEARNING RC2_2_10 run10 -> veh=4 dist=2122.98 cpu=18.7752s valid=1
[1191/1200] CLASSIC RC2_2_10 run9 -> veh=4 dist=2151.29 cpu=25.52s valid=1
[1192/1200] QLEARNING RC2_2_10 run5 -> veh=4 dist=2023.99 cpu=23.1327s valid=1
[1193/1200] QLEARNING RC2_2_10 run1 -> veh=4 dist=2096.87 cpu=26.7161s valid=1
[1194/1200] QLEARNING RC2_2_10 run7 -> veh=4 dist=2122.04 cpu=21.4962s valid=1
[1195/1200] QLEARNING RC2_2_10 run9 -> veh=4 dist=2119.19 cpu=21.0113s valid=1
[1196/1200] CLASSIC RC2_2_10 run10 -> veh=4 dist=2119.2 cpu=27.6989s valid=1
[1197/1200] QLEARNING RC2_2_10 run2 -> veh=4 dist=2145.63 cpu=27.5541s valid=1
[1198/1200] QLEARNING RC2_2_10 run3 -> veh=4 dist=2101.86 cpu=26.3173s valid=1
[1199/1200] QLEARNING RC2_2_10 run8 -> veh=4 dist=2101.79 cpu=22.5331s valid=1
[1200/1200] QLEARNING RC2_2_10 run4 -> veh=4 dist=2056.59 cpu=26.2519s valid=1
=== Fin size=200. Nuevas: 1200 | errores: 0 | Wall-clock: 0h 12m 20.6s ===
Campaña para size=200 finalizada.
