============================================================
Job ID:           55488
Nodo asignado:    n003
Workers asignados: 32
============================================================
=== Campana PARALELA | size=400 | hilos: 32 | params: (por defecto) ===
=== Instancias: 60 | corridas objetivo: 1200 | ya hechas: 0 | pendientes: 1200 ===
=== Maestro: /home/jose.osnayo/PFC_VRPTW/Experiments/results/master_gh400.csv (SOBRESCRIBE, se guarda corrida a corrida) ===
[1/1200] CLASSIC C1_4_1 run5 -> veh=40 dist=7152.06 cpu=13.5088s valid=1
[2/1200] CLASSIC C1_4_1 run8 -> veh=40 dist=7152.06 cpu=13.5338s valid=1
[3/1200] CLASSIC C1_4_1 run10 -> veh=40 dist=7152.06 cpu=13.6235s valid=1
[4/1200] CLASSIC C1_4_1 run6 -> veh=40 dist=7152.06 cpu=13.6822s valid=1
[5/1200] CLASSIC C1_4_1 run9 -> veh=40 dist=7152.06 cpu=13.6956s valid=1
[6/1200] CLASSIC C1_4_1 run2 -> veh=40 dist=7152.06 cpu=13.7318s valid=1
[7/1200] CLASSIC C1_4_1 run1 -> veh=40 dist=7152.06 cpu=13.7263s valid=1
[8/1200] CLASSIC C1_4_1 run7 -> veh=40 dist=7152.06 cpu=13.9608s valid=1
[9/1200] CLASSIC C1_4_1 run3 -> veh=40 dist=7152.06 cpu=14.0773s valid=1
[10/1200] CLASSIC C1_4_2 run7 -> veh=36 dist=8029.65 cpu=14.156s valid=1
[11/1200] CLASSIC C1_4_1 run4 -> veh=40 dist=7152.06 cpu=14.6039s valid=1
[12/1200] QLEARNING C1_4_1 run9 -> veh=40 dist=7152.06 cpu=14.6332s valid=1
[13/1200] QLEARNING C1_4_1 run2 -> veh=40 dist=7152.06 cpu=14.7534s valid=1
[14/1200] QLEARNING C1_4_1 run4 -> veh=40 dist=7152.06 cpu=14.9468s valid=1
[15/1200] QLEARNING C1_4_1 run1 -> veh=40 dist=7152.06 cpu=15.0437s valid=1
[16/1200] QLEARNING C1_4_1 run5 -> veh=40 dist=7152.06 cpu=15.476s valid=1
[17/1200] QLEARNING C1_4_1 run7 -> veh=40 dist=7152.06 cpu=15.8578s valid=1
[18/1200] QLEARNING C1_4_1 run10 -> veh=40 dist=7152.06 cpu=15.8568s valid=1
[19/1200] CLASSIC C1_4_2 run6 -> veh=36 dist=7944.95 cpu=15.9411s valid=1
[20/1200] QLEARNING C1_4_1 run3 -> veh=40 dist=7152.06 cpu=16.0299s valid=1
[21/1200] QLEARNING C1_4_1 run8 -> veh=40 dist=7152.06 cpu=16.7426s valid=1
[22/1200] CLASSIC C1_4_2 run9 -> veh=36 dist=8043.41 cpu=16.9822s valid=1
[23/1200] QLEARNING C1_4_1 run6 -> veh=40 dist=7152.06 cpu=17.0795s valid=1
[24/1200] QLEARNING C1_4_2 run1 -> veh=36 dist=8239.46 cpu=19.1712s valid=1
[25/1200] CLASSIC C1_4_2 run8 -> veh=36 dist=8212 cpu=19.9335s valid=1
[26/1200] CLASSIC C1_4_2 run2 -> veh=36 dist=7931.84 cpu=20.0846s valid=1
[27/1200] CLASSIC C1_4_2 run5 -> veh=36 dist=8322.05 cpu=23.0873s valid=1
[28/1200] QLEARNING C1_4_2 run7 -> veh=36 dist=8486.44 cpu=17.1982s valid=1
[29/1200] QLEARNING C1_4_2 run3 -> veh=36 dist=8252.95 cpu=18.3594s valid=1
[30/1200] CLASSIC C1_4_3 run1 -> veh=36 dist=7476.4 cpu=18.1685s valid=1
[31/1200] CLASSIC C1_4_2 run1 -> veh=37 dist=7507.27 cpu=32.5426s valid=1
[32/1200] CLASSIC C1_4_2 run10 -> veh=37 dist=7658.08 cpu=32.6707s valid=1
[33/1200] CLASSIC C1_4_3 run3 -> veh=36 dist=7527.3 cpu=18.0796s valid=1
[34/1200] CLASSIC C1_4_3 run2 -> veh=36 dist=7535.63 cpu=18.6277s valid=1
[35/1200] CLASSIC C1_4_3 run5 -> veh=36 dist=7614.23 cpu=18.0742s valid=1
[36/1200] CLASSIC C1_4_2 run4 -> veh=37 dist=7861.47 cpu=33.0518s valid=1
[37/1200] CLASSIC C1_4_3 run4 -> veh=36 dist=7480.4 cpu=18.4828s valid=1
[38/1200] CLASSIC C1_4_3 run7 -> veh=36 dist=7359.62 cpu=18.0954s valid=1
[39/1200] CLASSIC C1_4_2 run3 -> veh=37 dist=7426.21 cpu=33.5385s valid=1
[40/1200] CLASSIC C1_4_3 run6 -> veh=36 dist=7424.45 cpu=18.9236s valid=1
[41/1200] QLEARNING C1_4_2 run10 -> veh=36 dist=7892.16 cpu=20.2435s valid=1
[42/1200] CLASSIC C1_4_3 run10 -> veh=36 dist=7501.56 cpu=18.5495s valid=1
[43/1200] CLASSIC C1_4_3 run8 -> veh=36 dist=7194.65 cpu=18.9254s valid=1
[44/1200] CLASSIC C1_4_3 run9 -> veh=36 dist=7422.42 cpu=19.1066s valid=1
[45/1200] QLEARNING C1_4_3 run1 -> veh=36 dist=7397.27 cpu=20.2143s valid=1
[46/1200] QLEARNING C1_4_3 run2 -> veh=36 dist=7337.88 cpu=20.3944s valid=1
[47/1200] QLEARNING C1_4_3 run3 -> veh=36 dist=7242.88 cpu=21.8102s valid=1
[48/1200] QLEARNING C1_4_3 run4 -> veh=36 dist=7548.05 cpu=21.653s valid=1
[49/1200] QLEARNING C1_4_3 run5 -> veh=36 dist=7334.23 cpu=22.371s valid=1
[50/1200] QLEARNING C1_4_2 run2 -> veh=37 dist=7499.39 cpu=40.1751s valid=1
[51/1200] QLEARNING C1_4_3 run8 -> veh=36 dist=7302.55 cpu=20.4424s valid=1
[52/1200] QLEARNING C1_4_2 run6 -> veh=36 dist=8015.8 cpu=27.3698s valid=1
[53/1200] QLEARNING C1_4_3 run6 -> veh=36 dist=7370.72 cpu=21.9078s valid=1
[54/1200] QLEARNING C1_4_3 run7 -> veh=36 dist=7299.79 cpu=22.2426s valid=1
[55/1200] QLEARNING C1_4_3 run9 -> veh=36 dist=7219.71 cpu=20.5015s valid=1
[56/1200] QLEARNING C1_4_2 run5 -> veh=36 dist=8166.67 cpu=38.4574s valid=1
[57/1200] QLEARNING C1_4_3 run10 -> veh=36 dist=7343.29 cpu=21.4333s valid=1
[58/1200] QLEARNING C1_4_2 run9 -> veh=37 dist=7351.35 cpu=39.0764s valid=1
[59/1200] QLEARNING C1_4_2 run8 -> veh=37 dist=7437.84 cpu=40.3966s valid=1
[60/1200] CLASSIC C1_4_4 run1 -> veh=36 dist=7170.83 cpu=22.8125s valid=1
[61/1200] CLASSIC C1_4_4 run2 -> veh=36 dist=7082.75 cpu=22.9595s valid=1
[62/1200] CLASSIC C1_4_5 run1 -> veh=40 dist=7152.06 cpu=16.0654s valid=1
[63/1200] CLASSIC C1_4_4 run7 -> veh=36 dist=7142.74 cpu=22.7401s valid=1
[64/1200] CLASSIC C1_4_4 run10 -> veh=36 dist=7169.62 cpu=22.7619s valid=1
[65/1200] CLASSIC C1_4_5 run2 -> veh=40 dist=7152.06 cpu=15.8335s valid=1
[66/1200] CLASSIC C1_4_4 run8 -> veh=36 dist=7057 cpu=22.9815s valid=1
[67/1200] CLASSIC C1_4_4 run5 -> veh=36 dist=7060.16 cpu=23.4419s valid=1
[68/1200] CLASSIC C1_4_4 run9 -> veh=36 dist=7140.02 cpu=23.3769s valid=1
[69/1200] CLASSIC C1_4_4 run3 -> veh=36 dist=7273.14 cpu=24.0137s valid=1
[70/1200] CLASSIC C1_4_4 run6 -> veh=36 dist=7090.94 cpu=23.8343s valid=1
[71/1200] CLASSIC C1_4_4 run4 -> veh=36 dist=7076.36 cpu=24.0408s valid=1
[72/1200] QLEARNING C1_4_2 run4 -> veh=37 dist=7439.13 cpu=43.3946s valid=1
[73/1200] CLASSIC C1_4_5 run4 -> veh=40 dist=7152.06 cpu=16.0599s valid=1
[74/1200] QLEARNING C1_4_4 run3 -> veh=36 dist=7164.95 cpu=22.9884s valid=1
[75/1200] CLASSIC C1_4_5 run6 -> veh=40 dist=7152.06 cpu=15.3212s valid=1
[76/1200] QLEARNING C1_4_4 run4 -> veh=36 dist=6932.45 cpu=23.5701s valid=1
[77/1200] CLASSIC C1_4_5 run5 -> veh=40 dist=7152.06 cpu=17.2441s valid=1
[78/1200] QLEARNING C1_4_4 run1 -> veh=36 dist=6949 cpu=25.4769s valid=1
[79/1200] QLEARNING C1_4_4 run2 -> veh=36 dist=6940.64 cpu=25.2633s valid=1
[80/1200] CLASSIC C1_4_5 run7 -> veh=40 dist=7152.06 cpu=16.2231s valid=1
[81/1200] QLEARNING C1_4_4 run7 -> veh=36 dist=6919.9 cpu=23.885s valid=1
[82/1200] QLEARNING C1_4_4 run5 -> veh=36 dist=6939.62 cpu=26.5402s valid=1
[83/1200] QLEARNING C1_4_4 run6 -> veh=36 dist=6974.63 cpu=26.0468s valid=1
[84/1200] QLEARNING C1_4_4 run8 -> veh=36 dist=6985.94 cpu=25.716s valid=1
[85/1200] QLEARNING C1_4_4 run10 -> veh=36 dist=6944.9 cpu=24.605s valid=1
[86/1200] QLEARNING C1_4_4 run9 -> veh=36 dist=7113.36 cpu=25.7042s valid=1
[87/1200] CLASSIC C1_4_5 run8 -> veh=40 dist=7152.06 cpu=15.6798s valid=1
[88/1200] CLASSIC C1_4_5 run3 -> veh=40 dist=7152.06 cpu=27.7706s valid=1
[89/1200] CLASSIC C1_4_5 run10 -> veh=40 dist=7152.06 cpu=15.7717s valid=1
[90/1200] CLASSIC C1_4_5 run9 -> veh=40 dist=7152.06 cpu=16.3601s valid=1
[91/1200] QLEARNING C1_4_5 run9 -> veh=40 dist=7152.06 cpu=15.7189s valid=1
[92/1200] QLEARNING C1_4_5 run5 -> veh=40 dist=7152.06 cpu=16.35s valid=1
[93/1200] QLEARNING C1_4_5 run10 -> veh=40 dist=7152.06 cpu=15.7351s valid=1
[94/1200] QLEARNING C1_4_5 run2 -> veh=40 dist=7152.06 cpu=17.7849s valid=1
[95/1200] QLEARNING C1_4_5 run3 -> veh=40 dist=7152.06 cpu=17.3944s valid=1
[96/1200] QLEARNING C1_4_5 run6 -> veh=40 dist=7152.06 cpu=16.7209s valid=1
[97/1200] CLASSIC C1_4_6 run6 -> veh=40 dist=7153.45 cpu=16.2673s valid=1
[98/1200] QLEARNING C1_4_5 run8 -> veh=40 dist=7152.06 cpu=17.6032s valid=1
[99/1200] QLEARNING C1_4_5 run7 -> veh=40 dist=7152.06 cpu=17.7239s valid=1
[100/1200] CLASSIC C1_4_6 run2 -> veh=40 dist=7338.4 cpu=17.245s valid=1
[101/1200] QLEARNING C1_4_5 run4 -> veh=40 dist=7152.06 cpu=18.6622s valid=1
[102/1200] CLASSIC C1_4_6 run1 -> veh=40 dist=7153.45 cpu=17.7238s valid=1
[103/1200] CLASSIC C1_4_6 run5 -> veh=40 dist=7172.18 cpu=17.2116s valid=1
[104/1200] CLASSIC C1_4_6 run4 -> veh=40 dist=7153.45 cpu=17.7273s valid=1
[105/1200] CLASSIC C1_4_6 run3 -> veh=40 dist=7153.45 cpu=18.5909s valid=1
[106/1200] CLASSIC C1_4_6 run10 -> veh=40 dist=7210.47 cpu=16.5971s valid=1
[107/1200] CLASSIC C1_4_6 run9 -> veh=40 dist=7153.45 cpu=18.3489s valid=1
[108/1200] CLASSIC C1_4_6 run8 -> veh=40 dist=7241.18 cpu=18.97s valid=1
[109/1200] QLEARNING C1_4_5 run1 -> veh=40 dist=7152.06 cpu=23.5481s valid=1
[110/1200] CLASSIC C1_4_6 run7 -> veh=40 dist=7153.45 cpu=20.2505s valid=1
[111/1200] QLEARNING C1_4_6 run5 -> veh=40 dist=7153.45 cpu=17.7286s valid=1
[112/1200] QLEARNING C1_4_6 run3 -> veh=40 dist=7153.45 cpu=18.9951s valid=1
[113/1200] QLEARNING C1_4_6 run1 -> veh=40 dist=7153.45 cpu=20.8961s valid=1
[114/1200] QLEARNING C1_4_6 run2 -> veh=40 dist=7153.45 cpu=20.18s valid=1
[115/1200] QLEARNING C1_4_6 run6 -> veh=40 dist=7153.45 cpu=19.2471s valid=1
[116/1200] QLEARNING C1_4_6 run4 -> veh=40 dist=7153.45 cpu=21.8865s valid=1
[117/1200] QLEARNING C1_4_6 run7 -> veh=40 dist=7153.45 cpu=19.6516s valid=1
[118/1200] QLEARNING C1_4_6 run8 -> veh=40 dist=7153.45 cpu=21.11s valid=1
[119/1200] QLEARNING C1_4_6 run9 -> veh=40 dist=7153.45 cpu=18.866s valid=1
[120/1200] CLASSIC C1_4_7 run1 -> veh=40 dist=7149.49 cpu=18.1808s valid=1
[121/1200] CLASSIC C1_4_7 run2 -> veh=40 dist=7149.43 cpu=18.5501s valid=1
[122/1200] QLEARNING C1_4_6 run10 -> veh=40 dist=7153.45 cpu=21.345s valid=1
[123/1200] CLASSIC C1_4_7 run5 -> veh=40 dist=7149.43 cpu=18.2171s valid=1
[124/1200] CLASSIC C1_4_7 run3 -> veh=40 dist=7149.43 cpu=19.1383s valid=1
[125/1200] CLASSIC C1_4_7 run6 -> veh=40 dist=7149.43 cpu=18.5913s valid=1
[126/1200] CLASSIC C1_4_7 run9 -> veh=40 dist=7204.1 cpu=18.8784s valid=1
[127/1200] QLEARNING C1_4_7 run4 -> veh=40 dist=7149.43 cpu=19.1199s valid=1
[128/1200] QLEARNING C1_4_7 run1 -> veh=39 dist=7820.47 cpu=20.4579s valid=1
[129/1200] QLEARNING C1_4_7 run8 -> veh=39 dist=7689.99 cpu=19.0949s valid=1
[130/1200] QLEARNING C1_4_7 run6 -> veh=39 dist=7707.75 cpu=20.9506s valid=1
[131/1200] QLEARNING C1_4_7 run5 -> veh=39 dist=7598.38 cpu=21.4946s valid=1
[132/1200] CLASSIC C1_4_7 run4 -> veh=39 dist=7555.51 cpu=24.0915s valid=1
[133/1200] QLEARNING C1_4_7 run7 -> veh=40 dist=7149.49 cpu=20.9345s valid=1
[134/1200] CLASSIC C1_4_7 run7 -> veh=39 dist=7681.51 cpu=23.6564s valid=1
[135/1200] CLASSIC C1_4_7 run8 -> veh=39 dist=7561.15 cpu=24.4285s valid=1
[136/1200] QLEARNING C1_4_7 run9 -> veh=40 dist=7149.43 cpu=20.3087s valid=1
[137/1200] CLASSIC C1_4_8 run1 -> veh=39 dist=7110.46 cpu=20.2932s valid=1
[138/1200] CLASSIC C1_4_8 run4 -> veh=39 dist=7177.8 cpu=19.6463s valid=1
[139/1200] QLEARNING C1_4_7 run3 -> veh=39 dist=7743.1 cpu=24.796s valid=1
[140/1200] CLASSIC C1_4_7 run10 -> veh=39 dist=7627.66 cpu=25.4095s valid=1
[141/1200] CLASSIC C1_4_8 run2 -> veh=39 dist=7168.24 cpu=21.6945s valid=1
[142/1200] CLASSIC C1_4_8 run5 -> veh=38 dist=7323.9 cpu=19.475s valid=1
[143/1200] CLASSIC C1_4_8 run3 -> veh=38 dist=7347.7 cpu=20.849s valid=1
[144/1200] CLASSIC C1_4_8 run6 -> veh=39 dist=7115.72 cpu=19.5773s valid=1
[145/1200] CLASSIC C1_4_8 run7 -> veh=39 dist=7129.36 cpu=21.1163s valid=1
[146/1200] QLEARNING C1_4_7 run2 -> veh=39 dist=7686.26 cpu=28.6591s valid=1
[147/1200] CLASSIC C1_4_8 run9 -> veh=39 dist=7108.81 cpu=23.2s valid=1
[148/1200] CLASSIC C1_4_8 run8 -> veh=38 dist=7460.87 cpu=23.4998s valid=1
[149/1200] QLEARNING C1_4_8 run1 -> veh=39 dist=7098.62 cpu=20.8879s valid=1
[150/1200] QLEARNING C1_4_7 run10 -> veh=39 dist=7791.07 cpu=31.0274s valid=1
[151/1200] CLASSIC C1_4_8 run10 -> veh=38 dist=7465.39 cpu=24.4422s valid=1
[152/1200] QLEARNING C1_4_8 run3 -> veh=39 dist=7146.88 cpu=22.8167s valid=1
[153/1200] QLEARNING C1_4_8 run4 -> veh=39 dist=7098.33 cpu=20.5748s valid=1
[154/1200] QLEARNING C1_4_8 run2 -> veh=39 dist=7144.03 cpu=24.7395s valid=1
[155/1200] QLEARNING C1_4_8 run6 -> veh=39 dist=7121.99 cpu=21.0219s valid=1
[156/1200] QLEARNING C1_4_8 run9 -> veh=38 dist=7311.39 cpu=21.0048s valid=1
[157/1200] QLEARNING C1_4_8 run5 -> veh=38 dist=7200.89 cpu=25.0506s valid=1
[158/1200] QLEARNING C1_4_8 run10 -> veh=38 dist=7226.09 cpu=23.813s valid=1
[159/1200] CLASSIC C1_4_9 run3 -> veh=36 dist=8206.23 cpu=22.2013s valid=1
[160/1200] QLEARNING C1_4_8 run8 -> veh=38 dist=7481.9 cpu=26.0967s valid=1
[161/1200] CLASSIC C1_4_9 run1 -> veh=37 dist=7358.84 cpu=24.3563s valid=1
[162/1200] QLEARNING C1_4_9 run1 -> veh=37 dist=7727.08 cpu=20.2813s valid=1
[163/1200] CLASSIC C1_4_9 run8 -> veh=37 dist=7203.95 cpu=22.8747s valid=1
[164/1200] CLASSIC C1_4_9 run4 -> veh=37 dist=7197.16 cpu=24.0255s valid=1
[165/1200] QLEARNING C1_4_9 run2 -> veh=37 dist=7368.82 cpu=22.0511s valid=1
[166/1200] QLEARNING C1_4_8 run7 -> veh=38 dist=7364.39 cpu=30.309s valid=1
[167/1200] CLASSIC C1_4_9 run7 -> veh=37 dist=7126.39 cpu=24.8082s valid=1
[168/1200] CLASSIC C1_4_9 run9 -> veh=37 dist=7138.21 cpu=23.9529s valid=1
[169/1200] QLEARNING C1_4_9 run3 -> veh=36 dist=8396.04 cpu=22.9577s valid=1
[170/1200] QLEARNING C1_4_9 run4 -> veh=37 dist=7147.02 cpu=22.9092s valid=1
[171/1200] CLASSIC C1_4_9 run10 -> veh=37 dist=7217.73 cpu=24.0858s valid=1
[172/1200] QLEARNING C1_4_9 run5 -> veh=37 dist=7062.94 cpu=23.3671s valid=1
[173/1200] QLEARNING C1_4_9 run8 -> veh=37 dist=7175.82 cpu=21.307s valid=1
[174/1200] QLEARNING C1_4_9 run7 -> veh=37 dist=7093.52 cpu=22.298s valid=1
[175/1200] QLEARNING C1_4_9 run6 -> veh=37 dist=7087.62 cpu=25.4089s valid=1
[176/1200] CLASSIC C1_4_9 run6 -> veh=36 dist=8303 cpu=30.4176s valid=1
[177/1200] CLASSIC C1_4_9 run2 -> veh=36 dist=8371.78 cpu=31.972s valid=1
[178/1200] QLEARNING C1_4_9 run9 -> veh=37 dist=7171.84 cpu=23.4483s valid=1
[179/1200] CLASSIC C1_4_10 run1 -> veh=36 dist=8405.52 cpu=22.0615s valid=1
[180/1200] CLASSIC C1_4_10 run2 -> veh=36 dist=8391.82 cpu=22.0433s valid=1
[181/1200] CLASSIC C1_4_10 run4 -> veh=36 dist=7872.7 cpu=21.7484s valid=1
[182/1200] CLASSIC C1_4_10 run5 -> veh=36 dist=7733.19 cpu=21.4009s valid=1
[183/1200] CLASSIC C1_4_10 run3 -> veh=36 dist=7458.6 cpu=22.2259s valid=1
[184/1200] CLASSIC C1_4_10 run7 -> veh=36 dist=7985.56 cpu=20.6518s valid=1
[185/1200] CLASSIC C1_4_10 run8 -> veh=36 dist=8194.23 cpu=19.4023s valid=1
[186/1200] CLASSIC C1_4_9 run5 -> veh=37 dist=7196.28 cpu=39.3545s valid=1
[187/1200] CLASSIC C1_4_10 run9 -> veh=36 dist=7801.08 cpu=20.4161s valid=1
[188/1200] CLASSIC C1_4_10 run6 -> veh=36 dist=8673.22 cpu=25.3212s valid=1
[189/1200] CLASSIC C1_4_10 run10 -> veh=36 dist=8123.19 cpu=20.3115s valid=1
[190/1200] QLEARNING C1_4_9 run10 -> veh=37 dist=7425.01 cpu=32.042s valid=1
[191/1200] QLEARNING C1_4_10 run4 -> veh=36 dist=8150.7 cpu=19.3651s valid=1
[192/1200] QLEARNING C1_4_10 run3 -> veh=36 dist=8105.8 cpu=20.8537s valid=1
[193/1200] CLASSIC C2_4_1 run4 -> veh=12 dist=4119.34 cpu=17.932s valid=1
[194/1200] CLASSIC C2_4_1 run1 -> veh=12 dist=4123.12 cpu=19.8531s valid=1
[195/1200] QLEARNING C1_4_10 run2 -> veh=37 dist=6881.08 cpu=24.2794s valid=1
[196/1200] CLASSIC C2_4_1 run3 -> veh=12 dist=4119.53 cpu=19.9506s valid=1
[197/1200] QLEARNING C1_4_10 run10 -> veh=36 dist=8768.6 cpu=20.9325s valid=1
[198/1200] CLASSIC C2_4_1 run6 -> veh=12 dist=4119.53 cpu=18.3563s valid=1
[199/1200] CLASSIC C2_4_1 run2 -> veh=12 dist=4119.53 cpu=21.1726s valid=1
[200/1200] CLASSIC C2_4_1 run5 -> veh=12 dist=4123.12 cpu=20.4823s valid=1
[201/1200] CLASSIC C2_4_1 run7 -> veh=12 dist=4119.53 cpu=19.4666s valid=1
[202/1200] QLEARNING C1_4_10 run5 -> veh=36 dist=7873.95 cpu=25.5457s valid=1
[203/1200] CLASSIC C2_4_1 run8 -> veh=12 dist=4119.53 cpu=19.107s valid=1
[204/1200] QLEARNING C1_4_10 run9 -> veh=36 dist=7710.76 cpu=24.4104s valid=1
[205/1200] QLEARNING C1_4_10 run8 -> veh=36 dist=7839.62 cpu=25.3848s valid=1
[206/1200] CLASSIC C2_4_1 run9 -> veh=12 dist=4116.33 cpu=19.8921s valid=1
[207/1200] QLEARNING C2_4_1 run2 -> veh=12 dist=4119.53 cpu=17.7532s valid=1
[208/1200] CLASSIC C2_4_1 run10 -> veh=12 dist=4119.53 cpu=19.0567s valid=1
[209/1200] QLEARNING C2_4_1 run1 -> veh=12 dist=4119.53 cpu=19.2535s valid=1
[210/1200] QLEARNING C1_4_10 run7 -> veh=36 dist=7696.24 cpu=28.7217s valid=1
[211/1200] QLEARNING C1_4_10 run1 -> veh=36 dist=7952.9 cpu=32.083s valid=1
[212/1200] QLEARNING C2_4_1 run5 -> veh=12 dist=4119.53 cpu=18.7145s valid=1
[213/1200] QLEARNING C2_4_1 run6 -> veh=12 dist=4119.53 cpu=18.3008s valid=1
[214/1200] QLEARNING C2_4_1 run4 -> veh=12 dist=4119.53 cpu=18.9238s valid=1
[215/1200] QLEARNING C2_4_1 run3 -> veh=12 dist=4116.33 cpu=20.1793s valid=1
[216/1200] QLEARNING C2_4_1 run9 -> veh=12 dist=4119.53 cpu=16.7861s valid=1
[217/1200] QLEARNING C2_4_1 run7 -> veh=12 dist=4116.33 cpu=18.9403s valid=1
[218/1200] QLEARNING C2_4_1 run10 -> veh=12 dist=4119.53 cpu=18.2348s valid=1
[219/1200] QLEARNING C2_4_1 run8 -> veh=12 dist=4116.33 cpu=21.547s valid=1
[220/1200] QLEARNING C1_4_10 run6 -> veh=37 dist=6871.89 cpu=37.8875s valid=1
[221/1200] CLASSIC C2_4_2 run2 -> veh=12 dist=3934.54 cpu=39.0172s valid=1
[222/1200] CLASSIC C2_4_2 run1 -> veh=12 dist=3935.67 cpu=39.4535s valid=1
[223/1200] CLASSIC C2_4_2 run5 -> veh=12 dist=3944.3 cpu=36.9437s valid=1
[224/1200] CLASSIC C2_4_2 run3 -> veh=12 dist=3967.02 cpu=40.1698s valid=1
[225/1200] QLEARNING C2_4_2 run3 -> veh=12 dist=3949.62 cpu=34.5951s valid=1
[226/1200] CLASSIC C2_4_2 run6 -> veh=12 dist=3930.45 cpu=39.7165s valid=1
[227/1200] QLEARNING C2_4_2 run1 -> veh=12 dist=3942.02 cpu=38.5345s valid=1
[228/1200] CLASSIC C2_4_2 run9 -> veh=12 dist=3939.76 cpu=39.8746s valid=1
[229/1200] QLEARNING C2_4_2 run4 -> veh=12 dist=3930.45 cpu=39.2618s valid=1
[230/1200] CLASSIC C2_4_2 run4 -> veh=12 dist=3931.58 cpu=44.8144s valid=1
[231/1200] QLEARNING C2_4_2 run6 -> veh=12 dist=3936.77 cpu=38.6577s valid=1
[232/1200] CLASSIC C2_4_2 run7 -> veh=12 dist=3930.65 cpu=42.7625s valid=1
[233/1200] QLEARNING C2_4_2 run5 -> veh=12 dist=3946.8 cpu=39.8619s valid=1
[234/1200] QLEARNING C2_4_2 run8 -> veh=12 dist=3941.17 cpu=38.4815s valid=1
[235/1200] CLASSIC C2_4_2 run8 -> veh=12 dist=3930.48 cpu=43.4538s valid=1
[236/1200] QLEARNING C2_4_2 run2 -> veh=12 dist=3935.84 cpu=42.1473s valid=1
[237/1200] CLASSIC C2_4_2 run10 -> veh=12 dist=3937.94 cpu=43.3927s valid=1
[238/1200] QLEARNING C2_4_2 run9 -> veh=12 dist=3943.75 cpu=39.2805s valid=1
[239/1200] QLEARNING C2_4_2 run7 -> veh=12 dist=3972.61 cpu=43.6065s valid=1
[240/1200] QLEARNING C2_4_2 run10 -> veh=12 dist=3947.99 cpu=48.9339s valid=1
[241/1200] CLASSIC C2_4_3 run1 -> veh=12 dist=3780.1 cpu=54.4029s valid=1
[242/1200] CLASSIC C2_4_3 run6 -> veh=12 dist=3820.72 cpu=52.3719s valid=1
[243/1200] CLASSIC C2_4_3 run2 -> veh=12 dist=3797.66 cpu=56.2215s valid=1
[244/1200] CLASSIC C2_4_3 run7 -> veh=12 dist=3792.18 cpu=54.2156s valid=1
[245/1200] CLASSIC C2_4_3 run9 -> veh=12 dist=3795.17 cpu=53.6128s valid=1
[246/1200] CLASSIC C2_4_3 run3 -> veh=12 dist=3809.9 cpu=56.6128s valid=1
[247/1200] CLASSIC C2_4_3 run10 -> veh=12 dist=3788.79 cpu=52.3653s valid=1
[248/1200] QLEARNING C2_4_3 run1 -> veh=12 dist=3822.7 cpu=51.0813s valid=1
[249/1200] CLASSIC C2_4_3 run5 -> veh=12 dist=3795.25 cpu=58.6741s valid=1
[250/1200] CLASSIC C2_4_3 run4 -> veh=12 dist=3798.47 cpu=59.3548s valid=1
[251/1200] QLEARNING C2_4_3 run2 -> veh=12 dist=3877.68 cpu=55.8632s valid=1
[252/1200] CLASSIC C2_4_3 run8 -> veh=12 dist=3787.14 cpu=64.6135s valid=1
[253/1200] QLEARNING C2_4_3 run6 -> veh=12 dist=3786.41 cpu=50.0612s valid=1
[254/1200] QLEARNING C2_4_3 run7 -> veh=12 dist=3796.98 cpu=50.8767s valid=1
[255/1200] QLEARNING C2_4_3 run5 -> veh=12 dist=3788.4 cpu=52.2471s valid=1
[256/1200] CLASSIC C2_4_5 run1 -> veh=12 dist=4204.62 cpu=21.4846s valid=1
[257/1200] CLASSIC C2_4_5 run2 -> veh=13 dist=4068.61 cpu=21.724s valid=1
[258/1200] QLEARNING C2_4_3 run4 -> veh=12 dist=3793.95 cpu=54.3795s valid=1
[259/1200] QLEARNING C2_4_3 run3 -> veh=12 dist=3805.37 cpu=55.0282s valid=1
[260/1200] QLEARNING C2_4_3 run8 -> veh=12 dist=3799.53 cpu=51.3278s valid=1
[261/1200] QLEARNING C2_4_3 run10 -> veh=12 dist=3800.38 cpu=52.6702s valid=1
[262/1200] CLASSIC C2_4_5 run3 -> veh=12 dist=3943.78 cpu=25.0166s valid=1
[263/1200] QLEARNING C2_4_3 run9 -> veh=12 dist=3798.02 cpu=59.9419s valid=1
[264/1200] CLASSIC C2_4_4 run2 -> veh=12 dist=3667.89 cpu=58.0523s valid=1
[265/1200] CLASSIC C2_4_4 run3 -> veh=12 dist=3557.21 cpu=58.243s valid=1
[266/1200] CLASSIC C2_4_5 run4 -> veh=12 dist=3966.1 cpu=25.9249s valid=1
[267/1200] CLASSIC C2_4_4 run6 -> veh=12 dist=3702.69 cpu=60.8321s valid=1
[268/1200] CLASSIC C2_4_4 run4 -> veh=12 dist=3560.34 cpu=61.8613s valid=1
[269/1200] CLASSIC C2_4_4 run5 -> veh=12 dist=3711.41 cpu=62.0835s valid=1
[270/1200] CLASSIC C2_4_4 run9 -> veh=12 dist=3672.72 cpu=61.1942s valid=1
[271/1200] QLEARNING C2_4_4 run1 -> veh=12 dist=3570.67 cpu=58.0992s valid=1
[272/1200] CLASSIC C2_4_4 run8 -> veh=12 dist=3558.5 cpu=62.0513s valid=1
[273/1200] CLASSIC C2_4_4 run1 -> veh=12 dist=3606.1 cpu=64.2919s valid=1
[274/1200] CLASSIC C2_4_4 run7 -> veh=12 dist=3607.98 cpu=62.8397s valid=1
[275/1200] CLASSIC C2_4_5 run8 -> veh=12 dist=4013.73 cpu=22.1786s valid=1
[276/1200] CLASSIC C2_4_5 run5 -> veh=12 dist=4491.74 cpu=25.0689s valid=1
[277/1200] CLASSIC C2_4_5 run10 -> veh=13 dist=4068.66 cpu=21.9284s valid=1
[278/1200] QLEARNING C2_4_4 run2 -> veh=12 dist=3574.81 cpu=57.3392s valid=1
[279/1200] QLEARNING C2_4_5 run3 -> veh=12 dist=3955.57 cpu=21.7002s valid=1
[280/1200] QLEARNING C2_4_5 run2 -> veh=12 dist=3946.22 cpu=24.5347s valid=1
[281/1200] CLASSIC C2_4_5 run7 -> veh=12 dist=4003 cpu=28.5296s valid=1
[282/1200] CLASSIC C2_4_4 run10 -> veh=12 dist=3589.11 cpu=71.969s valid=1
[283/1200] QLEARNING C2_4_5 run1 -> veh=12 dist=3966 cpu=27.2801s valid=1
[284/1200] QLEARNING C2_4_5 run4 -> veh=12 dist=4054.27 cpu=21.5089s valid=1
[285/1200] QLEARNING C2_4_4 run5 -> veh=12 dist=3786.12 cpu=54.4747s valid=1
[286/1200] CLASSIC C2_4_5 run6 -> veh=12 dist=4215.61 cpu=31.3239s valid=1
[287/1200] CLASSIC C2_4_5 run9 -> veh=12 dist=4781.11 cpu=29.456s valid=1
[288/1200] QLEARNING C2_4_4 run6 -> veh=12 dist=3694.84 cpu=56.7237s valid=1
[289/1200] QLEARNING C2_4_4 run3 -> veh=12 dist=3670.87 cpu=59.9732s valid=1
[290/1200] QLEARNING C2_4_4 run7 -> veh=12 dist=3686.51 cpu=56.9581s valid=1
[291/1200] QLEARNING C2_4_5 run7 -> veh=12 dist=3943.88 cpu=21.5951s valid=1
[292/1200] QLEARNING C2_4_4 run10 -> veh=12 dist=3554.7 cpu=56.8265s valid=1
[293/1200] QLEARNING C2_4_4 run9 -> veh=12 dist=3602.03 cpu=57.7144s valid=1
[294/1200] QLEARNING C2_4_4 run8 -> veh=12 dist=3579.37 cpu=58.9007s valid=1
[295/1200] QLEARNING C2_4_5 run6 -> veh=12 dist=3968.45 cpu=24.0806s valid=1
[296/1200] QLEARNING C2_4_5 run5 -> veh=12 dist=3948.84 cpu=25.5586s valid=1
[297/1200] QLEARNING C2_4_5 run8 -> veh=12 dist=3965.43 cpu=25.1633s valid=1
[298/1200] QLEARNING C2_4_5 run9 -> veh=12 dist=4213.52 cpu=22.7414s valid=1
[299/1200] QLEARNING C2_4_4 run4 -> veh=12 dist=3583.15 cpu=66.3382s valid=1
[300/1200] QLEARNING C2_4_5 run10 -> veh=12 dist=4274.77 cpu=24.7266s valid=1
[301/1200] CLASSIC C2_4_6 run3 -> veh=12 dist=3917.48 cpu=27.4068s valid=1
[302/1200] CLASSIC C2_4_6 run5 -> veh=12 dist=4353.23 cpu=28.6829s valid=1
[303/1200] CLASSIC C2_4_6 run4 -> veh=12 dist=4363.31 cpu=30.2388s valid=1
[304/1200] CLASSIC C2_4_6 run10 -> veh=12 dist=3910.23 cpu=26.6179s valid=1
[305/1200] CLASSIC C2_4_6 run9 -> veh=12 dist=3935.07 cpu=27.7051s valid=1
[306/1200] CLASSIC C2_4_6 run6 -> veh=12 dist=4454.78 cpu=32.7966s valid=1
[307/1200] CLASSIC C2_4_6 run1 -> veh=12 dist=3957.73 cpu=34.9566s valid=1
[308/1200] CLASSIC C2_4_6 run8 -> veh=12 dist=3995.59 cpu=29.3369s valid=1
[309/1200] CLASSIC C2_4_6 run7 -> veh=12 dist=4158.98 cpu=31.4367s valid=1
[310/1200] QLEARNING C2_4_6 run1 -> veh=12 dist=3924.6 cpu=28.068s valid=1
[311/1200] CLASSIC C2_4_6 run2 -> veh=12 dist=4664.4 cpu=37.8174s valid=1
[312/1200] QLEARNING C2_4_6 run3 -> veh=13 dist=3998.37 cpu=28.2481s valid=1
[313/1200] QLEARNING C2_4_6 run2 -> veh=12 dist=3986.35 cpu=29.5362s valid=1
[314/1200] QLEARNING C2_4_6 run7 -> veh=12 dist=3947.21 cpu=27.3027s valid=1
[315/1200] QLEARNING C2_4_6 run6 -> veh=12 dist=3936.6 cpu=28.0293s valid=1
[316/1200] QLEARNING C2_4_6 run4 -> veh=12 dist=4172.2 cpu=29.4433s valid=1
[317/1200] QLEARNING C2_4_6 run9 -> veh=12 dist=3903.44 cpu=28.0574s valid=1
[318/1200] QLEARNING C2_4_6 run5 -> veh=12 dist=4178.25 cpu=30.0009s valid=1
[319/1200] QLEARNING C2_4_6 run10 -> veh=12 dist=3921.2 cpu=28.9719s valid=1
[320/1200] CLASSIC C2_4_7 run4 -> veh=13 dist=3995.41 cpu=29.479s valid=1
[321/1200] CLASSIC C2_4_7 run1 -> veh=12 dist=4374.7 cpu=33.6105s valid=1
[322/1200] CLASSIC C2_4_7 run6 -> veh=12 dist=4353.2 cpu=31.4025s valid=1
[323/1200] CLASSIC C2_4_7 run2 -> veh=12 dist=4262.81 cpu=33.7961s valid=1
[324/1200] CLASSIC C2_4_7 run8 -> veh=12 dist=4138.81 cpu=30.2331s valid=1
[325/1200] CLASSIC C2_4_7 run3 -> veh=13 dist=3952 cpu=33.9106s valid=1
[326/1200] CLASSIC C2_4_7 run5 -> veh=12 dist=4492.96 cpu=34.6562s valid=1
[327/1200] CLASSIC C2_4_7 run9 -> veh=12 dist=4282.14 cpu=33.2029s valid=1
[328/1200] CLASSIC C2_4_7 run7 -> veh=12 dist=4803.58 cpu=35.1704s valid=1
[329/1200] QLEARNING C2_4_6 run8 -> veh=12 dist=3990.4 cpu=40.8751s valid=1
[330/1200] QLEARNING C2_4_7 run1 -> veh=13 dist=4020.79 cpu=32.4588s valid=1
[331/1200] CLASSIC C2_4_7 run10 -> veh=12 dist=3959.11 cpu=34.8213s valid=1
[332/1200] QLEARNING C2_4_7 run2 -> veh=12 dist=4165.69 cpu=33.5304s valid=1
[333/1200] QLEARNING C2_4_7 run3 -> veh=13 dist=4081.59 cpu=29.8405s valid=1
[334/1200] QLEARNING C2_4_7 run4 -> veh=12 dist=4310.86 cpu=31.5107s valid=1
[335/1200] QLEARNING C2_4_7 run5 -> veh=12 dist=4004.06 cpu=31.8579s valid=1
[336/1200] QLEARNING C2_4_7 run7 -> veh=13 dist=4005.87 cpu=29.6757s valid=1
[337/1200] QLEARNING C2_4_7 run6 -> veh=12 dist=4026 cpu=32.2728s valid=1
[338/1200] QLEARNING C2_4_7 run10 -> veh=12 dist=4004.89 cpu=30.667s valid=1
[339/1200] QLEARNING C2_4_7 run9 -> veh=12 dist=4162.49 cpu=32.84s valid=1
[340/1200] CLASSIC C2_4_8 run1 -> veh=12 dist=3944.39 cpu=31.0197s valid=1
[341/1200] CLASSIC C2_4_8 run3 -> veh=12 dist=3821.45 cpu=31.1951s valid=1
[342/1200] CLASSIC C2_4_8 run4 -> veh=12 dist=3952.09 cpu=30.6635s valid=1
[343/1200] QLEARNING C2_4_7 run8 -> veh=12 dist=4294.14 cpu=35.7162s valid=1
[344/1200] CLASSIC C2_4_8 run8 -> veh=12 dist=3942.07 cpu=29.8938s valid=1
[345/1200] CLASSIC C2_4_8 run2 -> veh=12 dist=4138.81 cpu=34.8237s valid=1
[346/1200] CLASSIC C2_4_8 run7 -> veh=12 dist=3838.43 cpu=32.2433s valid=1
[347/1200] CLASSIC C2_4_8 run6 -> veh=12 dist=3994.31 cpu=33.2535s valid=1
[348/1200] QLEARNING C2_4_8 run1 -> veh=12 dist=3942.17 cpu=29.296s valid=1
[349/1200] CLASSIC C2_4_8 run5 -> veh=12 dist=4258.19 cpu=34.5465s valid=1
[350/1200] CLASSIC C2_4_8 run9 -> veh=12 dist=3834.2 cpu=36.5591s valid=1
[351/1200] QLEARNING C2_4_8 run2 -> veh=12 dist=3876.43 cpu=32.688s valid=1
[352/1200] QLEARNING C2_4_8 run4 -> veh=12 dist=3826.25 cpu=30.6224s valid=1
[353/1200] CLASSIC C2_4_8 run10 -> veh=12 dist=3868.19 cpu=39.3393s valid=1
[354/1200] QLEARNING C2_4_8 run7 -> veh=12 dist=3865.53 cpu=31.021s valid=1
[355/1200] QLEARNING C2_4_8 run6 -> veh=12 dist=3831.46 cpu=33.2416s valid=1
[356/1200] QLEARNING C2_4_8 run8 -> veh=12 dist=3910.41 cpu=31.5411s valid=1
[357/1200] QLEARNING C2_4_8 run3 -> veh=12 dist=3821.79 cpu=34.8496s valid=1
[358/1200] QLEARNING C2_4_8 run9 -> veh=12 dist=3839.56 cpu=30.8996s valid=1
[359/1200] QLEARNING C2_4_8 run5 -> veh=12 dist=3852.71 cpu=35.4529s valid=1
[360/1200] QLEARNING C2_4_8 run10 -> veh=12 dist=3815.67 cpu=31.7391s valid=1
[361/1200] CLASSIC C2_4_9 run2 -> veh=12 dist=3991.24 cpu=38.7577s valid=1
[362/1200] CLASSIC C2_4_9 run5 -> veh=12 dist=4640.24 cpu=38.7671s valid=1
[363/1200] CLASSIC C2_4_9 run1 -> veh=12 dist=4064.16 cpu=42.898s valid=1
[364/1200] CLASSIC C2_4_9 run4 -> veh=12 dist=4406.79 cpu=39.4414s valid=1
[365/1200] CLASSIC C2_4_9 run6 -> veh=12 dist=4311.99 cpu=36.102s valid=1
[366/1200] CLASSIC C2_4_9 run3 -> veh=12 dist=4154.22 cpu=42.9009s valid=1
[367/1200] CLASSIC C2_4_9 run7 -> veh=12 dist=3903.51 cpu=38.7869s valid=1
[368/1200] CLASSIC C2_4_9 run10 -> veh=12 dist=4329.16 cpu=35.7885s valid=1
[369/1200] CLASSIC C2_4_9 run9 -> veh=12 dist=4267.3 cpu=37.4874s valid=1
[370/1200] QLEARNING C2_4_9 run4 -> veh=12 dist=4264.9 cpu=34.1256s valid=1
[371/1200] QLEARNING C2_4_9 run3 -> veh=12 dist=3941.87 cpu=35.3592s valid=1
[372/1200] QLEARNING C2_4_9 run5 -> veh=12 dist=4101.86 cpu=34.5179s valid=1
[373/1200] QLEARNING C2_4_9 run2 -> veh=13 dist=3894.76 cpu=36.593s valid=1
[374/1200] QLEARNING C2_4_9 run1 -> veh=12 dist=4110.29 cpu=38.4478s valid=1
[375/1200] QLEARNING C2_4_9 run8 -> veh=13 dist=3981.6 cpu=33.8365s valid=1
[376/1200] CLASSIC C2_4_9 run8 -> veh=12 dist=4094.48 cpu=43.6992s valid=1
[377/1200] QLEARNING C2_4_9 run6 -> veh=12 dist=3918.3 cpu=36.9132s valid=1
[378/1200] QLEARNING C2_4_9 run7 -> veh=12 dist=4184.72 cpu=35.7057s valid=1
[379/1200] QLEARNING C2_4_9 run9 -> veh=12 dist=4165.65 cpu=36.516s valid=1
[380/1200] CLASSIC C2_4_10 run1 -> veh=12 dist=3907.15 cpu=39.0747s valid=1
[381/1200] QLEARNING C2_4_9 run10 -> veh=12 dist=4145.7 cpu=41.405s valid=1
[382/1200] CLASSIC C2_4_10 run3 -> veh=12 dist=3732.28 cpu=36.7226s valid=1
[383/1200] CLASSIC C2_4_10 run5 -> veh=12 dist=3810.82 cpu=37.2097s valid=1
[384/1200] CLASSIC C2_4_10 run9 -> veh=12 dist=3890.78 cpu=36.7614s valid=1
[385/1200] CLASSIC C2_4_10 run10 -> veh=12 dist=3976.71 cpu=36.3526s valid=1
[386/1200] QLEARNING C2_4_10 run1 -> veh=12 dist=3738.85 cpu=36.3213s valid=1
[387/1200] CLASSIC C2_4_10 run2 -> veh=12 dist=4057.05 cpu=43.3494s valid=1
[388/1200] CLASSIC C2_4_10 run7 -> veh=12 dist=3717.69 cpu=38.7209s valid=1
[389/1200] QLEARNING C2_4_10 run2 -> veh=12 dist=3900.37 cpu=36.6846s valid=1
[390/1200] CLASSIC C2_4_10 run6 -> veh=12 dist=3712.52 cpu=40.887s valid=1
[391/1200] CLASSIC R1_4_1 run1 -> veh=40 dist=10685.7 cpu=21.6918s valid=1
[392/1200] CLASSIC R1_4_1 run2 -> veh=40 dist=10531 cpu=21.9721s valid=1
[393/1200] CLASSIC R1_4_1 run4 -> veh=40 dist=10556.5 cpu=21.6823s valid=1
[394/1200] CLASSIC R1_4_1 run5 -> veh=40 dist=10621.5 cpu=21.5742s valid=1
[395/1200] CLASSIC R1_4_1 run3 -> veh=40 dist=10648.4 cpu=21.9124s valid=1
[396/1200] CLASSIC C2_4_10 run4 -> veh=12 dist=4113.61 cpu=47.748s valid=1
[397/1200] CLASSIC C2_4_10 run8 -> veh=12 dist=3798.33 cpu=44.3002s valid=1
[398/1200] CLASSIC R1_4_1 run6 -> veh=40 dist=10576 cpu=21.8132s valid=1
[399/1200] CLASSIC R1_4_1 run7 -> veh=40 dist=10568.7 cpu=21.8257s valid=1
[400/1200] CLASSIC R1_4_1 run8 -> veh=40 dist=10743.8 cpu=21.6705s valid=1
[401/1200] CLASSIC R1_4_1 run9 -> veh=40 dist=10635.7 cpu=21.7495s valid=1
[402/1200] CLASSIC R1_4_1 run10 -> veh=40 dist=10641 cpu=21.7674s valid=1
[403/1200] QLEARNING R1_4_1 run1 -> veh=40 dist=10638.3 cpu=21.5761s valid=1
[404/1200] QLEARNING C2_4_10 run7 -> veh=12 dist=3751.94 cpu=35.5541s valid=1
[405/1200] QLEARNING C2_4_10 run3 -> veh=12 dist=3780.56 cpu=40.3005s valid=1
[406/1200] QLEARNING C2_4_10 run6 -> veh=12 dist=3897.28 cpu=36.9305s valid=1
[407/1200] QLEARNING R1_4_1 run2 -> veh=40 dist=10658.5 cpu=21.986s valid=1
[408/1200] QLEARNING C2_4_10 run8 -> veh=12 dist=3733.34 cpu=36.3581s valid=1
[409/1200] QLEARNING R1_4_1 run3 -> veh=40 dist=10682.4 cpu=21.7828s valid=1
[410/1200] QLEARNING C2_4_10 run9 -> veh=12 dist=3764.59 cpu=35.4742s valid=1
[411/1200] QLEARNING C2_4_10 run10 -> veh=12 dist=3924.48 cpu=35.552s valid=1
[412/1200] QLEARNING R1_4_1 run4 -> veh=40 dist=10485.5 cpu=21.7827s valid=1
[413/1200] CLASSIC R1_4_2 run1 -> veh=36 dist=9515.36 cpu=15.2069s valid=1
[414/1200] CLASSIC R1_4_2 run2 -> veh=36 dist=9470.78 cpu=15.3478s valid=1
[415/1200] QLEARNING C2_4_10 run4 -> veh=12 dist=3805.22 cpu=41.7111s valid=1
[416/1200] CLASSIC R1_4_2 run3 -> veh=36 dist=9353.34 cpu=15.019s valid=1
[417/1200] QLEARNING R1_4_1 run5 -> veh=40 dist=10648 cpu=21.9772s valid=1
[418/1200] QLEARNING C2_4_10 run5 -> veh=12 dist=3751.2 cpu=43.7505s valid=1
[419/1200] CLASSIC R1_4_2 run6 -> veh=36 dist=9520.85 cpu=15.0228s valid=1
[420/1200] CLASSIC R1_4_2 run4 -> veh=36 dist=9529.38 cpu=15.3482s valid=1
[421/1200] CLASSIC R1_4_2 run5 -> veh=36 dist=9471.02 cpu=15.1665s valid=1
[422/1200] CLASSIC R1_4_2 run7 -> veh=36 dist=9716.15 cpu=15.2832s valid=1
[423/1200] CLASSIC R1_4_2 run8 -> veh=36 dist=9419.05 cpu=15.312s valid=1
[424/1200] QLEARNING R1_4_1 run6 -> veh=40 dist=10701.2 cpu=22.3035s valid=1
[425/1200] QLEARNING R1_4_1 run7 -> veh=40 dist=10614 cpu=22.0225s valid=1
[426/1200] CLASSIC R1_4_2 run9 -> veh=36 dist=9394.16 cpu=15.1519s valid=1
[427/1200] QLEARNING R1_4_1 run9 -> veh=40 dist=10580.8 cpu=21.5904s valid=1
[428/1200] CLASSIC R1_4_2 run10 -> veh=36 dist=9527.71 cpu=15.0723s valid=1
[429/1200] QLEARNING R1_4_1 run8 -> veh=40 dist=10559.5 cpu=22.9683s valid=1
[430/1200] QLEARNING R1_4_2 run1 -> veh=36 dist=9785.14 cpu=15.6155s valid=1
[431/1200] QLEARNING R1_4_1 run10 -> veh=40 dist=10588.7 cpu=22.3759s valid=1
[432/1200] QLEARNING R1_4_2 run3 -> veh=36 dist=9683.74 cpu=15.258s valid=1
[433/1200] QLEARNING R1_4_2 run2 -> veh=36 dist=9399.13 cpu=15.4574s valid=1
[434/1200] QLEARNING R1_4_2 run4 -> veh=36 dist=9442.56 cpu=15.7993s valid=1
[435/1200] QLEARNING R1_4_2 run5 -> veh=36 dist=9459.73 cpu=15.3729s valid=1
[436/1200] QLEARNING R1_4_2 run6 -> veh=36 dist=9387.43 cpu=15.592s valid=1
[437/1200] QLEARNING R1_4_2 run7 -> veh=36 dist=9492.67 cpu=14.8442s valid=1
[438/1200] QLEARNING R1_4_2 run8 -> veh=36 dist=9465.62 cpu=15.6637s valid=1
[439/1200] QLEARNING R1_4_2 run9 -> veh=36 dist=9339.25 cpu=15.8932s valid=1
[440/1200] QLEARNING R1_4_2 run10 -> veh=36 dist=9363.35 cpu=15.338s valid=1
[441/1200] CLASSIC R1_4_3 run1 -> veh=36 dist=8194.45 cpu=20.7184s valid=1
[442/1200] CLASSIC R1_4_3 run2 -> veh=36 dist=8290.24 cpu=20.4993s valid=1
[443/1200] CLASSIC R1_4_3 run3 -> veh=36 dist=8298.94 cpu=20.6653s valid=1
[444/1200] CLASSIC R1_4_3 run5 -> veh=36 dist=8426.89 cpu=20.7179s valid=1
[445/1200] CLASSIC R1_4_3 run6 -> veh=36 dist=8193.9 cpu=20.4988s valid=1
[446/1200] CLASSIC R1_4_3 run4 -> veh=36 dist=8206.9 cpu=20.7671s valid=1
[447/1200] CLASSIC R1_4_3 run7 -> veh=36 dist=8253.04 cpu=20.6901s valid=1
[448/1200] QLEARNING R1_4_3 run2 -> veh=36 dist=8331.2 cpu=19.6079s valid=1
[449/1200] CLASSIC R1_4_3 run8 -> veh=36 dist=8145.99 cpu=20.7529s valid=1
[450/1200] CLASSIC R1_4_3 run9 -> veh=36 dist=8325.04 cpu=20.6037s valid=1
[451/1200] CLASSIC R1_4_3 run10 -> veh=36 dist=8293.82 cpu=20.3301s valid=1
[452/1200] QLEARNING R1_4_3 run4 -> veh=36 dist=8023.72 cpu=21.481s valid=1
[453/1200] QLEARNING R1_4_3 run1 -> veh=36 dist=8188.14 cpu=21.9346s valid=1
[454/1200] QLEARNING R1_4_3 run3 -> veh=36 dist=8176.72 cpu=22.1311s valid=1
[455/1200] QLEARNING R1_4_3 run7 -> veh=36 dist=8317.52 cpu=20.4646s valid=1
[456/1200] QLEARNING R1_4_3 run10 -> veh=36 dist=8254.49 cpu=21.0463s valid=1
[457/1200] QLEARNING R1_4_3 run6 -> veh=36 dist=8161.89 cpu=21.2197s valid=1
[458/1200] QLEARNING R1_4_3 run5 -> veh=36 dist=8156.42 cpu=21.3127s valid=1
[459/1200] QLEARNING R1_4_3 run8 -> veh=36 dist=8374.23 cpu=21.985s valid=1
[460/1200] QLEARNING R1_4_3 run9 -> veh=36 dist=8172.43 cpu=22.4137s valid=1
[461/1200] CLASSIC R1_4_4 run1 -> veh=36 dist=7644.02 cpu=23.9405s valid=1
[462/1200] CLASSIC R1_4_4 run2 -> veh=36 dist=7555.93 cpu=24.2913s valid=1
[463/1200] CLASSIC R1_4_4 run4 -> veh=36 dist=7656.8 cpu=24.0465s valid=1
[464/1200] CLASSIC R1_4_4 run3 -> veh=36 dist=7621.71 cpu=24.1518s valid=1
[465/1200] CLASSIC R1_4_4 run5 -> veh=36 dist=7549.47 cpu=24.2634s valid=1
[466/1200] CLASSIC R1_4_4 run6 -> veh=36 dist=7540.51 cpu=24.6244s valid=1
[467/1200] CLASSIC R1_4_5 run1 -> veh=36 dist=9733.81 cpu=9.67624s valid=1
[468/1200] CLASSIC R1_4_5 run2 -> veh=36 dist=9877.67 cpu=9.64543s valid=1
[469/1200] CLASSIC R1_4_5 run3 -> veh=36 dist=10092.5 cpu=9.49763s valid=1
[470/1200] CLASSIC R1_4_4 run7 -> veh=36 dist=7680.8 cpu=24.3628s valid=1
[471/1200] CLASSIC R1_4_4 run8 -> veh=36 dist=7582.85 cpu=23.8769s valid=1
[472/1200] CLASSIC R1_4_5 run4 -> veh=36 dist=10141.1 cpu=9.63628s valid=1
[473/1200] CLASSIC R1_4_5 run5 -> veh=36 dist=10141.4 cpu=9.69309s valid=1
[474/1200] CLASSIC R1_4_5 run6 -> veh=36 dist=10244.7 cpu=9.61177s valid=1
[475/1200] CLASSIC R1_4_4 run10 -> veh=36 dist=7598.18 cpu=23.128s valid=1
[476/1200] CLASSIC R1_4_5 run7 -> veh=36 dist=10107.4 cpu=9.63835s valid=1
[477/1200] CLASSIC R1_4_4 run9 -> veh=36 dist=7629.04 cpu=24.3498s valid=1
[478/1200] CLASSIC R1_4_5 run8 -> veh=36 dist=10299 cpu=9.65743s valid=1
[479/1200] CLASSIC R1_4_5 run10 -> veh=36 dist=10219.4 cpu=9.59603s valid=1
[480/1200] CLASSIC R1_4_5 run9 -> veh=36 dist=10131.4 cpu=9.7881s valid=1
[481/1200] QLEARNING R1_4_5 run1 -> veh=36 dist=10054.4 cpu=9.209s valid=1
[482/1200] QLEARNING R1_4_4 run2 -> veh=36 dist=7596.46 cpu=23.7134s valid=1
[483/1200] QLEARNING R1_4_5 run2 -> veh=36 dist=9879.83 cpu=9.62953s valid=1
[484/1200] QLEARNING R1_4_4 run1 -> veh=36 dist=7481.56 cpu=24.396s valid=1
[485/1200] QLEARNING R1_4_5 run3 -> veh=36 dist=9963.15 cpu=9.68309s valid=1
[486/1200] QLEARNING R1_4_5 run4 -> veh=36 dist=10028.6 cpu=9.30431s valid=1
[487/1200] QLEARNING R1_4_5 run6 -> veh=36 dist=10290.4 cpu=9.51351s valid=1
[488/1200] QLEARNING R1_4_5 run5 -> veh=36 dist=10294 cpu=9.69939s valid=1
[489/1200] QLEARNING R1_4_5 run7 -> veh=36 dist=10303.8 cpu=9.78442s valid=1
[490/1200] QLEARNING R1_4_5 run8 -> veh=36 dist=10053.7 cpu=9.81889s valid=1
[491/1200] QLEARNING R1_4_5 run9 -> veh=36 dist=10042.5 cpu=9.69047s valid=1
[492/1200] QLEARNING R1_4_5 run10 -> veh=36 dist=10196.3 cpu=9.41044s valid=1
[493/1200] QLEARNING R1_4_4 run3 -> veh=36 dist=7536.46 cpu=23.1392s valid=1
[494/1200] QLEARNING R1_4_4 run5 -> veh=36 dist=7554.98 cpu=22.8526s valid=1
[495/1200] QLEARNING R1_4_4 run6 -> veh=36 dist=7637.66 cpu=22.419s valid=1
[496/1200] QLEARNING R1_4_4 run10 -> veh=36 dist=7520.55 cpu=22.9268s valid=1
[497/1200] QLEARNING R1_4_4 run7 -> veh=36 dist=7571.77 cpu=25.2087s valid=1
[498/1200] QLEARNING R1_4_4 run8 -> veh=36 dist=7541.98 cpu=25.4667s valid=1
[499/1200] QLEARNING R1_4_4 run4 -> veh=36 dist=7640.24 cpu=27.8822s valid=1
[500/1200] CLASSIC R1_4_6 run2 -> veh=36 dist=8999.25 cpu=15.6237s valid=1
[501/1200] CLASSIC R1_4_6 run1 -> veh=36 dist=8849.97 cpu=16.1405s valid=1
[502/1200] QLEARNING R1_4_4 run9 -> veh=36 dist=7649.87 cpu=28.9319s valid=1
[503/1200] CLASSIC R1_4_6 run3 -> veh=36 dist=8844.28 cpu=16.1085s valid=1
[504/1200] CLASSIC R1_4_6 run4 -> veh=36 dist=9007.48 cpu=16.0012s valid=1
[505/1200] CLASSIC R1_4_6 run5 -> veh=36 dist=8931.48 cpu=16.2462s valid=1
[506/1200] CLASSIC R1_4_6 run6 -> veh=36 dist=8932.61 cpu=16.1529s valid=1
[507/1200] CLASSIC R1_4_6 run8 -> veh=36 dist=9008.95 cpu=16.1164s valid=1
[508/1200] CLASSIC R1_4_6 run7 -> veh=36 dist=8837.62 cpu=16.2386s valid=1
[509/1200] CLASSIC R1_4_6 run9 -> veh=36 dist=8941.02 cpu=16.2474s valid=1
[510/1200] CLASSIC R1_4_6 run10 -> veh=36 dist=8936.4 cpu=15.8293s valid=1
[511/1200] QLEARNING R1_4_6 run1 -> veh=36 dist=8993.43 cpu=15.8664s valid=1
[512/1200] QLEARNING R1_4_6 run3 -> veh=36 dist=8879.43 cpu=16.0575s valid=1
[513/1200] QLEARNING R1_4_6 run2 -> veh=36 dist=8808.18 cpu=16.6215s valid=1
[514/1200] QLEARNING R1_4_6 run6 -> veh=36 dist=8894.47 cpu=15.4858s valid=1
[515/1200] QLEARNING R1_4_6 run4 -> veh=36 dist=8774.78 cpu=16.0139s valid=1
[516/1200] QLEARNING R1_4_6 run5 -> veh=36 dist=9037.48 cpu=16.0069s valid=1
[517/1200] QLEARNING R1_4_6 run10 -> veh=36 dist=8955.31 cpu=16.0015s valid=1
[518/1200] QLEARNING R1_4_6 run8 -> veh=36 dist=9062.72 cpu=16.6542s valid=1
[519/1200] QLEARNING R1_4_6 run7 -> veh=36 dist=8880.4 cpu=17.2779s valid=1
[520/1200] QLEARNING R1_4_6 run9 -> veh=36 dist=9110.32 cpu=17.1029s valid=1
[521/1200] CLASSIC R1_4_7 run1 -> veh=36 dist=8036.6 cpu=21.2986s valid=1
[522/1200] CLASSIC R1_4_7 run2 -> veh=36 dist=8031.76 cpu=20.7919s valid=1
[523/1200] CLASSIC R1_4_7 run4 -> veh=36 dist=7958.2 cpu=20.8137s valid=1
[524/1200] CLASSIC R1_4_7 run6 -> veh=36 dist=8002.81 cpu=20.4384s valid=1
[525/1200] CLASSIC R1_4_7 run7 -> veh=36 dist=7980.76 cpu=20.4782s valid=1
[526/1200] CLASSIC R1_4_7 run3 -> veh=36 dist=7987.59 cpu=21.4748s valid=1
[527/1200] CLASSIC R1_4_7 run5 -> veh=36 dist=8075.94 cpu=21.1683s valid=1
[528/1200] CLASSIC R1_4_7 run8 -> veh=36 dist=8023.34 cpu=20.8276s valid=1
[529/1200] CLASSIC R1_4_7 run10 -> veh=36 dist=8022.63 cpu=20.4736s valid=1
[530/1200] CLASSIC R1_4_7 run9 -> veh=36 dist=8095.21 cpu=21.077s valid=1
[531/1200] QLEARNING R1_4_7 run2 -> veh=36 dist=7892.31 cpu=21.0627s valid=1
[532/1200] QLEARNING R1_4_7 run1 -> veh=36 dist=7894.07 cpu=22.8064s valid=1
[533/1200] QLEARNING R1_4_7 run3 -> veh=36 dist=7921.45 cpu=21.5535s valid=1
[534/1200] QLEARNING R1_4_7 run4 -> veh=36 dist=7874.98 cpu=20.8514s valid=1
[535/1200] QLEARNING R1_4_7 run8 -> veh=36 dist=7810.2 cpu=20.2902s valid=1
[536/1200] QLEARNING R1_4_7 run9 -> veh=36 dist=7891.22 cpu=20.2268s valid=1
[537/1200] QLEARNING R1_4_7 run5 -> veh=36 dist=8001.7 cpu=21.0487s valid=1
[538/1200] QLEARNING R1_4_7 run10 -> veh=36 dist=7945.83 cpu=21.5349s valid=1
[539/1200] QLEARNING R1_4_7 run7 -> veh=36 dist=7848.45 cpu=21.9507s valid=1
[540/1200] QLEARNING R1_4_7 run6 -> veh=36 dist=7898.97 cpu=22.3492s valid=1
[541/1200] CLASSIC R1_4_8 run2 -> veh=36 dist=7547.55 cpu=24.4369s valid=1
[542/1200] CLASSIC R1_4_8 run3 -> veh=36 dist=7545.17 cpu=24.3944s valid=1
[543/1200] CLASSIC R1_4_8 run1 -> veh=36 dist=7509.65 cpu=25.041s valid=1
[544/1200] CLASSIC R1_4_8 run4 -> veh=36 dist=7495.46 cpu=24.6216s valid=1
[545/1200] CLASSIC R1_4_8 run5 -> veh=36 dist=7612.17 cpu=24.6445s valid=1
[546/1200] CLASSIC R1_4_8 run8 -> veh=36 dist=7545.36 cpu=24.3001s valid=1
[547/1200] CLASSIC R1_4_9 run1 -> veh=36 dist=9488.14 cpu=11.0367s valid=1
[548/1200] CLASSIC R1_4_8 run6 -> veh=36 dist=7526.55 cpu=25.0983s valid=1
[549/1200] CLASSIC R1_4_9 run2 -> veh=36 dist=9338.71 cpu=11.1542s valid=1
[550/1200] CLASSIC R1_4_8 run7 -> veh=36 dist=7586.9 cpu=25.3887s valid=1
[551/1200] CLASSIC R1_4_9 run3 -> veh=36 dist=9468.26 cpu=10.9353s valid=1
[552/1200] CLASSIC R1_4_8 run9 -> veh=36 dist=7597.83 cpu=24.507s valid=1
[553/1200] CLASSIC R1_4_8 run10 -> veh=36 dist=7531.68 cpu=24.5378s valid=1
[554/1200] QLEARNING R1_4_8 run2 -> veh=36 dist=7561.21 cpu=23.8267s valid=1
[555/1200] CLASSIC R1_4_9 run4 -> veh=36 dist=9523.7 cpu=11.0717s valid=1
[556/1200] CLASSIC R1_4_9 run5 -> veh=36 dist=9343.27 cpu=11.0981s valid=1
[557/1200] CLASSIC R1_4_9 run6 -> veh=36 dist=9417.76 cpu=10.8431s valid=1
[558/1200] QLEARNING R1_4_8 run1 -> veh=36 dist=7424.73 cpu=24.7406s valid=1
[559/1200] CLASSIC R1_4_9 run7 -> veh=36 dist=9512.7 cpu=11.0559s valid=1
[560/1200] CLASSIC R1_4_9 run8 -> veh=36 dist=9398 cpu=11.0689s valid=1
[561/1200] CLASSIC R1_4_9 run9 -> veh=36 dist=9548.1 cpu=11.1002s valid=1
[562/1200] CLASSIC R1_4_9 run10 -> veh=36 dist=9572.35 cpu=10.8801s valid=1
[563/1200] QLEARNING R1_4_9 run2 -> veh=36 dist=9357.3 cpu=11.1717s valid=1
[564/1200] QLEARNING R1_4_9 run1 -> veh=36 dist=9487.65 cpu=11.3881s valid=1
[565/1200] QLEARNING R1_4_8 run3 -> veh=36 dist=7534 cpu=24.4638s valid=1
[566/1200] QLEARNING R1_4_8 run5 -> veh=36 dist=7458.19 cpu=23.7909s valid=1
[567/1200] QLEARNING R1_4_9 run3 -> veh=36 dist=9469.7 cpu=10.9579s valid=1
[568/1200] QLEARNING R1_4_9 run4 -> veh=36 dist=9373.68 cpu=11.0203s valid=1
[569/1200] QLEARNING R1_4_9 run6 -> veh=36 dist=9467.65 cpu=11.0132s valid=1
[570/1200] QLEARNING R1_4_9 run5 -> veh=36 dist=9362.2 cpu=11.1613s valid=1
[571/1200] QLEARNING R1_4_8 run8 -> veh=36 dist=7538.65 cpu=24.4581s valid=1
[572/1200] QLEARNING R1_4_9 run7 -> veh=36 dist=9248.22 cpu=10.9294s valid=1
[573/1200] QLEARNING R1_4_8 run6 -> veh=36 dist=7486.19 cpu=24.7195s valid=1
[574/1200] QLEARNING R1_4_9 run8 -> veh=36 dist=9360.08 cpu=10.8132s valid=1
[575/1200] QLEARNING R1_4_9 run9 -> veh=36 dist=9396.79 cpu=10.7727s valid=1
[576/1200] QLEARNING R1_4_8 run9 -> veh=36 dist=7557.25 cpu=24.7466s valid=1
[577/1200] QLEARNING R1_4_8 run4 -> veh=36 dist=7548.94 cpu=25.5512s valid=1
[578/1200] QLEARNING R1_4_9 run10 -> veh=36 dist=9517.01 cpu=10.5957s valid=1
[579/1200] QLEARNING R1_4_8 run7 -> veh=36 dist=7569.65 cpu=25.3784s valid=1
[580/1200] QLEARNING R1_4_8 run10 -> veh=36 dist=7479.85 cpu=24.1663s valid=1
[581/1200] CLASSIC R1_4_10 run1 -> veh=36 dist=8637.03 cpu=13.7446s valid=1
[582/1200] CLASSIC R1_4_10 run2 -> veh=36 dist=8551.07 cpu=13.8696s valid=1
[583/1200] CLASSIC R1_4_10 run6 -> veh=36 dist=8624.46 cpu=13.2665s valid=1
[584/1200] CLASSIC R1_4_10 run3 -> veh=36 dist=8786.59 cpu=13.6013s valid=1
[585/1200] CLASSIC R1_4_10 run5 -> veh=36 dist=8612.34 cpu=13.6166s valid=1
[586/1200] CLASSIC R1_4_10 run4 -> veh=36 dist=8572.74 cpu=13.9072s valid=1
[587/1200] CLASSIC R1_4_10 run9 -> veh=36 dist=8576.93 cpu=13.1941s valid=1
[588/1200] CLASSIC R1_4_10 run7 -> veh=36 dist=8509.66 cpu=13.6037s valid=1
[589/1200] CLASSIC R1_4_10 run8 -> veh=36 dist=8693.72 cpu=13.4561s valid=1
[590/1200] CLASSIC R1_4_10 run10 -> veh=36 dist=8547.15 cpu=13.6502s valid=1
[591/1200] QLEARNING R1_4_10 run1 -> veh=36 dist=8601.97 cpu=13.436s valid=1
[592/1200] QLEARNING R1_4_10 run3 -> veh=36 dist=8492.49 cpu=13.4695s valid=1
[593/1200] QLEARNING R1_4_10 run2 -> veh=36 dist=8733.53 cpu=13.7525s valid=1
[594/1200] QLEARNING R1_4_10 run4 -> veh=36 dist=8682.8 cpu=13.5049s valid=1
[595/1200] QLEARNING R1_4_10 run5 -> veh=36 dist=8536.49 cpu=13.9021s valid=1
[596/1200] QLEARNING R1_4_10 run6 -> veh=36 dist=8730.48 cpu=14.478s valid=1
[597/1200] QLEARNING R1_4_10 run7 -> veh=36 dist=8620.87 cpu=13.665s valid=1
[598/1200] QLEARNING R1_4_10 run8 -> veh=36 dist=8584.97 cpu=13.6376s valid=1
[599/1200] QLEARNING R1_4_10 run9 -> veh=36 dist=8581.21 cpu=13.9421s valid=1
[600/1200] QLEARNING R1_4_10 run10 -> veh=36 dist=8596.59 cpu=14.1995s valid=1
[601/1200] CLASSIC R2_4_1 run1 -> veh=8 dist=9418.69 cpu=18.8518s valid=1
[602/1200] CLASSIC R2_4_1 run4 -> veh=8 dist=9486.3 cpu=18.6747s valid=1
[603/1200] CLASSIC R2_4_1 run6 -> veh=8 dist=9438.13 cpu=18.6352s valid=1
[604/1200] CLASSIC R2_4_1 run3 -> veh=8 dist=9342.4 cpu=18.8837s valid=1
[605/1200] CLASSIC R2_4_1 run2 -> veh=8 dist=9515.76 cpu=19.0061s valid=1
[606/1200] CLASSIC R2_4_1 run5 -> veh=8 dist=9459.31 cpu=18.8974s valid=1
[607/1200] CLASSIC R2_4_1 run7 -> veh=8 dist=9512.38 cpu=18.7759s valid=1
[608/1200] CLASSIC R2_4_1 run8 -> veh=8 dist=9434.79 cpu=18.8626s valid=1
[609/1200] CLASSIC R2_4_1 run10 -> veh=8 dist=9504.76 cpu=18.8694s valid=1
[610/1200] CLASSIC R2_4_1 run9 -> veh=8 dist=9480.72 cpu=18.9675s valid=1
[611/1200] QLEARNING R2_4_1 run1 -> veh=8 dist=9680.92 cpu=18.7123s valid=1
[612/1200] QLEARNING R2_4_1 run2 -> veh=8 dist=9564.04 cpu=18.6078s valid=1
[613/1200] QLEARNING R2_4_1 run3 -> veh=8 dist=9506.65 cpu=19.1112s valid=1
[614/1200] QLEARNING R2_4_1 run4 -> veh=8 dist=9586.7 cpu=19.6234s valid=1
[615/1200] QLEARNING R2_4_1 run8 -> veh=8 dist=9552.84 cpu=18.3446s valid=1
[616/1200] QLEARNING R2_4_1 run6 -> veh=8 dist=9426.81 cpu=18.9093s valid=1
[617/1200] QLEARNING R2_4_1 run7 -> veh=8 dist=9541.28 cpu=18.9326s valid=1
[618/1200] QLEARNING R2_4_1 run5 -> veh=8 dist=9456.27 cpu=19.3141s valid=1
[619/1200] QLEARNING R2_4_1 run10 -> veh=8 dist=9411.69 cpu=18.6515s valid=1
[620/1200] QLEARNING R2_4_1 run9 -> veh=8 dist=9478.26 cpu=19.308s valid=1
[621/1200] CLASSIC R2_4_2 run1 -> veh=8 dist=7851.06 cpu=38.0009s valid=1
[622/1200] CLASSIC R2_4_2 run2 -> veh=8 dist=7869.94 cpu=38.5137s valid=1
[623/1200] CLASSIC R2_4_2 run3 -> veh=8 dist=7803.58 cpu=38.608s valid=1
[624/1200] CLASSIC R2_4_2 run4 -> veh=8 dist=7858.44 cpu=39.1424s valid=1
[625/1200] CLASSIC R2_4_2 run5 -> veh=8 dist=7826.95 cpu=39.1607s valid=1
[626/1200] CLASSIC R2_4_2 run6 -> veh=8 dist=7781.39 cpu=38.7701s valid=1
[627/1200] CLASSIC R2_4_2 run7 -> veh=8 dist=7859.94 cpu=38.9665s valid=1
[628/1200] CLASSIC R2_4_2 run8 -> veh=8 dist=7799.16 cpu=39.9963s valid=1
[629/1200] CLASSIC R2_4_2 run10 -> veh=8 dist=7911.37 cpu=38.8519s valid=1
[630/1200] CLASSIC R2_4_2 run9 -> veh=8 dist=7842.11 cpu=39.6039s valid=1
[631/1200] QLEARNING R2_4_2 run1 -> veh=8 dist=7762 cpu=38.8366s valid=1
[632/1200] QLEARNING R2_4_2 run2 -> veh=8 dist=7973.02 cpu=39.4869s valid=1
[633/1200] QLEARNING R2_4_2 run8 -> veh=8 dist=7814.43 cpu=38.8062s valid=1
[634/1200] QLEARNING R2_4_2 run7 -> veh=8 dist=7894.91 cpu=39.5305s valid=1
[635/1200] QLEARNING R2_4_2 run6 -> veh=8 dist=7903.53 cpu=40.0839s valid=1
[636/1200] QLEARNING R2_4_2 run5 -> veh=8 dist=7816.12 cpu=40.813s valid=1
[637/1200] QLEARNING R2_4_2 run10 -> veh=8 dist=7994.13 cpu=42.0313s valid=1
[638/1200] QLEARNING R2_4_2 run3 -> veh=8 dist=7786.89 cpu=42.5848s valid=1
[639/1200] QLEARNING R2_4_2 run9 -> veh=8 dist=7803.12 cpu=42.6165s valid=1
[640/1200] QLEARNING R2_4_2 run4 -> veh=8 dist=7778.59 cpu=43.236s valid=1
[641/1200] CLASSIC R2_4_3 run4 -> veh=8 dist=6210.1 cpu=53.2504s valid=1
[642/1200] CLASSIC R2_4_3 run1 -> veh=8 dist=6207.88 cpu=55.4696s valid=1
[643/1200] CLASSIC R2_4_3 run2 -> veh=8 dist=6139.79 cpu=56.599s valid=1
[644/1200] CLASSIC R2_4_3 run3 -> veh=8 dist=6102.82 cpu=56.7167s valid=1
[645/1200] CLASSIC R2_4_3 run5 -> veh=8 dist=6160.98 cpu=55.2438s valid=1
[646/1200] CLASSIC R2_4_3 run9 -> veh=8 dist=6189.78 cpu=53.4921s valid=1
[647/1200] CLASSIC R2_4_3 run6 -> veh=8 dist=6075.14 cpu=57.7222s valid=1
[648/1200] CLASSIC R2_4_3 run8 -> veh=8 dist=6148.39 cpu=56.4907s valid=1
[649/1200] CLASSIC R2_4_3 run7 -> veh=8 dist=6134.57 cpu=56.977s valid=1
[650/1200] CLASSIC R2_4_3 run10 -> veh=8 dist=6123.51 cpu=58.7199s valid=1
[651/1200] QLEARNING R2_4_3 run2 -> veh=8 dist=6153.93 cpu=59.3104s valid=1
[652/1200] QLEARNING R2_4_3 run1 -> veh=8 dist=6151.18 cpu=59.9944s valid=1
[653/1200] QLEARNING R2_4_3 run4 -> veh=8 dist=6149.21 cpu=54.4082s valid=1
[654/1200] QLEARNING R2_4_3 run7 -> veh=8 dist=6204.79 cpu=55.8963s valid=1
[655/1200] QLEARNING R2_4_3 run6 -> veh=8 dist=6174.82 cpu=55.9966s valid=1
[656/1200] QLEARNING R2_4_3 run3 -> veh=8 dist=6090.77 cpu=59.0133s valid=1
[657/1200] CLASSIC R2_4_5 run1 -> veh=8 dist=7422.41 cpu=23.6932s valid=1
[658/1200] QLEARNING R2_4_3 run5 -> veh=8 dist=6143.13 cpu=59.4321s valid=1
[659/1200] CLASSIC R2_4_5 run2 -> veh=8 dist=7428.35 cpu=23.2235s valid=1
[660/1200] QLEARNING R2_4_3 run8 -> veh=8 dist=6197.97 cpu=60.0301s valid=1
[661/1200] CLASSIC R2_4_5 run4 -> veh=8 dist=7465.97 cpu=23.0353s valid=1
[662/1200] QLEARNING R2_4_3 run10 -> veh=8 dist=6147.28 cpu=58.1404s valid=1
[663/1200] CLASSIC R2_4_5 run3 -> veh=8 dist=7379.35 cpu=23.4886s valid=1
[664/1200] QLEARNING R2_4_3 run9 -> veh=8 dist=6212.67 cpu=60.7487s valid=1
[665/1200] CLASSIC R2_4_4 run3 -> veh=8 dist=4450.43 cpu=69.5533s valid=1
[666/1200] CLASSIC R2_4_4 run2 -> veh=8 dist=4333.53 cpu=69.8782s valid=1
[667/1200] CLASSIC R2_4_4 run4 -> veh=8 dist=4364.01 cpu=69.7428s valid=1
[668/1200] CLASSIC R2_4_5 run5 -> veh=8 dist=7395.29 cpu=23.2004s valid=1
[669/1200] CLASSIC R2_4_4 run1 -> veh=8 dist=4409.47 cpu=72.7595s valid=1
[670/1200] CLASSIC R2_4_5 run7 -> veh=8 dist=7495.82 cpu=23.2379s valid=1
[671/1200] CLASSIC R2_4_5 run6 -> veh=8 dist=7395.82 cpu=23.3923s valid=1
[672/1200] CLASSIC R2_4_4 run5 -> veh=8 dist=4398.42 cpu=69.1493s valid=1
[673/1200] CLASSIC R2_4_5 run8 -> veh=8 dist=7370.13 cpu=23.069s valid=1
[674/1200] CLASSIC R2_4_5 run9 -> veh=8 dist=7382.12 cpu=23.2276s valid=1
[675/1200] CLASSIC R2_4_5 run10 -> veh=8 dist=7376.73 cpu=23.1239s valid=1
[676/1200] CLASSIC R2_4_4 run7 -> veh=8 dist=4420.58 cpu=71.1761s valid=1
[677/1200] QLEARNING R2_4_5 run2 -> veh=8 dist=7245.94 cpu=22.792s valid=1
[678/1200] QLEARNING R2_4_5 run1 -> veh=8 dist=7356.87 cpu=23.2915s valid=1
[679/1200] QLEARNING R2_4_5 run3 -> veh=8 dist=7423.56 cpu=23.6275s valid=1
[680/1200] QLEARNING R2_4_5 run5 -> veh=8 dist=7470 cpu=23.4762s valid=1
[681/1200] CLASSIC R2_4_4 run8 -> veh=8 dist=4362.66 cpu=72.8212s valid=1
[682/1200] CLASSIC R2_4_4 run9 -> veh=8 dist=4419.32 cpu=71.3367s valid=1
[683/1200] QLEARNING R2_4_5 run4 -> veh=8 dist=7353.56 cpu=23.9695s valid=1
[684/1200] QLEARNING R2_4_5 run6 -> veh=8 dist=7404.01 cpu=23.4927s valid=1
[685/1200] CLASSIC R2_4_4 run6 -> veh=8 dist=4452.01 cpu=74.5059s valid=1
[686/1200] CLASSIC R2_4_4 run10 -> veh=8 dist=4443.77 cpu=73.5237s valid=1
[687/1200] QLEARNING R2_4_4 run2 -> veh=8 dist=4473.78 cpu=75.9846s valid=1
[688/1200] QLEARNING R2_4_4 run1 -> veh=8 dist=4440.09 cpu=76.5676s valid=1
[689/1200] QLEARNING R2_4_5 run7 -> veh=8 dist=7399.02 cpu=24.5709s valid=1
[690/1200] QLEARNING R2_4_5 run9 -> veh=8 dist=7332.37 cpu=23.8828s valid=1
[691/1200] QLEARNING R2_4_5 run8 -> veh=8 dist=7314.13 cpu=25.2305s valid=1
[692/1200] QLEARNING R2_4_5 run10 -> veh=8 dist=7341.16 cpu=23.5135s valid=1
[693/1200] QLEARNING R2_4_4 run4 -> veh=8 dist=4404.71 cpu=72.6831s valid=1
[694/1200] QLEARNING R2_4_4 run6 -> veh=8 dist=4484.87 cpu=71.5233s valid=1
[695/1200] QLEARNING R2_4_4 run3 -> veh=8 dist=4408.36 cpu=75.1255s valid=1
[696/1200] QLEARNING R2_4_4 run5 -> veh=8 dist=4443.61 cpu=74.9307s valid=1
[697/1200] QLEARNING R2_4_4 run7 -> veh=8 dist=4443.86 cpu=75.1958s valid=1
[698/1200] QLEARNING R2_4_4 run8 -> veh=8 dist=4413.56 cpu=75.8484s valid=1
[699/1200] QLEARNING R2_4_4 run9 -> veh=8 dist=4415.28 cpu=75.4671s valid=1
[700/1200] QLEARNING R2_4_4 run10 -> veh=8 dist=4420.38 cpu=77.2262s valid=1
[701/1200] CLASSIC R2_4_6 run1 -> veh=8 dist=6367.17 cpu=45.6959s valid=1
[702/1200] CLASSIC R2_4_6 run3 -> veh=8 dist=6398.13 cpu=45.5986s valid=1
[703/1200] CLASSIC R2_4_6 run5 -> veh=8 dist=6485.05 cpu=46.1121s valid=1
[704/1200] CLASSIC R2_4_6 run4 -> veh=8 dist=6281.03 cpu=46.3187s valid=1
[705/1200] CLASSIC R2_4_6 run7 -> veh=8 dist=6435.89 cpu=44.5475s valid=1
[706/1200] CLASSIC R2_4_6 run2 -> veh=8 dist=6302.6 cpu=47.1112s valid=1
[707/1200] CLASSIC R2_4_6 run6 -> veh=8 dist=6426.98 cpu=45.4023s valid=1
[708/1200] CLASSIC R2_4_6 run8 -> veh=8 dist=6404.55 cpu=46.0776s valid=1
[709/1200] CLASSIC R2_4_6 run10 -> veh=8 dist=6507.57 cpu=45.948s valid=1
[710/1200] CLASSIC R2_4_6 run9 -> veh=8 dist=6393.04 cpu=46.3199s valid=1
[711/1200] QLEARNING R2_4_6 run2 -> veh=8 dist=6300.27 cpu=44.5854s valid=1
[712/1200] QLEARNING R2_4_6 run6 -> veh=8 dist=6436.53 cpu=45.891s valid=1
[713/1200] QLEARNING R2_4_6 run1 -> veh=8 dist=6389.85 cpu=47.6392s valid=1
[714/1200] QLEARNING R2_4_6 run5 -> veh=8 dist=6444.34 cpu=47.1719s valid=1
[715/1200] QLEARNING R2_4_6 run7 -> veh=8 dist=6508.88 cpu=46.6465s valid=1
[716/1200] QLEARNING R2_4_6 run3 -> veh=8 dist=6369.07 cpu=47.7532s valid=1
[717/1200] QLEARNING R2_4_6 run4 -> veh=8 dist=6357.12 cpu=48.826s valid=1
[718/1200] QLEARNING R2_4_6 run8 -> veh=8 dist=6320.51 cpu=47.9993s valid=1
[719/1200] QLEARNING R2_4_6 run10 -> veh=8 dist=6390.03 cpu=45.3652s valid=1
[720/1200] QLEARNING R2_4_6 run9 -> veh=8 dist=6455.95 cpu=48.3722s valid=1
[721/1200] CLASSIC R2_4_7 run1 -> veh=8 dist=5313.14 cpu=61.2369s valid=1
[722/1200] CLASSIC R2_4_7 run5 -> veh=8 dist=5248.05 cpu=61.4457s valid=1
[723/1200] CLASSIC R2_4_7 run3 -> veh=8 dist=5297.98 cpu=62.2638s valid=1
[724/1200] CLASSIC R2_4_7 run4 -> veh=8 dist=5232.79 cpu=62.1735s valid=1
[725/1200] CLASSIC R2_4_7 run2 -> veh=8 dist=5250.1 cpu=62.8246s valid=1
[726/1200] CLASSIC R2_4_7 run6 -> veh=8 dist=5226.79 cpu=61.7713s valid=1
[727/1200] CLASSIC R2_4_7 run7 -> veh=8 dist=5231.08 cpu=63.2477s valid=1
[728/1200] CLASSIC R2_4_7 run8 -> veh=8 dist=5282.29 cpu=62.1611s valid=1
[729/1200] CLASSIC R2_4_7 run10 -> veh=8 dist=5259.55 cpu=59.0712s valid=1
[730/1200] CLASSIC R2_4_7 run9 -> veh=8 dist=5160.41 cpu=61.9585s valid=1
[731/1200] QLEARNING R2_4_7 run1 -> veh=8 dist=5223.55 cpu=62.2194s valid=1
[732/1200] QLEARNING R2_4_7 run2 -> veh=8 dist=5226.88 cpu=64.653s valid=1
[733/1200] QLEARNING R2_4_7 run4 -> veh=8 dist=5253.81 cpu=58.8599s valid=1
[734/1200] QLEARNING R2_4_7 run6 -> veh=8 dist=5217.54 cpu=59.6056s valid=1
[735/1200] QLEARNING R2_4_7 run3 -> veh=8 dist=5184.27 cpu=63.3088s valid=1
[736/1200] QLEARNING R2_4_7 run5 -> veh=8 dist=5308.97 cpu=61.4617s valid=1
[737/1200] QLEARNING R2_4_7 run9 -> veh=8 dist=5206.88 cpu=61.9404s valid=1
[738/1200] QLEARNING R2_4_7 run7 -> veh=8 dist=5305.79 cpu=63.2558s valid=1
[739/1200] QLEARNING R2_4_7 run8 -> veh=8 dist=5275.43 cpu=63.6902s valid=1
[740/1200] QLEARNING R2_4_7 run10 -> veh=8 dist=5352.67 cpu=61.7839s valid=1
[741/1200] CLASSIC R2_4_9 run1 -> veh=8 dist=6706.01 cpu=28.3425s valid=1
[742/1200] CLASSIC R2_4_9 run2 -> veh=8 dist=6609.27 cpu=27.4399s valid=1
[743/1200] CLASSIC R2_4_9 run3 -> veh=8 dist=6688.21 cpu=28.044s valid=1
[744/1200] CLASSIC R2_4_8 run2 -> veh=8 dist=4195.19 cpu=73.3408s valid=1
[745/1200] CLASSIC R2_4_8 run3 -> veh=8 dist=4150 cpu=73.8557s valid=1
[746/1200] CLASSIC R2_4_8 run1 -> veh=8 dist=4107.78 cpu=74.8751s valid=1
[747/1200] CLASSIC R2_4_9 run4 -> veh=8 dist=6900.82 cpu=28.9159s valid=1
[748/1200] CLASSIC R2_4_8 run4 -> veh=8 dist=4167.56 cpu=73.7798s valid=1
[749/1200] CLASSIC R2_4_8 run6 -> veh=8 dist=4186.07 cpu=74.4228s valid=1
[750/1200] CLASSIC R2_4_8 run5 -> veh=8 dist=4087.29 cpu=76.1s valid=1
[751/1200] CLASSIC R2_4_8 run9 -> veh=8 dist=4177.45 cpu=74.6343s valid=1
[752/1200] CLASSIC R2_4_8 run8 -> veh=8 dist=4226.6 cpu=75.8678s valid=1
[753/1200] CLASSIC R2_4_8 run7 -> veh=8 dist=4139.29 cpu=76.5946s valid=1
[754/1200] CLASSIC R2_4_8 run10 -> veh=8 dist=4055.14 cpu=74.589s valid=1
[755/1200] CLASSIC R2_4_9 run5 -> veh=8 dist=6605.65 cpu=27.8272s valid=1
[756/1200] QLEARNING R2_4_8 run1 -> veh=8 dist=4126.74 cpu=76.5909s valid=1
[757/1200] CLASSIC R2_4_9 run7 -> veh=8 dist=6720.46 cpu=27.4101s valid=1
[758/1200] CLASSIC R2_4_9 run6 -> veh=8 dist=6740.16 cpu=28.42s valid=1
[759/1200] CLASSIC R2_4_9 run8 -> veh=8 dist=6631.81 cpu=27.9668s valid=1
[760/1200] QLEARNING R2_4_8 run2 -> veh=8 dist=4200.54 cpu=76.9758s valid=1
[761/1200] CLASSIC R2_4_9 run9 -> veh=8 dist=6616.36 cpu=27.7733s valid=1
[762/1200] CLASSIC R2_4_9 run10 -> veh=8 dist=6752.39 cpu=27.4847s valid=1
[763/1200] QLEARNING R2_4_9 run1 -> veh=8 dist=6690.43 cpu=29.0887s valid=1
[764/1200] QLEARNING R2_4_9 run2 -> veh=8 dist=6629.13 cpu=28.9345s valid=1
[765/1200] QLEARNING R2_4_9 run3 -> veh=8 dist=6612.94 cpu=28.9524s valid=1
[766/1200] QLEARNING R2_4_9 run4 -> veh=8 dist=6771.22 cpu=28.3639s valid=1
[767/1200] QLEARNING R2_4_9 run5 -> veh=8 dist=6690.56 cpu=29.044s valid=1
[768/1200] QLEARNING R2_4_9 run6 -> veh=8 dist=6574.1 cpu=27.28s valid=1
[769/1200] QLEARNING R2_4_9 run7 -> veh=8 dist=6703.26 cpu=28.9603s valid=1
[770/1200] QLEARNING R2_4_9 run8 -> veh=8 dist=6636.82 cpu=28.9448s valid=1
[771/1200] QLEARNING R2_4_9 run10 -> veh=8 dist=6660.09 cpu=27.7016s valid=1
[772/1200] QLEARNING R2_4_8 run5 -> veh=8 dist=4253.37 cpu=73.3889s valid=1
[773/1200] QLEARNING R2_4_9 run9 -> veh=8 dist=6499.19 cpu=30.1239s valid=1
[774/1200] QLEARNING R2_4_8 run4 -> veh=8 dist=4189.93 cpu=74.3857s valid=1
[775/1200] QLEARNING R2_4_8 run7 -> veh=8 dist=4141.93 cpu=74.1638s valid=1
[776/1200] QLEARNING R2_4_8 run3 -> veh=8 dist=4155.75 cpu=76.4052s valid=1
[777/1200] QLEARNING R2_4_8 run8 -> veh=8 dist=4102.57 cpu=74.2529s valid=1
[778/1200] QLEARNING R2_4_8 run6 -> veh=8 dist=4175.23 cpu=75.5671s valid=1
[779/1200] CLASSIC R2_4_10 run1 -> veh=8 dist=6070.43 cpu=32.1909s valid=1
[780/1200] QLEARNING R2_4_8 run10 -> veh=8 dist=4184.63 cpu=74.6435s valid=1
[781/1200] CLASSIC R2_4_10 run4 -> veh=8 dist=5984.27 cpu=32.2933s valid=1
[782/1200] CLASSIC R2_4_10 run3 -> veh=8 dist=6020.13 cpu=32.5408s valid=1
[783/1200] CLASSIC R2_4_10 run2 -> veh=8 dist=6005.86 cpu=32.6446s valid=1
[784/1200] CLASSIC R2_4_10 run5 -> veh=8 dist=6090.87 cpu=32.3528s valid=1
[785/1200] CLASSIC R2_4_10 run6 -> veh=8 dist=6059.69 cpu=32.3853s valid=1
[786/1200] CLASSIC R2_4_10 run7 -> veh=8 dist=5984.93 cpu=32.1443s valid=1
[787/1200] CLASSIC RC1_4_1 run2 -> veh=36 dist=9245.33 cpu=10.9791s valid=1
[788/1200] QLEARNING R2_4_8 run9 -> veh=8 dist=4225.75 cpu=79.0054s valid=1
[789/1200] CLASSIC R2_4_10 run9 -> veh=8 dist=6074.81 cpu=31.8281s valid=1
[790/1200] CLASSIC R2_4_10 run8 -> veh=8 dist=6023.65 cpu=32.5529s valid=1
[791/1200] CLASSIC R2_4_10 run10 -> veh=8 dist=5994.94 cpu=32.266s valid=1
[792/1200] QLEARNING R2_4_10 run1 -> veh=8 dist=6044.14 cpu=32.6957s valid=1
[793/1200] QLEARNING R2_4_10 run4 -> veh=8 dist=6056.17 cpu=32.3812s valid=1
[794/1200] QLEARNING R2_4_10 run2 -> veh=8 dist=6027.98 cpu=33.5697s valid=1
[795/1200] QLEARNING RC1_4_1 run1 -> veh=36 dist=9122.56 cpu=10.5295s valid=1
[796/1200] CLASSIC RC1_4_1 run7 -> veh=36 dist=9267.35 cpu=14.4222s valid=1
[797/1200] QLEARNING R2_4_10 run3 -> veh=8 dist=6030.71 cpu=33.8984s valid=1
[798/1200] QLEARNING RC1_4_1 run4 -> veh=36 dist=9104.55 cpu=10.7796s valid=1
[799/1200] QLEARNING R2_4_10 run5 -> veh=8 dist=6014.29 cpu=33.2847s valid=1
[800/1200] QLEARNING R2_4_10 run6 -> veh=8 dist=6071.49 cpu=33.0381s valid=1
[801/1200] CLASSIC RC1_4_1 run10 -> veh=36 dist=9190.79 cpu=15.5586s valid=1
[802/1200] CLASSIC RC1_4_1 run1 -> veh=37 dist=8819.87 cpu=21.811s valid=1
[803/1200] QLEARNING RC1_4_1 run7 -> veh=36 dist=9193.05 cpu=12.1126s valid=1
[804/1200] QLEARNING RC1_4_1 run9 -> veh=36 dist=9137.62 cpu=10.5199s valid=1
[805/1200] QLEARNING RC1_4_1 run10 -> veh=36 dist=9379.96 cpu=10.5599s valid=1
[806/1200] CLASSIC RC1_4_1 run3 -> veh=37 dist=8882.45 cpu=21.9661s valid=1
[807/1200] QLEARNING R2_4_10 run8 -> veh=8 dist=5927.79 cpu=32.2517s valid=1
[808/1200] CLASSIC RC1_4_1 run4 -> veh=37 dist=8675.72 cpu=21.7692s valid=1
[809/1200] QLEARNING R2_4_10 run7 -> veh=8 dist=6122.44 cpu=33.3654s valid=1
[810/1200] CLASSIC RC1_4_1 run5 -> veh=37 dist=8812.09 cpu=21.9979s valid=1
[811/1200] QLEARNING RC1_4_1 run2 -> veh=36 dist=9125.69 cpu=16.8149s valid=1
[812/1200] CLASSIC RC1_4_1 run6 -> veh=37 dist=8965.59 cpu=21.7705s valid=1
[813/1200] CLASSIC RC1_4_1 run8 -> veh=37 dist=8759.45 cpu=21.8976s valid=1
[814/1200] CLASSIC RC1_4_1 run9 -> veh=37 dist=8850.85 cpu=21.8821s valid=1
[815/1200] CLASSIC RC1_4_2 run1 -> veh=36 dist=8494.4 cpu=15.7269s valid=1
[816/1200] QLEARNING R2_4_10 run9 -> veh=8 dist=6005.83 cpu=32.1852s valid=1
[817/1200] CLASSIC RC1_4_2 run2 -> veh=36 dist=8469.16 cpu=15.9564s valid=1
[818/1200] CLASSIC RC1_4_2 run3 -> veh=36 dist=8495.66 cpu=15.8987s valid=1
[819/1200] QLEARNING R2_4_10 run10 -> veh=8 dist=6094.09 cpu=32.9135s valid=1
[820/1200] CLASSIC RC1_4_2 run4 -> veh=36 dist=8437.9 cpu=16.1969s valid=1
[821/1200] QLEARNING RC1_4_1 run3 -> veh=37 dist=8756.72 cpu=23.4114s valid=1
[822/1200] QLEARNING RC1_4_1 run5 -> veh=37 dist=8769.52 cpu=23.3827s valid=1
[823/1200] CLASSIC RC1_4_2 run5 -> veh=36 dist=8431.09 cpu=15.9564s valid=1
[824/1200] QLEARNING RC1_4_1 run6 -> veh=37 dist=8654.31 cpu=23.7068s valid=1
[825/1200] CLASSIC RC1_4_2 run6 -> veh=36 dist=8437.51 cpu=16.2244s valid=1
[826/1200] CLASSIC RC1_4_2 run7 -> veh=36 dist=8598.76 cpu=16.1447s valid=1
[827/1200] CLASSIC RC1_4_2 run9 -> veh=36 dist=8542.67 cpu=16.1143s valid=1
[828/1200] CLASSIC RC1_4_2 run8 -> veh=36 dist=8591.63 cpu=16.4559s valid=1
[829/1200] QLEARNING RC1_4_1 run8 -> veh=37 dist=8778.61 cpu=23.3218s valid=1
[830/1200] CLASSIC RC1_4_2 run10 -> veh=36 dist=8217.58 cpu=15.665s valid=1
[831/1200] QLEARNING RC1_4_2 run2 -> veh=36 dist=8594.81 cpu=15.1046s valid=1
[832/1200] QLEARNING RC1_4_2 run3 -> veh=36 dist=8407.18 cpu=16.2848s valid=1
[833/1200] QLEARNING RC1_4_2 run1 -> veh=36 dist=8345.32 cpu=17.0037s valid=1
[834/1200] QLEARNING RC1_4_2 run6 -> veh=36 dist=8414.3 cpu=15.6583s valid=1
[835/1200] QLEARNING RC1_4_2 run4 -> veh=36 dist=8402.62 cpu=16.0692s valid=1
[836/1200] QLEARNING RC1_4_2 run5 -> veh=36 dist=8382.07 cpu=16.0113s valid=1
[837/1200] QLEARNING RC1_4_2 run8 -> veh=36 dist=8565.07 cpu=16.1479s valid=1
[838/1200] QLEARNING RC1_4_2 run10 -> veh=36 dist=8655.13 cpu=14.8444s valid=1
[839/1200] QLEARNING RC1_4_2 run9 -> veh=36 dist=8543.24 cpu=15.7281s valid=1
[840/1200] QLEARNING RC1_4_2 run7 -> veh=36 dist=8485.1 cpu=17.058s valid=1
[841/1200] CLASSIC RC1_4_3 run3 -> veh=36 dist=7911.32 cpu=19.1279s valid=1
[842/1200] CLASSIC RC1_4_3 run1 -> veh=36 dist=7893.16 cpu=20.026s valid=1
[843/1200] CLASSIC RC1_4_3 run2 -> veh=36 dist=7967.94 cpu=20.3766s valid=1
[844/1200] CLASSIC RC1_4_3 run5 -> veh=36 dist=8072.42 cpu=20.123s valid=1
[845/1200] CLASSIC RC1_4_3 run4 -> veh=36 dist=7939.45 cpu=20.5294s valid=1
[846/1200] CLASSIC RC1_4_3 run6 -> veh=36 dist=7907.18 cpu=20.8246s valid=1
[847/1200] CLASSIC RC1_4_3 run7 -> veh=36 dist=7963.06 cpu=20.0862s valid=1
[848/1200] CLASSIC RC1_4_3 run8 -> veh=36 dist=8027.87 cpu=20.3542s valid=1
[849/1200] CLASSIC RC1_4_3 run9 -> veh=36 dist=7928.36 cpu=20.6728s valid=1
[850/1200] CLASSIC RC1_4_3 run10 -> veh=36 dist=7946.29 cpu=20.9856s valid=1
[851/1200] QLEARNING RC1_4_3 run3 -> veh=36 dist=8187.17 cpu=19.4745s valid=1
[852/1200] QLEARNING RC1_4_3 run1 -> veh=36 dist=7929.84 cpu=21.3364s valid=1
[853/1200] QLEARNING RC1_4_3 run6 -> veh=36 dist=7823.86 cpu=20.1555s valid=1
[854/1200] QLEARNING RC1_4_3 run2 -> veh=36 dist=7844.78 cpu=21.7798s valid=1
[855/1200] QLEARNING RC1_4_3 run8 -> veh=36 dist=8090.35 cpu=20.2958s valid=1
[856/1200] QLEARNING RC1_4_3 run7 -> veh=36 dist=7892.03 cpu=21.3396s valid=1
[857/1200] QLEARNING RC1_4_3 run5 -> veh=36 dist=8062.57 cpu=22.3619s valid=1
[858/1200] QLEARNING RC1_4_3 run10 -> veh=36 dist=8275.39 cpu=20.9619s valid=1
[859/1200] QLEARNING RC1_4_3 run4 -> veh=36 dist=7836.77 cpu=23.339s valid=1
[860/1200] QLEARNING RC1_4_3 run9 -> veh=36 dist=7910.93 cpu=21.3342s valid=1
[861/1200] CLASSIC RC1_4_4 run1 -> veh=36 dist=7607.24 cpu=23.2306s valid=1
[862/1200] CLASSIC RC1_4_4 run2 -> veh=36 dist=7663 cpu=23.3163s valid=1
[863/1200] CLASSIC RC1_4_4 run3 -> veh=36 dist=7604.23 cpu=23.4088s valid=1
[864/1200] CLASSIC RC1_4_4 run5 -> veh=36 dist=7727.26 cpu=22.707s valid=1
[865/1200] CLASSIC RC1_4_4 run4 -> veh=36 dist=7698.34 cpu=23.1442s valid=1
[866/1200] CLASSIC RC1_4_4 run7 -> veh=36 dist=7709.16 cpu=22.5484s valid=1
[867/1200] CLASSIC RC1_4_5 run1 -> veh=36 dist=9050.89 cpu=11.1437s valid=1
[868/1200] CLASSIC RC1_4_4 run6 -> veh=36 dist=7536 cpu=24.075s valid=1
[869/1200] CLASSIC RC1_4_4 run8 -> veh=36 dist=7632.09 cpu=23.8653s valid=1
[870/1200] QLEARNING RC1_4_4 run1 -> veh=36 dist=7711.29 cpu=23.3909s valid=1
[871/1200] CLASSIC RC1_4_5 run3 -> veh=36 dist=8921.33 cpu=11.3563s valid=1
[872/1200] CLASSIC RC1_4_4 run9 -> veh=36 dist=7676.79 cpu=24.0099s valid=1
[873/1200] CLASSIC RC1_4_5 run4 -> veh=36 dist=8995.79 cpu=10.9044s valid=1
[874/1200] CLASSIC RC1_4_4 run10 -> veh=36 dist=7647.75 cpu=23.8989s valid=1
[875/1200] CLASSIC RC1_4_5 run5 -> veh=36 dist=8992.76 cpu=11.3426s valid=1
[876/1200] QLEARNING RC1_4_4 run2 -> veh=36 dist=7707.02 cpu=25.0214s valid=1
[877/1200] CLASSIC RC1_4_5 run6 -> veh=36 dist=8894.37 cpu=11.4703s valid=1
[878/1200] CLASSIC RC1_4_5 run7 -> veh=36 dist=9059.08 cpu=11.538s valid=1
[879/1200] CLASSIC RC1_4_5 run2 -> veh=36 dist=8808.59 cpu=15.1324s valid=1
[880/1200] CLASSIC RC1_4_5 run8 -> veh=36 dist=9113.76 cpu=11.2514s valid=1
[881/1200] CLASSIC RC1_4_5 run9 -> veh=36 dist=9211.87 cpu=10.9607s valid=1
[882/1200] QLEARNING RC1_4_5 run2 -> veh=36 dist=8920.63 cpu=11.3283s valid=1
[883/1200] QLEARNING RC1_4_5 run1 -> veh=36 dist=8913.69 cpu=11.6842s valid=1
[884/1200] QLEARNING RC1_4_4 run4 -> veh=36 dist=7724.38 cpu=23.841s valid=1
[885/1200] CLASSIC RC1_4_5 run10 -> veh=36 dist=8838.06 cpu=13.062s valid=1
[886/1200] QLEARNING RC1_4_4 run5 -> veh=36 dist=7558.47 cpu=23.4385s valid=1
[887/1200] QLEARNING RC1_4_4 run6 -> veh=36 dist=7576.7 cpu=23.3495s valid=1
[888/1200] QLEARNING RC1_4_4 run3 -> veh=36 dist=7623.24 cpu=24.9924s valid=1
[889/1200] QLEARNING RC1_4_4 run9 -> veh=36 dist=7482.4 cpu=21.6795s valid=1
[890/1200] QLEARNING RC1_4_5 run3 -> veh=36 dist=9156.83 cpu=12.409s valid=1
[891/1200] QLEARNING RC1_4_5 run5 -> veh=36 dist=8952.5 cpu=11.4841s valid=1
[892/1200] QLEARNING RC1_4_5 run4 -> veh=36 dist=8856.61 cpu=11.6308s valid=1
[893/1200] QLEARNING RC1_4_5 run6 -> veh=36 dist=9526.73 cpu=10.5695s valid=1
[894/1200] QLEARNING RC1_4_4 run7 -> veh=36 dist=7724.48 cpu=24.9002s valid=1
[895/1200] QLEARNING RC1_4_5 run7 -> veh=36 dist=9308.9 cpu=11.1129s valid=1
[896/1200] QLEARNING RC1_4_5 run8 -> veh=36 dist=9101.73 cpu=10.7864s valid=1
[897/1200] QLEARNING RC1_4_4 run8 -> veh=36 dist=7649.31 cpu=24.7281s valid=1
[898/1200] QLEARNING RC1_4_5 run9 -> veh=36 dist=9033.13 cpu=11.7665s valid=1
[899/1200] QLEARNING RC1_4_4 run10 -> veh=36 dist=7715.88 cpu=23.8106s valid=1
[900/1200] CLASSIC RC1_4_6 run1 -> veh=36 dist=8963.3 cpu=11.1449s valid=1
[901/1200] QLEARNING RC1_4_5 run10 -> veh=36 dist=8927.09 cpu=11.9546s valid=1
[902/1200] CLASSIC RC1_4_6 run4 -> veh=36 dist=8954.82 cpu=11.1441s valid=1
[903/1200] CLASSIC RC1_4_6 run3 -> veh=36 dist=9005.97 cpu=11.2654s valid=1
[904/1200] CLASSIC RC1_4_6 run2 -> veh=36 dist=8942.55 cpu=11.6474s valid=1
[905/1200] CLASSIC RC1_4_6 run5 -> veh=36 dist=8682.78 cpu=11.3428s valid=1
[906/1200] CLASSIC RC1_4_6 run6 -> veh=36 dist=9041.48 cpu=11.6086s valid=1
[907/1200] CLASSIC RC1_4_6 run9 -> veh=36 dist=8942.85 cpu=11.3476s valid=1
[908/1200] CLASSIC RC1_4_6 run7 -> veh=36 dist=8867.68 cpu=11.5232s valid=1
[909/1200] CLASSIC RC1_4_6 run8 -> veh=36 dist=8999.45 cpu=11.6792s valid=1
[910/1200] CLASSIC RC1_4_6 run10 -> veh=36 dist=8733.91 cpu=11.6107s valid=1
[911/1200] QLEARNING RC1_4_6 run1 -> veh=36 dist=9042.34 cpu=11.4919s valid=1
[912/1200] QLEARNING RC1_4_6 run4 -> veh=36 dist=8886.22 cpu=10.4732s valid=1
[913/1200] QLEARNING RC1_4_6 run3 -> veh=36 dist=9013.65 cpu=11.6334s valid=1
[914/1200] QLEARNING RC1_4_6 run2 -> veh=36 dist=8768.38 cpu=12.0144s valid=1
[915/1200] QLEARNING RC1_4_6 run5 -> veh=36 dist=8924.04 cpu=10.9513s valid=1
[916/1200] QLEARNING RC1_4_6 run10 -> veh=36 dist=9007.46 cpu=10.7637s valid=1
[917/1200] QLEARNING RC1_4_6 run6 -> veh=36 dist=8653.26 cpu=11.5907s valid=1
[918/1200] QLEARNING RC1_4_6 run7 -> veh=36 dist=8969.24 cpu=12.0551s valid=1
[919/1200] QLEARNING RC1_4_6 run8 -> veh=36 dist=8998.54 cpu=12.0882s valid=1
[920/1200] QLEARNING RC1_4_6 run9 -> veh=36 dist=9132.37 cpu=11.7417s valid=1
[921/1200] CLASSIC RC1_4_7 run3 -> veh=36 dist=9022.42 cpu=12.4183s valid=1
[922/1200] CLASSIC RC1_4_7 run1 -> veh=36 dist=8760.95 cpu=12.5611s valid=1
[923/1200] CLASSIC RC1_4_7 run5 -> veh=36 dist=8855.04 cpu=12.363s valid=1
[924/1200] CLASSIC RC1_4_7 run4 -> veh=36 dist=8818.56 cpu=12.5034s valid=1
[925/1200] CLASSIC RC1_4_7 run2 -> veh=36 dist=8828.89 cpu=12.6427s valid=1
[926/1200] CLASSIC RC1_4_7 run6 -> veh=36 dist=8815.52 cpu=12.4159s valid=1
[927/1200] CLASSIC RC1_4_7 run7 -> veh=36 dist=8693.16 cpu=12.3541s valid=1
[928/1200] CLASSIC RC1_4_7 run8 -> veh=36 dist=8903.9 cpu=12.6142s valid=1
[929/1200] CLASSIC RC1_4_7 run9 -> veh=36 dist=8981.33 cpu=12.5505s valid=1
[930/1200] CLASSIC RC1_4_7 run10 -> veh=36 dist=8916.8 cpu=12.6692s valid=1
[931/1200] QLEARNING RC1_4_7 run2 -> veh=36 dist=8669.77 cpu=12.2035s valid=1
[932/1200] QLEARNING RC1_4_7 run1 -> veh=36 dist=8801 cpu=12.5641s valid=1
[933/1200] QLEARNING RC1_4_7 run6 -> veh=36 dist=8833.93 cpu=11.8593s valid=1
[934/1200] QLEARNING RC1_4_7 run3 -> veh=36 dist=8720.11 cpu=12.6149s valid=1
[935/1200] QLEARNING RC1_4_7 run5 -> veh=36 dist=8614.17 cpu=12.479s valid=1
[936/1200] QLEARNING RC1_4_7 run8 -> veh=36 dist=8689.26 cpu=11.9699s valid=1
[937/1200] QLEARNING RC1_4_7 run4 -> veh=36 dist=8902.89 cpu=12.8971s valid=1
[938/1200] QLEARNING RC1_4_7 run7 -> veh=36 dist=8869.6 cpu=12.7899s valid=1
[939/1200] QLEARNING RC1_4_7 run10 -> veh=36 dist=8583.29 cpu=11.8699s valid=1
[940/1200] QLEARNING RC1_4_7 run9 -> veh=36 dist=8866.27 cpu=12.1512s valid=1
[941/1200] CLASSIC RC1_4_8 run1 -> veh=36 dist=8494.88 cpu=13.0136s valid=1
[942/1200] CLASSIC RC1_4_8 run2 -> veh=36 dist=8618.13 cpu=13.3688s valid=1
[943/1200] CLASSIC RC1_4_8 run4 -> veh=36 dist=8758.57 cpu=13.0417s valid=1
[944/1200] CLASSIC RC1_4_8 run3 -> veh=36 dist=8467.92 cpu=13.1597s valid=1
[945/1200] CLASSIC RC1_4_8 run5 -> veh=36 dist=8439.73 cpu=13.3048s valid=1
[946/1200] CLASSIC RC1_4_8 run7 -> veh=36 dist=8774.18 cpu=13.3481s valid=1
[947/1200] CLASSIC RC1_4_8 run6 -> veh=36 dist=8471.93 cpu=13.8685s valid=1
[948/1200] CLASSIC RC1_4_8 run8 -> veh=36 dist=8751.91 cpu=13.2058s valid=1
[949/1200] CLASSIC RC1_4_8 run9 -> veh=36 dist=8490.51 cpu=13.5848s valid=1
[950/1200] QLEARNING RC1_4_8 run1 -> veh=36 dist=8715.25 cpu=13.1079s valid=1
[951/1200] QLEARNING RC1_4_8 run2 -> veh=36 dist=8405.5 cpu=12.9526s valid=1
[952/1200] CLASSIC RC1_4_8 run10 -> veh=36 dist=8616.22 cpu=13.4698s valid=1
[953/1200] QLEARNING RC1_4_8 run4 -> veh=36 dist=8266.06 cpu=13.5685s valid=1
[954/1200] QLEARNING RC1_4_8 run6 -> veh=36 dist=8416 cpu=13.6344s valid=1
[955/1200] QLEARNING RC1_4_8 run7 -> veh=36 dist=8748.57 cpu=13.6645s valid=1
[956/1200] QLEARNING RC1_4_8 run3 -> veh=36 dist=8280.71 cpu=14.0956s valid=1
[957/1200] QLEARNING RC1_4_8 run5 -> veh=36 dist=8341.61 cpu=14.3284s valid=1
[958/1200] QLEARNING RC1_4_8 run8 -> veh=36 dist=8239.27 cpu=13.9423s valid=1
[959/1200] QLEARNING RC1_4_8 run9 -> veh=36 dist=8470.97 cpu=14.3811s valid=1
[960/1200] CLASSIC RC1_4_9 run1 -> veh=36 dist=8334.05 cpu=14.005s valid=1
[961/1200] QLEARNING RC1_4_8 run10 -> veh=36 dist=8307.79 cpu=14.9636s valid=1
[962/1200] CLASSIC RC1_4_9 run3 -> veh=36 dist=8209.82 cpu=13.9702s valid=1
[963/1200] CLASSIC RC1_4_9 run4 -> veh=36 dist=8288.99 cpu=13.9459s valid=1
[964/1200] CLASSIC RC1_4_9 run2 -> veh=36 dist=8493.72 cpu=14.2749s valid=1
[965/1200] CLASSIC RC1_4_9 run5 -> veh=36 dist=8320.37 cpu=14.1774s valid=1
[966/1200] CLASSIC RC1_4_9 run6 -> veh=36 dist=8338.68 cpu=14.0099s valid=1
[967/1200] CLASSIC RC1_4_9 run8 -> veh=36 dist=8218.39 cpu=14.0615s valid=1
[968/1200] CLASSIC RC1_4_9 run7 -> veh=36 dist=8330.2 cpu=14.2974s valid=1
[969/1200] CLASSIC RC1_4_9 run9 -> veh=36 dist=8391.68 cpu=14.2212s valid=1
[970/1200] CLASSIC RC1_4_9 run10 -> veh=36 dist=8285.74 cpu=14.1119s valid=1
[971/1200] QLEARNING RC1_4_9 run1 -> veh=36 dist=8249.55 cpu=13.8933s valid=1
[972/1200] QLEARNING RC1_4_9 run3 -> veh=36 dist=8392.67 cpu=13.4245s valid=1
[973/1200] QLEARNING RC1_4_9 run2 -> veh=36 dist=8340.4 cpu=14.5045s valid=1
[974/1200] QLEARNING RC1_4_9 run5 -> veh=36 dist=8355.88 cpu=12.8844s valid=1
[975/1200] QLEARNING RC1_4_9 run6 -> veh=36 dist=8209.07 cpu=14.0616s valid=1
[976/1200] QLEARNING RC1_4_9 run4 -> veh=36 dist=8394.72 cpu=14.5319s valid=1
[977/1200] QLEARNING RC1_4_9 run8 -> veh=36 dist=8340.14 cpu=13.2689s valid=1
[978/1200] QLEARNING RC1_4_9 run7 -> veh=36 dist=8280.94 cpu=14.3286s valid=1
[979/1200] QLEARNING RC1_4_9 run10 -> veh=36 dist=8130.52 cpu=13.8313s valid=1
[980/1200] QLEARNING RC1_4_9 run9 -> veh=36 dist=8216.71 cpu=15.1583s valid=1
[981/1200] CLASSIC RC1_4_10 run1 -> veh=36 dist=8019.1 cpu=15.8084s valid=1
[982/1200] CLASSIC RC1_4_10 run2 -> veh=36 dist=8200 cpu=15.764s valid=1
[983/1200] CLASSIC RC1_4_10 run4 -> veh=36 dist=8055.27 cpu=15.629s valid=1
[984/1200] CLASSIC RC1_4_10 run3 -> veh=36 dist=8034.62 cpu=15.8149s valid=1
[985/1200] CLASSIC RC1_4_10 run5 -> veh=36 dist=8095.12 cpu=15.3919s valid=1
[986/1200] CLASSIC RC1_4_10 run6 -> veh=36 dist=8012.58 cpu=15.5634s valid=1
[987/1200] QLEARNING RC1_4_10 run1 -> veh=36 dist=8297.38 cpu=14.1875s valid=1
[988/1200] CLASSIC RC1_4_10 run7 -> veh=36 dist=8048.35 cpu=15.5953s valid=1
[989/1200] CLASSIC RC1_4_10 run8 -> veh=36 dist=7978.13 cpu=15.5922s valid=1
[990/1200] CLASSIC RC1_4_10 run9 -> veh=36 dist=8030.44 cpu=15.6732s valid=1
[991/1200] CLASSIC RC1_4_10 run10 -> veh=36 dist=8019.4 cpu=15.7276s valid=1
[992/1200] QLEARNING RC1_4_10 run3 -> veh=36 dist=8189.73 cpu=14.8116s valid=1
[993/1200] QLEARNING RC1_4_10 run5 -> veh=36 dist=8082.88 cpu=15.1382s valid=1
[994/1200] QLEARNING RC1_4_10 run2 -> veh=36 dist=8171.69 cpu=16.8935s valid=1
[995/1200] QLEARNING RC1_4_10 run6 -> veh=36 dist=8159.54 cpu=15.6765s valid=1
[996/1200] QLEARNING RC1_4_10 run4 -> veh=36 dist=8061.64 cpu=16.0711s valid=1
[997/1200] QLEARNING RC1_4_10 run7 -> veh=36 dist=8131.07 cpu=15.1573s valid=1
[998/1200] QLEARNING RC1_4_10 run8 -> veh=36 dist=8084.64 cpu=15.206s valid=1
[999/1200] QLEARNING RC1_4_10 run10 -> veh=36 dist=8002.09 cpu=15.6661s valid=1
[1000/1200] QLEARNING RC1_4_10 run9 -> veh=36 dist=8046.09 cpu=16.1359s valid=1
[1001/1200] CLASSIC RC2_4_1 run1 -> veh=11 dist=7070.91 cpu=25.0157s valid=1
[1002/1200] CLASSIC RC2_4_1 run10 -> veh=11 dist=6897.6 cpu=27.1669s valid=1
[1003/1200] CLASSIC RC2_4_1 run2 -> veh=11 dist=7352.94 cpu=32.1404s valid=1
[1004/1200] QLEARNING RC2_4_1 run3 -> veh=11 dist=7099.87 cpu=24.1667s valid=1
[1005/1200] CLASSIC RC2_4_1 run8 -> veh=11 dist=6869.79 cpu=30.0945s valid=1
[1006/1200] CLASSIC RC2_4_1 run6 -> veh=11 dist=7244.33 cpu=33.8974s valid=1
[1007/1200] CLASSIC RC2_4_1 run5 -> veh=11 dist=7187.73 cpu=34.2655s valid=1
[1008/1200] CLASSIC RC2_4_1 run3 -> veh=12 dist=6621.82 cpu=35.4195s valid=1
[1009/1200] CLASSIC RC2_4_1 run4 -> veh=12 dist=6877.13 cpu=35.6341s valid=1
[1010/1200] CLASSIC RC2_4_1 run7 -> veh=11 dist=6999.45 cpu=36.0525s valid=1
[1011/1200] CLASSIC RC2_4_1 run9 -> veh=12 dist=6698.45 cpu=35.8775s valid=1
[1012/1200] QLEARNING RC2_4_1 run1 -> veh=12 dist=6711.92 cpu=35.9439s valid=1
[1013/1200] QLEARNING RC2_4_1 run4 -> veh=11 dist=6878.32 cpu=34.1989s valid=1
[1014/1200] QLEARNING RC2_4_1 run6 -> veh=12 dist=6880.86 cpu=35.8677s valid=1
[1015/1200] QLEARNING RC2_4_1 run2 -> veh=11 dist=7120.56 cpu=39.3355s valid=1
[1016/1200] QLEARNING RC2_4_1 run5 -> veh=12 dist=6715.93 cpu=38.1339s valid=1
[1017/1200] QLEARNING RC2_4_1 run9 -> veh=12 dist=6759.77 cpu=36.5415s valid=1
[1018/1200] QLEARNING RC2_4_1 run7 -> veh=12 dist=6659.91 cpu=37.2096s valid=1
[1019/1200] QLEARNING RC2_4_1 run10 -> veh=12 dist=6714.59 cpu=36.8958s valid=1
[1020/1200] QLEARNING RC2_4_1 run8 -> veh=12 dist=6722.64 cpu=37.1918s valid=1
[1021/1200] CLASSIC RC2_4_2 run3 -> veh=10 dist=6028.79 cpu=42.0136s valid=1
[1022/1200] CLASSIC RC2_4_2 run1 -> veh=10 dist=6129.02 cpu=43.4763s valid=1
[1023/1200] CLASSIC RC2_4_2 run8 -> veh=10 dist=6276.17 cpu=55.9376s valid=1
[1024/1200] CLASSIC RC2_4_2 run2 -> veh=10 dist=6020.42 cpu=78.9383s valid=1
[1025/1200] CLASSIC RC2_4_2 run5 -> veh=10 dist=6175.15 cpu=77.8256s valid=1
[1026/1200] CLASSIC RC2_4_2 run4 -> veh=10 dist=6155.93 cpu=78.8956s valid=1
[1027/1200] QLEARNING RC2_4_2 run1 -> veh=11 dist=5836.56 cpu=76.3477s valid=1
[1028/1200] CLASSIC RC2_4_2 run9 -> veh=10 dist=6007.12 cpu=79.4805s valid=1
[1029/1200] CLASSIC RC2_4_2 run7 -> veh=10 dist=6160.57 cpu=80.1919s valid=1
[1030/1200] CLASSIC RC2_4_2 run6 -> veh=10 dist=6113.38 cpu=80.5296s valid=1
[1031/1200] CLASSIC RC2_4_2 run10 -> veh=10 dist=5986.48 cpu=80.3843s valid=1
[1032/1200] QLEARNING RC2_4_2 run2 -> veh=10 dist=6038.51 cpu=79.3527s valid=1
[1033/1200] CLASSIC RC2_4_3 run1 -> veh=8 dist=5134.03 cpu=59.2743s valid=1
[1034/1200] CLASSIC RC2_4_3 run3 -> veh=8 dist=5087.35 cpu=58.6504s valid=1
[1035/1200] CLASSIC RC2_4_3 run2 -> veh=8 dist=5061.11 cpu=60.4312s valid=1
[1036/1200] CLASSIC RC2_4_3 run4 -> veh=8 dist=5030.96 cpu=60.3125s valid=1
[1037/1200] CLASSIC RC2_4_3 run6 -> veh=8 dist=5127.79 cpu=59.5652s valid=1
[1038/1200] QLEARNING RC2_4_2 run3 -> veh=10 dist=6086.78 cpu=78.947s valid=1
[1039/1200] CLASSIC RC2_4_3 run7 -> veh=8 dist=5031.56 cpu=60.3502s valid=1
[1040/1200] CLASSIC RC2_4_3 run8 -> veh=8 dist=5091.96 cpu=59.5904s valid=1
[1041/1200] QLEARNING RC2_4_3 run2 -> veh=8 dist=5121.57 cpu=59.4016s valid=1
[1042/1200] CLASSIC RC2_4_3 run10 -> veh=8 dist=5150.18 cpu=59.7631s valid=1
[1043/1200] QLEARNING RC2_4_3 run1 -> veh=8 dist=5174.14 cpu=60.0592s valid=1
[1044/1200] CLASSIC RC2_4_3 run9 -> veh=8 dist=5308.76 cpu=61.8683s valid=1
[1045/1200] CLASSIC RC2_4_3 run5 -> veh=8 dist=5075.83 cpu=68.928s valid=1
[1046/1200] QLEARNING RC2_4_2 run4 -> veh=10 dist=6237.63 cpu=80.1256s valid=1
[1047/1200] QLEARNING RC2_4_3 run3 -> veh=8 dist=5079.59 cpu=58.104s valid=1
[1048/1200] QLEARNING RC2_4_2 run6 -> veh=10 dist=6070.18 cpu=80.6049s valid=1
[1049/1200] QLEARNING RC2_4_2 run5 -> veh=10 dist=6271.09 cpu=81.3852s valid=1
[1050/1200] QLEARNING RC2_4_2 run7 -> veh=10 dist=6167.4 cpu=80.3165s valid=1
[1051/1200] QLEARNING RC2_4_3 run4 -> veh=8 dist=5207.81 cpu=59.7044s valid=1
[1052/1200] QLEARNING RC2_4_2 run10 -> veh=10 dist=6208.96 cpu=79.7156s valid=1
[1053/1200] QLEARNING RC2_4_2 run9 -> veh=10 dist=6186.21 cpu=82.5936s valid=1
[1054/1200] QLEARNING RC2_4_2 run8 -> veh=10 dist=6090.32 cpu=82.7332s valid=1
[1055/1200] QLEARNING RC2_4_3 run5 -> veh=8 dist=5105.73 cpu=57.2761s valid=1
[1056/1200] QLEARNING RC2_4_3 run7 -> veh=8 dist=5123.48 cpu=57.6962s valid=1
[1057/1200] CLASSIC RC2_4_5 run6 -> veh=9 dist=6288.36 cpu=30.5537s valid=1
[1058/1200] QLEARNING RC2_4_3 run6 -> veh=8 dist=5208.92 cpu=59.6313s valid=1
[1059/1200] QLEARNING RC2_4_3 run8 -> veh=8 dist=5160.93 cpu=59.1437s valid=1
[1060/1200] QLEARNING RC2_4_3 run9 -> veh=8 dist=5081.82 cpu=59.8862s valid=1
[1061/1200] QLEARNING RC2_4_3 run10 -> veh=8 dist=5113.07 cpu=60.4165s valid=1
[1062/1200] CLASSIC RC2_4_5 run5 -> veh=9 dist=6414.92 cpu=36.1929s valid=1
[1063/1200] CLASSIC RC2_4_5 run2 -> veh=10 dist=5893.9 cpu=51.3512s valid=1
[1064/1200] CLASSIC RC2_4_4 run1 -> veh=8 dist=3754.65 cpu=71.7223s valid=1
[1065/1200] CLASSIC RC2_4_4 run5 -> veh=8 dist=3762.73 cpu=69.3789s valid=1
[1066/1200] CLASSIC RC2_4_4 run2 -> veh=8 dist=3773.53 cpu=72.0924s valid=1
[1067/1200] CLASSIC RC2_4_5 run3 -> veh=10 dist=6078.12 cpu=52.264s valid=1
[1068/1200] CLASSIC RC2_4_5 run1 -> veh=9 dist=6339.24 cpu=53.2836s valid=1
[1069/1200] CLASSIC RC2_4_4 run3 -> veh=8 dist=3720.78 cpu=72.2586s valid=1
[1070/1200] CLASSIC RC2_4_4 run4 -> veh=8 dist=3712.54 cpu=73.1621s valid=1
[1071/1200] CLASSIC RC2_4_4 run6 -> veh=8 dist=3712.54 cpu=70.7524s valid=1
[1072/1200] CLASSIC RC2_4_5 run4 -> veh=10 dist=5946.01 cpu=53.1587s valid=1
[1073/1200] CLASSIC RC2_4_4 run7 -> veh=8 dist=3725.76 cpu=69.7404s valid=1
[1074/1200] CLASSIC RC2_4_4 run10 -> veh=8 dist=3709.94 cpu=68.2791s valid=1
[1075/1200] CLASSIC RC2_4_4 run8 -> veh=8 dist=3740.44 cpu=70.9728s valid=1
[1076/1200] CLASSIC RC2_4_4 run9 -> veh=8 dist=3757.99 cpu=70.0802s valid=1
[1077/1200] QLEARNING RC2_4_4 run2 -> veh=8 dist=3797.13 cpu=70.4824s valid=1
[1078/1200] QLEARNING RC2_4_4 run5 -> veh=8 dist=3727.64 cpu=69.233s valid=1
[1079/1200] QLEARNING RC2_4_4 run1 -> veh=8 dist=3672.38 cpu=71.6066s valid=1
[1080/1200] QLEARNING RC2_4_4 run4 -> veh=8 dist=3753.27 cpu=70.4586s valid=1
[1081/1200] QLEARNING RC2_4_4 run3 -> veh=8 dist=3740.11 cpu=71.0924s valid=1
[1082/1200] CLASSIC RC2_4_5 run7 -> veh=10 dist=6035.55 cpu=51.3228s valid=1
[1083/1200] QLEARNING RC2_4_4 run6 -> veh=8 dist=3769.44 cpu=70.5041s valid=1
[1084/1200] CLASSIC RC2_4_5 run8 -> veh=9 dist=6383.32 cpu=33.8875s valid=1
[1085/1200] QLEARNING RC2_4_4 run9 -> veh=8 dist=3781.73 cpu=72.1089s valid=1
[1086/1200] QLEARNING RC2_4_4 run10 -> veh=8 dist=3731.33 cpu=70.9403s valid=1
[1087/1200] QLEARNING RC2_4_4 run8 -> veh=8 dist=3711.19 cpu=72.6852s valid=1
[1088/1200] QLEARNING RC2_4_4 run7 -> veh=8 dist=3663.34 cpu=73.951s valid=1
[1089/1200] QLEARNING RC2_4_5 run2 -> veh=9 dist=6307.77 cpu=36.5516s valid=1
[1090/1200] CLASSIC RC2_4_5 run10 -> veh=9 dist=6329.91 cpu=38.3278s valid=1
[1091/1200] QLEARNING RC2_4_5 run3 -> veh=9 dist=6395.39 cpu=40.0514s valid=1
[1092/1200] QLEARNING RC2_4_5 run5 -> veh=9 dist=6214.81 cpu=32.3316s valid=1
[1093/1200] CLASSIC RC2_4_6 run6 -> veh=9 dist=5769.47 cpu=27.2454s valid=1
[1094/1200] CLASSIC RC2_4_6 run7 -> veh=9 dist=5732.95 cpu=27.4295s valid=1
[1095/1200] CLASSIC RC2_4_5 run9 -> veh=10 dist=6061.35 cpu=51.4377s valid=1
[1096/1200] CLASSIC RC2_4_6 run5 -> veh=8 dist=6326.88 cpu=33.2632s valid=1
[1097/1200] QLEARNING RC2_4_5 run1 -> veh=10 dist=5856.68 cpu=53.2531s valid=1
[1098/1200] QLEARNING RC2_4_6 run1 -> veh=9 dist=5834.47 cpu=28.1359s valid=1
[1099/1200] QLEARNING RC2_4_6 run3 -> veh=8 dist=5974.62 cpu=29.4943s valid=1
[1100/1200] QLEARNING RC2_4_5 run4 -> veh=10 dist=6054.33 cpu=53.8317s valid=1
[1101/1200] QLEARNING RC2_4_6 run10 -> veh=9 dist=5838.71 cpu=29.1356s valid=1
[1102/1200] QLEARNING RC2_4_6 run6 -> veh=8 dist=6272.02 cpu=32.084s valid=1
[1103/1200] CLASSIC RC2_4_6 run2 -> veh=9 dist=5938.01 cpu=48.8011s valid=1
[1104/1200] CLASSIC RC2_4_6 run1 -> veh=9 dist=5818.41 cpu=49.7647s valid=1
[1105/1200] CLASSIC RC2_4_7 run1 -> veh=8 dist=5704.81 cpu=30.9424s valid=1
[1106/1200] CLASSIC RC2_4_6 run3 -> veh=9 dist=5800.95 cpu=50.4987s valid=1
[1107/1200] CLASSIC RC2_4_7 run2 -> veh=8 dist=5595.6 cpu=31.0203s valid=1
[1108/1200] QLEARNING RC2_4_5 run6 -> veh=10 dist=5869.86 cpu=53.7757s valid=1
[1109/1200] QLEARNING RC2_4_5 run10 -> veh=10 dist=5970.41 cpu=53.3302s valid=1
[1110/1200] QLEARNING RC2_4_5 run7 -> veh=10 dist=6010.74 cpu=55.0174s valid=1
[1111/1200] CLASSIC RC2_4_6 run4 -> veh=9 dist=5720.58 cpu=51.6261s valid=1
[1112/1200] QLEARNING RC2_4_5 run9 -> veh=10 dist=6027.6 cpu=54.9009s valid=1
[1113/1200] QLEARNING RC2_4_6 run7 -> veh=8 dist=6193.06 cpu=38.0818s valid=1
[1114/1200] QLEARNING RC2_4_5 run8 -> veh=9 dist=6212.36 cpu=58.4587s valid=1
[1115/1200] CLASSIC RC2_4_6 run8 -> veh=9 dist=5950.02 cpu=51.1265s valid=1
[1116/1200] CLASSIC RC2_4_7 run3 -> veh=8 dist=5725.74 cpu=30.8823s valid=1
[1117/1200] CLASSIC RC2_4_6 run9 -> veh=9 dist=5939.25 cpu=50.6095s valid=1
[1118/1200] CLASSIC RC2_4_6 run10 -> veh=9 dist=5920.98 cpu=50.4032s valid=1
[1119/1200] CLASSIC RC2_4_7 run4 -> veh=8 dist=5648.54 cpu=30.7547s valid=1
[1120/1200] QLEARNING RC2_4_6 run2 -> veh=9 dist=5847.66 cpu=51.8843s valid=1
[1121/1200] QLEARNING RC2_4_6 run4 -> veh=9 dist=5996.78 cpu=51.6141s valid=1
[1122/1200] CLASSIC RC2_4_7 run5 -> veh=8 dist=5646.31 cpu=31.2107s valid=1
[1123/1200] CLASSIC RC2_4_7 run6 -> veh=8 dist=5704.02 cpu=31.1345s valid=1
[1124/1200] CLASSIC RC2_4_7 run7 -> veh=8 dist=5809.3 cpu=31.1905s valid=1
[1125/1200] CLASSIC RC2_4_7 run8 -> veh=8 dist=5839.9 cpu=30.8089s valid=1
[1126/1200] QLEARNING RC2_4_6 run5 -> veh=9 dist=5879.58 cpu=54.8831s valid=1
[1127/1200] QLEARNING RC2_4_6 run8 -> veh=8 dist=6422.2 cpu=50.8863s valid=1
[1128/1200] CLASSIC RC2_4_7 run9 -> veh=8 dist=5610.98 cpu=31.6546s valid=1
[1129/1200] QLEARNING RC2_4_6 run9 -> veh=9 dist=5733.47 cpu=52.7593s valid=1
[1130/1200] CLASSIC RC2_4_7 run10 -> veh=8 dist=5786.43 cpu=31.8559s valid=1
[1131/1200] QLEARNING RC2_4_7 run2 -> veh=8 dist=5783.34 cpu=31.7845s valid=1
[1132/1200] QLEARNING RC2_4_7 run1 -> veh=8 dist=5890.53 cpu=33.2242s valid=1
[1133/1200] QLEARNING RC2_4_7 run4 -> veh=8 dist=5632.17 cpu=32.056s valid=1
[1134/1200] QLEARNING RC2_4_7 run3 -> veh=8 dist=5727.58 cpu=33.0319s valid=1
[1135/1200] QLEARNING RC2_4_7 run5 -> veh=8 dist=5739.25 cpu=33.5496s valid=1
[1136/1200] QLEARNING RC2_4_7 run6 -> veh=8 dist=5649.69 cpu=33.7635s valid=1
[1137/1200] QLEARNING RC2_4_7 run9 -> veh=8 dist=5784.85 cpu=31.9381s valid=1
[1138/1200] QLEARNING RC2_4_7 run8 -> veh=8 dist=5569.41 cpu=32.282s valid=1
[1139/1200] QLEARNING RC2_4_7 run10 -> veh=8 dist=5774.03 cpu=32.1063s valid=1
[1140/1200] QLEARNING RC2_4_7 run7 -> veh=8 dist=5699.67 cpu=33.0142s valid=1
[1141/1200] CLASSIC RC2_4_8 run1 -> veh=8 dist=5031.28 cpu=36.3284s valid=1
[1142/1200] CLASSIC RC2_4_8 run2 -> veh=8 dist=5001.39 cpu=36.5897s valid=1
[1143/1200] CLASSIC RC2_4_8 run3 -> veh=8 dist=5008.94 cpu=36.288s valid=1
[1144/1200] CLASSIC RC2_4_8 run4 -> veh=8 dist=4944.53 cpu=36.8499s valid=1
[1145/1200] CLASSIC RC2_4_8 run5 -> veh=8 dist=5089.71 cpu=36.906s valid=1
[1146/1200] CLASSIC RC2_4_8 run7 -> veh=8 dist=5010.89 cpu=36.799s valid=1
[1147/1200] CLASSIC RC2_4_8 run8 -> veh=8 dist=5083.56 cpu=36.7795s valid=1
[1148/1200] CLASSIC RC2_4_8 run6 -> veh=8 dist=5046.89 cpu=37.6581s valid=1
[1149/1200] CLASSIC RC2_4_8 run10 -> veh=8 dist=5060.9 cpu=36.4437s valid=1
[1150/1200] CLASSIC RC2_4_8 run9 -> veh=8 dist=5159.24 cpu=36.7111s valid=1
[1151/1200] QLEARNING RC2_4_8 run1 -> veh=8 dist=5005.58 cpu=38.2956s valid=1
[1152/1200] QLEARNING RC2_4_8 run2 -> veh=8 dist=4988.56 cpu=37.9064s valid=1
[1153/1200] QLEARNING RC2_4_8 run4 -> veh=8 dist=5016.2 cpu=37.0625s valid=1
[1154/1200] QLEARNING RC2_4_8 run3 -> veh=8 dist=5017.7 cpu=38.8324s valid=1
[1155/1200] QLEARNING RC2_4_8 run6 -> veh=8 dist=5031.98 cpu=37.8903s valid=1
[1156/1200] QLEARNING RC2_4_8 run5 -> veh=8 dist=5044.06 cpu=38.6498s valid=1
[1157/1200] QLEARNING RC2_4_8 run7 -> veh=8 dist=4960.24 cpu=38.2921s valid=1
[1158/1200] QLEARNING RC2_4_8 run8 -> veh=8 dist=5099.27 cpu=38.7164s valid=1
[1159/1200] QLEARNING RC2_4_8 run9 -> veh=8 dist=4920.85 cpu=39.1695s valid=1
[1160/1200] CLASSIC RC2_4_9 run1 -> veh=8 dist=4836.08 cpu=37.6467s valid=1
[1161/1200] CLASSIC RC2_4_9 run2 -> veh=8 dist=4716.44 cpu=37.7469s valid=1
[1162/1200] QLEARNING RC2_4_8 run10 -> veh=8 dist=5011.77 cpu=39.55s valid=1
[1163/1200] CLASSIC RC2_4_9 run3 -> veh=8 dist=4877.79 cpu=37.7201s valid=1
[1164/1200] CLASSIC RC2_4_9 run4 -> veh=8 dist=4782.92 cpu=38.0286s valid=1
[1165/1200] CLASSIC RC2_4_9 run5 -> veh=8 dist=4775.71 cpu=37.7053s valid=1
[1166/1200] CLASSIC RC2_4_9 run6 -> veh=8 dist=4830.06 cpu=37.4205s valid=1
[1167/1200] CLASSIC RC2_4_9 run8 -> veh=8 dist=4700.05 cpu=37.2812s valid=1
[1168/1200] CLASSIC RC2_4_9 run7 -> veh=8 dist=4738.63 cpu=37.8127s valid=1
[1169/1200] CLASSIC RC2_4_9 run9 -> veh=8 dist=4741.44 cpu=37.4729s valid=1
[1170/1200] CLASSIC RC2_4_9 run10 -> veh=8 dist=4897.62 cpu=37.6899s valid=1
[1171/1200] QLEARNING RC2_4_9 run1 -> veh=8 dist=4859.08 cpu=38.4778s valid=1
[1172/1200] QLEARNING RC2_4_9 run2 -> veh=8 dist=4881.99 cpu=38.9665s valid=1
[1173/1200] QLEARNING RC2_4_9 run6 -> veh=8 dist=4826.12 cpu=35.8049s valid=1
[1174/1200] QLEARNING RC2_4_9 run3 -> veh=8 dist=4942.18 cpu=38.0889s valid=1
[1175/1200] QLEARNING RC2_4_9 run5 -> veh=8 dist=4781.24 cpu=37.5125s valid=1
[1176/1200] QLEARNING RC2_4_9 run4 -> veh=8 dist=4795.73 cpu=39.2442s valid=1
[1177/1200] QLEARNING RC2_4_9 run7 -> veh=8 dist=4783.31 cpu=38.5867s valid=1
[1178/1200] QLEARNING RC2_4_9 run9 -> veh=8 dist=4771.73 cpu=37.654s valid=1
[1179/1200] QLEARNING RC2_4_9 run10 -> veh=8 dist=4781.04 cpu=37.81s valid=1
[1180/1200] QLEARNING RC2_4_9 run8 -> veh=8 dist=4830.27 cpu=38.6168s valid=1
[1181/1200] CLASSIC RC2_4_10 run4 -> veh=8 dist=4584.65 cpu=33.0802s valid=1
[1182/1200] CLASSIC RC2_4_10 run2 -> veh=8 dist=4546.46 cpu=36.9828s valid=1
[1183/1200] CLASSIC RC2_4_10 run6 -> veh=8 dist=4549.33 cpu=33.4252s valid=1
[1184/1200] CLASSIC RC2_4_10 run1 -> veh=8 dist=4482.54 cpu=40.4783s valid=1
[1185/1200] CLASSIC RC2_4_10 run3 -> veh=8 dist=4482.57 cpu=38.2215s valid=1
[1186/1200] QLEARNING RC2_4_10 run3 -> veh=8 dist=4529.33 cpu=30.551s valid=1
[1187/1200] CLASSIC RC2_4_10 run7 -> veh=8 dist=4509.65 cpu=36.0722s valid=1
[1188/1200] CLASSIC RC2_4_10 run8 -> veh=8 dist=4453.17 cpu=36.2548s valid=1
[1189/1200] CLASSIC RC2_4_10 run5 -> veh=8 dist=4563.57 cpu=38.8429s valid=1
[1190/1200] CLASSIC RC2_4_10 run10 -> veh=8 dist=4539.01 cpu=33.2526s valid=1
[1191/1200] QLEARNING RC2_4_10 run1 -> veh=8 dist=4570.57 cpu=33.1608s valid=1
[1192/1200] CLASSIC RC2_4_10 run9 -> veh=8 dist=4519.06 cpu=35.8478s valid=1
[1193/1200] QLEARNING RC2_4_10 run4 -> veh=8 dist=4573.87 cpu=34.1034s valid=1
[1194/1200] QLEARNING RC2_4_10 run2 -> veh=8 dist=4612.15 cpu=35.4161s valid=1
[1195/1200] QLEARNING RC2_4_10 run5 -> veh=8 dist=4497.03 cpu=32.2471s valid=1
[1196/1200] QLEARNING RC2_4_10 run10 -> veh=8 dist=4391.44 cpu=23.0812s valid=1
[1197/1200] QLEARNING RC2_4_10 run6 -> veh=8 dist=4514.38 cpu=32.3671s valid=1
[1198/1200] QLEARNING RC2_4_10 run8 -> veh=8 dist=4535.24 cpu=26.8374s valid=1
[1199/1200] QLEARNING RC2_4_10 run7 -> veh=8 dist=4546.42 cpu=27.4933s valid=1
[1200/1200] QLEARNING RC2_4_10 run9 -> veh=8 dist=4488.34 cpu=24.6921s valid=1
=== Fin size=400. Nuevas: 1200 | errores: 0 | Wall-clock: 0h 19m 35.8s ===
Campaña para size=400 finalizada.
